OpenJDK 64-Bit Server VM (25.265-b01) for linux-amd64 JRE (1.8.0_265-8u265-b01-0ubuntu2~20.04-b01), built on Aug  3 2020 01:16:56 by "buildd" with gcc 9.3.0
Memory: 4k page, physical 16092744k(283500k free), swap 2097148k(2095612k free)
CommandLine flags: -XX:+ExplicitGCInvokesConcurrent -XX:GCLogFileSize=104857600 -XX:InitialHeapSize=1073741824 -XX:InitiatingHeapOccupancyPercent=35 -XX:+ManagementServer -XX:MaxGCPauseMillis=20 -XX:MaxHeapSize=1073741824 -XX:MaxInlineLevel=15 -XX:NumberOfGCLogFiles=10 -XX:+PrintGC -XX:+PrintGCDateStamps -XX:+PrintGCDetails -XX:+PrintGCTimeStamps -XX:+UseCompressedClassPointers -XX:+UseCompressedOops -XX:+UseG1GC -XX:+UseGCLogFileRotation 
2020-09-27T19:59:30.703-0300: 1,156: [GC pause (G1 Evacuation Pause) (young), 0,0090156 secs]
   [Parallel Time: 4,5 ms, GC Workers: 4]
      [GC Worker Start (ms): Min: 1155,6, Avg: 1155,6, Max: 1155,6, Diff: 0,0]
      [Ext Root Scanning (ms): Min: 0,5, Avg: 0,8, Max: 1,3, Diff: 0,9, Sum: 3,1]
      [Update RS (ms): Min: 0,0, Avg: 0,0, Max: 0,0, Diff: 0,0, Sum: 0,0]
         [Processed Buffers: Min: 0, Avg: 0,0, Max: 0, Diff: 0, Sum: 0]
      [Scan RS (ms): Min: 0,0, Avg: 0,0, Max: 0,0, Diff: 0,0, Sum: 0,0]
      [Code Root Scanning (ms): Min: 0,0, Avg: 0,2, Max: 0,4, Diff: 0,4, Sum: 0,8]
      [Object Copy (ms): Min: 3,1, Avg: 3,4, Max: 3,7, Diff: 0,6, Sum: 13,8]
      [Termination (ms): Min: 0,0, Avg: 0,0, Max: 0,0, Diff: 0,0, Sum: 0,0]
         [Termination Attempts: Min: 1, Avg: 7,5, Max: 14, Diff: 13, Sum: 30]
      [GC Worker Other (ms): Min: 0,0, Avg: 0,0, Max: 0,0, Diff: 0,0, Sum: 0,1]
      [GC Worker Total (ms): Min: 4,4, Avg: 4,4, Max: 4,4, Diff: 0,0, Sum: 17,7]
      [GC Worker End (ms): Min: 1160,1, Avg: 1160,1, Max: 1160,1, Diff: 0,0]
   [Code Root Fixup: 0,0 ms]
   [Code Root Purge: 0,0 ms]
   [Clear CT: 0,6 ms]
   [Other: 3,8 ms]
      [Choose CSet: 0,0 ms]
      [Ref Proc: 3,5 ms]
      [Ref Enq: 0,0 ms]
      [Redirty Cards: 0,1 ms]
      [Humongous Register: 0,0 ms]
      [Humongous Reclaim: 0,0 ms]
      [Free CSet: 0,1 ms]
   [Eden: 52224,0K(52224,0K)->0,0B(45056,0K) Survivors: 0,0B->7168,0K Heap: 52224,0K(1024,0M)->8506,0K(1024,0M)]
 [Times: user=0,02 sys=0,00, real=0,01 secs] 
2020-09-27T19:59:31.053-0300: 1,505: [GC pause (Metadata GC Threshold) (young) (initial-mark), 0,0149660 secs]
   [Parallel Time: 12,7 ms, GC Workers: 4]
      [GC Worker Start (ms): Min: 1505,4, Avg: 1505,6, Max: 1505,8, Diff: 0,4]
      [Ext Root Scanning (ms): Min: 1,6, Avg: 3,4, Max: 6,5, Diff: 4,9, Sum: 13,7]
      [Update RS (ms): Min: 0,0, Avg: 0,0, Max: 0,1, Diff: 0,1, Sum: 0,1]
         [Processed Buffers: Min: 0, Avg: 0,5, Max: 2, Diff: 2, Sum: 2]
      [Scan RS (ms): Min: 0,0, Avg: 0,0, Max: 0,0, Diff: 0,0, Sum: 0,0]
      [Code Root Scanning (ms): Min: 0,0, Avg: 0,2, Max: 0,7, Diff: 0,7, Sum: 0,7]
      [Object Copy (ms): Min: 4,6, Avg: 6,8, Max: 9,9, Diff: 5,3, Sum: 27,2]
      [Termination (ms): Min: 0,0, Avg: 1,7, Max: 2,7, Diff: 2,7, Sum: 6,7]
         [Termination Attempts: Min: 1, Avg: 1,2, Max: 2, Diff: 1, Sum: 5]
      [GC Worker Other (ms): Min: 0,0, Avg: 0,2, Max: 0,8, Diff: 0,8, Sum: 0,9]
      [GC Worker Total (ms): Min: 12,1, Avg: 12,3, Max: 12,6, Diff: 0,5, Sum: 49,3]
      [GC Worker End (ms): Min: 1517,9, Avg: 1517,9, Max: 1518,0, Diff: 0,1]
   [Code Root Fixup: 0,0 ms]
   [Code Root Purge: 0,0 ms]
   [Clear CT: 0,1 ms]
   [Other: 2,2 ms]
      [Choose CSet: 0,0 ms]
      [Ref Proc: 1,9 ms]
      [Ref Enq: 0,0 ms]
      [Redirty Cards: 0,0 ms]
      [Humongous Register: 0,0 ms]
      [Humongous Reclaim: 0,0 ms]
      [Free CSet: 0,0 ms]
   [Eden: 23552,0K(45056,0K)->0,0B(45056,0K) Survivors: 7168,0K->7168,0K Heap: 32058,0K(1024,0M)->9319,5K(1024,0M)]
 [Times: user=0,02 sys=0,00, real=0,02 secs] 
2020-09-27T19:59:31.068-0300: 1,520: [GC concurrent-root-region-scan-start]
2020-09-27T19:59:31.075-0300: 1,527: [GC concurrent-root-region-scan-end, 0,0064965 secs]
2020-09-27T19:59:31.075-0300: 1,527: [GC concurrent-mark-start]
2020-09-27T19:59:31.076-0300: 1,528: [GC concurrent-mark-end, 0,0010673 secs]
2020-09-27T19:59:31.076-0300: 1,528: [GC remark 2020-09-27T19:59:31.076-0300: 1,528: [Finalize Marking, 0,0042087 secs] 2020-09-27T19:59:31.080-0300: 1,533: [GC ref-proc, 0,0002384 secs] 2020-09-27T19:59:31.081-0300: 1,533: [Unloading, 0,0057306 secs], 0,0120599 secs]
 [Times: user=0,02 sys=0,00, real=0,02 secs] 
2020-09-27T19:59:31.092-0300: 1,544: [GC cleanup 10343K->9319K(1024M), 0,0015426 secs]
 [Times: user=0,01 sys=0,00, real=0,00 secs] 
2020-09-27T19:59:31.093-0300: 1,546: [GC concurrent-cleanup-start]
2020-09-27T19:59:31.093-0300: 1,546: [GC concurrent-cleanup-end, 0,0000115 secs]
2020-09-27T19:59:31.682-0300: 2,134: [GC pause (G1 Evacuation Pause) (young), 0,0097334 secs]
   [Parallel Time: 6,7 ms, GC Workers: 4]
      [GC Worker Start (ms): Min: 2134,5, Avg: 2134,9, Max: 2135,9, Diff: 1,4]
      [Ext Root Scanning (ms): Min: 0,0, Avg: 0,8, Max: 1,8, Diff: 1,8, Sum: 3,2]
      [Update RS (ms): Min: 0,0, Avg: 0,1, Max: 0,1, Diff: 0,1, Sum: 0,2]
         [Processed Buffers: Min: 0, Avg: 1,0, Max: 2, Diff: 2, Sum: 4]
      [Scan RS (ms): Min: 0,0, Avg: 0,0, Max: 0,0, Diff: 0,0, Sum: 0,0]
      [Code Root Scanning (ms): Min: 0,0, Avg: 0,7, Max: 1,5, Diff: 1,5, Sum: 2,8]
      [Object Copy (ms): Min: 4,3, Avg: 4,6, Max: 5,2, Diff: 0,9, Sum: 18,6]
      [Termination (ms): Min: 0,0, Avg: 0,0, Max: 0,0, Diff: 0,0, Sum: 0,0]
         [Termination Attempts: Min: 1, Avg: 5,5, Max: 9, Diff: 8, Sum: 22]
      [GC Worker Other (ms): Min: 0,0, Avg: 0,0, Max: 0,0, Diff: 0,0, Sum: 0,0]
      [GC Worker Total (ms): Min: 5,2, Avg: 6,2, Max: 6,6, Diff: 1,4, Sum: 24,9]
      [GC Worker End (ms): Min: 2141,1, Avg: 2141,1, Max: 2141,1, Diff: 0,0]
   [Code Root Fixup: 0,1 ms]
   [Code Root Purge: 0,0 ms]
   [Clear CT: 0,4 ms]
   [Other: 2,6 ms]
      [Choose CSet: 0,0 ms]
      [Ref Proc: 2,1 ms]
      [Ref Enq: 0,0 ms]
      [Redirty Cards: 0,2 ms]
      [Humongous Register: 0,0 ms]
      [Humongous Reclaim: 0,0 ms]
      [Free CSet: 0,1 ms]
   [Eden: 45056,0K(45056,0K)->0,0B(45056,0K) Survivors: 7168,0K->7168,0K Heap: 180,1M(1024,0M)->141,8M(1024,0M)]
 [Times: user=0,03 sys=0,01, real=0,01 secs] 
2020-09-27T19:59:32.408-0300: 2,861: [GC pause (G1 Evacuation Pause) (young), 0,0148805 secs]
   [Parallel Time: 11,0 ms, GC Workers: 4]
      [GC Worker Start (ms): Min: 2860,7, Avg: 2860,7, Max: 2860,7, Diff: 0,0]
      [Ext Root Scanning (ms): Min: 1,0, Avg: 1,4, Max: 2,3, Diff: 1,3, Sum: 5,6]
      [Update RS (ms): Min: 0,0, Avg: 0,3, Max: 0,8, Diff: 0,8, Sum: 1,4]
         [Processed Buffers: Min: 0, Avg: 4,0, Max: 8, Diff: 8, Sum: 16]
      [Scan RS (ms): Min: 0,0, Avg: 0,1, Max: 0,3, Diff: 0,3, Sum: 0,6]
      [Code Root Scanning (ms): Min: 0,0, Avg: 0,1, Max: 0,4, Diff: 0,4, Sum: 0,5]
      [Object Copy (ms): Min: 7,5, Avg: 7,7, Max: 7,8, Diff: 0,3, Sum: 30,8]
      [Termination (ms): Min: 0,0, Avg: 0,6, Max: 1,2, Diff: 1,2, Sum: 2,2]
         [Termination Attempts: Min: 1, Avg: 1,0, Max: 1, Diff: 0, Sum: 4]
      [GC Worker Other (ms): Min: 0,0, Avg: 0,0, Max: 0,0, Diff: 0,0, Sum: 0,0]
      [GC Worker Total (ms): Min: 9,9, Avg: 10,3, Max: 10,9, Diff: 1,0, Sum: 41,1]
      [GC Worker End (ms): Min: 2870,6, Avg: 2871,0, Max: 2871,6, Diff: 1,0]
   [Code Root Fixup: 0,0 ms]
   [Code Root Purge: 0,0 ms]
   [Clear CT: 0,1 ms]
   [Other: 3,8 ms]
      [Choose CSet: 0,0 ms]
      [Ref Proc: 3,5 ms]
      [Ref Enq: 0,0 ms]
      [Redirty Cards: 0,1 ms]
      [Humongous Register: 0,0 ms]
      [Humongous Reclaim: 0,0 ms]
      [Free CSet: 0,0 ms]
   [Eden: 45056,0K(45056,0K)->0,0B(45056,0K) Survivors: 7168,0K->7168,0K Heap: 185,8M(1024,0M)->146,0M(1024,0M)]
 [Times: user=0,04 sys=0,00, real=0,01 secs] 
2020-09-27T19:59:32.565-0300: 3,017: [GC pause (Metadata GC Threshold) (young) (initial-mark), 0,0094546 secs]
   [Parallel Time: 8,7 ms, GC Workers: 4]
      [GC Worker Start (ms): Min: 3017,3, Avg: 3017,3, Max: 3017,3, Diff: 0,0]
      [Ext Root Scanning (ms): Min: 1,0, Avg: 1,0, Max: 1,2, Diff: 0,2, Sum: 4,1]
      [Update RS (ms): Min: 0,2, Avg: 0,5, Max: 1,2, Diff: 1,0, Sum: 2,1]
         [Processed Buffers: Min: 1, Avg: 3,8, Max: 6, Diff: 5, Sum: 15]
      [Scan RS (ms): Min: 0,0, Avg: 0,2, Max: 0,3, Diff: 0,3, Sum: 0,8]
      [Code Root Scanning (ms): Min: 0,0, Avg: 0,4, Max: 1,3, Diff: 1,3, Sum: 1,6]
      [Object Copy (ms): Min: 5,8, Avg: 6,3, Max: 6,6, Diff: 0,8, Sum: 25,2]
      [Termination (ms): Min: 0,0, Avg: 0,1, Max: 0,1, Diff: 0,1, Sum: 0,4]
         [Termination Attempts: Min: 1, Avg: 1,0, Max: 1, Diff: 0, Sum: 4]
      [GC Worker Other (ms): Min: 0,0, Avg: 0,0, Max: 0,0, Diff: 0,0, Sum: 0,0]
      [GC Worker Total (ms): Min: 8,5, Avg: 8,5, Max: 8,6, Diff: 0,1, Sum: 34,1]
      [GC Worker End (ms): Min: 3025,8, Avg: 3025,9, Max: 3025,9, Diff: 0,1]
   [Code Root Fixup: 0,0 ms]
   [Code Root Purge: 0,0 ms]
   [Clear CT: 0,1 ms]
   [Other: 0,7 ms]
      [Choose CSet: 0,0 ms]
      [Ref Proc: 0,4 ms]
      [Ref Enq: 0,0 ms]
      [Redirty Cards: 0,0 ms]
      [Humongous Register: 0,0 ms]
      [Humongous Reclaim: 0,0 ms]
      [Free CSet: 0,0 ms]
   [Eden: 10240,0K(45056,0K)->0,0B(45056,0K) Survivors: 7168,0K->7168,0K Heap: 155,4M(1024,0M)->148,8M(1024,0M)]
 [Times: user=0,02 sys=0,01, real=0,01 secs] 
2020-09-27T19:59:32.575-0300: 3,027: [GC concurrent-root-region-scan-start]
2020-09-27T19:59:32.581-0300: 3,033: [GC concurrent-root-region-scan-end, 0,0065995 secs]
2020-09-27T19:59:32.581-0300: 3,033: [GC concurrent-mark-start]
2020-09-27T19:59:32.604-0300: 3,056: [GC concurrent-mark-end, 0,0223928 secs]
2020-09-27T19:59:32.604-0300: 3,056: [GC remark 2020-09-27T19:59:32.604-0300: 3,056: [Finalize Marking, 0,0012575 secs] 2020-09-27T19:59:32.605-0300: 3,057: [GC ref-proc, 0,0004628 secs] 2020-09-27T19:59:32.606-0300: 3,058: [Unloading, 0,0059076 secs], 0,0093162 secs]
 [Times: user=0,03 sys=0,00, real=0,01 secs] 
2020-09-27T19:59:32.613-0300: 3,065: [GC cleanup 150M->144M(1024M), 0,0009020 secs]
 [Times: user=0,00 sys=0,00, real=0,00 secs] 
2020-09-27T19:59:32.614-0300: 3,067: [GC concurrent-cleanup-start]
2020-09-27T19:59:32.615-0300: 3,067: [GC concurrent-cleanup-end, 0,0002936 secs]
2020-09-27T20:00:04.355-0300: 34,807: [GC pause (G1 Evacuation Pause) (young), 0,0098106 secs]
   [Parallel Time: 8,2 ms, GC Workers: 4]
      [GC Worker Start (ms): Min: 34807,6, Avg: 34807,7, Max: 34808,0, Diff: 0,4]
      [Ext Root Scanning (ms): Min: 0,4, Avg: 0,8, Max: 1,4, Diff: 1,1, Sum: 3,0]
      [Update RS (ms): Min: 0,0, Avg: 0,8, Max: 1,1, Diff: 1,1, Sum: 3,2]
         [Processed Buffers: Min: 0, Avg: 9,2, Max: 25, Diff: 25, Sum: 37]
      [Scan RS (ms): Min: 0,0, Avg: 0,3, Max: 0,5, Diff: 0,5, Sum: 1,2]
      [Code Root Scanning (ms): Min: 0,0, Avg: 0,2, Max: 0,3, Diff: 0,3, Sum: 0,8]
      [Object Copy (ms): Min: 5,1, Avg: 6,0, Max: 7,8, Diff: 2,7, Sum: 24,1]
      [Termination (ms): Min: 0,0, Avg: 0,0, Max: 0,0, Diff: 0,0, Sum: 0,0]
         [Termination Attempts: Min: 1, Avg: 1,0, Max: 1, Diff: 0, Sum: 4]
      [GC Worker Other (ms): Min: 0,0, Avg: 0,0, Max: 0,0, Diff: 0,0, Sum: 0,0]
      [GC Worker Total (ms): Min: 7,8, Avg: 8,1, Max: 8,2, Diff: 0,4, Sum: 32,4]
      [GC Worker End (ms): Min: 34815,8, Avg: 34815,8, Max: 34815,8, Diff: 0,0]
   [Code Root Fixup: 0,0 ms]
   [Code Root Purge: 0,0 ms]
   [Clear CT: 0,1 ms]
   [Other: 1,5 ms]
      [Choose CSet: 0,0 ms]
      [Ref Proc: 1,1 ms]
      [Ref Enq: 0,0 ms]
      [Redirty Cards: 0,0 ms]
      [Humongous Register: 0,0 ms]
      [Humongous Reclaim: 0,0 ms]
      [Free CSet: 0,1 ms]
   [Eden: 45056,0K(45056,0K)->0,0B(47104,0K) Survivors: 7168,0K->5120,0K Heap: 186,8M(1024,0M)->146,5M(1024,0M)]
 [Times: user=0,04 sys=0,00, real=0,01 secs] 
2020-09-27T20:09:50.565-0300: 621,017: [GC pause (G1 Evacuation Pause) (young), 0,0176200 secs]
   [Parallel Time: 15,9 ms, GC Workers: 4]
      [GC Worker Start (ms): Min: 621017,3, Avg: 621017,3, Max: 621017,4, Diff: 0,1]
      [Ext Root Scanning (ms): Min: 0,9, Avg: 1,2, Max: 2,0, Diff: 1,1, Sum: 4,8]
      [Update RS (ms): Min: 1,7, Avg: 2,2, Max: 2,6, Diff: 0,9, Sum: 9,0]
         [Processed Buffers: Min: 5, Avg: 13,2, Max: 27, Diff: 22, Sum: 53]
      [Scan RS (ms): Min: 0,6, Avg: 1,1, Max: 1,4, Diff: 0,9, Sum: 4,5]
      [Code Root Scanning (ms): Min: 0,3, Avg: 0,9, Max: 1,3, Diff: 1,0, Sum: 3,7]
      [Object Copy (ms): Min: 9,6, Avg: 10,3, Max: 10,7, Diff: 1,1, Sum: 41,0]
      [Termination (ms): Min: 0,0, Avg: 0,0, Max: 0,0, Diff: 0,0, Sum: 0,0]
         [Termination Attempts: Min: 1, Avg: 1,2, Max: 2, Diff: 1, Sum: 5]
      [GC Worker Other (ms): Min: 0,0, Avg: 0,0, Max: 0,0, Diff: 0,0, Sum: 0,1]
      [GC Worker Total (ms): Min: 15,7, Avg: 15,8, Max: 15,8, Diff: 0,1, Sum: 63,1]
      [GC Worker End (ms): Min: 621033,1, Avg: 621033,1, Max: 621033,1, Diff: 0,0]
   [Code Root Fixup: 0,1 ms]
   [Code Root Purge: 0,0 ms]
   [Clear CT: 0,1 ms]
   [Other: 1,4 ms]
      [Choose CSet: 0,0 ms]
      [Ref Proc: 0,8 ms]
      [Ref Enq: 0,0 ms]
      [Redirty Cards: 0,1 ms]
      [Humongous Register: 0,1 ms]
      [Humongous Reclaim: 0,0 ms]
      [Free CSet: 0,1 ms]
   [Eden: 47104,0K(47104,0K)->0,0B(45056,0K) Survivors: 5120,0K->7168,0K Heap: 192,5M(1024,0M)->148,0M(1024,0M)]
 [Times: user=0,07 sys=0,00, real=0,02 secs] 
2020-09-27T20:13:58.799-0300: 869,251: [GC pause (G1 Evacuation Pause) (young), 0,0323266 secs]
   [Parallel Time: 16,5 ms, GC Workers: 4]
      [GC Worker Start (ms): Min: 869251,4, Avg: 869254,6, Max: 869260,3, Diff: 8,9]
      [Ext Root Scanning (ms): Min: 0,0, Avg: 0,6, Max: 1,3, Diff: 1,3, Sum: 2,3]
      [Update RS (ms): Min: 0,0, Avg: 0,7, Max: 1,5, Diff: 1,5, Sum: 2,9]
         [Processed Buffers: Min: 0, Avg: 11,2, Max: 35, Diff: 35, Sum: 45]
      [Scan RS (ms): Min: 0,0, Avg: 0,2, Max: 0,4, Diff: 0,4, Sum: 0,8]
      [Code Root Scanning (ms): Min: 0,0, Avg: 2,7, Max: 9,8, Diff: 9,8, Sum: 10,7]
      [Object Copy (ms): Min: 2,6, Avg: 7,8, Max: 12,2, Diff: 9,6, Sum: 31,1]
      [Termination (ms): Min: 0,0, Avg: 1,1, Max: 1,8, Diff: 1,8, Sum: 4,5]
         [Termination Attempts: Min: 1, Avg: 1,0, Max: 1, Diff: 0, Sum: 4]
      [GC Worker Other (ms): Min: 0,0, Avg: 0,0, Max: 0,0, Diff: 0,0, Sum: 0,0]
      [GC Worker Total (ms): Min: 7,6, Avg: 13,1, Max: 16,4, Diff: 8,8, Sum: 52,4]
      [GC Worker End (ms): Min: 869267,5, Avg: 869267,7, Max: 869267,9, Diff: 0,4]
   [Code Root Fixup: 0,3 ms]
   [Code Root Purge: 0,0 ms]
   [Clear CT: 2,4 ms]
   [Other: 13,2 ms]
      [Choose CSet: 0,0 ms]
      [Ref Proc: 12,5 ms]
      [Ref Enq: 0,0 ms]
      [Redirty Cards: 0,4 ms]
      [Humongous Register: 0,1 ms]
      [Humongous Reclaim: 0,0 ms]
      [Free CSet: 0,1 ms]
   [Eden: 45056,0K(45056,0K)->0,0B(48128,0K) Survivors: 7168,0K->4096,0K Heap: 192,0M(1024,0M)->148,6M(1024,0M)]
 [Times: user=0,05 sys=0,00, real=0,04 secs] 
2020-09-27T20:38:48.633-0300: 2359,085: [GC pause (G1 Evacuation Pause) (young), 0,0139124 secs]
   [Parallel Time: 13,2 ms, GC Workers: 4]
      [GC Worker Start (ms): Min: 2359085,6, Avg: 2359085,8, Max: 2359086,1, Diff: 0,5]
      [Ext Root Scanning (ms): Min: 0,4, Avg: 1,1, Max: 2,0, Diff: 1,6, Sum: 4,5]
      [Update RS (ms): Min: 0,0, Avg: 3,5, Max: 8,0, Diff: 8,0, Sum: 14,1]
         [Processed Buffers: Min: 0, Avg: 13,8, Max: 49, Diff: 49, Sum: 55]
      [Scan RS (ms): Min: 0,0, Avg: 0,3, Max: 0,7, Diff: 0,7, Sum: 1,2]
      [Code Root Scanning (ms): Min: 0,0, Avg: 0,2, Max: 0,9, Diff: 0,9, Sum: 0,9]
      [Object Copy (ms): Min: 1,7, Avg: 6,5, Max: 9,5, Diff: 7,8, Sum: 26,2]
      [Termination (ms): Min: 0,0, Avg: 1,0, Max: 1,5, Diff: 1,5, Sum: 3,9]
         [Termination Attempts: Min: 1, Avg: 1,0, Max: 1, Diff: 0, Sum: 4]
      [GC Worker Other (ms): Min: 0,0, Avg: 0,0, Max: 0,0, Diff: 0,0, Sum: 0,0]
      [GC Worker Total (ms): Min: 12,3, Avg: 12,7, Max: 13,2, Diff: 0,9, Sum: 50,9]
      [GC Worker End (ms): Min: 2359098,4, Avg: 2359098,5, Max: 2359098,8, Diff: 0,4]
   [Code Root Fixup: 0,0 ms]
   [Code Root Purge: 0,0 ms]
   [Clear CT: 0,0 ms]
   [Other: 0,6 ms]
      [Choose CSet: 0,0 ms]
      [Ref Proc: 0,2 ms]
      [Ref Enq: 0,0 ms]
      [Redirty Cards: 0,0 ms]
      [Humongous Register: 0,1 ms]
      [Humongous Reclaim: 0,0 ms]
      [Free CSet: 0,0 ms]
   [Eden: 48128,0K(48128,0K)->0,0B(47104,0K) Survivors: 4096,0K->5120,0K Heap: 195,6M(1024,0M)->149,6M(1024,0M)]
 [Times: user=0,05 sys=0,00, real=0,01 secs] 
2020-09-27T20:43:52.023-0300: 2662,475: [GC pause (G1 Evacuation Pause) (young), 0,0129662 secs]
   [Parallel Time: 11,5 ms, GC Workers: 4]
      [GC Worker Start (ms): Min: 2662475,2, Avg: 2662475,6, Max: 2662476,8, Diff: 1,6]
      [Ext Root Scanning (ms): Min: 0,0, Avg: 0,5, Max: 0,8, Diff: 0,8, Sum: 2,1]
      [Update RS (ms): Min: 0,6, Avg: 1,9, Max: 4,2, Diff: 3,7, Sum: 7,5]
         [Processed Buffers: Min: 1, Avg: 11,0, Max: 22, Diff: 21, Sum: 44]
      [Scan RS (ms): Min: 0,0, Avg: 0,1, Max: 0,2, Diff: 0,2, Sum: 0,4]
      [Code Root Scanning (ms): Min: 0,0, Avg: 0,3, Max: 0,6, Diff: 0,6, Sum: 1,1]
      [Object Copy (ms): Min: 4,7, Avg: 6,8, Max: 8,0, Diff: 3,3, Sum: 27,0]
      [Termination (ms): Min: 0,0, Avg: 1,2, Max: 1,8, Diff: 1,8, Sum: 4,8]
         [Termination Attempts: Min: 1, Avg: 1,0, Max: 1, Diff: 0, Sum: 4]
      [GC Worker Other (ms): Min: 0,0, Avg: 0,0, Max: 0,0, Diff: 0,0, Sum: 0,0]
      [GC Worker Total (ms): Min: 9,3, Avg: 10,8, Max: 11,4, Diff: 2,1, Sum: 43,0]
      [GC Worker End (ms): Min: 2662486,1, Avg: 2662486,4, Max: 2662486,7, Diff: 0,6]
   [Code Root Fixup: 0,0 ms]
   [Code Root Purge: 0,0 ms]
   [Clear CT: 0,1 ms]
   [Other: 1,3 ms]
      [Choose CSet: 0,0 ms]
      [Ref Proc: 1,0 ms]
      [Ref Enq: 0,0 ms]
      [Redirty Cards: 0,0 ms]
      [Humongous Register: 0,0 ms]
      [Humongous Reclaim: 0,0 ms]
      [Free CSet: 0,0 ms]
   [Eden: 47104,0K(47104,0K)->0,0B(46080,0K) Survivors: 5120,0K->6144,0K Heap: 195,6M(1024,0M)->150,1M(1024,0M)]
 [Times: user=0,03 sys=0,00, real=0,01 secs] 
2020-09-27T20:48:22.776-0300: 2933,228: [GC pause (G1 Evacuation Pause) (young), 0,0125530 secs]
   [Parallel Time: 9,5 ms, GC Workers: 4]
      [GC Worker Start (ms): Min: 2933228,1, Avg: 2933229,1, Max: 2933232,2, Diff: 4,1]
      [Ext Root Scanning (ms): Min: 0,0, Avg: 0,6, Max: 0,9, Diff: 0,9, Sum: 2,3]
      [Update RS (ms): Min: 0,0, Avg: 0,9, Max: 1,2, Diff: 1,2, Sum: 3,5]
         [Processed Buffers: Min: 0, Avg: 9,8, Max: 19, Diff: 19, Sum: 39]
      [Scan RS (ms): Min: 0,0, Avg: 0,0, Max: 0,0, Diff: 0,0, Sum: 0,0]
      [Code Root Scanning (ms): Min: 0,0, Avg: 0,3, Max: 0,6, Diff: 0,6, Sum: 1,1]
      [Object Copy (ms): Min: 3,9, Avg: 5,6, Max: 6,8, Diff: 2,8, Sum: 22,3]
      [Termination (ms): Min: 0,0, Avg: 0,9, Max: 1,4, Diff: 1,4, Sum: 3,6]
         [Termination Attempts: Min: 1, Avg: 1,0, Max: 1, Diff: 0, Sum: 4]
      [GC Worker Other (ms): Min: 0,0, Avg: 0,0, Max: 0,0, Diff: 0,0, Sum: 0,0]
      [GC Worker Total (ms): Min: 5,1, Avg: 8,2, Max: 9,5, Diff: 4,4, Sum: 32,9]
      [GC Worker End (ms): Min: 2933237,3, Avg: 2933237,3, Max: 2933237,6, Diff: 0,3]
   [Code Root Fixup: 0,0 ms]
   [Code Root Purge: 0,0 ms]
   [Clear CT: 1,5 ms]
   [Other: 1,5 ms]
      [Choose CSet: 0,0 ms]
      [Ref Proc: 1,1 ms]
      [Ref Enq: 0,0 ms]
      [Redirty Cards: 0,1 ms]
      [Humongous Register: 0,0 ms]
      [Humongous Reclaim: 0,0 ms]
      [Free CSet: 0,0 ms]
   [Eden: 46080,0K(46080,0K)->0,0B(48128,0K) Survivors: 6144,0K->4096,0K Heap: 195,1M(1024,0M)->149,2M(1024,0M)]
 [Times: user=0,03 sys=0,00, real=0,02 secs] 
2020-09-27T20:52:45.716-0300: 3196,168: [GC pause (G1 Evacuation Pause) (young), 0,0089516 secs]
   [Parallel Time: 8,4 ms, GC Workers: 4]
      [GC Worker Start (ms): Min: 3196168,2, Avg: 3196169,2, Max: 3196172,2, Diff: 4,0]
      [Ext Root Scanning (ms): Min: 0,0, Avg: 0,5, Max: 0,7, Diff: 0,7, Sum: 1,9]
      [Update RS (ms): Min: 0,0, Avg: 1,0, Max: 1,3, Diff: 1,3, Sum: 3,9]
         [Processed Buffers: Min: 0, Avg: 11,0, Max: 29, Diff: 29, Sum: 44]
      [Scan RS (ms): Min: 0,0, Avg: 0,2, Max: 0,3, Diff: 0,3, Sum: 0,6]
      [Code Root Scanning (ms): Min: 0,0, Avg: 0,1, Max: 0,1, Diff: 0,1, Sum: 0,2]
      [Object Copy (ms): Min: 3,3, Avg: 4,9, Max: 6,0, Diff: 2,7, Sum: 19,5]
      [Termination (ms): Min: 0,0, Avg: 0,7, Max: 1,0, Diff: 1,0, Sum: 2,8]
         [Termination Attempts: Min: 1, Avg: 1,0, Max: 1, Diff: 0, Sum: 4]
      [GC Worker Other (ms): Min: 0,0, Avg: 0,0, Max: 0,0, Diff: 0,0, Sum: 0,0]
      [GC Worker Total (ms): Min: 4,2, Avg: 7,2, Max: 8,3, Diff: 4,1, Sum: 29,0]
      [GC Worker End (ms): Min: 3196176,4, Avg: 3196176,5, Max: 3196176,5, Diff: 0,1]
   [Code Root Fixup: 0,0 ms]
   [Code Root Purge: 0,0 ms]
   [Clear CT: 0,1 ms]
   [Other: 0,5 ms]
      [Choose CSet: 0,0 ms]
      [Ref Proc: 0,1 ms]
      [Ref Enq: 0,0 ms]
      [Redirty Cards: 0,0 ms]
      [Humongous Register: 0,0 ms]
      [Humongous Reclaim: 0,0 ms]
      [Free CSet: 0,0 ms]
   [Eden: 48128,0K(48128,0K)->0,0B(47104,0K) Survivors: 4096,0K->5120,0K Heap: 196,2M(1024,0M)->150,2M(1024,0M)]
 [Times: user=0,02 sys=0,00, real=0,01 secs] 
2020-09-27T20:57:02.581-0300: 3453,033: [GC pause (G1 Evacuation Pause) (young), 0,0191339 secs]
   [Parallel Time: 11,5 ms, GC Workers: 4]
      [GC Worker Start (ms): Min: 3453032,8, Avg: 3453034,2, Max: 3453035,8, Diff: 2,9]
      [Ext Root Scanning (ms): Min: 0,0, Avg: 1,0, Max: 2,6, Diff: 2,6, Sum: 3,9]
      [Update RS (ms): Min: 0,1, Avg: 2,1, Max: 4,4, Diff: 4,3, Sum: 8,5]
         [Processed Buffers: Min: 2, Avg: 9,8, Max: 28, Diff: 26, Sum: 39]
      [Scan RS (ms): Min: 0,0, Avg: 0,0, Max: 0,0, Diff: 0,0, Sum: 0,0]
      [Code Root Scanning (ms): Min: 0,0, Avg: 0,1, Max: 0,3, Diff: 0,3, Sum: 0,4]
      [Object Copy (ms): Min: 4,3, Avg: 6,4, Max: 8,1, Diff: 3,8, Sum: 25,5]
      [Termination (ms): Min: 0,0, Avg: 0,4, Max: 0,7, Diff: 0,7, Sum: 1,5]
         [Termination Attempts: Min: 1, Avg: 1,2, Max: 2, Diff: 1, Sum: 5]
      [GC Worker Other (ms): Min: 0,0, Avg: 0,0, Max: 0,0, Diff: 0,0, Sum: 0,1]
      [GC Worker Total (ms): Min: 8,4, Avg: 10,0, Max: 11,3, Diff: 2,9, Sum: 39,9]
      [GC Worker End (ms): Min: 3453044,1, Avg: 3453044,2, Max: 3453044,2, Diff: 0,0]
   [Code Root Fixup: 0,0 ms]
   [Code Root Purge: 0,0 ms]
   [Clear CT: 0,1 ms]
   [Other: 7,5 ms]
      [Choose CSet: 0,0 ms]
      [Ref Proc: 6,1 ms]
      [Ref Enq: 0,0 ms]
      [Redirty Cards: 0,1 ms]
      [Humongous Register: 0,1 ms]
      [Humongous Reclaim: 0,0 ms]
      [Free CSet: 0,0 ms]
   [Eden: 47104,0K(47104,0K)->0,0B(47104,0K) Survivors: 5120,0K->5120,0K Heap: 196,2M(1024,0M)->149,7M(1024,0M)]
 [Times: user=0,02 sys=0,00, real=0,02 secs] 
2020-09-27T20:59:26.144-0300: 3596,596: [GC pause (G1 Evacuation Pause) (young), 0,0094036 secs]
   [Parallel Time: 8,8 ms, GC Workers: 4]
      [GC Worker Start (ms): Min: 3596596,3, Avg: 3596597,3, Max: 3596600,2, Diff: 3,9]
      [Ext Root Scanning (ms): Min: 0,0, Avg: 0,5, Max: 0,9, Diff: 0,9, Sum: 2,2]
      [Update RS (ms): Min: 0,0, Avg: 0,6, Max: 0,8, Diff: 0,8, Sum: 2,3]
         [Processed Buffers: Min: 0, Avg: 10,0, Max: 19, Diff: 19, Sum: 40]
      [Scan RS (ms): Min: 0,0, Avg: 0,0, Max: 0,0, Diff: 0,0, Sum: 0,0]
      [Code Root Scanning (ms): Min: 0,0, Avg: 0,1, Max: 0,3, Diff: 0,3, Sum: 0,5]
      [Object Copy (ms): Min: 4,7, Avg: 6,0, Max: 6,6, Diff: 1,9, Sum: 23,9]
      [Termination (ms): Min: 0,0, Avg: 0,5, Max: 0,7, Diff: 0,7, Sum: 2,0]
         [Termination Attempts: Min: 1, Avg: 1,0, Max: 1, Diff: 0, Sum: 4]
      [GC Worker Other (ms): Min: 0,0, Avg: 0,0, Max: 0,0, Diff: 0,0, Sum: 0,0]
      [GC Worker Total (ms): Min: 4,7, Avg: 7,7, Max: 8,8, Diff: 4,1, Sum: 30,9]
      [GC Worker End (ms): Min: 3596604,9, Avg: 3596605,0, Max: 3596605,1, Diff: 0,2]
   [Code Root Fixup: 0,0 ms]
   [Code Root Purge: 0,0 ms]
   [Clear CT: 0,0 ms]
   [Other: 0,5 ms]
      [Choose CSet: 0,0 ms]
      [Ref Proc: 0,2 ms]
      [Ref Enq: 0,0 ms]
      [Redirty Cards: 0,0 ms]
      [Humongous Register: 0,0 ms]
      [Humongous Reclaim: 0,0 ms]
      [Free CSet: 0,0 ms]
   [Eden: 47104,0K(47104,0K)->0,0B(62464,0K) Survivors: 5120,0K->6144,0K Heap: 195,7M(1024,0M)->151,2M(1024,0M)]
 [Times: user=0,03 sys=0,00, real=0,01 secs] 
2020-09-27T21:01:15.357-0300: 3705,809: [GC pause (G1 Evacuation Pause) (young), 0,0315579 secs]
   [Parallel Time: 28,7 ms, GC Workers: 4]
      [GC Worker Start (ms): Min: 3705809,6, Avg: 3705810,4, Max: 3705811,9, Diff: 2,3]
      [Ext Root Scanning (ms): Min: 0,0, Avg: 0,5, Max: 1,1, Diff: 1,1, Sum: 2,1]
      [Update RS (ms): Min: 0,0, Avg: 2,1, Max: 6,9, Diff: 6,9, Sum: 8,3]
         [Processed Buffers: Min: 0, Avg: 11,5, Max: 22, Diff: 22, Sum: 46]
      [Scan RS (ms): Min: 0,0, Avg: 0,0, Max: 0,0, Diff: 0,0, Sum: 0,1]
      [Code Root Scanning (ms): Min: 0,0, Avg: 0,2, Max: 0,3, Diff: 0,3, Sum: 0,6]
      [Object Copy (ms): Min: 16,7, Avg: 21,0, Max: 23,3, Diff: 6,6, Sum: 84,1]
      [Termination (ms): Min: 0,0, Avg: 1,7, Max: 4,5, Diff: 4,5, Sum: 6,7]
         [Termination Attempts: Min: 1, Avg: 1,0, Max: 1, Diff: 0, Sum: 4]
      [GC Worker Other (ms): Min: 0,0, Avg: 0,0, Max: 0,0, Diff: 0,0, Sum: 0,0]
      [GC Worker Total (ms): Min: 23,1, Avg: 25,5, Max: 28,7, Diff: 5,5, Sum: 102,0]
      [GC Worker End (ms): Min: 3705835,1, Avg: 3705835,9, Max: 3705838,3, Diff: 3,2]
   [Code Root Fixup: 0,0 ms]
   [Code Root Purge: 0,0 ms]
   [Clear CT: 0,1 ms]
   [Other: 2,7 ms]
      [Choose CSet: 0,0 ms]
      [Ref Proc: 2,2 ms]
      [Ref Enq: 0,0 ms]
      [Redirty Cards: 0,1 ms]
      [Humongous Register: 0,1 ms]
      [Humongous Reclaim: 0,0 ms]
      [Free CSet: 0,0 ms]
   [Eden: 62464,0K(62464,0K)->0,0B(44032,0K) Survivors: 6144,0K->8192,0K Heap: 212,2M(1024,0M)->153,2M(1024,0M)]
 [Times: user=0,04 sys=0,00, real=0,04 secs] 
2020-09-27T21:01:16.135-0300: 3706,587: [GC pause (G1 Evacuation Pause) (young), 0,0643812 secs]
   [Parallel Time: 48,7 ms, GC Workers: 4]
      [GC Worker Start (ms): Min: 3706587,6, Avg: 3706591,1, Max: 3706596,2, Diff: 8,6]
      [Ext Root Scanning (ms): Min: 0,0, Avg: 3,5, Max: 12,7, Diff: 12,7, Sum: 14,0]
      [Update RS (ms): Min: 0,0, Avg: 0,6, Max: 2,3, Diff: 2,3, Sum: 2,3]
         [Processed Buffers: Min: 0, Avg: 5,5, Max: 22, Diff: 22, Sum: 22]
      [Scan RS (ms): Min: 0,0, Avg: 0,0, Max: 0,0, Diff: 0,0, Sum: 0,0]
      [Code Root Scanning (ms): Min: 0,0, Avg: 3,2, Max: 12,2, Diff: 12,2, Sum: 12,6]
      [Object Copy (ms): Min: 10,5, Avg: 20,1, Max: 36,7, Diff: 26,1, Sum: 80,4]
      [Termination (ms): Min: 0,0, Avg: 12,8, Max: 21,6, Diff: 21,6, Sum: 51,0]
         [Termination Attempts: Min: 1, Avg: 1,2, Max: 2, Diff: 1, Sum: 5]
      [GC Worker Other (ms): Min: 0,0, Avg: 0,0, Max: 0,0, Diff: 0,0, Sum: 0,0]
      [GC Worker Total (ms): Min: 33,4, Avg: 40,1, Max: 48,0, Diff: 14,6, Sum: 160,5]
      [GC Worker End (ms): Min: 3706629,3, Avg: 3706631,2, Max: 3706636,2, Diff: 6,9]
   [Code Root Fixup: 0,0 ms]
   [Code Root Purge: 0,0 ms]
   [Clear CT: 0,1 ms]
   [Other: 15,6 ms]
      [Choose CSet: 0,0 ms]
      [Ref Proc: 15,0 ms]
      [Ref Enq: 0,0 ms]
      [Redirty Cards: 0,2 ms]
      [Humongous Register: 0,1 ms]
      [Humongous Reclaim: 0,0 ms]
      [Free CSet: 0,0 ms]
   [Eden: 44032,0K(44032,0K)->0,0B(50176,0K) Survivors: 8192,0K->2048,0K Heap: 196,2M(1024,0M)->153,4M(1024,0M)]
 [Times: user=0,08 sys=0,00, real=0,06 secs] 
2020-09-27T21:01:17.045-0300: 3707,497: [GC pause (G1 Evacuation Pause) (young), 0,0372436 secs]
   [Parallel Time: 23,3 ms, GC Workers: 4]
      [GC Worker Start (ms): Min: 3707497,6, Avg: 3707497,6, Max: 3707497,6, Diff: 0,0]
      [Ext Root Scanning (ms): Min: 1,9, Avg: 5,9, Max: 8,6, Diff: 6,7, Sum: 23,7]
      [Update RS (ms): Min: 0,0, Avg: 7,5, Max: 20,9, Diff: 20,9, Sum: 30,2]
         [Processed Buffers: Min: 0, Avg: 7,5, Max: 19, Diff: 19, Sum: 30]
      [Scan RS (ms): Min: 0,0, Avg: 3,0, Max: 5,7, Diff: 5,7, Sum: 12,2]
      [Code Root Scanning (ms): Min: 0,0, Avg: 0,0, Max: 0,0, Diff: 0,0, Sum: 0,0]
      [Object Copy (ms): Min: 0,2, Avg: 4,9, Max: 8,0, Diff: 7,8, Sum: 19,8]
      [Termination (ms): Min: 0,0, Avg: 1,6, Max: 2,8, Diff: 2,8, Sum: 6,5]
         [Termination Attempts: Min: 1, Avg: 1,0, Max: 1, Diff: 0, Sum: 4]
      [GC Worker Other (ms): Min: 0,0, Avg: 0,0, Max: 0,1, Diff: 0,1, Sum: 0,1]
      [GC Worker Total (ms): Min: 23,0, Avg: 23,1, Max: 23,2, Diff: 0,2, Sum: 92,5]
      [GC Worker End (ms): Min: 3707520,6, Avg: 3707520,7, Max: 3707520,8, Diff: 0,2]
   [Code Root Fixup: 0,0 ms]
   [Code Root Purge: 0,0 ms]
   [Clear CT: 0,1 ms]
   [Other: 13,8 ms]
      [Choose CSet: 0,0 ms]
      [Ref Proc: 13,1 ms]
      [Ref Enq: 0,0 ms]
      [Redirty Cards: 0,1 ms]
      [Humongous Register: 0,2 ms]
      [Humongous Reclaim: 0,0 ms]
      [Free CSet: 0,0 ms]
   [Eden: 50176,0K(50176,0K)->0,0B(49152,0K) Survivors: 2048,0K->3072,0K Heap: 202,4M(1024,0M)->153,8M(1024,0M)]
 [Times: user=0,03 sys=0,00, real=0,04 secs] 
2020-09-27T21:01:18.112-0300: 3708,564: [GC pause (G1 Evacuation Pause) (young), 0,0179357 secs]
   [Parallel Time: 16,3 ms, GC Workers: 4]
      [GC Worker Start (ms): Min: 3708564,6, Avg: 3708570,3, Max: 3708575,3, Diff: 10,7]
      [Ext Root Scanning (ms): Min: 0,0, Avg: 0,4, Max: 1,7, Diff: 1,6, Sum: 1,7]
      [Update RS (ms): Min: 0,0, Avg: 0,5, Max: 2,0, Diff: 2,0, Sum: 2,0]
         [Processed Buffers: Min: 0, Avg: 6,5, Max: 26, Diff: 26, Sum: 26]
      [Scan RS (ms): Min: 0,0, Avg: 0,0, Max: 0,0, Diff: 0,0, Sum: 0,0]
      [Code Root Scanning (ms): Min: 0,0, Avg: 0,0, Max: 0,0, Diff: 0,0, Sum: 0,0]
      [Object Copy (ms): Min: 0,0, Avg: 5,5, Max: 12,3, Diff: 12,3, Sum: 22,2]
      [Termination (ms): Min: 0,0, Avg: 4,0, Max: 6,2, Diff: 6,2, Sum: 15,9]
         [Termination Attempts: Min: 1, Avg: 1,0, Max: 1, Diff: 0, Sum: 4]
      [GC Worker Other (ms): Min: 0,0, Avg: 0,0, Max: 0,0, Diff: 0,0, Sum: 0,0]
      [GC Worker Total (ms): Min: 5,5, Avg: 10,5, Max: 15,9, Diff: 10,4, Sum: 41,8]
      [GC Worker End (ms): Min: 3708580,5, Avg: 3708580,7, Max: 3708580,8, Diff: 0,3]
   [Code Root Fixup: 0,0 ms]
   [Code Root Purge: 0,0 ms]
   [Clear CT: 0,1 ms]
   [Other: 1,6 ms]
      [Choose CSet: 0,0 ms]
      [Ref Proc: 1,2 ms]
      [Ref Enq: 0,0 ms]
      [Redirty Cards: 0,1 ms]
      [Humongous Register: 0,1 ms]
      [Humongous Reclaim: 0,0 ms]
      [Free CSet: 0,0 ms]
   [Eden: 49152,0K(49152,0K)->0,0B(50176,0K) Survivors: 3072,0K->2048,0K Heap: 201,8M(1024,0M)->152,8M(1024,0M)]
 [Times: user=0,03 sys=0,00, real=0,02 secs] 
2020-09-27T21:01:19.213-0300: 3709,665: [GC pause (G1 Evacuation Pause) (young), 0,0301682 secs]
   [Parallel Time: 22,8 ms, GC Workers: 4]
      [GC Worker Start (ms): Min: 3709665,5, Avg: 3709672,6, Max: 3709678,2, Diff: 12,6]
      [Ext Root Scanning (ms): Min: 0,0, Avg: 0,5, Max: 1,8, Diff: 1,8, Sum: 1,8]
      [Update RS (ms): Min: 0,0, Avg: 0,5, Max: 2,0, Diff: 2,0, Sum: 2,0]
         [Processed Buffers: Min: 0, Avg: 5,5, Max: 22, Diff: 22, Sum: 22]
      [Scan RS (ms): Min: 0,0, Avg: 0,0, Max: 0,0, Diff: 0,0, Sum: 0,0]
      [Code Root Scanning (ms): Min: 0,0, Avg: 0,0, Max: 0,0, Diff: 0,0, Sum: 0,0]
      [Object Copy (ms): Min: 0,0, Avg: 9,0, Max: 17,6, Diff: 17,6, Sum: 35,8]
      [Termination (ms): Min: 0,0, Avg: 5,7, Max: 11,2, Diff: 11,2, Sum: 22,7]
         [Termination Attempts: Min: 1, Avg: 1,0, Max: 1, Diff: 0, Sum: 4]
      [GC Worker Other (ms): Min: 0,0, Avg: 0,0, Max: 0,0, Diff: 0,0, Sum: 0,0]
      [GC Worker Total (ms): Min: 10,1, Avg: 15,6, Max: 22,7, Diff: 12,6, Sum: 62,4]
      [GC Worker End (ms): Min: 3709688,2, Avg: 3709688,2, Max: 3709688,3, Diff: 0,1]
   [Code Root Fixup: 0,0 ms]
   [Code Root Purge: 0,0 ms]
   [Clear CT: 0,1 ms]
   [Other: 7,3 ms]
      [Choose CSet: 0,0 ms]
      [Ref Proc: 6,9 ms]
      [Ref Enq: 0,0 ms]
      [Redirty Cards: 0,1 ms]
      [Humongous Register: 0,1 ms]
      [Humongous Reclaim: 0,0 ms]
      [Free CSet: 0,0 ms]
   [Eden: 50176,0K(50176,0K)->0,0B(49152,0K) Survivors: 2048,0K->3072,0K Heap: 201,8M(1024,0M)->153,7M(1024,0M)]
 [Times: user=0,03 sys=0,01, real=0,03 secs] 
2020-09-27T21:01:20.299-0300: 3710,751: [GC pause (G1 Evacuation Pause) (young), 0,0194172 secs]
   [Parallel Time: 16,3 ms, GC Workers: 4]
      [GC Worker Start (ms): Min: 3710750,8, Avg: 3710756,9, Max: 3710760,3, Diff: 9,5]
      [Ext Root Scanning (ms): Min: 0,0, Avg: 0,5, Max: 1,8, Diff: 1,8, Sum: 1,8]
      [Update RS (ms): Min: 0,0, Avg: 0,8, Max: 3,2, Diff: 3,2, Sum: 3,2]
         [Processed Buffers: Min: 0, Avg: 6,5, Max: 26, Diff: 26, Sum: 26]
      [Scan RS (ms): Min: 0,0, Avg: 0,0, Max: 0,0, Diff: 0,0, Sum: 0,0]
      [Code Root Scanning (ms): Min: 0,0, Avg: 0,0, Max: 0,0, Diff: 0,0, Sum: 0,0]
      [Object Copy (ms): Min: 2,2, Avg: 5,6, Max: 11,1, Diff: 8,9, Sum: 22,4]
      [Termination (ms): Min: 0,0, Avg: 3,2, Max: 4,5, Diff: 4,5, Sum: 12,8]
         [Termination Attempts: Min: 1, Avg: 1,0, Max: 1, Diff: 0, Sum: 4]
      [GC Worker Other (ms): Min: 0,0, Avg: 0,0, Max: 0,0, Diff: 0,0, Sum: 0,0]
      [GC Worker Total (ms): Min: 6,7, Avg: 10,1, Max: 16,1, Diff: 9,4, Sum: 40,3]
      [GC Worker End (ms): Min: 3710766,9, Avg: 3710767,0, Max: 3710767,0, Diff: 0,1]
   [Code Root Fixup: 0,0 ms]
   [Code Root Purge: 0,0 ms]
   [Clear CT: 0,1 ms]
   [Other: 3,1 ms]
      [Choose CSet: 0,0 ms]
      [Ref Proc: 2,7 ms]
      [Ref Enq: 0,0 ms]
      [Redirty Cards: 0,1 ms]
      [Humongous Register: 0,0 ms]
      [Humongous Reclaim: 0,0 ms]
      [Free CSet: 0,0 ms]
   [Eden: 49152,0K(49152,0K)->0,0B(49152,0K) Survivors: 3072,0K->3072,0K Heap: 201,7M(1024,0M)->154,4M(1024,0M)]
 [Times: user=0,03 sys=0,00, real=0,02 secs] 
2020-09-27T21:01:21.229-0300: 3711,681: [GC pause (G1 Evacuation Pause) (young), 0,0325904 secs]
   [Parallel Time: 29,7 ms, GC Workers: 4]
      [GC Worker Start (ms): Min: 3711681,2, Avg: 3711689,1, Max: 3711694,8, Diff: 13,7]
      [Ext Root Scanning (ms): Min: 0,0, Avg: 0,4, Max: 1,7, Diff: 1,6, Sum: 1,7]
      [Update RS (ms): Min: 0,0, Avg: 0,7, Max: 2,7, Diff: 2,7, Sum: 2,7]
         [Processed Buffers: Min: 0, Avg: 6,5, Max: 26, Diff: 26, Sum: 26]
      [Scan RS (ms): Min: 0,0, Avg: 0,0, Max: 0,0, Diff: 0,0, Sum: 0,0]
      [Code Root Scanning (ms): Min: 0,0, Avg: 0,0, Max: 0,0, Diff: 0,0, Sum: 0,0]
      [Object Copy (ms): Min: 0,0, Avg: 9,3, Max: 24,0, Diff: 24,0, Sum: 37,1]
      [Termination (ms): Min: 0,0, Avg: 10,4, Max: 15,4, Diff: 15,4, Sum: 41,6]
         [Termination Attempts: Min: 1, Avg: 1,0, Max: 1, Diff: 0, Sum: 4]
      [GC Worker Other (ms): Min: 0,0, Avg: 0,0, Max: 0,0, Diff: 0,0, Sum: 0,0]
      [GC Worker Total (ms): Min: 14,7, Avg: 20,8, Max: 28,4, Diff: 13,6, Sum: 83,1]
      [GC Worker End (ms): Min: 3711709,5, Avg: 3711709,9, Max: 3711710,9, Diff: 1,3]
   [Code Root Fixup: 0,0 ms]
   [Code Root Purge: 0,0 ms]
   [Clear CT: 0,1 ms]
   [Other: 2,8 ms]
      [Choose CSet: 0,0 ms]
      [Ref Proc: 2,4 ms]
      [Ref Enq: 0,0 ms]
      [Redirty Cards: 0,1 ms]
      [Humongous Register: 0,0 ms]
      [Humongous Reclaim: 0,0 ms]
      [Free CSet: 0,0 ms]
   [Eden: 49152,0K(49152,0K)->0,0B(49152,0K) Survivors: 3072,0K->3072,0K Heap: 202,4M(1024,0M)->153,6M(1024,0M)]
 [Times: user=0,05 sys=0,00, real=0,03 secs] 
2020-09-27T21:01:21.963-0300: 3712,416: [GC pause (G1 Evacuation Pause) (young), 0,0173656 secs]
   [Parallel Time: 15,8 ms, GC Workers: 4]
      [GC Worker Start (ms): Min: 3712415,7, Avg: 3712422,1, Max: 3712428,2, Diff: 12,5]
      [Ext Root Scanning (ms): Min: 0,0, Avg: 0,4, Max: 1,6, Diff: 1,6, Sum: 1,6]
      [Update RS (ms): Min: 0,0, Avg: 3,4, Max: 13,6, Diff: 13,6, Sum: 13,6]
         [Processed Buffers: Min: 0, Avg: 5,8, Max: 22, Diff: 22, Sum: 23]
      [Scan RS (ms): Min: 0,0, Avg: 0,0, Max: 0,0, Diff: 0,0, Sum: 0,0]
      [Code Root Scanning (ms): Min: 0,0, Avg: 0,0, Max: 0,0, Diff: 0,0, Sum: 0,0]
      [Object Copy (ms): Min: 0,2, Avg: 4,2, Max: 9,7, Diff: 9,6, Sum: 16,7]
      [Termination (ms): Min: 0,0, Avg: 1,2, Max: 2,1, Diff: 2,1, Sum: 4,9]
         [Termination Attempts: Min: 1, Avg: 1,0, Max: 1, Diff: 0, Sum: 4]
      [GC Worker Other (ms): Min: 0,0, Avg: 0,0, Max: 0,0, Diff: 0,0, Sum: 0,0]
      [GC Worker Total (ms): Min: 3,2, Avg: 9,2, Max: 15,4, Diff: 12,2, Sum: 37,0]
      [GC Worker End (ms): Min: 3712431,1, Avg: 3712431,3, Max: 3712431,4, Diff: 0,3]
   [Code Root Fixup: 0,0 ms]
   [Code Root Purge: 0,0 ms]
   [Clear CT: 0,1 ms]
   [Other: 1,5 ms]
      [Choose CSet: 0,0 ms]
      [Ref Proc: 1,2 ms]
      [Ref Enq: 0,0 ms]
      [Redirty Cards: 0,1 ms]
      [Humongous Register: 0,0 ms]
      [Humongous Reclaim: 0,0 ms]
      [Free CSet: 0,0 ms]
   [Eden: 49152,0K(49152,0K)->0,0B(48128,0K) Survivors: 3072,0K->4096,0K Heap: 201,6M(1024,0M)->155,2M(1024,0M)]
 [Times: user=0,03 sys=0,00, real=0,02 secs] 
2020-09-27T21:01:22.829-0300: 3713,281: [GC pause (G1 Evacuation Pause) (young), 0,0224372 secs]
   [Parallel Time: 18,2 ms, GC Workers: 4]
      [GC Worker Start (ms): Min: 3713281,4, Avg: 3713286,5, Max: 3713292,2, Diff: 10,9]
      [Ext Root Scanning (ms): Min: 0,0, Avg: 0,4, Max: 1,8, Diff: 1,8, Sum: 1,8]
      [Update RS (ms): Min: 0,0, Avg: 3,4, Max: 11,9, Diff: 11,9, Sum: 13,5]
         [Processed Buffers: Min: 0, Avg: 7,0, Max: 25, Diff: 25, Sum: 28]
      [Scan RS (ms): Min: 0,0, Avg: 0,0, Max: 0,0, Diff: 0,0, Sum: 0,0]
      [Code Root Scanning (ms): Min: 0,0, Avg: 0,0, Max: 0,0, Diff: 0,0, Sum: 0,0]
      [Object Copy (ms): Min: 1,0, Avg: 6,1, Max: 12,5, Diff: 11,5, Sum: 24,2]
      [Termination (ms): Min: 0,0, Avg: 2,3, Max: 5,3, Diff: 5,3, Sum: 9,4]
         [Termination Attempts: Min: 1, Avg: 1,0, Max: 1, Diff: 0, Sum: 4]
      [GC Worker Other (ms): Min: 0,0, Avg: 0,0, Max: 0,0, Diff: 0,0, Sum: 0,0]
      [GC Worker Total (ms): Min: 7,3, Avg: 12,2, Max: 17,1, Diff: 9,8, Sum: 49,0]
      [GC Worker End (ms): Min: 3713298,4, Avg: 3713298,7, Max: 3713299,5, Diff: 1,1]
   [Code Root Fixup: 0,0 ms]
   [Code Root Purge: 0,0 ms]
   [Clear CT: 0,1 ms]
   [Other: 4,1 ms]
      [Choose CSet: 0,0 ms]
      [Ref Proc: 3,8 ms]
      [Ref Enq: 0,0 ms]
      [Redirty Cards: 0,1 ms]
      [Humongous Register: 0,1 ms]
      [Humongous Reclaim: 0,0 ms]
      [Free CSet: 0,0 ms]
   [Eden: 48128,0K(48128,0K)->0,0B(49152,0K) Survivors: 4096,0K->3072,0K Heap: 202,2M(1024,0M)->154,3M(1024,0M)]
 [Times: user=0,04 sys=0,00, real=0,02 secs] 
2020-09-27T21:01:23.798-0300: 3714,250: [GC pause (G1 Evacuation Pause) (young), 0,0269874 secs]
   [Parallel Time: 16,2 ms, GC Workers: 4]
      [GC Worker Start (ms): Min: 3714250,0, Avg: 3714255,3, Max: 3714258,5, Diff: 8,5]
      [Ext Root Scanning (ms): Min: 0,0, Avg: 0,5, Max: 1,9, Diff: 1,9, Sum: 1,9]
      [Update RS (ms): Min: 0,0, Avg: 0,3, Max: 1,4, Diff: 1,4, Sum: 1,4]
         [Processed Buffers: Min: 0, Avg: 8,0, Max: 32, Diff: 32, Sum: 32]
      [Scan RS (ms): Min: 0,0, Avg: 3,3, Max: 12,8, Diff: 12,7, Sum: 13,3]
      [Code Root Scanning (ms): Min: 0,0, Avg: 0,0, Max: 0,0, Diff: 0,0, Sum: 0,0]
      [Object Copy (ms): Min: 0,2, Avg: 6,2, Max: 9,8, Diff: 9,6, Sum: 24,9]
      [Termination (ms): Min: 0,0, Avg: 0,5, Max: 0,7, Diff: 0,7, Sum: 2,0]
         [Termination Attempts: Min: 1, Avg: 1,2, Max: 2, Diff: 1, Sum: 5]
      [GC Worker Other (ms): Min: 0,0, Avg: 0,0, Max: 0,0, Diff: 0,0, Sum: 0,0]
      [GC Worker Total (ms): Min: 7,7, Avg: 10,9, Max: 16,2, Diff: 8,5, Sum: 43,6]
      [GC Worker End (ms): Min: 3714266,2, Avg: 3714266,2, Max: 3714266,2, Diff: 0,0]
   [Code Root Fixup: 0,0 ms]
   [Code Root Purge: 0,0 ms]
   [Clear CT: 0,1 ms]
   [Other: 10,7 ms]
      [Choose CSet: 0,0 ms]
      [Ref Proc: 10,3 ms]
      [Ref Enq: 0,0 ms]
      [Redirty Cards: 0,1 ms]
      [Humongous Register: 0,1 ms]
      [Humongous Reclaim: 0,0 ms]
      [Free CSet: 0,0 ms]
   [Eden: 49152,0K(49152,0K)->0,0B(48128,0K) Survivors: 3072,0K->4096,0K Heap: 203,2M(1024,0M)->154,9M(1024,0M)]
 [Times: user=0,05 sys=0,00, real=0,03 secs] 
2020-09-27T21:01:24.562-0300: 3715,015: [GC pause (G1 Evacuation Pause) (young), 0,0185208 secs]
   [Parallel Time: 9,3 ms, GC Workers: 4]
      [GC Worker Start (ms): Min: 3715014,7, Avg: 3715017,5, Max: 3715020,2, Diff: 5,6]
      [Ext Root Scanning (ms): Min: 0,0, Avg: 0,6, Max: 1,3, Diff: 1,3, Sum: 2,4]
      [Update RS (ms): Min: 0,0, Avg: 0,8, Max: 1,6, Diff: 1,6, Sum: 3,1]
         [Processed Buffers: Min: 0, Avg: 6,5, Max: 20, Diff: 20, Sum: 26]
      [Scan RS (ms): Min: 0,0, Avg: 0,0, Max: 0,0, Diff: 0,0, Sum: 0,0]
      [Code Root Scanning (ms): Min: 0,0, Avg: 0,0, Max: 0,0, Diff: 0,0, Sum: 0,0]
      [Object Copy (ms): Min: 2,8, Avg: 4,5, Max: 6,4, Diff: 3,7, Sum: 18,0]
      [Termination (ms): Min: 0,0, Avg: 0,5, Max: 0,9, Diff: 0,9, Sum: 2,1]
         [Termination Attempts: Min: 1, Avg: 1,0, Max: 1, Diff: 0, Sum: 4]
      [GC Worker Other (ms): Min: 0,0, Avg: 0,0, Max: 0,0, Diff: 0,0, Sum: 0,0]
      [GC Worker Total (ms): Min: 3,7, Avg: 6,4, Max: 9,2, Diff: 5,5, Sum: 25,7]
      [GC Worker End (ms): Min: 3715023,9, Avg: 3715023,9, Max: 3715023,9, Diff: 0,0]
   [Code Root Fixup: 0,0 ms]
   [Code Root Purge: 0,0 ms]
   [Clear CT: 0,1 ms]
   [Other: 9,0 ms]
      [Choose CSet: 0,0 ms]
      [Ref Proc: 8,5 ms]
      [Ref Enq: 0,0 ms]
      [Redirty Cards: 0,1 ms]
      [Humongous Register: 0,1 ms]
      [Humongous Reclaim: 0,1 ms]
      [Free CSet: 0,1 ms]
   [Eden: 48128,0K(48128,0K)->0,0B(47104,0K) Survivors: 4096,0K->5120,0K Heap: 201,9M(1024,0M)->155,9M(1024,0M)]
 [Times: user=0,03 sys=0,00, real=0,02 secs] 
2020-09-27T21:01:25.599-0300: 3716,051: [GC pause (G1 Evacuation Pause) (young), 0,0377619 secs]
   [Parallel Time: 24,7 ms, GC Workers: 4]
      [GC Worker Start (ms): Min: 3716051,0, Avg: 3716054,9, Max: 3716060,2, Diff: 9,2]
      [Ext Root Scanning (ms): Min: 0,0, Avg: 3,2, Max: 12,0, Diff: 12,0, Sum: 12,8]
      [Update RS (ms): Min: 0,0, Avg: 0,7, Max: 2,9, Diff: 2,9, Sum: 2,9]
         [Processed Buffers: Min: 0, Avg: 7,0, Max: 28, Diff: 28, Sum: 28]
      [Scan RS (ms): Min: 0,0, Avg: 0,0, Max: 0,0, Diff: 0,0, Sum: 0,0]
      [Code Root Scanning (ms): Min: 0,0, Avg: 0,0, Max: 0,0, Diff: 0,0, Sum: 0,0]
      [Object Copy (ms): Min: 4,9, Avg: 12,3, Max: 18,8, Diff: 14,0, Sum: 49,3]
      [Termination (ms): Min: 0,0, Avg: 3,9, Max: 7,4, Diff: 7,4, Sum: 15,7]
         [Termination Attempts: Min: 1, Avg: 1,2, Max: 2, Diff: 1, Sum: 5]
      [GC Worker Other (ms): Min: 0,0, Avg: 0,0, Max: 0,0, Diff: 0,0, Sum: 0,0]
      [GC Worker Total (ms): Min: 15,5, Avg: 20,2, Max: 24,3, Diff: 8,8, Sum: 80,7]
      [GC Worker End (ms): Min: 3716074,7, Avg: 3716075,1, Max: 3716075,7, Diff: 1,0]
   [Code Root Fixup: 0,0 ms]
   [Code Root Purge: 0,0 ms]
   [Clear CT: 0,1 ms]
   [Other: 12,9 ms]
      [Choose CSet: 0,0 ms]
      [Ref Proc: 12,4 ms]
      [Ref Enq: 0,0 ms]
      [Redirty Cards: 0,2 ms]
      [Humongous Register: 0,1 ms]
      [Humongous Reclaim: 0,0 ms]
      [Free CSet: 0,0 ms]
   [Eden: 47104,0K(47104,0K)->0,0B(47104,0K) Survivors: 5120,0K->5120,0K Heap: 201,9M(1024,0M)->155,7M(1024,0M)]
 [Times: user=0,02 sys=0,01, real=0,04 secs] 
2020-09-27T21:01:26.309-0300: 3716,761: [GC pause (G1 Evacuation Pause) (young), 0,0381733 secs]
   [Parallel Time: 34,9 ms, GC Workers: 4]
      [GC Worker Start (ms): Min: 3716761,3, Avg: 3716769,4, Max: 3716776,2, Diff: 14,9]
      [Ext Root Scanning (ms): Min: 0,0, Avg: 0,5, Max: 2,0, Diff: 2,0, Sum: 2,0]
      [Update RS (ms): Min: 0,0, Avg: 0,8, Max: 3,2, Diff: 3,2, Sum: 3,2]
         [Processed Buffers: Min: 0, Avg: 6,8, Max: 27, Diff: 27, Sum: 27]
      [Scan RS (ms): Min: 0,0, Avg: 0,0, Max: 0,0, Diff: 0,0, Sum: 0,1]
      [Code Root Scanning (ms): Min: 0,0, Avg: 0,0, Max: 0,0, Diff: 0,0, Sum: 0,0]
      [Object Copy (ms): Min: 3,8, Avg: 12,2, Max: 23,3, Diff: 19,5, Sum: 48,9]
      [Termination (ms): Min: 0,0, Avg: 8,5, Max: 15,9, Diff: 15,9, Sum: 34,1]
         [Termination Attempts: Min: 1, Avg: 1,0, Max: 1, Diff: 0, Sum: 4]
      [GC Worker Other (ms): Min: 0,0, Avg: 0,0, Max: 0,0, Diff: 0,0, Sum: 0,0]
      [GC Worker Total (ms): Min: 13,8, Avg: 22,1, Max: 28,6, Diff: 14,9, Sum: 88,4]
      [GC Worker End (ms): Min: 3716790,0, Avg: 3716791,6, Max: 3716796,2, Diff: 6,2]
   [Code Root Fixup: 0,0 ms]
   [Code Root Purge: 0,0 ms]
   [Clear CT: 0,1 ms]
   [Other: 3,2 ms]
      [Choose CSet: 0,0 ms]
      [Ref Proc: 2,8 ms]
      [Ref Enq: 0,0 ms]
      [Redirty Cards: 0,1 ms]
      [Humongous Register: 0,1 ms]
      [Humongous Reclaim: 0,0 ms]
      [Free CSet: 0,0 ms]
   [Eden: 47104,0K(47104,0K)->0,0B(48128,0K) Survivors: 5120,0K->4096,0K Heap: 201,7M(1024,0M)->154,9M(1024,0M)]
 [Times: user=0,05 sys=0,00, real=0,03 secs] 
2020-09-27T21:01:26.961-0300: 3717,413: [GC pause (G1 Evacuation Pause) (young), 0,0272382 secs]
   [Parallel Time: 24,4 ms, GC Workers: 4]
      [GC Worker Start (ms): Min: 3717413,1, Avg: 3717417,7, Max: 3717420,0, Diff: 6,9]
      [Ext Root Scanning (ms): Min: 0,0, Avg: 0,5, Max: 1,8, Diff: 1,8, Sum: 1,9]
      [Update RS (ms): Min: 0,0, Avg: 3,3, Max: 13,2, Diff: 13,2, Sum: 13,3]
         [Processed Buffers: Min: 0, Avg: 6,2, Max: 15, Diff: 15, Sum: 25]
      [Scan RS (ms): Min: 0,0, Avg: 0,0, Max: 0,0, Diff: 0,0, Sum: 0,0]
      [Code Root Scanning (ms): Min: 0,0, Avg: 0,0, Max: 0,0, Diff: 0,0, Sum: 0,0]
      [Object Copy (ms): Min: 1,6, Avg: 8,7, Max: 11,4, Diff: 9,8, Sum: 34,9]
      [Termination (ms): Min: 0,0, Avg: 2,5, Max: 7,7, Diff: 7,7, Sum: 10,1]
         [Termination Attempts: Min: 1, Avg: 1,0, Max: 1, Diff: 0, Sum: 4]
      [GC Worker Other (ms): Min: 0,0, Avg: 0,0, Max: 0,0, Diff: 0,0, Sum: 0,0]
      [GC Worker Total (ms): Min: 11,2, Avg: 15,1, Max: 24,3, Diff: 13,1, Sum: 60,2]
      [GC Worker End (ms): Min: 3717431,1, Avg: 3717432,8, Max: 3717437,4, Diff: 6,2]
   [Code Root Fixup: 0,0 ms]
   [Code Root Purge: 0,0 ms]
   [Clear CT: 0,1 ms]
   [Other: 2,8 ms]
      [Choose CSet: 0,0 ms]
      [Ref Proc: 2,4 ms]
      [Ref Enq: 0,0 ms]
      [Redirty Cards: 0,1 ms]
      [Humongous Register: 0,1 ms]
      [Humongous Reclaim: 0,0 ms]
      [Free CSet: 0,0 ms]
   [Eden: 48128,0K(48128,0K)->0,0B(48128,0K) Survivors: 4096,0K->4096,0K Heap: 201,9M(1024,0M)->154,9M(1024,0M)]
 [Times: user=0,04 sys=0,00, real=0,03 secs] 
2020-09-27T21:01:27.547-0300: 3717,999: [GC pause (G1 Evacuation Pause) (young), 0,0093492 secs]
   [Parallel Time: 5,9 ms, GC Workers: 4]
      [GC Worker Start (ms): Min: 3717999,2, Avg: 3717999,7, Max: 3718000,2, Diff: 1,1]
      [Ext Root Scanning (ms): Min: 0,1, Avg: 1,6, Max: 5,1, Diff: 5,0, Sum: 6,3]
      [Update RS (ms): Min: 0,0, Avg: 0,6, Max: 0,9, Diff: 0,9, Sum: 2,5]
         [Processed Buffers: Min: 0, Avg: 6,2, Max: 16, Diff: 16, Sum: 25]
      [Scan RS (ms): Min: 0,0, Avg: 0,0, Max: 0,0, Diff: 0,0, Sum: 0,0]
      [Code Root Scanning (ms): Min: 0,0, Avg: 0,0, Max: 0,0, Diff: 0,0, Sum: 0,0]
      [Object Copy (ms): Min: 0,1, Avg: 2,6, Max: 3,8, Diff: 3,8, Sum: 10,4]
      [Termination (ms): Min: 0,0, Avg: 0,5, Max: 0,7, Diff: 0,7, Sum: 2,0]
         [Termination Attempts: Min: 1, Avg: 1,0, Max: 1, Diff: 0, Sum: 4]
      [GC Worker Other (ms): Min: 0,0, Avg: 0,0, Max: 0,0, Diff: 0,0, Sum: 0,0]
      [GC Worker Total (ms): Min: 4,8, Avg: 5,3, Max: 5,9, Diff: 1,1, Sum: 21,3]
      [GC Worker End (ms): Min: 3718005,0, Avg: 3718005,0, Max: 3718005,1, Diff: 0,0]
   [Code Root Fixup: 0,0 ms]
   [Code Root Purge: 0,0 ms]
   [Clear CT: 0,1 ms]
   [Other: 3,3 ms]
      [Choose CSet: 0,0 ms]
      [Ref Proc: 2,9 ms]
      [Ref Enq: 0,0 ms]
      [Redirty Cards: 0,1 ms]
      [Humongous Register: 0,1 ms]
      [Humongous Reclaim: 0,0 ms]
      [Free CSet: 0,0 ms]
   [Eden: 48128,0K(48128,0K)->0,0B(48128,0K) Survivors: 4096,0K->4096,0K Heap: 201,9M(1024,0M)->155,4M(1024,0M)]
 [Times: user=0,02 sys=0,00, real=0,01 secs] 
2020-09-27T21:01:28.448-0300: 3718,901: [GC pause (G1 Evacuation Pause) (young), 0,0192857 secs]
   [Parallel Time: 15,7 ms, GC Workers: 4]
      [GC Worker Start (ms): Min: 3718900,6, Avg: 3718902,1, Max: 3718904,2, Diff: 3,6]
      [Ext Root Scanning (ms): Min: 0,0, Avg: 0,4, Max: 0,8, Diff: 0,8, Sum: 1,6]
      [Update RS (ms): Min: 0,0, Avg: 0,7, Max: 1,4, Diff: 1,4, Sum: 2,7]
         [Processed Buffers: Min: 0, Avg: 6,2, Max: 15, Diff: 15, Sum: 25]
      [Scan RS (ms): Min: 0,0, Avg: 0,0, Max: 0,0, Diff: 0,0, Sum: 0,0]
      [Code Root Scanning (ms): Min: 0,0, Avg: 0,0, Max: 0,0, Diff: 0,0, Sum: 0,0]
      [Object Copy (ms): Min: 5,3, Avg: 5,8, Max: 6,1, Diff: 0,8, Sum: 23,3]
      [Termination (ms): Min: 0,0, Avg: 2,2, Max: 7,3, Diff: 7,3, Sum: 8,9]
         [Termination Attempts: Min: 1, Avg: 1,0, Max: 1, Diff: 0, Sum: 4]
      [GC Worker Other (ms): Min: 0,0, Avg: 0,0, Max: 0,0, Diff: 0,0, Sum: 0,0]
      [GC Worker Total (ms): Min: 5,3, Avg: 9,2, Max: 15,6, Diff: 10,3, Sum: 36,6]
      [GC Worker End (ms): Min: 3718909,5, Avg: 3718911,3, Max: 3718916,2, Diff: 6,7]
   [Code Root Fixup: 0,0 ms]
   [Code Root Purge: 0,0 ms]
   [Clear CT: 0,1 ms]
   [Other: 3,5 ms]
      [Choose CSet: 0,0 ms]
      [Ref Proc: 3,1 ms]
      [Ref Enq: 0,0 ms]
      [Redirty Cards: 0,1 ms]
      [Humongous Register: 0,0 ms]
      [Humongous Reclaim: 0,0 ms]
      [Free CSet: 0,0 ms]
   [Eden: 48128,0K(48128,0K)->0,0B(49152,0K) Survivors: 4096,0K->3072,0K Heap: 202,4M(1024,0M)->154,4M(1024,0M)]
 [Times: user=0,02 sys=0,00, real=0,01 secs] 
2020-09-27T21:01:29.035-0300: 3719,487: [GC pause (G1 Evacuation Pause) (young), 0,0228441 secs]
   [Parallel Time: 20,7 ms, GC Workers: 4]
      [GC Worker Start (ms): Min: 3719487,6, Avg: 3719492,6, Max: 3719498,8, Diff: 11,2]
      [Ext Root Scanning (ms): Min: 0,0, Avg: 0,5, Max: 2,0, Diff: 2,0, Sum: 2,0]
      [Update RS (ms): Min: 0,0, Avg: 3,1, Max: 11,6, Diff: 11,6, Sum: 12,5]
         [Processed Buffers: Min: 0, Avg: 5,8, Max: 10, Diff: 10, Sum: 23]
      [Scan RS (ms): Min: 0,0, Avg: 0,0, Max: 0,0, Diff: 0,0, Sum: 0,0]
      [Code Root Scanning (ms): Min: 0,0, Avg: 0,0, Max: 0,0, Diff: 0,0, Sum: 0,0]
      [Object Copy (ms): Min: 0,6, Avg: 5,9, Max: 14,7, Diff: 14,1, Sum: 23,7]
      [Termination (ms): Min: 0,0, Avg: 5,3, Max: 8,3, Diff: 8,3, Sum: 21,2]
         [Termination Attempts: Min: 1, Avg: 1,0, Max: 1, Diff: 0, Sum: 4]
      [GC Worker Other (ms): Min: 0,0, Avg: 0,0, Max: 0,0, Diff: 0,0, Sum: 0,0]
      [GC Worker Total (ms): Min: 8,5, Avg: 14,9, Max: 19,7, Diff: 11,2, Sum: 59,6]
      [GC Worker End (ms): Min: 3719507,3, Avg: 3719507,5, Max: 3719508,2, Diff: 1,0]
   [Code Root Fixup: 0,0 ms]
   [Code Root Purge: 0,0 ms]
   [Clear CT: 0,1 ms]
   [Other: 2,1 ms]
      [Choose CSet: 0,0 ms]
      [Ref Proc: 1,3 ms]
      [Ref Enq: 0,0 ms]
      [Redirty Cards: 0,2 ms]
      [Humongous Register: 0,1 ms]
      [Humongous Reclaim: 0,0 ms]
      [Free CSet: 0,0 ms]
   [Eden: 49152,0K(49152,0K)->0,0B(47104,0K) Survivors: 3072,0K->5120,0K Heap: 202,4M(1024,0M)->156,3M(1024,0M)]
 [Times: user=0,03 sys=0,00, real=0,02 secs] 
2020-09-27T21:01:29.659-0300: 3720,112: [GC pause (G1 Evacuation Pause) (young), 0,0340141 secs]
   [Parallel Time: 20,5 ms, GC Workers: 4]
      [GC Worker Start (ms): Min: 3720111,8, Avg: 3720116,1, Max: 3720118,2, Diff: 6,5]
      [Ext Root Scanning (ms): Min: 0,0, Avg: 0,4, Max: 1,7, Diff: 1,6, Sum: 1,7]
      [Update RS (ms): Min: 0,0, Avg: 3,9, Max: 13,6, Diff: 13,6, Sum: 15,4]
         [Processed Buffers: Min: 0, Avg: 6,8, Max: 21, Diff: 21, Sum: 27]
      [Scan RS (ms): Min: 0,0, Avg: 1,0, Max: 3,7, Diff: 3,7, Sum: 4,0]
      [Code Root Scanning (ms): Min: 0,0, Avg: 0,0, Max: 0,0, Diff: 0,0, Sum: 0,0]
      [Object Copy (ms): Min: 0,2, Avg: 6,3, Max: 12,3, Diff: 12,1, Sum: 25,3]
      [Termination (ms): Min: 0,0, Avg: 3,7, Max: 5,8, Diff: 5,8, Sum: 15,0]
         [Termination Attempts: Min: 1, Avg: 1,5, Max: 3, Diff: 2, Sum: 6]
      [GC Worker Other (ms): Min: 0,0, Avg: 0,0, Max: 0,0, Diff: 0,0, Sum: 0,0]
      [GC Worker Total (ms): Min: 12,4, Avg: 15,3, Max: 20,5, Diff: 8,1, Sum: 61,4]
      [GC Worker End (ms): Min: 3720130,6, Avg: 3720131,4, Max: 3720132,3, Diff: 1,6]
   [Code Root Fixup: 0,0 ms]
   [Code Root Purge: 0,0 ms]
   [Clear CT: 0,2 ms]
   [Other: 13,3 ms]
      [Choose CSet: 0,0 ms]
      [Ref Proc: 12,8 ms]
      [Ref Enq: 0,0 ms]
      [Redirty Cards: 0,1 ms]
      [Humongous Register: 0,1 ms]
      [Humongous Reclaim: 0,0 ms]
      [Free CSet: 0,0 ms]
   [Eden: 47104,0K(47104,0K)->0,0B(48128,0K) Survivors: 5120,0K->4096,0K Heap: 202,3M(1024,0M)->156,3M(1024,0M)]
 [Times: user=0,04 sys=0,00, real=0,04 secs] 
2020-09-27T21:01:30.505-0300: 3720,957: [GC pause (G1 Evacuation Pause) (young), 0,0275580 secs]
   [Parallel Time: 25,6 ms, GC Workers: 4]
      [GC Worker Start (ms): Min: 3720957,6, Avg: 3720959,4, Max: 3720964,2, Diff: 6,6]
      [Ext Root Scanning (ms): Min: 0,0, Avg: 3,4, Max: 12,4, Diff: 12,4, Sum: 13,7]
      [Update RS (ms): Min: 0,0, Avg: 0,8, Max: 1,6, Diff: 1,6, Sum: 3,3]
         [Processed Buffers: Min: 0, Avg: 7,0, Max: 15, Diff: 15, Sum: 28]
      [Scan RS (ms): Min: 0,0, Avg: 0,5, Max: 1,1, Diff: 1,1, Sum: 2,1]
      [Code Root Scanning (ms): Min: 0,0, Avg: 0,0, Max: 0,0, Diff: 0,0, Sum: 0,0]
      [Object Copy (ms): Min: 0,1, Avg: 7,1, Max: 20,0, Diff: 19,9, Sum: 28,5]
      [Termination (ms): Min: 0,0, Avg: 10,3, Max: 14,4, Diff: 14,4, Sum: 41,3]
         [Termination Attempts: Min: 1, Avg: 1,0, Max: 1, Diff: 0, Sum: 4]
      [GC Worker Other (ms): Min: 0,0, Avg: 0,0, Max: 0,0, Diff: 0,0, Sum: 0,0]
      [GC Worker Total (ms): Min: 17,1, Avg: 22,2, Max: 25,1, Diff: 8,0, Sum: 89,0]
      [GC Worker End (ms): Min: 3720981,3, Avg: 3720981,7, Max: 3720982,7, Diff: 1,4]
   [Code Root Fixup: 0,0 ms]
   [Code Root Purge: 0,0 ms]
   [Clear CT: 0,1 ms]
   [Other: 1,8 ms]
      [Choose CSet: 0,0 ms]
      [Ref Proc: 1,3 ms]
      [Ref Enq: 0,0 ms]
      [Redirty Cards: 0,1 ms]
      [Humongous Register: 0,1 ms]
      [Humongous Reclaim: 0,0 ms]
      [Free CSet: 0,0 ms]
   [Eden: 48128,0K(48128,0K)->0,0B(49152,0K) Survivors: 4096,0K->3072,0K Heap: 203,3M(1024,0M)->156,0M(1024,0M)]
 [Times: user=0,04 sys=0,01, real=0,03 secs] 
2020-09-27T21:01:31.153-0300: 3721,605: [GC pause (G1 Evacuation Pause) (young), 0,0393917 secs]
   [Parallel Time: 22,7 ms, GC Workers: 4]
      [GC Worker Start (ms): Min: 3721605,6, Avg: 3721608,1, Max: 3721609,0, Diff: 3,4]
      [Ext Root Scanning (ms): Min: 0,0, Avg: 0,5, Max: 1,9, Diff: 1,9, Sum: 1,9]
      [Update RS (ms): Min: 0,8, Avg: 3,9, Max: 7,7, Diff: 6,9, Sum: 15,5]
         [Processed Buffers: Min: 1, Avg: 6,5, Max: 18, Diff: 17, Sum: 26]
      [Scan RS (ms): Min: 0,0, Avg: 0,4, Max: 0,7, Diff: 0,7, Sum: 1,4]
      [Code Root Scanning (ms): Min: 0,0, Avg: 0,0, Max: 0,0, Diff: 0,0, Sum: 0,0]
      [Object Copy (ms): Min: 1,2, Avg: 5,4, Max: 8,0, Diff: 6,8, Sum: 21,6]
      [Termination (ms): Min: 0,0, Avg: 3,2, Max: 10,4, Diff: 10,4, Sum: 13,0]
         [Termination Attempts: Min: 1, Avg: 1,0, Max: 1, Diff: 0, Sum: 4]
      [GC Worker Other (ms): Min: 0,0, Avg: 0,0, Max: 0,0, Diff: 0,0, Sum: 0,1]
      [GC Worker Total (ms): Min: 9,6, Avg: 13,4, Max: 22,7, Diff: 13,1, Sum: 53,5]
      [GC Worker End (ms): Min: 3721618,6, Avg: 3721621,5, Max: 3721628,2, Diff: 9,6]
   [Code Root Fixup: 0,0 ms]
   [Code Root Purge: 0,0 ms]
   [Clear CT: 0,1 ms]
   [Other: 16,6 ms]
      [Choose CSet: 0,0 ms]
      [Ref Proc: 16,1 ms]
      [Ref Enq: 0,0 ms]
      [Redirty Cards: 0,1 ms]
      [Humongous Register: 0,1 ms]
      [Humongous Reclaim: 0,0 ms]
      [Free CSet: 0,0 ms]
   [Eden: 49152,0K(49152,0K)->0,0B(49152,0K) Survivors: 3072,0K->3072,0K Heap: 204,0M(1024,0M)->156,3M(1024,0M)]
 [Times: user=0,04 sys=0,00, real=0,04 secs] 
2020-09-27T21:01:31.772-0300: 3722,224: [GC pause (G1 Evacuation Pause) (young), 0,0265592 secs]
   [Parallel Time: 19,9 ms, GC Workers: 4]
      [GC Worker Start (ms): Min: 3722224,4, Avg: 3722230,2, Max: 3722236,2, Diff: 11,8]
      [Ext Root Scanning (ms): Min: 0,0, Avg: 0,5, Max: 1,8, Diff: 1,8, Sum: 1,8]
      [Update RS (ms): Min: 0,0, Avg: 4,0, Max: 14,1, Diff: 14,1, Sum: 16,1]
         [Processed Buffers: Min: 0, Avg: 6,5, Max: 23, Diff: 23, Sum: 26]
      [Scan RS (ms): Min: 0,0, Avg: 0,5, Max: 1,9, Diff: 1,9, Sum: 1,9]
      [Code Root Scanning (ms): Min: 0,0, Avg: 0,0, Max: 0,0, Diff: 0,0, Sum: 0,0]
      [Object Copy (ms): Min: 2,1, Avg: 7,9, Max: 12,0, Diff: 10,0, Sum: 31,7]
      [Termination (ms): Min: 0,0, Avg: 1,0, Max: 1,9, Diff: 1,9, Sum: 4,2]
         [Termination Attempts: Min: 1, Avg: 1,0, Max: 1, Diff: 0, Sum: 4]
      [GC Worker Other (ms): Min: 0,0, Avg: 0,0, Max: 0,0, Diff: 0,0, Sum: 0,0]
      [GC Worker Total (ms): Min: 8,1, Avg: 13,9, Max: 19,9, Diff: 11,8, Sum: 55,7]
      [GC Worker End (ms): Min: 3722244,0, Avg: 3722244,1, Max: 3722244,3, Diff: 0,2]
   [Code Root Fixup: 0,0 ms]
   [Code Root Purge: 0,0 ms]
   [Clear CT: 0,1 ms]
   [Other: 6,5 ms]
      [Choose CSet: 0,0 ms]
      [Ref Proc: 6,2 ms]
      [Ref Enq: 0,0 ms]
      [Redirty Cards: 0,1 ms]
      [Humongous Register: 0,1 ms]
      [Humongous Reclaim: 0,0 ms]
      [Free CSet: 0,0 ms]
   [Eden: 49152,0K(49152,0K)->0,0B(50176,0K) Survivors: 3072,0K->2048,0K Heap: 204,3M(1024,0M)->155,6M(1024,0M)]
 [Times: user=0,03 sys=0,00, real=0,02 secs] 
2020-09-27T21:01:32.267-0300: 3722,719: [GC pause (G1 Evacuation Pause) (young), 0,0415895 secs]
   [Parallel Time: 34,0 ms, GC Workers: 4]
      [GC Worker Start (ms): Min: 3722719,6, Avg: 3722723,6, Max: 3722725,4, Diff: 5,8]
      [Ext Root Scanning (ms): Min: 0,0, Avg: 0,5, Max: 1,8, Diff: 1,8, Sum: 2,0]
      [Update RS (ms): Min: 0,0, Avg: 0,6, Max: 2,3, Diff: 2,3, Sum: 2,3]
         [Processed Buffers: Min: 0, Avg: 7,5, Max: 30, Diff: 30, Sum: 30]
      [Scan RS (ms): Min: 2,3, Avg: 11,9, Max: 23,7, Diff: 21,4, Sum: 47,7]
      [Code Root Scanning (ms): Min: 0,0, Avg: 0,0, Max: 0,0, Diff: 0,0, Sum: 0,0]
      [Object Copy (ms): Min: 0,1, Avg: 9,5, Max: 25,6, Diff: 25,4, Sum: 37,9]
      [Termination (ms): Min: 0,0, Avg: 7,3, Max: 13,9, Diff: 13,9, Sum: 29,1]
         [Termination Attempts: Min: 1, Avg: 1,0, Max: 1, Diff: 0, Sum: 4]
      [GC Worker Other (ms): Min: 0,0, Avg: 0,0, Max: 0,0, Diff: 0,0, Sum: 0,0]
      [GC Worker Total (ms): Min: 27,9, Avg: 29,8, Max: 33,9, Diff: 6,0, Sum: 119,1]
      [GC Worker End (ms): Min: 3722753,3, Avg: 3722753,4, Max: 3722753,5, Diff: 0,2]
   [Code Root Fixup: 0,0 ms]
   [Code Root Purge: 0,0 ms]
   [Clear CT: 0,1 ms]
   [Other: 7,5 ms]
      [Choose CSet: 0,0 ms]
      [Ref Proc: 7,2 ms]
      [Ref Enq: 0,0 ms]
      [Redirty Cards: 0,1 ms]
      [Humongous Register: 0,1 ms]
      [Humongous Reclaim: 0,0 ms]
      [Free CSet: 0,0 ms]
   [Eden: 50176,0K(50176,0K)->0,0B(49152,0K) Survivors: 2048,0K->3072,0K Heap: 206,0M(1024,0M)->156,5M(1024,0M)]
 [Times: user=0,03 sys=0,00, real=0,05 secs] 
2020-09-27T21:01:32.878-0300: 3723,330: [GC pause (G1 Evacuation Pause) (young), 0,0292022 secs]
   [Parallel Time: 26,3 ms, GC Workers: 4]
      [GC Worker Start (ms): Min: 3723330,1, Avg: 3723337,7, Max: 3723344,2, Diff: 14,1]
      [Ext Root Scanning (ms): Min: 0,0, Avg: 0,5, Max: 2,0, Diff: 2,0, Sum: 2,0]
      [Update RS (ms): Min: 0,0, Avg: 5,8, Max: 23,2, Diff: 23,2, Sum: 23,3]
         [Processed Buffers: Min: 0, Avg: 6,5, Max: 23, Diff: 23, Sum: 26]
      [Scan RS (ms): Min: 0,0, Avg: 0,3, Max: 1,4, Diff: 1,4, Sum: 1,4]
      [Code Root Scanning (ms): Min: 0,0, Avg: 0,0, Max: 0,0, Diff: 0,0, Sum: 0,0]
      [Object Copy (ms): Min: 0,2, Avg: 4,8, Max: 9,7, Diff: 9,5, Sum: 19,3]
      [Termination (ms): Min: 0,0, Avg: 6,6, Max: 9,6, Diff: 9,6, Sum: 26,3]
         [Termination Attempts: Min: 1, Avg: 1,0, Max: 1, Diff: 0, Sum: 4]
      [GC Worker Other (ms): Min: 0,0, Avg: 0,0, Max: 0,0, Diff: 0,0, Sum: 0,0]
      [GC Worker Total (ms): Min: 11,3, Avg: 18,1, Max: 25,4, Diff: 14,1, Sum: 72,3]
      [GC Worker End (ms): Min: 3723355,5, Avg: 3723355,8, Max: 3723356,4, Diff: 0,9]
   [Code Root Fixup: 0,0 ms]
   [Code Root Purge: 0,0 ms]
   [Clear CT: 0,1 ms]
   [Other: 2,8 ms]
      [Choose CSet: 0,0 ms]
      [Ref Proc: 2,4 ms]
      [Ref Enq: 0,0 ms]
      [Redirty Cards: 0,1 ms]
      [Humongous Register: 0,1 ms]
      [Humongous Reclaim: 0,0 ms]
      [Free CSet: 0,0 ms]
   [Eden: 49152,0K(49152,0K)->0,0B(50176,0K) Survivors: 3072,0K->2048,0K Heap: 204,5M(1024,0M)->156,0M(1024,0M)]
 [Times: user=0,03 sys=0,00, real=0,03 secs] 
2020-09-27T21:01:33.682-0300: 3724,134: [GC pause (G1 Evacuation Pause) (young), 0,0287496 secs]
   [Parallel Time: 23,5 ms, GC Workers: 4]
      [GC Worker Start (ms): Min: 3724134,2, Avg: 3724138,5, Max: 3724144,2, Diff: 10,1]
      [Ext Root Scanning (ms): Min: 0,0, Avg: 3,8, Max: 14,0, Diff: 14,0, Sum: 15,1]
      [Update RS (ms): Min: 0,0, Avg: 5,5, Max: 21,5, Diff: 21,5, Sum: 22,0]
         [Processed Buffers: Min: 0, Avg: 5,8, Max: 12, Diff: 12, Sum: 23]
      [Scan RS (ms): Min: 0,0, Avg: 0,4, Max: 1,6, Diff: 1,6, Sum: 1,6]
      [Code Root Scanning (ms): Min: 0,0, Avg: 0,0, Max: 0,0, Diff: 0,0, Sum: 0,0]
      [Object Copy (ms): Min: 0,2, Avg: 5,7, Max: 10,0, Diff: 9,8, Sum: 23,0]
      [Termination (ms): Min: 0,0, Avg: 3,7, Max: 5,9, Diff: 5,9, Sum: 14,8]
         [Termination Attempts: Min: 1, Avg: 1,0, Max: 1, Diff: 0, Sum: 4]
      [GC Worker Other (ms): Min: 0,0, Avg: 0,0, Max: 0,0, Diff: 0,0, Sum: 0,0]
      [GC Worker Total (ms): Min: 13,4, Avg: 19,1, Max: 23,5, Diff: 10,1, Sum: 76,6]
      [GC Worker End (ms): Min: 3724157,6, Avg: 3724157,6, Max: 3724157,7, Diff: 0,1]
   [Code Root Fixup: 0,0 ms]
   [Code Root Purge: 0,0 ms]
   [Clear CT: 0,1 ms]
   [Other: 5,1 ms]
      [Choose CSet: 0,0 ms]
      [Ref Proc: 4,4 ms]
      [Ref Enq: 0,0 ms]
      [Redirty Cards: 0,3 ms]
      [Humongous Register: 0,0 ms]
      [Humongous Reclaim: 0,0 ms]
      [Free CSet: 0,0 ms]
   [Eden: 50176,0K(50176,0K)->0,0B(50176,0K) Survivors: 2048,0K->2048,0K Heap: 205,0M(1024,0M)->156,1M(1024,0M)]
 [Times: user=0,03 sys=0,00, real=0,03 secs] 
2020-09-27T21:01:34.506-0300: 3724,958: [GC pause (G1 Evacuation Pause) (young), 0,0241996 secs]
   [Parallel Time: 21,3 ms, GC Workers: 4]
      [GC Worker Start (ms): Min: 3724958,3, Avg: 3724960,5, Max: 3724964,2, Diff: 6,0]
      [Ext Root Scanning (ms): Min: 0,0, Avg: 2,7, Max: 10,1, Diff: 10,1, Sum: 10,9]
      [Update RS (ms): Min: 0,0, Avg: 4,0, Max: 12,2, Diff: 12,2, Sum: 16,2]
         [Processed Buffers: Min: 0, Avg: 6,8, Max: 27, Diff: 27, Sum: 27]
      [Scan RS (ms): Min: 0,0, Avg: 3,2, Max: 10,9, Diff: 10,9, Sum: 12,9]
      [Code Root Scanning (ms): Min: 0,0, Avg: 0,0, Max: 0,0, Diff: 0,0, Sum: 0,0]
      [Object Copy (ms): Min: 0,0, Avg: 5,9, Max: 10,9, Diff: 10,9, Sum: 23,6]
      [Termination (ms): Min: 0,0, Avg: 3,1, Max: 5,1, Diff: 5,1, Sum: 12,3]
         [Termination Attempts: Min: 1, Avg: 1,0, Max: 1, Diff: 0, Sum: 4]
      [GC Worker Other (ms): Min: 0,0, Avg: 0,0, Max: 0,0, Diff: 0,0, Sum: 0,0]
      [GC Worker Total (ms): Min: 15,2, Avg: 19,0, Max: 21,0, Diff: 5,8, Sum: 75,9]
      [GC Worker End (ms): Min: 3724979,3, Avg: 3724979,4, Max: 3724979,5, Diff: 0,2]
   [Code Root Fixup: 0,0 ms]
   [Code Root Purge: 0,0 ms]
   [Clear CT: 0,1 ms]
   [Other: 2,8 ms]
      [Choose CSet: 0,0 ms]
      [Ref Proc: 2,4 ms]
      [Ref Enq: 0,0 ms]
      [Redirty Cards: 0,1 ms]
      [Humongous Register: 0,1 ms]
      [Humongous Reclaim: 0,0 ms]
      [Free CSet: 0,0 ms]
   [Eden: 50176,0K(50176,0K)->0,0B(50176,0K) Survivors: 2048,0K->2048,0K Heap: 205,1M(1024,0M)->156,3M(1024,0M)]
 [Times: user=0,03 sys=0,00, real=0,03 secs] 
2020-09-27T21:01:35.143-0300: 3725,595: [GC pause (G1 Evacuation Pause) (young), 0,0257590 secs]
   [Parallel Time: 21,3 ms, GC Workers: 4]
      [GC Worker Start (ms): Min: 3725595,2, Avg: 3725602,0, Max: 3725608,3, Diff: 13,1]
      [Ext Root Scanning (ms): Min: 0,0, Avg: 0,5, Max: 1,8, Diff: 1,8, Sum: 1,9]
      [Update RS (ms): Min: 0,0, Avg: 5,1, Max: 19,2, Diff: 19,2, Sum: 20,5]
         [Processed Buffers: Min: 0, Avg: 6,2, Max: 22, Diff: 22, Sum: 25]
      [Scan RS (ms): Min: 0,0, Avg: 0,4, Max: 1,6, Diff: 1,5, Sum: 1,6]
      [Code Root Scanning (ms): Min: 0,0, Avg: 0,0, Max: 0,0, Diff: 0,0, Sum: 0,0]
      [Object Copy (ms): Min: 0,2, Avg: 4,7, Max: 9,5, Diff: 9,3, Sum: 18,7]
      [Termination (ms): Min: 0,0, Avg: 3,8, Max: 6,0, Diff: 6,0, Sum: 15,2]
         [Termination Attempts: Min: 1, Avg: 1,0, Max: 1, Diff: 0, Sum: 4]
      [GC Worker Other (ms): Min: 0,0, Avg: 0,0, Max: 0,0, Diff: 0,0, Sum: 0,0]
      [GC Worker Total (ms): Min: 8,1, Avg: 14,5, Max: 21,2, Diff: 13,1, Sum: 57,8]
      [GC Worker End (ms): Min: 3725616,4, Avg: 3725616,4, Max: 3725616,5, Diff: 0,1]
   [Code Root Fixup: 0,0 ms]
   [Code Root Purge: 0,0 ms]
   [Clear CT: 0,1 ms]
   [Other: 4,3 ms]
      [Choose CSet: 0,0 ms]
      [Ref Proc: 3,9 ms]
      [Ref Enq: 0,0 ms]
      [Redirty Cards: 0,1 ms]
      [Humongous Register: 0,1 ms]
      [Humongous Reclaim: 0,0 ms]
      [Free CSet: 0,0 ms]
   [Eden: 50176,0K(50176,0K)->0,0B(50176,0K) Survivors: 2048,0K->2048,0K Heap: 205,3M(1024,0M)->156,2M(1024,0M)]
 [Times: user=0,03 sys=0,00, real=0,03 secs] 
2020-09-27T21:01:35.794-0300: 3726,246: [GC pause (G1 Evacuation Pause) (young), 0,0261342 secs]
   [Parallel Time: 19,7 ms, GC Workers: 4]
      [GC Worker Start (ms): Min: 3726246,6, Avg: 3726248,9, Max: 3726251,1, Diff: 4,5]
      [Ext Root Scanning (ms): Min: 0,0, Avg: 2,9, Max: 11,4, Diff: 11,4, Sum: 11,7]
      [Update RS (ms): Min: 0,0, Avg: 3,2, Max: 6,4, Diff: 6,4, Sum: 12,7]
         [Processed Buffers: Min: 0, Avg: 5,2, Max: 19, Diff: 19, Sum: 21]
      [Scan RS (ms): Min: 0,0, Avg: 4,6, Max: 10,7, Diff: 10,7, Sum: 18,6]
      [Code Root Scanning (ms): Min: 0,0, Avg: 0,0, Max: 0,0, Diff: 0,0, Sum: 0,0]
      [Object Copy (ms): Min: 0,0, Avg: 3,7, Max: 11,0, Diff: 11,0, Sum: 14,8]
      [Termination (ms): Min: 0,0, Avg: 2,8, Max: 4,6, Diff: 4,6, Sum: 11,2]
         [Termination Attempts: Min: 1, Avg: 1,0, Max: 1, Diff: 0, Sum: 4]
      [GC Worker Other (ms): Min: 0,0, Avg: 0,0, Max: 0,0, Diff: 0,0, Sum: 0,0]
      [GC Worker Total (ms): Min: 15,0, Avg: 17,3, Max: 19,7, Diff: 4,7, Sum: 69,0]
      [GC Worker End (ms): Min: 3726266,1, Avg: 3726266,2, Max: 3726266,3, Diff: 0,2]
   [Code Root Fixup: 0,0 ms]
   [Code Root Purge: 0,0 ms]
   [Clear CT: 0,1 ms]
   [Other: 6,3 ms]
      [Choose CSet: 0,0 ms]
      [Ref Proc: 5,8 ms]
      [Ref Enq: 0,0 ms]
      [Redirty Cards: 0,1 ms]
      [Humongous Register: 0,1 ms]
      [Humongous Reclaim: 0,0 ms]
      [Free CSet: 0,1 ms]
   [Eden: 50176,0K(50176,0K)->0,0B(50176,0K) Survivors: 2048,0K->2048,0K Heap: 205,2M(1024,0M)->156,6M(1024,0M)]
 [Times: user=0,03 sys=0,00, real=0,03 secs] 
2020-09-27T21:01:36.377-0300: 3726,829: [GC pause (G1 Evacuation Pause) (young), 0,0268407 secs]
   [Parallel Time: 25,2 ms, GC Workers: 4]
      [GC Worker Start (ms): Min: 3726829,3, Avg: 3726836,4, Max: 3726841,3, Diff: 12,0]
      [Ext Root Scanning (ms): Min: 0,0, Avg: 0,4, Max: 1,6, Diff: 1,6, Sum: 1,7]
      [Update RS (ms): Min: 0,0, Avg: 0,7, Max: 2,9, Diff: 2,9, Sum: 2,9]
         [Processed Buffers: Min: 0, Avg: 6,5, Max: 26, Diff: 26, Sum: 26]
      [Scan RS (ms): Min: 0,1, Avg: 5,4, Max: 19,9, Diff: 19,9, Sum: 21,5]
      [Code Root Scanning (ms): Min: 0,0, Avg: 0,0, Max: 0,0, Diff: 0,0, Sum: 0,0]
      [Object Copy (ms): Min: 0,1, Avg: 4,4, Max: 12,5, Diff: 12,3, Sum: 17,6]
      [Termination (ms): Min: 0,0, Avg: 6,8, Max: 11,2, Diff: 11,2, Sum: 27,3]
         [Termination Attempts: Min: 1, Avg: 1,2, Max: 2, Diff: 1, Sum: 5]
      [GC Worker Other (ms): Min: 0,0, Avg: 0,0, Max: 0,0, Diff: 0,0, Sum: 0,0]
      [GC Worker Total (ms): Min: 12,7, Avg: 17,7, Max: 24,7, Diff: 12,0, Sum: 71,0]
      [GC Worker End (ms): Min: 3726854,0, Avg: 3726854,2, Max: 3726854,5, Diff: 0,5]
   [Code Root Fixup: 0,0 ms]
   [Code Root Purge: 0,0 ms]
   [Clear CT: 0,1 ms]
   [Other: 1,5 ms]
      [Choose CSet: 0,0 ms]
      [Ref Proc: 1,1 ms]
      [Ref Enq: 0,0 ms]
      [Redirty Cards: 0,1 ms]
      [Humongous Register: 0,1 ms]
      [Humongous Reclaim: 0,0 ms]
      [Free CSet: 0,0 ms]
   [Eden: 50176,0K(50176,0K)->0,0B(50176,0K) Survivors: 2048,0K->2048,0K Heap: 205,6M(1024,0M)->156,6M(1024,0M)]
 [Times: user=0,02 sys=0,00, real=0,03 secs] 
2020-09-27T21:01:37.001-0300: 3727,454: [GC pause (G1 Evacuation Pause) (young), 0,0286440 secs]
   [Parallel Time: 12,4 ms, GC Workers: 4]
      [GC Worker Start (ms): Min: 3727453,7, Avg: 3727460,0, Max: 3727465,3, Diff: 11,7]
      [Ext Root Scanning (ms): Min: 0,0, Avg: 0,5, Max: 1,8, Diff: 1,8, Sum: 1,8]
      [Update RS (ms): Min: 0,0, Avg: 2,9, Max: 8,6, Diff: 8,6, Sum: 11,7]
         [Processed Buffers: Min: 0, Avg: 5,5, Max: 22, Diff: 22, Sum: 22]
      [Scan RS (ms): Min: 0,0, Avg: 0,5, Max: 1,9, Diff: 1,9, Sum: 1,9]
      [Code Root Scanning (ms): Min: 0,0, Avg: 0,0, Max: 0,0, Diff: 0,0, Sum: 0,0]
      [Object Copy (ms): Min: 0,0, Avg: 1,3, Max: 4,1, Diff: 4,1, Sum: 5,1]
      [Termination (ms): Min: 0,0, Avg: 0,8, Max: 1,3, Diff: 1,3, Sum: 3,3]
         [Termination Attempts: Min: 1, Avg: 1,0, Max: 1, Diff: 0, Sum: 4]
      [GC Worker Other (ms): Min: 0,0, Avg: 0,0, Max: 0,0, Diff: 0,0, Sum: 0,0]
      [GC Worker Total (ms): Min: 0,7, Avg: 6,0, Max: 12,3, Diff: 11,7, Sum: 23,9]
      [GC Worker End (ms): Min: 3727466,0, Avg: 3727466,0, Max: 3727466,0, Diff: 0,0]
   [Code Root Fixup: 0,0 ms]
   [Code Root Purge: 0,0 ms]
   [Clear CT: 9,3 ms]
   [Other: 6,9 ms]
      [Choose CSet: 0,0 ms]
      [Ref Proc: 6,5 ms]
      [Ref Enq: 0,0 ms]
      [Redirty Cards: 0,1 ms]
      [Humongous Register: 0,1 ms]
      [Humongous Reclaim: 0,0 ms]
      [Free CSet: 0,0 ms]
   [Eden: 50176,0K(50176,0K)->0,0B(50176,0K) Survivors: 2048,0K->2048,0K Heap: 205,6M(1024,0M)->156,5M(1024,0M)]
 [Times: user=0,02 sys=0,00, real=0,03 secs] 
2020-09-27T21:01:37.791-0300: 3728,243: [GC pause (G1 Evacuation Pause) (young), 0,0189003 secs]
   [Parallel Time: 17,6 ms, GC Workers: 4]
      [GC Worker Start (ms): Min: 3728244,5, Avg: 3728246,4, Max: 3728248,2, Diff: 3,8]
      [Ext Root Scanning (ms): Min: 0,0, Avg: 2,4, Max: 8,4, Diff: 8,4, Sum: 9,7]
      [Update RS (ms): Min: 0,0, Avg: 2,9, Max: 10,2, Diff: 10,2, Sum: 11,7]
         [Processed Buffers: Min: 0, Avg: 5,5, Max: 19, Diff: 19, Sum: 22]
      [Scan RS (ms): Min: 0,0, Avg: 0,7, Max: 1,4, Diff: 1,4, Sum: 2,6]
      [Code Root Scanning (ms): Min: 0,0, Avg: 0,0, Max: 0,0, Diff: 0,0, Sum: 0,0]
      [Object Copy (ms): Min: 0,2, Avg: 2,8, Max: 7,3, Diff: 7,1, Sum: 11,3]
      [Termination (ms): Min: 0,0, Avg: 3,9, Max: 7,1, Diff: 7,1, Sum: 15,7]
         [Termination Attempts: Min: 1, Avg: 1,0, Max: 1, Diff: 0, Sum: 4]
      [GC Worker Other (ms): Min: 0,0, Avg: 0,0, Max: 0,0, Diff: 0,0, Sum: 0,0]
      [GC Worker Total (ms): Min: 9,4, Avg: 12,8, Max: 16,2, Diff: 6,7, Sum: 51,1]
      [GC Worker End (ms): Min: 3728257,6, Avg: 3728259,1, Max: 3728260,6, Diff: 3,0]
   [Code Root Fixup: 0,0 ms]
   [Code Root Purge: 0,0 ms]
   [Clear CT: 0,1 ms]
   [Other: 1,3 ms]
      [Choose CSet: 0,0 ms]
      [Ref Proc: 0,8 ms]
      [Ref Enq: 0,0 ms]
      [Redirty Cards: 0,1 ms]
      [Humongous Register: 0,1 ms]
      [Humongous Reclaim: 0,0 ms]
      [Free CSet: 0,0 ms]
   [Eden: 50176,0K(50176,0K)->0,0B(50176,0K) Survivors: 2048,0K->2048,0K Heap: 205,5M(1024,0M)->156,8M(1024,0M)]
 [Times: user=0,02 sys=0,00, real=0,02 secs] 
2020-09-27T21:01:38.710-0300: 3729,162: [GC pause (G1 Evacuation Pause) (young), 0,0212852 secs]
   [Parallel Time: 19,6 ms, GC Workers: 4]
      [GC Worker Start (ms): Min: 3729162,6, Avg: 3729165,0, Max: 3729170,0, Diff: 7,4]
      [Ext Root Scanning (ms): Min: 0,0, Avg: 0,5, Max: 1,0, Diff: 1,0, Sum: 2,0]
      [Update RS (ms): Min: 0,0, Avg: 2,3, Max: 7,1, Diff: 7,1, Sum: 9,1]
         [Processed Buffers: Min: 0, Avg: 5,0, Max: 15, Diff: 15, Sum: 20]
      [Scan RS (ms): Min: 0,0, Avg: 0,7, Max: 1,5, Diff: 1,5, Sum: 2,9]
      [Code Root Scanning (ms): Min: 0,0, Avg: 0,0, Max: 0,0, Diff: 0,0, Sum: 0,0]
      [Object Copy (ms): Min: 0,0, Avg: 1,3, Max: 2,5, Diff: 2,5, Sum: 5,1]
      [Termination (ms): Min: 0,0, Avg: 3,8, Max: 12,9, Diff: 12,9, Sum: 15,4]
         [Termination Attempts: Min: 1, Avg: 1,0, Max: 1, Diff: 0, Sum: 4]
      [GC Worker Other (ms): Min: 0,0, Avg: 0,0, Max: 0,0, Diff: 0,0, Sum: 0,0]
      [GC Worker Total (ms): Min: 0,9, Avg: 8,6, Max: 19,5, Diff: 18,6, Sum: 34,5]
      [GC Worker End (ms): Min: 3729170,8, Avg: 3729173,7, Max: 3729182,1, Diff: 11,2]
   [Code Root Fixup: 0,0 ms]
   [Code Root Purge: 0,0 ms]
   [Clear CT: 0,1 ms]
   [Other: 1,6 ms]
      [Choose CSet: 0,0 ms]
      [Ref Proc: 1,3 ms]
      [Ref Enq: 0,0 ms]
      [Redirty Cards: 0,1 ms]
      [Humongous Register: 0,1 ms]
      [Humongous Reclaim: 0,0 ms]
      [Free CSet: 0,0 ms]
   [Eden: 50176,0K(50176,0K)->0,0B(51200,0K) Survivors: 2048,0K->1024,0K Heap: 205,8M(1024,0M)->156,4M(1024,0M)]
 [Times: user=0,02 sys=0,00, real=0,02 secs] 
2020-09-27T21:02:03.412-0300: 3753,864: [GC pause (G1 Evacuation Pause) (young), 0,0093391 secs]
   [Parallel Time: 4,2 ms, GC Workers: 4]
      [GC Worker Start (ms): Min: 3753863,9, Avg: 3753864,9, Max: 3753868,0, Diff: 4,1]
      [Ext Root Scanning (ms): Min: 0,0, Avg: 0,5, Max: 0,6, Diff: 0,6, Sum: 1,8]
      [Update RS (ms): Min: 0,0, Avg: 0,6, Max: 0,9, Diff: 0,9, Sum: 2,5]
         [Processed Buffers: Min: 0, Avg: 9,8, Max: 23, Diff: 23, Sum: 39]
      [Scan RS (ms): Min: 0,0, Avg: 0,7, Max: 1,0, Diff: 1,0, Sum: 2,8]
      [Code Root Scanning (ms): Min: 0,0, Avg: 0,0, Max: 0,0, Diff: 0,0, Sum: 0,0]
      [Object Copy (ms): Min: 0,0, Avg: 0,8, Max: 1,1, Diff: 1,1, Sum: 3,3]
      [Termination (ms): Min: 0,0, Avg: 0,5, Max: 0,7, Diff: 0,7, Sum: 2,0]
         [Termination Attempts: Min: 1, Avg: 1,0, Max: 1, Diff: 0, Sum: 4]
      [GC Worker Other (ms): Min: 0,0, Avg: 0,0, Max: 0,0, Diff: 0,0, Sum: 0,0]
      [GC Worker Total (ms): Min: 0,0, Avg: 3,1, Max: 4,1, Diff: 4,1, Sum: 12,4]
      [GC Worker End (ms): Min: 3753868,0, Avg: 3753868,0, Max: 3753868,0, Diff: 0,0]
   [Code Root Fixup: 0,0 ms]
   [Code Root Purge: 0,0 ms]
   [Clear CT: 0,1 ms]
   [Other: 5,1 ms]
      [Choose CSet: 0,0 ms]
      [Ref Proc: 4,7 ms]
      [Ref Enq: 0,0 ms]
      [Redirty Cards: 0,1 ms]
      [Humongous Register: 0,1 ms]
      [Humongous Reclaim: 0,0 ms]
      [Free CSet: 0,0 ms]
   [Eden: 51200,0K(51200,0K)->0,0B(50176,0K) Survivors: 1024,0K->2048,0K Heap: 208,0M(1024,0M)->156,9M(1024,0M)]
 [Times: user=0,02 sys=0,00, real=0,01 secs] 
2020-09-27T21:02:03.892-0300: 3754,344: [GC pause (G1 Evacuation Pause) (young), 0,0220429 secs]
   [Parallel Time: 17,2 ms, GC Workers: 4]
      [GC Worker Start (ms): Min: 3754343,9, Avg: 3754348,8, Max: 3754352,2, Diff: 8,3]
      [Ext Root Scanning (ms): Min: 0,0, Avg: 0,4, Max: 1,8, Diff: 1,8, Sum: 1,8]
      [Update RS (ms): Min: 0,0, Avg: 3,0, Max: 10,4, Diff: 10,4, Sum: 12,1]
         [Processed Buffers: Min: 0, Avg: 5,0, Max: 20, Diff: 20, Sum: 20]
      [Scan RS (ms): Min: 0,0, Avg: 0,8, Max: 3,2, Diff: 3,2, Sum: 3,2]
      [Code Root Scanning (ms): Min: 0,0, Avg: 0,0, Max: 0,0, Diff: 0,0, Sum: 0,0]
      [Object Copy (ms): Min: 0,2, Avg: 4,2, Max: 9,0, Diff: 8,9, Sum: 16,7]
      [Termination (ms): Min: 0,0, Avg: 3,7, Max: 5,1, Diff: 5,1, Sum: 14,7]
         [Termination Attempts: Min: 1, Avg: 1,0, Max: 1, Diff: 0, Sum: 4]
      [GC Worker Other (ms): Min: 0,0, Avg: 0,0, Max: 0,0, Diff: 0,0, Sum: 0,0]
      [GC Worker Total (ms): Min: 8,7, Avg: 12,2, Max: 17,0, Diff: 8,3, Sum: 48,6]
      [GC Worker End (ms): Min: 3754360,9, Avg: 3754361,0, Max: 3754361,1, Diff: 0,2]
   [Code Root Fixup: 0,0 ms]
   [Code Root Purge: 0,0 ms]
   [Clear CT: 0,1 ms]
   [Other: 4,7 ms]
      [Choose CSet: 0,0 ms]
      [Ref Proc: 4,3 ms]
      [Ref Enq: 0,0 ms]
      [Redirty Cards: 0,1 ms]
      [Humongous Register: 0,1 ms]
      [Humongous Reclaim: 0,0 ms]
      [Free CSet: 0,0 ms]
   [Eden: 50176,0K(50176,0K)->0,0B(382,0M) Survivors: 2048,0K->1024,0K Heap: 207,0M(1024,0M)->156,7M(1024,0M)]
 [Times: user=0,03 sys=0,00, real=0,02 secs] 
2020-09-27T21:02:04.321-0300: 3754,773: [GC pause (G1 Evacuation Pause) (young), 0,0390317 secs]
   [Parallel Time: 23,8 ms, GC Workers: 4]
      [GC Worker Start (ms): Min: 3754773,6, Avg: 3754779,6, Max: 3754784,2, Diff: 10,6]
      [Ext Root Scanning (ms): Min: 0,0, Avg: 0,4, Max: 1,7, Diff: 1,7, Sum: 1,7]
      [Update RS (ms): Min: 0,0, Avg: 0,6, Max: 2,5, Diff: 2,5, Sum: 2,5]
         [Processed Buffers: Min: 0, Avg: 6,5, Max: 26, Diff: 26, Sum: 26]
      [Scan RS (ms): Min: 0,1, Avg: 4,0, Max: 14,8, Diff: 14,7, Sum: 16,0]
      [Code Root Scanning (ms): Min: 0,0, Avg: 0,0, Max: 0,0, Diff: 0,0, Sum: 0,0]
      [Object Copy (ms): Min: 0,1, Avg: 2,3, Max: 5,1, Diff: 5,0, Sum: 9,0]
      [Termination (ms): Min: 0,0, Avg: 7,0, Max: 13,0, Diff: 13,0, Sum: 28,2]
         [Termination Attempts: Min: 1, Avg: 1,2, Max: 2, Diff: 1, Sum: 5]
      [GC Worker Other (ms): Min: 0,0, Avg: 0,0, Max: 0,0, Diff: 0,0, Sum: 0,0]
      [GC Worker Total (ms): Min: 8,6, Avg: 14,3, Max: 19,1, Diff: 10,6, Sum: 57,4]
      [GC Worker End (ms): Min: 3754792,7, Avg: 3754793,9, Max: 3754797,4, Diff: 4,7]
   [Code Root Fixup: 0,0 ms]
   [Code Root Purge: 0,0 ms]
   [Clear CT: 4,8 ms]
   [Other: 10,4 ms]
      [Choose CSet: 0,0 ms]
      [Ref Proc: 2,0 ms]
      [Ref Enq: 0,0 ms]
      [Redirty Cards: 8,0 ms]
      [Humongous Register: 0,1 ms]
      [Humongous Reclaim: 0,0 ms]
      [Free CSet: 0,0 ms]
   [Eden: 51200,0K(51200,0K)->0,0B(50176,0K) Survivors: 1024,0K->2048,0K Heap: 208,4M(1024,0M)->157,1M(1024,0M)]
 [Times: user=0,03 sys=0,00, real=0,04 secs] 
2020-09-27T21:02:04.733-0300: 3755,185: [GC pause (G1 Evacuation Pause) (young), 0,0161714 secs]
   [Parallel Time: 13,5 ms, GC Workers: 4]
      [GC Worker Start (ms): Min: 3755185,2, Avg: 3755188,3, Max: 3755191,3, Diff: 6,1]
      [Ext Root Scanning (ms): Min: 0,0, Avg: 0,4, Max: 0,9, Diff: 0,9, Sum: 1,7]
      [Update RS (ms): Min: 0,0, Avg: 0,5, Max: 1,1, Diff: 1,1, Sum: 2,1]
         [Processed Buffers: Min: 0, Avg: 7,5, Max: 25, Diff: 25, Sum: 30]
      [Scan RS (ms): Min: 0,0, Avg: 0,9, Max: 1,8, Diff: 1,8, Sum: 3,5]
      [Code Root Scanning (ms): Min: 0,0, Avg: 0,0, Max: 0,0, Diff: 0,0, Sum: 0,0]
      [Object Copy (ms): Min: 0,0, Avg: 0,9, Max: 1,8, Diff: 1,8, Sum: 3,6]
      [Termination (ms): Min: 0,0, Avg: 2,2, Max: 8,0, Diff: 8,0, Sum: 8,7]
         [Termination Attempts: Min: 1, Avg: 2,2, Max: 4, Diff: 3, Sum: 9]
      [GC Worker Other (ms): Min: 0,0, Avg: 0,0, Max: 0,0, Diff: 0,0, Sum: 0,0]
      [GC Worker Total (ms): Min: 0,0, Avg: 4,9, Max: 13,5, Diff: 13,5, Sum: 19,7]
      [GC Worker End (ms): Min: 3755191,3, Avg: 3755193,2, Max: 3755198,7, Diff: 7,4]
   [Code Root Fixup: 0,0 ms]
   [Code Root Purge: 0,0 ms]
   [Clear CT: 0,1 ms]
   [Other: 2,5 ms]
      [Choose CSet: 0,0 ms]
      [Ref Proc: 2,1 ms]
      [Ref Enq: 0,0 ms]
      [Redirty Cards: 0,1 ms]
      [Humongous Register: 0,0 ms]
      [Humongous Reclaim: 0,0 ms]
      [Free CSet: 0,0 ms]
   [Eden: 50176,0K(50176,0K)->0,0B(50176,0K) Survivors: 2048,0K->2048,0K Heap: 206,6M(1024,0M)->156,9M(1024,0M)]
 [Times: user=0,02 sys=0,00, real=0,02 secs] 
2020-09-27T21:02:05.134-0300: 3755,586: [GC pause (G1 Evacuation Pause) (young), 0,0267107 secs]
   [Parallel Time: 24,7 ms, GC Workers: 4]
      [GC Worker Start (ms): Min: 3755586,6, Avg: 3755595,4, Max: 3755600,2, Diff: 13,6]
      [Ext Root Scanning (ms): Min: 0,0, Avg: 0,5, Max: 1,9, Diff: 1,9, Sum: 1,9]
      [Update RS (ms): Min: 0,0, Avg: 0,6, Max: 2,6, Diff: 2,6, Sum: 2,6]
         [Processed Buffers: Min: 0, Avg: 6,0, Max: 24, Diff: 24, Sum: 24]
      [Scan RS (ms): Min: 0,1, Avg: 4,6, Max: 18,0, Diff: 17,9, Sum: 18,6]
      [Code Root Scanning (ms): Min: 0,0, Avg: 0,0, Max: 0,0, Diff: 0,0, Sum: 0,0]
      [Object Copy (ms): Min: 0,2, Avg: 2,5, Max: 8,4, Diff: 8,2, Sum: 9,9]
      [Termination (ms): Min: 0,0, Avg: 5,7, Max: 8,5, Diff: 8,5, Sum: 22,9]
         [Termination Attempts: Min: 1, Avg: 1,8, Max: 3, Diff: 2, Sum: 7]
      [GC Worker Other (ms): Min: 0,0, Avg: 0,0, Max: 0,0, Diff: 0,0, Sum: 0,0]
      [GC Worker Total (ms): Min: 9,2, Avg: 14,0, Max: 22,7, Diff: 13,6, Sum: 55,9]
      [GC Worker End (ms): Min: 3755609,3, Avg: 3755609,4, Max: 3755609,5, Diff: 0,1]
   [Code Root Fixup: 0,0 ms]
   [Code Root Purge: 0,0 ms]
   [Clear CT: 0,1 ms]
   [Other: 1,9 ms]
      [Choose CSet: 0,0 ms]
      [Ref Proc: 1,6 ms]
      [Ref Enq: 0,0 ms]
      [Redirty Cards: 0,1 ms]
      [Humongous Register: 0,1 ms]
      [Humongous Reclaim: 0,0 ms]
      [Free CSet: 0,0 ms]
   [Eden: 50176,0K(50176,0K)->0,0B(50176,0K) Survivors: 2048,0K->2048,0K Heap: 206,9M(1024,0M)->157,5M(1024,0M)]
 [Times: user=0,03 sys=0,00, real=0,03 secs] 
2020-09-27T21:02:05.557-0300: 3756,009: [GC pause (G1 Evacuation Pause) (young), 0,0164412 secs]
   [Parallel Time: 6,7 ms, GC Workers: 4]
      [GC Worker Start (ms): Min: 3756009,3, Avg: 3756011,4, Max: 3756013,5, Diff: 4,3]
      [Ext Root Scanning (ms): Min: 0,0, Avg: 0,5, Max: 0,9, Diff: 0,9, Sum: 1,8]
      [Update RS (ms): Min: 0,0, Avg: 0,6, Max: 1,3, Diff: 1,3, Sum: 2,5]
         [Processed Buffers: Min: 0, Avg: 7,0, Max: 25, Diff: 25, Sum: 28]
      [Scan RS (ms): Min: 0,0, Avg: 0,8, Max: 1,7, Diff: 1,7, Sum: 3,3]
      [Code Root Scanning (ms): Min: 0,0, Avg: 0,0, Max: 0,0, Diff: 0,0, Sum: 0,0]
      [Object Copy (ms): Min: 1,4, Avg: 1,8, Max: 2,5, Diff: 1,1, Sum: 7,2]
      [Termination (ms): Min: 0,0, Avg: 0,6, Max: 0,9, Diff: 0,9, Sum: 2,3]
         [Termination Attempts: Min: 1, Avg: 1,5, Max: 3, Diff: 2, Sum: 6]
      [GC Worker Other (ms): Min: 0,0, Avg: 0,0, Max: 0,0, Diff: 0,0, Sum: 0,0]
      [GC Worker Total (ms): Min: 2,1, Avg: 4,3, Max: 6,6, Diff: 4,5, Sum: 17,1]
      [GC Worker End (ms): Min: 3756015,6, Avg: 3756015,7, Max: 3756015,9, Diff: 0,3]
   [Code Root Fixup: 0,0 ms]
   [Code Root Purge: 0,0 ms]
   [Clear CT: 0,1 ms]
   [Other: 9,7 ms]
      [Choose CSet: 0,0 ms]
      [Ref Proc: 9,3 ms]
      [Ref Enq: 0,0 ms]
      [Redirty Cards: 0,1 ms]
      [Humongous Register: 0,1 ms]
      [Humongous Reclaim: 0,0 ms]
      [Free CSet: 0,0 ms]
   [Eden: 50176,0K(50176,0K)->0,0B(51200,0K) Survivors: 2048,0K->1024,0K Heap: 207,6M(1024,0M)->156,9M(1024,0M)]
 [Times: user=0,03 sys=0,00, real=0,02 secs] 
2020-09-27T21:02:06.034-0300: 3756,486: [GC pause (G1 Evacuation Pause) (young), 0,0179548 secs]
   [Parallel Time: 7,2 ms, GC Workers: 4]
      [GC Worker Start (ms): Min: 3756486,0, Avg: 3756489,3, Max: 3756492,9, Diff: 6,9]
      [Ext Root Scanning (ms): Min: 0,0, Avg: 0,4, Max: 0,9, Diff: 0,9, Sum: 1,7]
      [Update RS (ms): Min: 0,0, Avg: 0,7, Max: 1,3, Diff: 1,3, Sum: 2,7]
         [Processed Buffers: Min: 0, Avg: 7,8, Max: 18, Diff: 18, Sum: 31]
      [Scan RS (ms): Min: 0,0, Avg: 0,9, Max: 1,7, Diff: 1,7, Sum: 3,4]
      [Code Root Scanning (ms): Min: 0,0, Avg: 0,0, Max: 0,0, Diff: 0,0, Sum: 0,0]
      [Object Copy (ms): Min: 0,0, Avg: 0,9, Max: 1,8, Diff: 1,8, Sum: 3,6]
      [Termination (ms): Min: 0,0, Avg: 0,9, Max: 1,4, Diff: 1,4, Sum: 3,6]
         [Termination Attempts: Min: 1, Avg: 2,8, Max: 5, Diff: 4, Sum: 11]
      [GC Worker Other (ms): Min: 0,0, Avg: 0,0, Max: 0,0, Diff: 0,0, Sum: 0,0]
      [GC Worker Total (ms): Min: 0,0, Avg: 3,7, Max: 7,1, Diff: 7,1, Sum: 14,9]
      [GC Worker End (ms): Min: 3756492,9, Avg: 3756493,0, Max: 3756493,1, Diff: 0,2]
   [Code Root Fixup: 0,0 ms]
   [Code Root Purge: 0,0 ms]
   [Clear CT: 0,1 ms]
   [Other: 10,7 ms]
      [Choose CSet: 0,0 ms]
      [Ref Proc: 2,8 ms]
      [Ref Enq: 0,0 ms]
      [Redirty Cards: 7,6 ms]
      [Humongous Register: 0,1 ms]
      [Humongous Reclaim: 0,0 ms]
      [Free CSet: 0,0 ms]
   [Eden: 51200,0K(51200,0K)->0,0B(51200,0K) Survivors: 1024,0K->1024,0K Heap: 208,0M(1024,0M)->156,9M(1024,0M)]
 [Times: user=0,02 sys=0,00, real=0,02 secs] 
2020-09-27T21:02:06.483-0300: 3756,935: [GC pause (G1 Evacuation Pause) (young), 0,0290728 secs]
   [Parallel Time: 15,5 ms, GC Workers: 4]
      [GC Worker Start (ms): Min: 3756935,5, Avg: 3756942,6, Max: 3756946,5, Diff: 11,0]
      [Ext Root Scanning (ms): Min: 0,0, Avg: 0,4, Max: 1,7, Diff: 1,7, Sum: 1,7]
      [Update RS (ms): Min: 0,0, Avg: 1,1, Max: 4,4, Diff: 4,4, Sum: 4,4]
         [Processed Buffers: Min: 0, Avg: 5,8, Max: 23, Diff: 23, Sum: 23]
      [Scan RS (ms): Min: 0,0, Avg: 0,3, Max: 1,3, Diff: 1,3, Sum: 1,3]
      [Code Root Scanning (ms): Min: 0,0, Avg: 0,0, Max: 0,0, Diff: 0,0, Sum: 0,0]
      [Object Copy (ms): Min: 0,0, Avg: 2,6, Max: 7,3, Diff: 7,3, Sum: 10,6]
      [Termination (ms): Min: 0,0, Avg: 3,4, Max: 4,5, Diff: 4,5, Sum: 13,4]
         [Termination Attempts: Min: 1, Avg: 1,0, Max: 1, Diff: 0, Sum: 4]
      [GC Worker Other (ms): Min: 0,0, Avg: 0,0, Max: 0,0, Diff: 0,0, Sum: 0,0]
      [GC Worker Total (ms): Min: 4,5, Avg: 7,9, Max: 14,7, Diff: 10,3, Sum: 31,4]
      [GC Worker End (ms): Min: 3756950,2, Avg: 3756950,5, Max: 3756950,9, Diff: 0,7]
   [Code Root Fixup: 0,0 ms]
   [Code Root Purge: 0,0 ms]
   [Clear CT: 0,1 ms]
   [Other: 13,5 ms]
      [Choose CSet: 0,0 ms]
      [Ref Proc: 1,7 ms]
      [Ref Enq: 0,0 ms]
      [Redirty Cards: 11,5 ms]
      [Humongous Register: 0,1 ms]
      [Humongous Reclaim: 0,0 ms]
      [Free CSet: 0,0 ms]
   [Eden: 51200,0K(51200,0K)->0,0B(51200,0K) Survivors: 1024,0K->1024,0K Heap: 206,9M(1024,0M)->156,7M(1024,0M)]
 [Times: user=0,03 sys=0,00, real=0,03 secs] 
2020-09-27T21:02:06.938-0300: 3757,390: [GC pause (G1 Evacuation Pause) (young), 0,0271483 secs]
   [Parallel Time: 10,8 ms, GC Workers: 4]
      [GC Worker Start (ms): Min: 3757389,9, Avg: 3757393,8, Max: 3757399,2, Diff: 9,3]
      [Ext Root Scanning (ms): Min: 0,0, Avg: 0,4, Max: 0,9, Diff: 0,8, Sum: 1,7]
      [Update RS (ms): Min: 0,0, Avg: 0,8, Max: 1,5, Diff: 1,5, Sum: 3,0]
         [Processed Buffers: Min: 0, Avg: 8,2, Max: 27, Diff: 27, Sum: 33]
      [Scan RS (ms): Min: 0,0, Avg: 0,9, Max: 1,8, Diff: 1,8, Sum: 3,5]
      [Code Root Scanning (ms): Min: 0,0, Avg: 0,0, Max: 0,0, Diff: 0,0, Sum: 0,0]
      [Object Copy (ms): Min: 0,0, Avg: 0,9, Max: 1,8, Diff: 1,8, Sum: 3,5]
      [Termination (ms): Min: 0,0, Avg: 2,9, Max: 4,9, Diff: 4,9, Sum: 11,8]
         [Termination Attempts: Min: 1, Avg: 2,5, Max: 5, Diff: 4, Sum: 10]
      [GC Worker Other (ms): Min: 0,0, Avg: 0,0, Max: 0,0, Diff: 0,0, Sum: 0,0]
      [GC Worker Total (ms): Min: 0,0, Avg: 5,9, Max: 10,8, Diff: 10,8, Sum: 23,6]
      [GC Worker End (ms): Min: 3757399,3, Avg: 3757399,7, Max: 3757400,7, Diff: 1,5]
   [Code Root Fixup: 0,0 ms]
   [Code Root Purge: 0,0 ms]
   [Clear CT: 0,3 ms]
   [Other: 16,0 ms]
      [Choose CSet: 0,0 ms]
      [Ref Proc: 15,6 ms]
      [Ref Enq: 0,0 ms]
      [Redirty Cards: 0,1 ms]
      [Humongous Register: 0,0 ms]
      [Humongous Reclaim: 0,0 ms]
      [Free CSet: 0,0 ms]
   [Eden: 51200,0K(51200,0K)->0,0B(51200,0K) Survivors: 1024,0K->1024,0K Heap: 208,1M(1024,0M)->157,0M(1024,0M)]
 [Times: user=0,01 sys=0,00, real=0,03 secs] 
2020-09-27T21:02:07.778-0300: 3758,230: [GC pause (G1 Evacuation Pause) (young), 0,0086261 secs]
   [Parallel Time: 5,0 ms, GC Workers: 4]
      [GC Worker Start (ms): Min: 3758230,1, Avg: 3758231,3, Max: 3758234,9, Diff: 4,9]
      [Ext Root Scanning (ms): Min: 0,0, Avg: 0,5, Max: 0,6, Diff: 0,6, Sum: 1,8]
      [Update RS (ms): Min: 0,0, Avg: 1,5, Max: 2,1, Diff: 2,1, Sum: 6,1]
         [Processed Buffers: Min: 0, Avg: 6,5, Max: 12, Diff: 12, Sum: 26]
      [Scan RS (ms): Min: 0,0, Avg: 0,3, Max: 0,4, Diff: 0,4, Sum: 1,1]
      [Code Root Scanning (ms): Min: 0,0, Avg: 0,0, Max: 0,0, Diff: 0,0, Sum: 0,0]
      [Object Copy (ms): Min: 0,0, Avg: 0,8, Max: 1,2, Diff: 1,2, Sum: 3,4]
      [Termination (ms): Min: 0,0, Avg: 0,7, Max: 0,9, Diff: 0,9, Sum: 2,6]
         [Termination Attempts: Min: 1, Avg: 1,8, Max: 2, Diff: 1, Sum: 7]
      [GC Worker Other (ms): Min: 0,0, Avg: 0,0, Max: 0,0, Diff: 0,0, Sum: 0,0]
      [GC Worker Total (ms): Min: 0,0, Avg: 3,7, Max: 5,0, Diff: 5,0, Sum: 14,9]
      [GC Worker End (ms): Min: 3758234,9, Avg: 3758235,0, Max: 3758235,1, Diff: 0,1]
   [Code Root Fixup: 0,0 ms]
   [Code Root Purge: 0,0 ms]
   [Clear CT: 2,3 ms]
   [Other: 1,3 ms]
      [Choose CSet: 0,0 ms]
      [Ref Proc: 0,9 ms]
      [Ref Enq: 0,0 ms]
      [Redirty Cards: 0,1 ms]
      [Humongous Register: 0,0 ms]
      [Humongous Reclaim: 0,0 ms]
      [Free CSet: 0,0 ms]
   [Eden: 51200,0K(51200,0K)->0,0B(51200,0K) Survivors: 1024,0K->1024,0K Heap: 207,0M(1024,0M)->157,1M(1024,0M)]
 [Times: user=0,02 sys=0,00, real=0,01 secs] 
2020-09-27T21:02:08.532-0300: 3758,984: [GC pause (G1 Evacuation Pause) (young), 0,0369102 secs]
   [Parallel Time: 24,2 ms, GC Workers: 4]
      [GC Worker Start (ms): Min: 3758983,9, Avg: 3758990,2, Max: 3758996,3, Diff: 12,4]
      [Ext Root Scanning (ms): Min: 0,0, Avg: 0,4, Max: 1,7, Diff: 1,7, Sum: 1,8]
      [Update RS (ms): Min: 0,0, Avg: 6,4, Max: 22,1, Diff: 22,1, Sum: 25,5]
         [Processed Buffers: Min: 0, Avg: 6,5, Max: 24, Diff: 24, Sum: 26]
      [Scan RS (ms): Min: 0,0, Avg: 3,4, Max: 13,4, Diff: 13,4, Sum: 13,8]
      [Code Root Scanning (ms): Min: 0,0, Avg: 0,0, Max: 0,0, Diff: 0,0, Sum: 0,0]
      [Object Copy (ms): Min: 0,0, Avg: 3,7, Max: 13,8, Diff: 13,8, Sum: 14,9]
      [Termination (ms): Min: 0,0, Avg: 3,8, Max: 10,8, Diff: 10,8, Sum: 15,3]
         [Termination Attempts: Min: 1, Avg: 1,0, Max: 1, Diff: 0, Sum: 4]
      [GC Worker Other (ms): Min: 0,0, Avg: 0,0, Max: 0,0, Diff: 0,0, Sum: 0,0]
      [GC Worker Total (ms): Min: 11,8, Avg: 17,8, Max: 24,0, Diff: 12,2, Sum: 71,3]
      [GC Worker End (ms): Min: 3759007,9, Avg: 3759008,0, Max: 3759008,1, Diff: 0,2]
   [Code Root Fixup: 0,0 ms]
   [Code Root Purge: 0,0 ms]
   [Clear CT: 0,1 ms]
   [Other: 12,6 ms]
      [Choose CSet: 0,0 ms]
      [Ref Proc: 12,2 ms]
      [Ref Enq: 0,0 ms]
      [Redirty Cards: 0,1 ms]
      [Humongous Register: 0,1 ms]
      [Humongous Reclaim: 0,0 ms]
      [Free CSet: 0,0 ms]
   [Eden: 51200,0K(51200,0K)->0,0B(51200,0K) Survivors: 1024,0K->1024,0K Heap: 207,1M(1024,0M)->157,1M(1024,0M)]
 [Times: user=0,02 sys=0,00, real=0,04 secs] 
2020-09-27T21:02:09.183-0300: 3759,635: [GC pause (G1 Evacuation Pause) (young), 0,0335155 secs]
   [Parallel Time: 31,1 ms, GC Workers: 4]
      [GC Worker Start (ms): Min: 3759635,4, Avg: 3759642,0, Max: 3759648,2, Diff: 12,8]
      [Ext Root Scanning (ms): Min: 0,0, Avg: 0,4, Max: 1,7, Diff: 1,7, Sum: 1,8]
      [Update RS (ms): Min: 0,0, Avg: 4,9, Max: 17,2, Diff: 17,2, Sum: 19,7]
         [Processed Buffers: Min: 0, Avg: 8,8, Max: 32, Diff: 32, Sum: 35]
      [Scan RS (ms): Min: 0,0, Avg: 1,9, Max: 7,5, Diff: 7,5, Sum: 7,8]
      [Code Root Scanning (ms): Min: 0,0, Avg: 0,0, Max: 0,0, Diff: 0,0, Sum: 0,0]
      [Object Copy (ms): Min: 0,0, Avg: 2,2, Max: 7,2, Diff: 7,2, Sum: 8,6]
      [Termination (ms): Min: 0,0, Avg: 3,8, Max: 7,8, Diff: 7,8, Sum: 15,1]
         [Termination Attempts: Min: 1, Avg: 1,0, Max: 1, Diff: 0, Sum: 4]
      [GC Worker Other (ms): Min: 0,0, Avg: 0,0, Max: 0,0, Diff: 0,0, Sum: 0,0]
      [GC Worker Total (ms): Min: 9,0, Avg: 13,3, Max: 19,2, Diff: 10,2, Sum: 53,1]
      [GC Worker End (ms): Min: 3759654,6, Avg: 3759655,3, Max: 3759657,2, Diff: 2,6]
   [Code Root Fixup: 0,0 ms]
   [Code Root Purge: 0,0 ms]
   [Clear CT: 0,2 ms]
   [Other: 2,2 ms]
      [Choose CSet: 0,0 ms]
      [Ref Proc: 1,2 ms]
      [Ref Enq: 0,0 ms]
      [Redirty Cards: 0,7 ms]
      [Humongous Register: 0,1 ms]
      [Humongous Reclaim: 0,0 ms]
      [Free CSet: 0,0 ms]
   [Eden: 51200,0K(51200,0K)->0,0B(51200,0K) Survivors: 1024,0K->1024,0K Heap: 207,1M(1024,0M)->157,2M(1024,0M)]
 [Times: user=0,02 sys=0,00, real=0,03 secs] 
2020-09-27T21:02:09.736-0300: 3760,188: [GC pause (G1 Evacuation Pause) (young), 0,0083097 secs]
   [Parallel Time: 7,5 ms, GC Workers: 4]
      [GC Worker Start (ms): Min: 3760187,9, Avg: 3760188,0, Max: 3760188,2, Diff: 0,3]
      [Ext Root Scanning (ms): Min: 0,3, Avg: 1,5, Max: 4,7, Diff: 4,4, Sum: 6,2]
      [Update RS (ms): Min: 0,0, Avg: 1,2, Max: 1,7, Diff: 1,7, Sum: 4,8]
         [Processed Buffers: Min: 0, Avg: 6,8, Max: 14, Diff: 14, Sum: 27]
      [Scan RS (ms): Min: 0,0, Avg: 0,6, Max: 0,8, Diff: 0,8, Sum: 2,3]
      [Code Root Scanning (ms): Min: 0,0, Avg: 0,0, Max: 0,0, Diff: 0,0, Sum: 0,0]
      [Object Copy (ms): Min: 0,0, Avg: 0,8, Max: 1,2, Diff: 1,2, Sum: 3,4]
      [Termination (ms): Min: 0,0, Avg: 1,2, Max: 3,3, Diff: 3,3, Sum: 4,8]
         [Termination Attempts: Min: 1, Avg: 1,0, Max: 1, Diff: 0, Sum: 4]
      [GC Worker Other (ms): Min: 0,0, Avg: 0,0, Max: 0,0, Diff: 0,0, Sum: 0,0]
      [GC Worker Total (ms): Min: 4,7, Avg: 5,4, Max: 7,1, Diff: 2,4, Sum: 21,5]
      [GC Worker End (ms): Min: 3760192,6, Avg: 3760193,4, Max: 3760195,4, Diff: 2,8]
   [Code Root Fixup: 0,0 ms]
   [Code Root Purge: 0,0 ms]
   [Clear CT: 0,1 ms]
   [Other: 0,7 ms]
      [Choose CSet: 0,0 ms]
      [Ref Proc: 0,2 ms]
      [Ref Enq: 0,0 ms]
      [Redirty Cards: 0,1 ms]
      [Humongous Register: 0,1 ms]
      [Humongous Reclaim: 0,0 ms]
      [Free CSet: 0,1 ms]
   [Eden: 51200,0K(51200,0K)->0,0B(51200,0K) Survivors: 1024,0K->1024,0K Heap: 207,2M(1024,0M)->157,2M(1024,0M)]
 [Times: user=0,01 sys=0,00, real=0,01 secs] 
2020-09-27T21:02:10.518-0300: 3760,970: [GC pause (G1 Evacuation Pause) (young), 0,0290567 secs]
   [Parallel Time: 25,3 ms, GC Workers: 4]
      [GC Worker Start (ms): Min: 3760970,5, Avg: 3760977,8, Max: 3760984,2, Diff: 13,8]
      [Ext Root Scanning (ms): Min: 0,0, Avg: 0,5, Max: 2,0, Diff: 2,0, Sum: 2,0]
      [Update RS (ms): Min: 0,0, Avg: 0,9, Max: 3,5, Diff: 3,5, Sum: 3,5]
         [Processed Buffers: Min: 0, Avg: 7,0, Max: 28, Diff: 28, Sum: 28]
      [Scan RS (ms): Min: 0,1, Avg: 7,6, Max: 18,7, Diff: 18,6, Sum: 30,4]
      [Code Root Scanning (ms): Min: 0,0, Avg: 0,0, Max: 0,0, Diff: 0,0, Sum: 0,0]
      [Object Copy (ms): Min: 0,0, Avg: 1,7, Max: 5,7, Diff: 5,7, Sum: 6,9]
      [Termination (ms): Min: 0,0, Avg: 6,6, Max: 10,4, Diff: 10,4, Sum: 26,5]
         [Termination Attempts: Min: 1, Avg: 1,0, Max: 1, Diff: 0, Sum: 4]
      [GC Worker Other (ms): Min: 0,0, Avg: 0,0, Max: 0,0, Diff: 0,0, Sum: 0,0]
      [GC Worker Total (ms): Min: 11,5, Avg: 17,4, Max: 24,4, Diff: 12,9, Sum: 69,4]
      [GC Worker End (ms): Min: 3760994,9, Avg: 3760995,1, Max: 3760995,7, Diff: 0,9]
   [Code Root Fixup: 0,0 ms]
   [Code Root Purge: 0,0 ms]
   [Clear CT: 0,1 ms]
   [Other: 3,6 ms]
      [Choose CSet: 0,0 ms]
      [Ref Proc: 3,1 ms]
      [Ref Enq: 0,0 ms]
      [Redirty Cards: 0,1 ms]
      [Humongous Register: 0,1 ms]
      [Humongous Reclaim: 0,0 ms]
      [Free CSet: 0,0 ms]
   [Eden: 51200,0K(51200,0K)->0,0B(51200,0K) Survivors: 1024,0K->1024,0K Heap: 208,4M(1024,0M)->157,0M(1024,0M)]
 [Times: user=0,03 sys=0,00, real=0,03 secs] 
2020-09-27T21:02:11.129-0300: 3761,581: [GC pause (G1 Evacuation Pause) (young), 0,0466807 secs]
   [Parallel Time: 43,4 ms, GC Workers: 4]
      [GC Worker Start (ms): Min: 3761581,5, Avg: 3761588,5, Max: 3761593,9, Diff: 12,4]
      [Ext Root Scanning (ms): Min: 0,0, Avg: 0,4, Max: 1,6, Diff: 1,6, Sum: 1,6]
      [Update RS (ms): Min: 0,0, Avg: 5,9, Max: 21,5, Diff: 21,5, Sum: 23,7]
         [Processed Buffers: Min: 0, Avg: 7,2, Max: 24, Diff: 24, Sum: 29]
      [Scan RS (ms): Min: 0,0, Avg: 0,3, Max: 1,2, Diff: 1,2, Sum: 1,2]
      [Code Root Scanning (ms): Min: 0,0, Avg: 0,0, Max: 0,0, Diff: 0,0, Sum: 0,0]
      [Object Copy (ms): Min: 0,0, Avg: 5,8, Max: 21,9, Diff: 21,9, Sum: 23,1]
      [Termination (ms): Min: 0,0, Avg: 14,7, Max: 20,0, Diff: 20,0, Sum: 58,7]
         [Termination Attempts: Min: 1, Avg: 1,0, Max: 1, Diff: 0, Sum: 4]
      [GC Worker Other (ms): Min: 0,0, Avg: 0,0, Max: 0,0, Diff: 0,0, Sum: 0,0]
      [GC Worker Total (ms): Min: 19,7, Avg: 27,1, Max: 43,3, Diff: 23,6, Sum: 108,3]
      [GC Worker End (ms): Min: 3761611,5, Avg: 3761615,5, Max: 3761624,8, Diff: 13,3]
   [Code Root Fixup: 0,0 ms]
   [Code Root Purge: 0,0 ms]
   [Clear CT: 0,1 ms]
   [Other: 3,2 ms]
      [Choose CSet: 0,0 ms]
      [Ref Proc: 2,8 ms]
      [Ref Enq: 0,0 ms]
      [Redirty Cards: 0,1 ms]
      [Humongous Register: 0,0 ms]
      [Humongous Reclaim: 0,0 ms]
      [Free CSet: 0,0 ms]
   [Eden: 51200,0K(51200,0K)->0,0B(51200,0K) Survivors: 1024,0K->1024,0K Heap: 207,0M(1024,0M)->157,1M(1024,0M)]
 [Times: user=0,02 sys=0,00, real=0,04 secs] 
2020-09-27T21:02:11.839-0300: 3762,292: [GC pause (G1 Evacuation Pause) (young), 0,0204442 secs]
   [Parallel Time: 18,2 ms, GC Workers: 4]
      [GC Worker Start (ms): Min: 3762291,6, Avg: 3762291,9, Max: 3762292,1, Diff: 0,5]
      [Ext Root Scanning (ms): Min: 1,1, Avg: 4,1, Max: 8,2, Diff: 7,1, Sum: 16,3]
      [Update RS (ms): Min: 0,0, Avg: 5,4, Max: 15,0, Diff: 15,0, Sum: 21,7]
         [Processed Buffers: Min: 0, Avg: 6,8, Max: 24, Diff: 24, Sum: 27]
      [Scan RS (ms): Min: 0,0, Avg: 3,0, Max: 9,5, Diff: 9,5, Sum: 12,2]
      [Code Root Scanning (ms): Min: 0,0, Avg: 0,0, Max: 0,0, Diff: 0,0, Sum: 0,0]
      [Object Copy (ms): Min: 0,1, Avg: 3,3, Max: 7,3, Diff: 7,2, Sum: 13,3]
      [Termination (ms): Min: 0,0, Avg: 1,7, Max: 3,5, Diff: 3,4, Sum: 6,7]
         [Termination Attempts: Min: 1, Avg: 1,8, Max: 4, Diff: 3, Sum: 7]
      [GC Worker Other (ms): Min: 0,0, Avg: 0,1, Max: 0,5, Diff: 0,5, Sum: 0,5]
      [GC Worker Total (ms): Min: 17,6, Avg: 17,7, Max: 17,8, Diff: 0,2, Sum: 70,7]
      [GC Worker End (ms): Min: 3762309,4, Avg: 3762309,6, Max: 3762309,8, Diff: 0,3]
   [Code Root Fixup: 0,0 ms]
   [Code Root Purge: 0,0 ms]
   [Clear CT: 0,5 ms]
   [Other: 1,8 ms]
      [Choose CSet: 0,0 ms]
      [Ref Proc: 1,4 ms]
      [Ref Enq: 0,0 ms]
      [Redirty Cards: 0,1 ms]
      [Humongous Register: 0,0 ms]
      [Humongous Reclaim: 0,0 ms]
      [Free CSet: 0,0 ms]
   [Eden: 51200,0K(51200,0K)->0,0B(50176,0K) Survivors: 1024,0K->2048,0K Heap: 207,6M(1024,0M)->157,8M(1024,0M)]
 [Times: user=0,01 sys=0,01, real=0,02 secs] 
2020-09-27T21:02:12.467-0300: 3762,919: [GC pause (G1 Evacuation Pause) (young), 0,0187365 secs]
   [Parallel Time: 16,1 ms, GC Workers: 4]
      [GC Worker Start (ms): Min: 3762919,2, Avg: 3762920,6, Max: 3762921,5, Diff: 2,3]
      [Ext Root Scanning (ms): Min: 0,0, Avg: 2,3, Max: 8,3, Diff: 8,3, Sum: 9,3]
      [Update RS (ms): Min: 0,0, Avg: 4,8, Max: 8,5, Diff: 8,5, Sum: 19,0]
         [Processed Buffers: Min: 0, Avg: 8,2, Max: 29, Diff: 29, Sum: 33]
      [Scan RS (ms): Min: 0,1, Avg: 3,3, Max: 8,5, Diff: 8,4, Sum: 13,1]
      [Code Root Scanning (ms): Min: 0,0, Avg: 0,0, Max: 0,0, Diff: 0,0, Sum: 0,0]
      [Object Copy (ms): Min: 0,1, Avg: 2,5, Max: 6,7, Diff: 6,7, Sum: 9,9]
      [Termination (ms): Min: 0,0, Avg: 1,5, Max: 3,1, Diff: 3,1, Sum: 5,9]
         [Termination Attempts: Min: 1, Avg: 1,2, Max: 2, Diff: 1, Sum: 5]
      [GC Worker Other (ms): Min: 0,0, Avg: 0,0, Max: 0,0, Diff: 0,0, Sum: 0,0]
      [GC Worker Total (ms): Min: 13,5, Avg: 14,3, Max: 15,6, Diff: 2,1, Sum: 57,3]
      [GC Worker End (ms): Min: 3762934,8, Avg: 3762934,9, Max: 3762935,0, Diff: 0,2]
   [Code Root Fixup: 0,0 ms]
   [Code Root Purge: 0,0 ms]
   [Clear CT: 0,1 ms]
   [Other: 2,5 ms]
      [Choose CSet: 0,0 ms]
      [Ref Proc: 2,1 ms]
      [Ref Enq: 0,0 ms]
      [Redirty Cards: 0,1 ms]
      [Humongous Register: 0,1 ms]
      [Humongous Reclaim: 0,0 ms]
      [Free CSet: 0,0 ms]
   [Eden: 50176,0K(50176,0K)->0,0B(51200,0K) Survivors: 2048,0K->1024,0K Heap: 206,8M(1024,0M)->157,2M(1024,0M)]
 [Times: user=0,02 sys=0,00, real=0,02 secs] 
2020-09-27T21:02:13.073-0300: 3763,525: [GC pause (G1 Evacuation Pause) (young), 0,0360853 secs]
   [Parallel Time: 19,4 ms, GC Workers: 4]
      [GC Worker Start (ms): Min: 3763524,9, Avg: 3763530,4, Max: 3763536,2, Diff: 11,3]
      [Ext Root Scanning (ms): Min: 0,0, Avg: 0,4, Max: 1,7, Diff: 1,7, Sum: 1,7]
      [Update RS (ms): Min: 0,0, Avg: 3,5, Max: 11,1, Diff: 11,1, Sum: 13,9]
         [Processed Buffers: Min: 0, Avg: 7,2, Max: 29, Diff: 29, Sum: 29]
      [Scan RS (ms): Min: 0,1, Avg: 2,6, Max: 9,6, Diff: 9,5, Sum: 10,5]
      [Code Root Scanning (ms): Min: 0,0, Avg: 0,0, Max: 0,0, Diff: 0,0, Sum: 0,0]
      [Object Copy (ms): Min: 0,0, Avg: 1,8, Max: 6,2, Diff: 6,2, Sum: 7,1]
      [Termination (ms): Min: 0,0, Avg: 2,6, Max: 6,1, Diff: 6,1, Sum: 10,4]
         [Termination Attempts: Min: 1, Avg: 1,0, Max: 1, Diff: 0, Sum: 4]
      [GC Worker Other (ms): Min: 0,0, Avg: 0,0, Max: 0,0, Diff: 0,0, Sum: 0,0]
      [GC Worker Total (ms): Min: 7,0, Avg: 10,9, Max: 15,7, Diff: 8,7, Sum: 43,6]
      [GC Worker End (ms): Min: 3763540,6, Avg: 3763541,3, Max: 3763543,2, Diff: 2,6]
   [Code Root Fixup: 0,0 ms]
   [Code Root Purge: 0,0 ms]
   [Clear CT: 0,2 ms]
   [Other: 16,5 ms]
      [Choose CSet: 0,0 ms]
      [Ref Proc: 16,0 ms]
      [Ref Enq: 0,0 ms]
      [Redirty Cards: 0,2 ms]
      [Humongous Register: 0,0 ms]
      [Humongous Reclaim: 0,0 ms]
      [Free CSet: 0,0 ms]
   [Eden: 51200,0K(51200,0K)->0,0B(51200,0K) Survivors: 1024,0K->1024,0K Heap: 207,2M(1024,0M)->157,4M(1024,0M)]
 [Times: user=0,02 sys=0,00, real=0,04 secs] 
2020-09-27T21:02:13.833-0300: 3764,285: [GC pause (G1 Evacuation Pause) (young), 0,0432795 secs]
   [Parallel Time: 41,9 ms, GC Workers: 4]
      [GC Worker Start (ms): Min: 3764285,1, Avg: 3764290,7, Max: 3764292,8, Diff: 7,7]
      [Ext Root Scanning (ms): Min: 0,0, Avg: 0,4, Max: 1,7, Diff: 1,7, Sum: 1,7]
      [Update RS (ms): Min: 0,0, Avg: 0,9, Max: 3,5, Diff: 3,5, Sum: 3,5]
         [Processed Buffers: Min: 0, Avg: 7,2, Max: 29, Diff: 29, Sum: 29]
      [Scan RS (ms): Min: 0,3, Avg: 8,8, Max: 26,6, Diff: 26,3, Sum: 35,1]
      [Code Root Scanning (ms): Min: 0,0, Avg: 0,0, Max: 0,0, Diff: 0,0, Sum: 0,0]
      [Object Copy (ms): Min: 0,2, Avg: 3,3, Max: 11,2, Diff: 11,0, Sum: 13,3]
      [Termination (ms): Min: 0,0, Avg: 17,1, Max: 29,5, Diff: 29,5, Sum: 68,6]
         [Termination Attempts: Min: 1, Avg: 1,2, Max: 2, Diff: 1, Sum: 5]
      [GC Worker Other (ms): Min: 0,0, Avg: 0,0, Max: 0,0, Diff: 0,0, Sum: 0,0]
      [GC Worker Total (ms): Min: 27,4, Avg: 30,5, Max: 34,8, Diff: 7,3, Sum: 122,2]
      [GC Worker End (ms): Min: 3764317,1, Avg: 3764321,2, Max: 3764327,0, Diff: 9,9]
   [Code Root Fixup: 0,0 ms]
   [Code Root Purge: 0,0 ms]
   [Clear CT: 0,1 ms]
   [Other: 1,2 ms]
      [Choose CSet: 0,0 ms]
      [Ref Proc: 0,9 ms]
      [Ref Enq: 0,0 ms]
      [Redirty Cards: 0,1 ms]
      [Humongous Register: 0,0 ms]
      [Humongous Reclaim: 0,0 ms]
      [Free CSet: 0,0 ms]
   [Eden: 51200,0K(51200,0K)->0,0B(51200,0K) Survivors: 1024,0K->1024,0K Heap: 207,4M(1024,0M)->157,5M(1024,0M)]
 [Times: user=0,03 sys=0,00, real=0,04 secs] 
2020-09-27T21:02:14.402-0300: 3764,854: [GC pause (G1 Evacuation Pause) (young), 0,0071907 secs]
   [Parallel Time: 5,9 ms, GC Workers: 4]
      [GC Worker Start (ms): Min: 3764854,6, Avg: 3764855,1, Max: 3764855,6, Diff: 1,0]
      [Ext Root Scanning (ms): Min: 0,1, Avg: 1,6, Max: 5,0, Diff: 4,9, Sum: 6,3]
      [Update RS (ms): Min: 0,0, Avg: 0,8, Max: 1,1, Diff: 1,1, Sum: 3,1]
         [Processed Buffers: Min: 0, Avg: 8,2, Max: 19, Diff: 19, Sum: 33]
      [Scan RS (ms): Min: 0,0, Avg: 1,0, Max: 1,4, Diff: 1,4, Sum: 4,0]
      [Code Root Scanning (ms): Min: 0,0, Avg: 0,0, Max: 0,0, Diff: 0,0, Sum: 0,0]
      [Object Copy (ms): Min: 0,1, Avg: 0,8, Max: 1,0, Diff: 0,9, Sum: 3,1]
      [Termination (ms): Min: 0,0, Avg: 0,7, Max: 1,4, Diff: 1,4, Sum: 2,8]
         [Termination Attempts: Min: 1, Avg: 3,8, Max: 6, Diff: 5, Sum: 15]
      [GC Worker Other (ms): Min: 0,0, Avg: 0,0, Max: 0,0, Diff: 0,0, Sum: 0,0]
      [GC Worker Total (ms): Min: 4,2, Avg: 4,8, Max: 5,2, Diff: 1,1, Sum: 19,4]
      [GC Worker End (ms): Min: 3764859,7, Avg: 3764859,9, Max: 3764860,5, Diff: 0,8]
   [Code Root Fixup: 0,0 ms]
   [Code Root Purge: 0,0 ms]
   [Clear CT: 0,1 ms]
   [Other: 1,2 ms]
      [Choose CSet: 0,0 ms]
      [Ref Proc: 0,7 ms]
      [Ref Enq: 0,0 ms]
      [Redirty Cards: 0,1 ms]
      [Humongous Register: 0,1 ms]
      [Humongous Reclaim: 0,0 ms]
      [Free CSet: 0,0 ms]
   [Eden: 51200,0K(51200,0K)->0,0B(50176,0K) Survivors: 1024,0K->2048,0K Heap: 208,6M(1024,0M)->157,9M(1024,0M)]
 [Times: user=0,02 sys=0,00, real=0,01 secs] 
2020-09-27T21:02:15.049-0300: 3765,501: [GC pause (G1 Evacuation Pause) (young), 0,0107894 secs]
   [Parallel Time: 8,0 ms, GC Workers: 4]
      [GC Worker Start (ms): Min: 3765501,3, Avg: 3765504,8, Max: 3765509,2, Diff: 7,9]
      [Ext Root Scanning (ms): Min: 0,0, Avg: 0,4, Max: 1,7, Diff: 1,7, Sum: 1,7]
      [Update RS (ms): Min: 0,0, Avg: 2,3, Max: 5,3, Diff: 5,3, Sum: 9,1]
         [Processed Buffers: Min: 0, Avg: 6,8, Max: 16, Diff: 16, Sum: 27]
      [Scan RS (ms): Min: 0,0, Avg: 0,4, Max: 0,9, Diff: 0,9, Sum: 1,7]
      [Code Root Scanning (ms): Min: 0,0, Avg: 0,0, Max: 0,0, Diff: 0,0, Sum: 0,0]
      [Object Copy (ms): Min: 0,0, Avg: 1,0, Max: 2,2, Diff: 2,2, Sum: 4,1]
      [Termination (ms): Min: 0,0, Avg: 0,3, Max: 0,7, Diff: 0,7, Sum: 1,3]
         [Termination Attempts: Min: 1, Avg: 1,0, Max: 1, Diff: 0, Sum: 4]
      [GC Worker Other (ms): Min: 0,0, Avg: 0,0, Max: 0,0, Diff: 0,0, Sum: 0,0]
      [GC Worker Total (ms): Min: 0,0, Avg: 4,5, Max: 8,0, Diff: 8,0, Sum: 17,9]
      [GC Worker End (ms): Min: 3765509,2, Avg: 3765509,2, Max: 3765509,2, Diff: 0,0]
   [Code Root Fixup: 0,0 ms]
   [Code Root Purge: 0,0 ms]
   [Clear CT: 0,1 ms]
   [Other: 2,7 ms]
      [Choose CSet: 0,0 ms]
      [Ref Proc: 2,3 ms]
      [Ref Enq: 0,0 ms]
      [Redirty Cards: 0,1 ms]
      [Humongous Register: 0,0 ms]
      [Humongous Reclaim: 0,0 ms]
      [Free CSet: 0,0 ms]
   [Eden: 50176,0K(50176,0K)->0,0B(51200,0K) Survivors: 2048,0K->1024,0K Heap: 206,9M(1024,0M)->157,6M(1024,0M)]
 [Times: user=0,02 sys=0,00, real=0,00 secs] 
2020-09-27T21:02:15.571-0300: 3766,023: [GC pause (G1 Evacuation Pause) (young), 0,0101584 secs]
   [Parallel Time: 8,5 ms, GC Workers: 4]
      [GC Worker Start (ms): Min: 3766023,2, Avg: 3766027,0, Max: 3766028,2, Diff: 5,0]
      [Ext Root Scanning (ms): Min: 0,0, Avg: 0,4, Max: 1,6, Diff: 1,6, Sum: 1,7]
      [Update RS (ms): Min: 0,3, Avg: 1,9, Max: 6,5, Diff: 6,2, Sum: 7,5]
         [Processed Buffers: Min: 2, Avg: 6,0, Max: 10, Diff: 8, Sum: 24]
      [Scan RS (ms): Min: 0,0, Avg: 0,6, Max: 0,8, Diff: 0,8, Sum: 2,3]
      [Code Root Scanning (ms): Min: 0,0, Avg: 0,0, Max: 0,0, Diff: 0,0, Sum: 0,0]
      [Object Copy (ms): Min: 0,1, Avg: 1,1, Max: 1,5, Diff: 1,4, Sum: 4,4]
      [Termination (ms): Min: 0,0, Avg: 0,6, Max: 1,0, Diff: 1,0, Sum: 2,5]
         [Termination Attempts: Min: 1, Avg: 7,0, Max: 25, Diff: 24, Sum: 28]
      [GC Worker Other (ms): Min: 0,0, Avg: 0,0, Max: 0,0, Diff: 0,0, Sum: 0,0]
      [GC Worker Total (ms): Min: 3,3, Avg: 4,6, Max: 8,3, Diff: 5,0, Sum: 18,3]
      [GC Worker End (ms): Min: 3766031,5, Avg: 3766031,6, Max: 3766031,7, Diff: 0,2]
   [Code Root Fixup: 0,0 ms]
   [Code Root Purge: 0,0 ms]
   [Clear CT: 0,1 ms]
   [Other: 1,6 ms]
      [Choose CSet: 0,0 ms]
      [Ref Proc: 1,1 ms]
      [Ref Enq: 0,0 ms]
      [Redirty Cards: 0,1 ms]
      [Humongous Register: 0,2 ms]
      [Humongous Reclaim: 0,0 ms]
      [Free CSet: 0,0 ms]
   [Eden: 51200,0K(51200,0K)->0,0B(51200,0K) Survivors: 1024,0K->1024,0K Heap: 207,6M(1024,0M)->157,5M(1024,0M)]
 [Times: user=0,01 sys=0,00, real=0,01 secs] 
2020-09-27T21:02:16.103-0300: 3766,555: [GC pause (G1 Evacuation Pause) (young), 0,0346662 secs]
   [Parallel Time: 28,5 ms, GC Workers: 4]
      [GC Worker Start (ms): Min: 3766555,1, Avg: 3766564,0, Max: 3766568,2, Diff: 13,1]
      [Ext Root Scanning (ms): Min: 0,0, Avg: 0,4, Max: 1,7, Diff: 1,7, Sum: 1,8]
      [Update RS (ms): Min: 0,0, Avg: 0,7, Max: 2,7, Diff: 2,7, Sum: 2,7]
         [Processed Buffers: Min: 0, Avg: 9,0, Max: 36, Diff: 36, Sum: 36]
      [Scan RS (ms): Min: 0,0, Avg: 1,0, Max: 3,8, Diff: 3,8, Sum: 3,9]
      [Code Root Scanning (ms): Min: 0,0, Avg: 0,0, Max: 0,0, Diff: 0,0, Sum: 0,0]
      [Object Copy (ms): Min: 0,0, Avg: 5,9, Max: 20,0, Diff: 20,0, Sum: 23,7]
      [Termination (ms): Min: 0,0, Avg: 11,5, Max: 15,6, Diff: 15,6, Sum: 46,1]
         [Termination Attempts: Min: 1, Avg: 1,5, Max: 3, Diff: 2, Sum: 6]
      [GC Worker Other (ms): Min: 0,0, Avg: 0,0, Max: 0,0, Diff: 0,0, Sum: 0,0]
      [GC Worker Total (ms): Min: 15,3, Avg: 19,5, Max: 28,3, Diff: 13,1, Sum: 78,1]
      [GC Worker End (ms): Min: 3766583,5, Avg: 3766583,5, Max: 3766583,6, Diff: 0,1]
   [Code Root Fixup: 0,0 ms]
   [Code Root Purge: 0,0 ms]
   [Clear CT: 0,4 ms]
   [Other: 5,8 ms]
      [Choose CSet: 0,0 ms]
      [Ref Proc: 5,3 ms]
      [Ref Enq: 0,0 ms]
      [Redirty Cards: 0,2 ms]
      [Humongous Register: 0,1 ms]
      [Humongous Reclaim: 0,0 ms]
      [Free CSet: 0,0 ms]
   [Eden: 51200,0K(51200,0K)->0,0B(51200,0K) Survivors: 1024,0K->1024,0K Heap: 209,4M(1024,0M)->157,3M(1024,0M)]
 [Times: user=0,04 sys=0,00, real=0,03 secs] 
2020-09-27T21:02:16.722-0300: 3767,175: [GC pause (G1 Evacuation Pause) (young), 0,0109423 secs]
   [Parallel Time: 8,1 ms, GC Workers: 4]
      [GC Worker Start (ms): Min: 3767174,7, Avg: 3767176,3, Max: 3767179,7, Diff: 5,0]
      [Ext Root Scanning (ms): Min: 0,0, Avg: 1,6, Max: 5,1, Diff: 5,1, Sum: 6,4]
      [Update RS (ms): Min: 0,0, Avg: 1,4, Max: 2,8, Diff: 2,8, Sum: 5,6]
         [Processed Buffers: Min: 0, Avg: 6,5, Max: 19, Diff: 19, Sum: 26]
      [Scan RS (ms): Min: 0,0, Avg: 0,3, Max: 0,7, Diff: 0,7, Sum: 1,3]
      [Code Root Scanning (ms): Min: 0,0, Avg: 0,0, Max: 0,0, Diff: 0,0, Sum: 0,0]
      [Object Copy (ms): Min: 2,1, Avg: 2,7, Max: 3,3, Diff: 1,2, Sum: 10,6]
      [Termination (ms): Min: 0,0, Avg: 0,5, Max: 0,9, Diff: 0,9, Sum: 2,0]
         [Termination Attempts: Min: 1, Avg: 1,0, Max: 1, Diff: 0, Sum: 4]
      [GC Worker Other (ms): Min: 0,0, Avg: 0,0, Max: 0,0, Diff: 0,0, Sum: 0,0]
      [GC Worker Total (ms): Min: 3,0, Avg: 6,5, Max: 8,1, Diff: 5,1, Sum: 26,0]
      [GC Worker End (ms): Min: 3767182,7, Avg: 3767182,8, Max: 3767182,8, Diff: 0,1]
   [Code Root Fixup: 0,0 ms]
   [Code Root Purge: 0,0 ms]
   [Clear CT: 1,4 ms]
   [Other: 1,4 ms]
      [Choose CSet: 0,0 ms]
      [Ref Proc: 1,0 ms]
      [Ref Enq: 0,0 ms]
      [Redirty Cards: 0,1 ms]
      [Humongous Register: 0,1 ms]
      [Humongous Reclaim: 0,0 ms]
      [Free CSet: 0,0 ms]
   [Eden: 51200,0K(51200,0K)->0,0B(258,0M) Survivors: 1024,0K->1024,0K Heap: 207,3M(1024,0M)->157,5M(1024,0M)]
 [Times: user=0,01 sys=0,00, real=0,01 secs] 
2020-09-27T21:02:17.950-0300: 3768,402: [GC pause (G1 Evacuation Pause) (young), 0,0278459 secs]
   [Parallel Time: 25,4 ms, GC Workers: 4]
      [GC Worker Start (ms): Min: 3768402,4, Avg: 3768406,1, Max: 3768411,2, Diff: 8,8]
      [Ext Root Scanning (ms): Min: 0,0, Avg: 3,2, Max: 11,6, Diff: 11,5, Sum: 12,7]
      [Update RS (ms): Min: 0,0, Avg: 0,9, Max: 3,5, Diff: 3,5, Sum: 3,5]
         [Processed Buffers: Min: 0, Avg: 9,8, Max: 39, Diff: 39, Sum: 39]
      [Scan RS (ms): Min: 0,1, Avg: 7,7, Max: 20,2, Diff: 20,1, Sum: 30,9]
      [Code Root Scanning (ms): Min: 0,0, Avg: 0,0, Max: 0,0, Diff: 0,0, Sum: 0,0]
      [Object Copy (ms): Min: 0,0, Avg: 2,6, Max: 5,5, Diff: 5,5, Sum: 10,5]
      [Termination (ms): Min: 0,0, Avg: 7,2, Max: 10,4, Diff: 10,4, Sum: 28,8]
         [Termination Attempts: Min: 1, Avg: 1,0, Max: 1, Diff: 0, Sum: 4]
      [GC Worker Other (ms): Min: 0,0, Avg: 0,0, Max: 0,0, Diff: 0,0, Sum: 0,0]
      [GC Worker Total (ms): Min: 16,6, Avg: 21,6, Max: 25,3, Diff: 8,7, Sum: 86,5]
      [GC Worker End (ms): Min: 3768427,7, Avg: 3768427,7, Max: 3768427,8, Diff: 0,1]
   [Code Root Fixup: 0,0 ms]
   [Code Root Purge: 0,0 ms]
   [Clear CT: 0,1 ms]
   [Other: 2,3 ms]
      [Choose CSet: 0,0 ms]
      [Ref Proc: 1,8 ms]
      [Ref Enq: 0,0 ms]
      [Redirty Cards: 0,1 ms]
      [Humongous Register: 0,1 ms]
      [Humongous Reclaim: 0,0 ms]
      [Free CSet: 0,1 ms]
   [Eden: 98304,0K(51200,0K)->0,0B(131,0M) Survivors: 1024,0K->1024,0K Heap: 255,7M(1024,0M)->157,7M(1024,0M)]
 [Times: user=0,03 sys=0,00, real=0,02 secs] 
2020-09-27T21:02:18.847-0300: 3769,299: [GC pause (G1 Evacuation Pause) (young), 0,0360967 secs]
   [Parallel Time: 33,9 ms, GC Workers: 4]
      [GC Worker Start (ms): Min: 3769299,0, Avg: 3769308,6, Max: 3769314,3, Diff: 15,3]
      [Ext Root Scanning (ms): Min: 0,0, Avg: 0,5, Max: 1,8, Diff: 1,8, Sum: 1,9]
      [Update RS (ms): Min: 0,0, Avg: 0,9, Max: 3,6, Diff: 3,6, Sum: 3,6]
         [Processed Buffers: Min: 0, Avg: 6,5, Max: 26, Diff: 26, Sum: 26]
      [Scan RS (ms): Min: 0,1, Avg: 7,2, Max: 27,9, Diff: 27,8, Sum: 28,8]
      [Code Root Scanning (ms): Min: 0,0, Avg: 0,0, Max: 0,0, Diff: 0,0, Sum: 0,0]
      [Object Copy (ms): Min: 0,0, Avg: 3,3, Max: 12,4, Diff: 12,4, Sum: 13,3]
      [Termination (ms): Min: 0,0, Avg: 12,3, Max: 19,2, Diff: 19,2, Sum: 49,2]
         [Termination Attempts: Min: 1, Avg: 1,0, Max: 1, Diff: 0, Sum: 4]
      [GC Worker Other (ms): Min: 0,0, Avg: 0,0, Max: 0,0, Diff: 0,0, Sum: 0,0]
      [GC Worker Total (ms): Min: 18,5, Avg: 24,2, Max: 33,6, Diff: 15,1, Sum: 96,8]
      [GC Worker End (ms): Min: 3769332,6, Avg: 3769332,8, Max: 3769332,9, Diff: 0,2]
   [Code Root Fixup: 0,0 ms]
   [Code Root Purge: 0,0 ms]
   [Clear CT: 0,1 ms]
   [Other: 2,1 ms]
      [Choose CSet: 0,0 ms]
      [Ref Proc: 1,7 ms]
      [Ref Enq: 0,0 ms]
      [Redirty Cards: 0,1 ms]
      [Humongous Register: 0,1 ms]
      [Humongous Reclaim: 0,0 ms]
      [Free CSet: 0,1 ms]
   [Eden: 87040,0K(51200,0K)->0,0B(51200,0K) Survivors: 1024,0K->1024,0K Heap: 244,4M(1024,0M)->157,6M(1024,0M)]
 [Times: user=0,04 sys=0,00, real=0,04 secs] 
2020-09-27T21:02:19.597-0300: 3770,049: [GC pause (G1 Evacuation Pause) (young), 0,0303096 secs]
   [Parallel Time: 28,4 ms, GC Workers: 4]
      [GC Worker Start (ms): Min: 3770049,5, Avg: 3770054,6, Max: 3770060,2, Diff: 10,8]
      [Ext Root Scanning (ms): Min: 0,0, Avg: 0,5, Max: 1,8, Diff: 1,8, Sum: 1,8]
      [Update RS (ms): Min: 0,0, Avg: 7,3, Max: 15,7, Diff: 15,7, Sum: 29,1]
         [Processed Buffers: Min: 0, Avg: 10,5, Max: 26, Diff: 26, Sum: 42]
      [Scan RS (ms): Min: 0,0, Avg: 0,7, Max: 2,7, Diff: 2,7, Sum: 2,7]
      [Code Root Scanning (ms): Min: 0,0, Avg: 0,0, Max: 0,0, Diff: 0,0, Sum: 0,0]
      [Object Copy (ms): Min: 0,0, Avg: 3,9, Max: 12,7, Diff: 12,7, Sum: 15,4]
      [Termination (ms): Min: 0,0, Avg: 7,0, Max: 11,4, Diff: 11,4, Sum: 28,0]
         [Termination Attempts: Min: 1, Avg: 1,2, Max: 2, Diff: 1, Sum: 5]
      [GC Worker Other (ms): Min: 0,0, Avg: 0,0, Max: 0,0, Diff: 0,0, Sum: 0,0]
      [GC Worker Total (ms): Min: 14,0, Avg: 19,3, Max: 25,0, Diff: 10,9, Sum: 77,1]
      [GC Worker End (ms): Min: 3770071,7, Avg: 3770073,9, Max: 3770077,8, Diff: 6,1]
   [Code Root Fixup: 0,0 ms]
   [Code Root Purge: 0,0 ms]
   [Clear CT: 0,1 ms]
   [Other: 1,8 ms]
      [Choose CSet: 0,0 ms]
      [Ref Proc: 1,4 ms]
      [Ref Enq: 0,0 ms]
      [Redirty Cards: 0,1 ms]
      [Humongous Register: 0,1 ms]
      [Humongous Reclaim: 0,0 ms]
      [Free CSet: 0,0 ms]
   [Eden: 51200,0K(51200,0K)->0,0B(51200,0K) Survivors: 1024,0K->1024,0K Heap: 208,5M(1024,0M)->157,8M(1024,0M)]
 [Times: user=0,03 sys=0,00, real=0,03 secs] 
2020-09-27T21:02:20.126-0300: 3770,578: [GC pause (G1 Evacuation Pause) (young), 0,0099798 secs]
   [Parallel Time: 7,5 ms, GC Workers: 4]
      [GC Worker Start (ms): Min: 3770578,0, Avg: 3770578,8, Max: 3770580,2, Diff: 2,3]
      [Ext Root Scanning (ms): Min: 0,0, Avg: 0,6, Max: 1,3, Diff: 1,3, Sum: 2,5]
      [Update RS (ms): Min: 0,9, Avg: 3,2, Max: 6,0, Diff: 5,0, Sum: 12,8]
         [Processed Buffers: Min: 0, Avg: 10,0, Max: 25, Diff: 25, Sum: 40]
      [Scan RS (ms): Min: 0,0, Avg: 0,9, Max: 1,8, Diff: 1,8, Sum: 3,6]
      [Code Root Scanning (ms): Min: 0,0, Avg: 0,0, Max: 0,0, Diff: 0,0, Sum: 0,0]
      [Object Copy (ms): Min: 0,0, Avg: 1,3, Max: 2,7, Diff: 2,7, Sum: 5,4]
      [Termination (ms): Min: 0,0, Avg: 0,4, Max: 0,9, Diff: 0,9, Sum: 1,7]
         [Termination Attempts: Min: 1, Avg: 4,2, Max: 14, Diff: 13, Sum: 17]
      [GC Worker Other (ms): Min: 0,0, Avg: 0,0, Max: 0,0, Diff: 0,0, Sum: 0,0]
      [GC Worker Total (ms): Min: 5,0, Avg: 6,5, Max: 7,3, Diff: 2,3, Sum: 26,0]
      [GC Worker End (ms): Min: 3770585,3, Avg: 3770585,3, Max: 3770585,4, Diff: 0,1]
   [Code Root Fixup: 0,0 ms]
   [Code Root Purge: 0,0 ms]
   [Clear CT: 0,1 ms]
   [Other: 2,4 ms]
      [Choose CSet: 0,0 ms]
      [Ref Proc: 1,8 ms]
      [Ref Enq: 0,0 ms]
      [Redirty Cards: 0,1 ms]
      [Humongous Register: 0,1 ms]
      [Humongous Reclaim: 0,1 ms]
      [Free CSet: 0,1 ms]
   [Eden: 51200,0K(51200,0K)->0,0B(613,0M) Survivors: 1024,0K->1024,0K Heap: 209,6M(1024,0M)->157,6M(1024,0M)]
 [Times: user=0,02 sys=0,00, real=0,01 secs] 
2020-09-27T21:02:22.449-0300: 3772,901: [GC pause (G1 Evacuation Pause) (young), 0,0166261 secs]
   [Parallel Time: 11,3 ms, GC Workers: 4]
      [GC Worker Start (ms): Min: 3772901,1, Avg: 3772901,7, Max: 3772901,9, Diff: 0,7]
      [Ext Root Scanning (ms): Min: 0,4, Avg: 1,7, Max: 5,7, Diff: 5,3, Sum: 6,9]
      [Update RS (ms): Min: 0,0, Avg: 1,0, Max: 1,6, Diff: 1,6, Sum: 4,1]
         [Processed Buffers: Min: 0, Avg: 9,8, Max: 19, Diff: 19, Sum: 39]
      [Scan RS (ms): Min: 0,0, Avg: 1,0, Max: 1,4, Diff: 1,4, Sum: 4,0]
      [Code Root Scanning (ms): Min: 0,0, Avg: 0,0, Max: 0,0, Diff: 0,0, Sum: 0,0]
      [Object Copy (ms): Min: 0,0, Avg: 0,8, Max: 1,2, Diff: 1,1, Sum: 3,4]
      [Termination (ms): Min: 0,0, Avg: 2,0, Max: 6,2, Diff: 6,2, Sum: 7,8]
         [Termination Attempts: Min: 1, Avg: 1,0, Max: 1, Diff: 0, Sum: 4]
      [GC Worker Other (ms): Min: 0,0, Avg: 0,0, Max: 0,0, Diff: 0,0, Sum: 0,1]
      [GC Worker Total (ms): Min: 5,0, Avg: 6,6, Max: 10,5, Diff: 5,5, Sum: 26,3]
      [GC Worker End (ms): Min: 3772906,8, Avg: 3772908,3, Max: 3772912,4, Diff: 5,5]
   [Code Root Fixup: 0,0 ms]
   [Code Root Purge: 0,0 ms]
   [Clear CT: 0,1 ms]
   [Other: 5,2 ms]
      [Choose CSet: 0,0 ms]
      [Ref Proc: 4,8 ms]
      [Ref Enq: 0,0 ms]
      [Redirty Cards: 0,1 ms]
      [Humongous Register: 0,1 ms]
      [Humongous Reclaim: 0,0 ms]
      [Free CSet: 0,1 ms]
   [Eden: 194,0M(51200,0K)->0,0B(613,0M) Survivors: 1024,0K->1024,0K Heap: 355,2M(1024,0M)->157,7M(1024,0M)]
 [Times: user=0,03 sys=0,00, real=0,01 secs] 
2020-09-27T21:02:23.349-0300: 3773,801: [GC pause (G1 Evacuation Pause) (young), 0,0150783 secs]
   [Parallel Time: 13,6 ms, GC Workers: 4]
      [GC Worker Start (ms): Min: 3773801,5, Avg: 3773805,1, Max: 3773806,8, Diff: 5,3]
      [Ext Root Scanning (ms): Min: 0,0, Avg: 0,4, Max: 1,7, Diff: 1,7, Sum: 1,7]
      [Update RS (ms): Min: 0,0, Avg: 2,7, Max: 10,6, Diff: 10,6, Sum: 10,8]
         [Processed Buffers: Min: 0, Avg: 7,8, Max: 15, Diff: 15, Sum: 31]
      [Scan RS (ms): Min: 0,0, Avg: 2,0, Max: 4,8, Diff: 4,8, Sum: 7,8]
      [Code Root Scanning (ms): Min: 0,0, Avg: 0,0, Max: 0,0, Diff: 0,0, Sum: 0,0]
      [Object Copy (ms): Min: 0,0, Avg: 1,0, Max: 2,0, Diff: 1,9, Sum: 4,0]
      [Termination (ms): Min: 0,0, Avg: 2,9, Max: 4,3, Diff: 4,3, Sum: 11,4]
         [Termination Attempts: Min: 1, Avg: 7,0, Max: 25, Diff: 24, Sum: 28]
      [GC Worker Other (ms): Min: 0,0, Avg: 0,0, Max: 0,0, Diff: 0,0, Sum: 0,0]
      [GC Worker Total (ms): Min: 7,3, Avg: 8,9, Max: 12,5, Diff: 5,1, Sum: 35,8]
      [GC Worker End (ms): Min: 3773814,0, Avg: 3773814,1, Max: 3773814,2, Diff: 0,2]
   [Code Root Fixup: 0,0 ms]
   [Code Root Purge: 0,0 ms]
   [Clear CT: 0,1 ms]
   [Other: 1,4 ms]
      [Choose CSet: 0,0 ms]
      [Ref Proc: 0,9 ms]
      [Ref Enq: 0,0 ms]
      [Redirty Cards: 0,1 ms]
      [Humongous Register: 0,0 ms]
      [Humongous Reclaim: 0,0 ms]
      [Free CSet: 0,1 ms]
   [Eden: 87040,0K(51200,0K)->0,0B(613,0M) Survivors: 1024,0K->1024,0K Heap: 244,5M(1024,0M)->158,0M(1024,0M)]
 [Times: user=0,02 sys=0,00, real=0,01 secs] 
2020-09-27T21:02:24.577-0300: 3775,029: [GC pause (G1 Evacuation Pause) (young), 0,0105917 secs]
   [Parallel Time: 9,1 ms, GC Workers: 4]
      [GC Worker Start (ms): Min: 3775029,2, Avg: 3775029,3, Max: 3775029,5, Diff: 0,3]
      [Ext Root Scanning (ms): Min: 0,9, Avg: 3,8, Max: 6,9, Diff: 5,9, Sum: 15,1]
      [Update RS (ms): Min: 0,0, Avg: 0,7, Max: 1,5, Diff: 1,5, Sum: 2,9]
         [Processed Buffers: Min: 0, Avg: 9,2, Max: 32, Diff: 32, Sum: 37]
      [Scan RS (ms): Min: 0,0, Avg: 0,8, Max: 1,6, Diff: 1,6, Sum: 3,2]
      [Code Root Scanning (ms): Min: 0,0, Avg: 0,0, Max: 0,0, Diff: 0,0, Sum: 0,0]
      [Object Copy (ms): Min: 0,0, Avg: 0,7, Max: 1,5, Diff: 1,4, Sum: 2,9]
      [Termination (ms): Min: 0,0, Avg: 1,5, Max: 3,6, Diff: 3,6, Sum: 6,2]
         [Termination Attempts: Min: 1, Avg: 1,0, Max: 1, Diff: 0, Sum: 4]
      [GC Worker Other (ms): Min: 0,0, Avg: 0,0, Max: 0,0, Diff: 0,0, Sum: 0,0]
      [GC Worker Total (ms): Min: 6,9, Avg: 7,6, Max: 9,1, Diff: 2,1, Sum: 30,3]
      [GC Worker End (ms): Min: 3775036,4, Avg: 3775036,9, Max: 3775038,3, Diff: 1,9]
   [Code Root Fixup: 0,0 ms]
   [Code Root Purge: 0,0 ms]
   [Clear CT: 0,1 ms]
   [Other: 1,4 ms]
      [Choose CSet: 0,0 ms]
      [Ref Proc: 0,9 ms]
      [Ref Enq: 0,0 ms]
      [Redirty Cards: 0,1 ms]
      [Humongous Register: 0,1 ms]
      [Humongous Reclaim: 0,0 ms]
      [Free CSet: 0,1 ms]
   [Eden: 101,0M(51200,0K)->0,0B(613,0M) Survivors: 1024,0K->1024,0K Heap: 260,2M(1024,0M)->157,9M(1024,0M)]
 [Times: user=0,01 sys=0,00, real=0,01 secs] 
2020-09-27T21:02:29.957-0300: 3780,409: [GC pause (G1 Evacuation Pause) (young), 0,0210771 secs]
   [Parallel Time: 11,4 ms, GC Workers: 4]
      [GC Worker Start (ms): Min: 3780409,0, Avg: 3780409,8, Max: 3780412,2, Diff: 3,2]
      [Ext Root Scanning (ms): Min: 0,0, Avg: 0,5, Max: 0,7, Diff: 0,7, Sum: 2,1]
      [Update RS (ms): Min: 0,0, Avg: 1,8, Max: 3,9, Diff: 3,9, Sum: 7,3]
         [Processed Buffers: Min: 0, Avg: 12,8, Max: 29, Diff: 29, Sum: 51]
      [Scan RS (ms): Min: 0,4, Avg: 2,6, Max: 5,6, Diff: 5,1, Sum: 10,4]
      [Code Root Scanning (ms): Min: 0,0, Avg: 0,0, Max: 0,0, Diff: 0,0, Sum: 0,0]
      [Object Copy (ms): Min: 0,1, Avg: 2,1, Max: 3,5, Diff: 3,4, Sum: 8,3]
      [Termination (ms): Min: 0,0, Avg: 1,5, Max: 3,9, Diff: 3,9, Sum: 5,9]
         [Termination Attempts: Min: 1, Avg: 1,0, Max: 1, Diff: 0, Sum: 4]
      [GC Worker Other (ms): Min: 0,0, Avg: 0,0, Max: 0,0, Diff: 0,0, Sum: 0,1]
      [GC Worker Total (ms): Min: 5,5, Avg: 8,5, Max: 11,3, Diff: 5,8, Sum: 34,1]
      [GC Worker End (ms): Min: 3780417,5, Avg: 3780418,3, Max: 3780420,3, Diff: 2,8]
   [Code Root Fixup: 0,0 ms]
   [Code Root Purge: 0,0 ms]
   [Clear CT: 8,1 ms]
   [Other: 1,6 ms]
      [Choose CSet: 0,0 ms]
      [Ref Proc: 0,9 ms]
      [Ref Enq: 0,0 ms]
      [Redirty Cards: 0,2 ms]
      [Humongous Register: 0,1 ms]
      [Humongous Reclaim: 0,0 ms]
      [Free CSet: 0,2 ms]
   [Eden: 401,0M(92160,0K)->0,0B(612,0M) Survivors: 1024,0K->2048,0K Heap: 565,4M(1024,0M)->159,6M(1024,0M)]
 [Times: user=0,02 sys=0,01, real=0,02 secs] 
2020-09-27T21:02:33.262-0300: 3783,714: [GC pause (G1 Evacuation Pause) (young), 0,0237669 secs]
   [Parallel Time: 15,6 ms, GC Workers: 4]
      [GC Worker Start (ms): Min: 3783713,9, Avg: 3783718,8, Max: 3783720,7, Diff: 6,8]
      [Ext Root Scanning (ms): Min: 0,0, Avg: 0,5, Max: 1,9, Diff: 1,9, Sum: 1,9]
      [Update RS (ms): Min: 0,0, Avg: 2,9, Max: 11,3, Diff: 11,3, Sum: 11,5]
         [Processed Buffers: Min: 0, Avg: 10,2, Max: 31, Diff: 31, Sum: 41]
      [Scan RS (ms): Min: 0,0, Avg: 2,2, Max: 3,7, Diff: 3,6, Sum: 8,7]
      [Code Root Scanning (ms): Min: 0,0, Avg: 0,0, Max: 0,0, Diff: 0,0, Sum: 0,0]
      [Object Copy (ms): Min: 0,1, Avg: 2,4, Max: 3,9, Diff: 3,7, Sum: 9,7]
      [Termination (ms): Min: 0,0, Avg: 1,7, Max: 2,9, Diff: 2,9, Sum: 6,9]
         [Termination Attempts: Min: 1, Avg: 1,0, Max: 1, Diff: 0, Sum: 4]
      [GC Worker Other (ms): Min: 0,0, Avg: 0,0, Max: 0,0, Diff: 0,0, Sum: 0,0]
      [GC Worker Total (ms): Min: 7,8, Avg: 9,7, Max: 13,3, Diff: 5,5, Sum: 38,8]
      [GC Worker End (ms): Min: 3783727,2, Avg: 3783728,5, Max: 3783729,4, Diff: 2,2]
   [Code Root Fixup: 0,0 ms]
   [Code Root Purge: 0,0 ms]
   [Clear CT: 0,2 ms]
   [Other: 7,9 ms]
      [Choose CSet: 0,0 ms]
      [Ref Proc: 7,4 ms]
      [Ref Enq: 0,0 ms]
      [Redirty Cards: 0,1 ms]
      [Humongous Register: 0,1 ms]
      [Humongous Reclaim: 0,1 ms]
      [Free CSet: 0,1 ms]
   [Eden: 280,0M(50176,0K)->0,0B(612,0M) Survivors: 2048,0K->2048,0K Heap: 458,0M(1024,0M)->158,5M(1024,0M)]
 [Times: user=0,03 sys=0,00, real=0,02 secs] 
2020-09-27T21:02:35.373-0300: 3785,826: [GC pause (G1 Evacuation Pause) (young), 0,0100464 secs]
   [Parallel Time: 7,9 ms, GC Workers: 4]
      [GC Worker Start (ms): Min: 3785825,7, Avg: 3785828,1, Max: 3785828,9, Diff: 3,2]
      [Ext Root Scanning (ms): Min: 0,0, Avg: 0,5, Max: 1,9, Diff: 1,9, Sum: 1,9]
      [Update RS (ms): Min: 0,7, Avg: 1,9, Max: 5,3, Diff: 4,5, Sum: 7,5]
         [Processed Buffers: Min: 0, Avg: 10,0, Max: 28, Diff: 28, Sum: 40]
      [Scan RS (ms): Min: 0,0, Avg: 1,4, Max: 1,9, Diff: 1,8, Sum: 5,5]
      [Code Root Scanning (ms): Min: 0,0, Avg: 0,0, Max: 0,0, Diff: 0,0, Sum: 0,0]
      [Object Copy (ms): Min: 0,7, Avg: 1,7, Max: 2,1, Diff: 1,4, Sum: 6,7]
      [Termination (ms): Min: 0,0, Avg: 0,0, Max: 0,1, Diff: 0,1, Sum: 0,2]
         [Termination Attempts: Min: 1, Avg: 1,2, Max: 2, Diff: 1, Sum: 5]
      [GC Worker Other (ms): Min: 0,0, Avg: 0,0, Max: 0,0, Diff: 0,0, Sum: 0,0]
      [GC Worker Total (ms): Min: 4,7, Avg: 5,5, Max: 7,9, Diff: 3,2, Sum: 21,9]
      [GC Worker End (ms): Min: 3785833,6, Avg: 3785833,6, Max: 3785833,6, Diff: 0,0]
   [Code Root Fixup: 0,0 ms]
   [Code Root Purge: 0,0 ms]
   [Clear CT: 0,2 ms]
   [Other: 1,9 ms]
      [Choose CSet: 0,0 ms]
      [Ref Proc: 1,5 ms]
      [Ref Enq: 0,0 ms]
      [Redirty Cards: 0,1 ms]
      [Humongous Register: 0,1 ms]
      [Humongous Reclaim: 0,0 ms]
      [Free CSet: 0,1 ms]
   [Eden: 197,0M(50176,0K)->0,0B(612,0M) Survivors: 2048,0K->2048,0K Heap: 361,2M(1024,0M)->158,7M(1024,0M)]
 [Times: user=0,02 sys=0,00, real=0,01 secs] 
2020-09-27T21:02:38.682-0300: 3789,134: [GC pause (G1 Evacuation Pause) (young), 0,0292740 secs]
   [Parallel Time: 27,6 ms, GC Workers: 4]
      [GC Worker Start (ms): Min: 3789134,1, Avg: 3789138,0, Max: 3789142,4, Diff: 8,4]
      [Ext Root Scanning (ms): Min: 0,0, Avg: 0,5, Max: 2,0, Diff: 2,0, Sum: 2,0]
      [Update RS (ms): Min: 0,0, Avg: 3,7, Max: 13,7, Diff: 13,7, Sum: 14,7]
         [Processed Buffers: Min: 0, Avg: 10,2, Max: 29, Diff: 29, Sum: 41]
      [Scan RS (ms): Min: 0,1, Avg: 3,4, Max: 9,7, Diff: 9,5, Sum: 13,8]
      [Code Root Scanning (ms): Min: 0,0, Avg: 1,1, Max: 4,3, Diff: 4,3, Sum: 4,3]
      [Object Copy (ms): Min: 0,0, Avg: 8,8, Max: 22,6, Diff: 22,6, Sum: 35,1]
      [Termination (ms): Min: 0,0, Avg: 4,0, Max: 6,6, Diff: 6,6, Sum: 16,2]
         [Termination Attempts: Min: 1, Avg: 1,0, Max: 1, Diff: 0, Sum: 4]
      [GC Worker Other (ms): Min: 0,0, Avg: 0,0, Max: 0,0, Diff: 0,0, Sum: 0,0]
      [GC Worker Total (ms): Min: 19,1, Avg: 21,5, Max: 24,7, Diff: 5,6, Sum: 86,1]
      [GC Worker End (ms): Min: 3789158,8, Avg: 3789159,6, Max: 3789161,6, Diff: 2,8]
   [Code Root Fixup: 0,0 ms]
   [Code Root Purge: 0,0 ms]
   [Clear CT: 0,1 ms]
   [Other: 1,6 ms]
      [Choose CSet: 0,0 ms]
      [Ref Proc: 1,0 ms]
      [Ref Enq: 0,0 ms]
      [Redirty Cards: 0,1 ms]
      [Humongous Register: 0,1 ms]
      [Humongous Reclaim: 0,0 ms]
      [Free CSet: 0,2 ms]
   [Eden: 275,0M(50176,0K)->0,0B(612,0M) Survivors: 2048,0K->2048,0K Heap: 438,2M(1024,0M)->158,5M(1024,0M)]
 [Times: user=0,03 sys=0,00, real=0,03 secs] 
2020-09-27T21:02:42.579-0300: 3793,031: [GC pause (G1 Evacuation Pause) (young), 0,0158299 secs]
   [Parallel Time: 13,5 ms, GC Workers: 4]
      [GC Worker Start (ms): Min: 3793031,6, Avg: 3793035,8, Max: 3793039,3, Diff: 7,6]
      [Ext Root Scanning (ms): Min: 0,0, Avg: 0,4, Max: 1,6, Diff: 1,6, Sum: 1,7]
      [Update RS (ms): Min: 0,0, Avg: 3,1, Max: 11,5, Diff: 11,5, Sum: 12,4]
         [Processed Buffers: Min: 0, Avg: 11,5, Max: 28, Diff: 28, Sum: 46]
      [Scan RS (ms): Min: 0,1, Avg: 2,7, Max: 7,3, Diff: 7,3, Sum: 10,8]
      [Code Root Scanning (ms): Min: 0,0, Avg: 0,0, Max: 0,0, Diff: 0,0, Sum: 0,0]
      [Object Copy (ms): Min: 0,0, Avg: 1,9, Max: 3,8, Diff: 3,8, Sum: 7,5]
      [Termination (ms): Min: 0,0, Avg: 1,1, Max: 1,8, Diff: 1,8, Sum: 4,4]
         [Termination Attempts: Min: 1, Avg: 9,0, Max: 33, Diff: 32, Sum: 36]
      [GC Worker Other (ms): Min: 0,0, Avg: 0,0, Max: 0,0, Diff: 0,0, Sum: 0,1]
      [GC Worker Total (ms): Min: 5,8, Avg: 9,2, Max: 13,4, Diff: 7,6, Sum: 36,8]
      [GC Worker End (ms): Min: 3793045,0, Avg: 3793045,0, Max: 3793045,1, Diff: 0,0]
   [Code Root Fixup: 0,0 ms]
   [Code Root Purge: 0,0 ms]
   [Clear CT: 0,1 ms]
   [Other: 2,2 ms]
      [Choose CSet: 0,0 ms]
      [Ref Proc: 1,7 ms]
      [Ref Enq: 0,0 ms]
      [Redirty Cards: 0,1 ms]
      [Humongous Register: 0,1 ms]
      [Humongous Reclaim: 0,0 ms]
      [Free CSet: 0,2 ms]
   [Eden: 318,0M(50176,0K)->0,0B(612,0M) Survivors: 2048,0K->2048,0K Heap: 480,6M(1024,0M)->158,9M(1024,0M)]
 [Times: user=0,02 sys=0,00, real=0,02 secs] 
2020-09-27T21:02:45.587-0300: 3796,039: [GC pause (G1 Evacuation Pause) (young), 0,0334439 secs]
   [Parallel Time: 23,6 ms, GC Workers: 4]
      [GC Worker Start (ms): Min: 3796039,6, Avg: 3796041,9, Max: 3796044,2, Diff: 4,7]
      [Ext Root Scanning (ms): Min: 0,0, Avg: 0,5, Max: 1,0, Diff: 1,0, Sum: 2,0]
      [Update RS (ms): Min: 0,0, Avg: 0,9, Max: 1,9, Diff: 1,9, Sum: 3,7]
         [Processed Buffers: Min: 0, Avg: 10,0, Max: 30, Diff: 30, Sum: 40]
      [Scan RS (ms): Min: 1,2, Avg: 6,6, Max: 14,3, Diff: 13,1, Sum: 26,5]
      [Code Root Scanning (ms): Min: 0,0, Avg: 0,0, Max: 0,0, Diff: 0,0, Sum: 0,0]
      [Object Copy (ms): Min: 0,1, Avg: 2,7, Max: 5,5, Diff: 5,5, Sum: 11,0]
      [Termination (ms): Min: 0,0, Avg: 6,7, Max: 12,2, Diff: 12,2, Sum: 26,7]
         [Termination Attempts: Min: 1, Avg: 1,2, Max: 2, Diff: 1, Sum: 5]
      [GC Worker Other (ms): Min: 0,0, Avg: 0,0, Max: 0,0, Diff: 0,0, Sum: 0,0]
      [GC Worker Total (ms): Min: 12,6, Avg: 17,5, Max: 21,2, Diff: 8,7, Sum: 70,0]
      [GC Worker End (ms): Min: 3796056,8, Avg: 3796059,4, Max: 3796063,1, Diff: 6,3]
   [Code Root Fixup: 0,0 ms]
   [Code Root Purge: 0,0 ms]
   [Clear CT: 0,7 ms]
   [Other: 9,1 ms]
      [Choose CSet: 0,0 ms]
      [Ref Proc: 7,6 ms]
      [Ref Enq: 0,0 ms]
      [Redirty Cards: 1,0 ms]
      [Humongous Register: 0,0 ms]
      [Humongous Reclaim: 0,1 ms]
      [Free CSet: 0,2 ms]
   [Eden: 273,0M(50176,0K)->0,0B(49152,0K) Survivors: 2048,0K->3072,0K Heap: 437,7M(1024,0M)->159,6M(1024,0M)]
 [Times: user=0,03 sys=0,00, real=0,04 secs] 
2020-09-27T21:02:46.110-0300: 3796,562: [GC pause (G1 Evacuation Pause) (young), 0,0195856 secs]
   [Parallel Time: 14,9 ms, GC Workers: 4]
      [GC Worker Start (ms): Min: 3796562,4, Avg: 3796564,4, Max: 3796567,4, Diff: 5,0]
      [Ext Root Scanning (ms): Min: 0,0, Avg: 0,5, Max: 1,0, Diff: 1,0, Sum: 2,0]
      [Update RS (ms): Min: 0,0, Avg: 0,8, Max: 1,6, Diff: 1,6, Sum: 3,1]
         [Processed Buffers: Min: 0, Avg: 7,0, Max: 19, Diff: 19, Sum: 28]
      [Scan RS (ms): Min: 0,0, Avg: 4,2, Max: 7,8, Diff: 7,8, Sum: 16,7]
      [Code Root Scanning (ms): Min: 0,0, Avg: 0,0, Max: 0,0, Diff: 0,0, Sum: 0,0]
      [Object Copy (ms): Min: 0,0, Avg: 2,1, Max: 4,3, Diff: 4,3, Sum: 8,5]
      [Termination (ms): Min: 0,0, Avg: 2,1, Max: 5,6, Diff: 5,6, Sum: 8,2]
         [Termination Attempts: Min: 1, Avg: 1,0, Max: 1, Diff: 0, Sum: 4]
      [GC Worker Other (ms): Min: 0,0, Avg: 0,0, Max: 0,0, Diff: 0,0, Sum: 0,0]
      [GC Worker Total (ms): Min: 5,7, Avg: 9,7, Max: 14,8, Diff: 9,1, Sum: 38,7]
      [GC Worker End (ms): Min: 3796572,9, Avg: 3796574,1, Max: 3796577,2, Diff: 4,3]
   [Code Root Fixup: 0,0 ms]
   [Code Root Purge: 0,0 ms]
   [Clear CT: 2,5 ms]
   [Other: 2,2 ms]
      [Choose CSet: 0,0 ms]
      [Ref Proc: 1,7 ms]
      [Ref Enq: 0,0 ms]
      [Redirty Cards: 0,1 ms]
      [Humongous Register: 0,1 ms]
      [Humongous Reclaim: 0,0 ms]
      [Free CSet: 0,0 ms]
   [Eden: 49152,0K(49152,0K)->0,0B(50176,0K) Survivors: 3072,0K->2048,0K Heap: 208,3M(1024,0M)->159,1M(1024,0M)]
 [Times: user=0,03 sys=0,00, real=0,02 secs] 
2020-09-27T21:02:46.691-0300: 3797,143: [GC pause (G1 Evacuation Pause) (young), 0,0171706 secs]
   [Parallel Time: 15,6 ms, GC Workers: 4]
      [GC Worker Start (ms): Min: 3797143,1, Avg: 3797147,9, Max: 3797152,0, Diff: 8,8]
      [Ext Root Scanning (ms): Min: 0,0, Avg: 0,4, Max: 1,7, Diff: 1,7, Sum: 1,7]
      [Update RS (ms): Min: 0,0, Avg: 0,7, Max: 2,9, Diff: 2,9, Sum: 2,9]
         [Processed Buffers: Min: 0, Avg: 7,0, Max: 28, Diff: 28, Sum: 28]
      [Scan RS (ms): Min: 0,0, Avg: 3,9, Max: 10,6, Diff: 10,5, Sum: 15,5]
      [Code Root Scanning (ms): Min: 0,0, Avg: 0,0, Max: 0,0, Diff: 0,0, Sum: 0,0]
      [Object Copy (ms): Min: 0,2, Avg: 2,4, Max: 3,9, Diff: 3,8, Sum: 9,4]
      [Termination (ms): Min: 0,0, Avg: 3,3, Max: 4,7, Diff: 4,7, Sum: 13,2]
         [Termination Attempts: Min: 1, Avg: 1,0, Max: 1, Diff: 0, Sum: 4]
      [GC Worker Other (ms): Min: 0,0, Avg: 0,0, Max: 0,0, Diff: 0,0, Sum: 0,0]
      [GC Worker Total (ms): Min: 6,6, Avg: 10,7, Max: 15,4, Diff: 8,8, Sum: 42,8]
      [GC Worker End (ms): Min: 3797158,6, Avg: 3797158,6, Max: 3797158,7, Diff: 0,1]
   [Code Root Fixup: 0,0 ms]
   [Code Root Purge: 0,0 ms]
   [Clear CT: 0,1 ms]
   [Other: 1,5 ms]
      [Choose CSet: 0,0 ms]
      [Ref Proc: 0,8 ms]
      [Ref Enq: 0,0 ms]
      [Redirty Cards: 0,2 ms]
      [Humongous Register: 0,1 ms]
      [Humongous Reclaim: 0,1 ms]
      [Free CSet: 0,1 ms]
   [Eden: 50176,0K(50176,0K)->0,0B(575,0M) Survivors: 2048,0K->2048,0K Heap: 209,8M(1024,0M)->158,7M(1024,0M)]
 [Times: user=0,02 sys=0,00, real=0,02 secs] 
2020-09-27T21:02:48.592-0300: 3799,045: [GC pause (G1 Evacuation Pause) (young), 0,0124098 secs]
   [Parallel Time: 7,4 ms, GC Workers: 4]
      [GC Worker Start (ms): Min: 3799044,8, Avg: 3799045,6, Max: 3799048,2, Diff: 3,5]
      [Ext Root Scanning (ms): Min: 0,0, Avg: 0,4, Max: 0,7, Diff: 0,7, Sum: 1,8]
      [Update RS (ms): Min: 0,0, Avg: 1,0, Max: 1,3, Diff: 1,3, Sum: 3,8]
         [Processed Buffers: Min: 0, Avg: 9,0, Max: 16, Diff: 16, Sum: 36]
      [Scan RS (ms): Min: 0,3, Avg: 2,3, Max: 5,4, Diff: 5,2, Sum: 9,3]
      [Code Root Scanning (ms): Min: 0,0, Avg: 0,0, Max: 0,0, Diff: 0,0, Sum: 0,0]
      [Object Copy (ms): Min: 0,1, Avg: 2,3, Max: 3,3, Diff: 3,2, Sum: 9,0]
      [Termination (ms): Min: 0,0, Avg: 0,5, Max: 0,8, Diff: 0,8, Sum: 2,0]
         [Termination Attempts: Min: 1, Avg: 1,0, Max: 1, Diff: 0, Sum: 4]
      [GC Worker Other (ms): Min: 0,0, Avg: 0,0, Max: 0,0, Diff: 0,0, Sum: 0,0]
      [GC Worker Total (ms): Min: 3,9, Avg: 6,5, Max: 7,4, Diff: 3,5, Sum: 26,1]
      [GC Worker End (ms): Min: 3799052,1, Avg: 3799052,1, Max: 3799052,2, Diff: 0,0]
   [Code Root Fixup: 0,0 ms]
   [Code Root Purge: 0,0 ms]
   [Clear CT: 0,1 ms]
   [Other: 4,9 ms]
      [Choose CSet: 0,0 ms]
      [Ref Proc: 4,4 ms]
      [Ref Enq: 0,0 ms]
      [Redirty Cards: 0,1 ms]
      [Humongous Register: 0,1 ms]
      [Humongous Reclaim: 0,0 ms]
      [Free CSet: 0,1 ms]
   [Eden: 125,0M(50176,0K)->0,0B(612,0M) Survivors: 2048,0K->2048,0K Heap: 285,7M(1024,0M)->159,3M(1024,0M)]
 [Times: user=0,03 sys=0,00, real=0,01 secs] 
2020-09-27T21:02:50.405-0300: 3800,857: [GC pause (G1 Evacuation Pause) (young), 0,0266977 secs]
   [Parallel Time: 15,0 ms, GC Workers: 4]
      [GC Worker Start (ms): Min: 3800856,8, Avg: 3800859,5, Max: 3800864,1, Diff: 7,3]
      [Ext Root Scanning (ms): Min: 0,0, Avg: 0,5, Max: 1,0, Diff: 1,0, Sum: 1,9]
      [Update RS (ms): Min: 0,0, Avg: 0,8, Max: 1,6, Diff: 1,6, Sum: 3,1]
         [Processed Buffers: Min: 0, Avg: 11,8, Max: 39, Diff: 39, Sum: 47]
      [Scan RS (ms): Min: 0,0, Avg: 1,3, Max: 2,1, Diff: 2,1, Sum: 5,4]
      [Code Root Scanning (ms): Min: 0,0, Avg: 0,0, Max: 0,0, Diff: 0,0, Sum: 0,0]
      [Object Copy (ms): Min: 0,0, Avg: 1,5, Max: 2,1, Diff: 2,1, Sum: 6,1]
      [Termination (ms): Min: 0,0, Avg: 3,0, Max: 8,3, Diff: 8,3, Sum: 11,8]
         [Termination Attempts: Min: 1, Avg: 1,0, Max: 1, Diff: 0, Sum: 4]
      [GC Worker Other (ms): Min: 0,0, Avg: 0,0, Max: 0,0, Diff: 0,0, Sum: 0,0]
      [GC Worker Total (ms): Min: 0,0, Avg: 7,1, Max: 11,5, Diff: 11,5, Sum: 28,4]
      [GC Worker End (ms): Min: 3800864,1, Avg: 3800866,6, Max: 3800871,8, Diff: 7,6]
   [Code Root Fixup: 0,0 ms]
   [Code Root Purge: 0,0 ms]
   [Clear CT: 0,1 ms]
   [Other: 11,6 ms]
      [Choose CSet: 0,0 ms]
      [Ref Proc: 11,0 ms]
      [Ref Enq: 0,0 ms]
      [Redirty Cards: 0,1 ms]
      [Humongous Register: 0,1 ms]
      [Humongous Reclaim: 0,0 ms]
      [Free CSet: 0,1 ms]
   [Eden: 174,0M(50176,0K)->0,0B(50176,0K) Survivors: 2048,0K->2048,0K Heap: 335,9M(1024,0M)->158,9M(1024,0M)]
 [Times: user=0,04 sys=0,00, real=0,03 secs] 
2020-09-27T21:02:50.920-0300: 3801,372: [GC pause (G1 Evacuation Pause) (young), 0,0134093 secs]
   [Parallel Time: 10,6 ms, GC Workers: 4]
      [GC Worker Start (ms): Min: 3801372,3, Avg: 3801374,0, Max: 3801379,2, Diff: 6,9]
      [Ext Root Scanning (ms): Min: 0,0, Avg: 0,5, Max: 0,7, Diff: 0,7, Sum: 1,9]
      [Update RS (ms): Min: 0,0, Avg: 1,9, Max: 2,5, Diff: 2,5, Sum: 7,4]
         [Processed Buffers: Min: 0, Avg: 8,8, Max: 13, Diff: 13, Sum: 35]
      [Scan RS (ms): Min: 0,0, Avg: 0,4, Max: 0,5, Diff: 0,5, Sum: 1,4]
      [Code Root Scanning (ms): Min: 0,0, Avg: 0,0, Max: 0,0, Diff: 0,0, Sum: 0,0]
      [Object Copy (ms): Min: 0,0, Avg: 1,8, Max: 2,5, Diff: 2,5, Sum: 7,1]
      [Termination (ms): Min: 0,0, Avg: 1,8, Max: 4,7, Diff: 4,7, Sum: 7,1]
         [Termination Attempts: Min: 1, Avg: 35,2, Max: 63, Diff: 62, Sum: 141]
      [GC Worker Other (ms): Min: 0,0, Avg: 0,0, Max: 0,0, Diff: 0,0, Sum: 0,0]
      [GC Worker Total (ms): Min: 0,0, Avg: 6,3, Max: 10,5, Diff: 10,5, Sum: 25,0]
      [GC Worker End (ms): Min: 3801379,3, Avg: 3801380,3, Max: 3801382,8, Diff: 3,6]
   [Code Root Fixup: 0,0 ms]
   [Code Root Purge: 0,0 ms]
   [Clear CT: 0,1 ms]
   [Other: 2,7 ms]
      [Choose CSet: 0,0 ms]
      [Ref Proc: 2,2 ms]
      [Ref Enq: 0,0 ms]
      [Redirty Cards: 0,1 ms]
      [Humongous Register: 0,1 ms]
      [Humongous Reclaim: 0,0 ms]
      [Free CSet: 0,0 ms]
   [Eden: 50176,0K(50176,0K)->0,0B(612,0M) Survivors: 2048,0K->2048,0K Heap: 208,8M(1024,0M)->159,9M(1024,0M)]
 [Times: user=0,03 sys=0,00, real=0,02 secs] 
2020-09-27T21:02:53.407-0300: 3803,859: [GC pause (G1 Evacuation Pause) (young), 0,0106837 secs]
   [Parallel Time: 9,0 ms, GC Workers: 4]
      [GC Worker Start (ms): Min: 3803859,6, Avg: 3803859,9, Max: 3803860,2, Diff: 0,6]
      [Ext Root Scanning (ms): Min: 0,3, Avg: 1,4, Max: 4,0, Diff: 3,6, Sum: 5,6]
      [Update RS (ms): Min: 0,0, Avg: 1,0, Max: 1,4, Diff: 1,4, Sum: 4,0]
         [Processed Buffers: Min: 0, Avg: 10,8, Max: 24, Diff: 24, Sum: 43]
      [Scan RS (ms): Min: 0,2, Avg: 2,3, Max: 5,1, Diff: 4,9, Sum: 9,0]
      [Code Root Scanning (ms): Min: 0,0, Avg: 0,0, Max: 0,0, Diff: 0,0, Sum: 0,0]
      [Object Copy (ms): Min: 0,1, Avg: 1,9, Max: 2,4, Diff: 2,3, Sum: 7,4]
      [Termination (ms): Min: 0,0, Avg: 1,4, Max: 2,3, Diff: 2,3, Sum: 5,7]
         [Termination Attempts: Min: 1, Avg: 1,8, Max: 3, Diff: 2, Sum: 7]
      [GC Worker Other (ms): Min: 0,0, Avg: 0,0, Max: 0,0, Diff: 0,0, Sum: 0,0]
      [GC Worker Total (ms): Min: 6,9, Avg: 8,0, Max: 8,9, Diff: 2,0, Sum: 31,8]
      [GC Worker End (ms): Min: 3803867,2, Avg: 3803867,9, Max: 3803868,5, Diff: 1,4]
   [Code Root Fixup: 0,0 ms]
   [Code Root Purge: 0,0 ms]
   [Clear CT: 0,2 ms]
   [Other: 1,5 ms]
      [Choose CSet: 0,0 ms]
      [Ref Proc: 1,0 ms]
      [Ref Enq: 0,0 ms]
      [Redirty Cards: 0,1 ms]
      [Humongous Register: 0,1 ms]
      [Humongous Reclaim: 0,0 ms]
      [Free CSet: 0,1 ms]
   [Eden: 234,0M(50176,0K)->0,0B(612,0M) Survivors: 2048,0K->2048,0K Heap: 396,4M(1024,0M)->159,5M(1024,0M)]
 [Times: user=0,03 sys=0,00, real=0,01 secs] 
2020-09-27T21:02:54.913-0300: 3805,366: [GC pause (G1 Evacuation Pause) (young), 0,0240293 secs]
   [Parallel Time: 22,5 ms, GC Workers: 4]
      [GC Worker Start (ms): Min: 3805365,7, Avg: 3805369,1, Max: 3805372,3, Diff: 6,6]
      [Ext Root Scanning (ms): Min: 0,0, Avg: 0,4, Max: 1,6, Diff: 1,6, Sum: 1,6]
      [Update RS (ms): Min: 0,0, Avg: 1,5, Max: 5,2, Diff: 5,2, Sum: 6,0]
         [Processed Buffers: Min: 0, Avg: 10,5, Max: 27, Diff: 27, Sum: 42]
      [Scan RS (ms): Min: 0,0, Avg: 1,3, Max: 2,7, Diff: 2,7, Sum: 5,3]
      [Code Root Scanning (ms): Min: 0,0, Avg: 0,0, Max: 0,0, Diff: 0,0, Sum: 0,0]
      [Object Copy (ms): Min: 3,3, Avg: 3,7, Max: 4,3, Diff: 1,0, Sum: 15,0]
      [Termination (ms): Min: 0,0, Avg: 3,4, Max: 12,4, Diff: 12,4, Sum: 13,6]
         [Termination Attempts: Min: 1, Avg: 1,0, Max: 1, Diff: 0, Sum: 4]
      [GC Worker Other (ms): Min: 0,0, Avg: 1,6, Max: 6,4, Diff: 6,4, Sum: 6,4]
      [GC Worker Total (ms): Min: 4,4, Avg: 12,0, Max: 22,5, Diff: 18,1, Sum: 48,0]
      [GC Worker End (ms): Min: 3805376,5, Avg: 3805381,1, Max: 3805388,2, Diff: 11,7]
   [Code Root Fixup: 0,0 ms]
   [Code Root Purge: 0,0 ms]
   [Clear CT: 0,1 ms]
   [Other: 1,3 ms]
      [Choose CSet: 0,0 ms]
      [Ref Proc: 0,9 ms]
      [Ref Enq: 0,0 ms]
      [Redirty Cards: 0,1 ms]
      [Humongous Register: 0,1 ms]
      [Humongous Reclaim: 0,0 ms]
      [Free CSet: 0,1 ms]
   [Eden: 78848,0K(50176,0K)->0,0B(612,0M) Survivors: 2048,0K->2048,0K Heap: 241,5M(1024,0M)->159,6M(1024,0M)]
 [Times: user=0,02 sys=0,00, real=0,02 secs] 
2020-09-27T21:02:56.699-0300: 3807,151: [GC pause (G1 Evacuation Pause) (young), 0,0149460 secs]
   [Parallel Time: 12,0 ms, GC Workers: 4]
      [GC Worker Start (ms): Min: 3807151,5, Avg: 3807153,9, Max: 3807156,2, Diff: 4,7]
      [Ext Root Scanning (ms): Min: 0,0, Avg: 0,5, Max: 1,1, Diff: 1,1, Sum: 2,1]
      [Update RS (ms): Min: 0,0, Avg: 1,0, Max: 2,0, Diff: 2,0, Sum: 4,1]
         [Processed Buffers: Min: 0, Avg: 13,0, Max: 33, Diff: 33, Sum: 52]
      [Scan RS (ms): Min: 1,3, Avg: 4,3, Max: 7,6, Diff: 6,3, Sum: 17,1]
      [Code Root Scanning (ms): Min: 0,0, Avg: 0,0, Max: 0,0, Diff: 0,0, Sum: 0,0]
      [Object Copy (ms): Min: 0,1, Avg: 2,3, Max: 4,6, Diff: 4,5, Sum: 9,4]
      [Termination (ms): Min: 0,0, Avg: 0,6, Max: 1,6, Diff: 1,6, Sum: 2,3]
         [Termination Attempts: Min: 1, Avg: 1,2, Max: 2, Diff: 1, Sum: 5]
      [GC Worker Other (ms): Min: 0,0, Avg: 0,0, Max: 0,0, Diff: 0,0, Sum: 0,0]
      [GC Worker Total (ms): Min: 6,1, Avg: 8,8, Max: 11,0, Diff: 5,0, Sum: 35,1]
      [GC Worker End (ms): Min: 3807162,3, Avg: 3807162,6, Max: 3807163,4, Diff: 1,2]
   [Code Root Fixup: 0,0 ms]
   [Code Root Purge: 0,0 ms]
   [Clear CT: 0,2 ms]
   [Other: 2,8 ms]
      [Choose CSet: 0,0 ms]
      [Ref Proc: 2,1 ms]
      [Ref Enq: 0,0 ms]
      [Redirty Cards: 0,2 ms]
      [Humongous Register: 0,1 ms]
      [Humongous Reclaim: 0,0 ms]
      [Free CSet: 0,1 ms]
   [Eden: 130,0M(50176,0K)->0,0B(611,0M) Survivors: 2048,0K->3072,0K Heap: 301,4M(1024,0M)->161,3M(1024,0M)]
 [Times: user=0,02 sys=0,01, real=0,02 secs] 
2020-09-27T21:04:07.261-0300: 3877,713: [GC pause (G1 Evacuation Pause) (young), 0,0308056 secs]
   [Parallel Time: 27,3 ms, GC Workers: 4]
      [GC Worker Start (ms): Min: 3877713,4, Avg: 3877721,0, Max: 3877726,8, Diff: 13,4]
      [Ext Root Scanning (ms): Min: 0,0, Avg: 0,4, Max: 1,7, Diff: 1,6, Sum: 1,7]
      [Update RS (ms): Min: 0,0, Avg: 1,2, Max: 4,6, Diff: 4,6, Sum: 4,6]
         [Processed Buffers: Min: 0, Avg: 15,0, Max: 60, Diff: 60, Sum: 60]
      [Scan RS (ms): Min: 0,1, Avg: 10,0, Max: 20,8, Diff: 20,6, Sum: 40,2]
      [Code Root Scanning (ms): Min: 0,0, Avg: 0,0, Max: 0,0, Diff: 0,0, Sum: 0,0]
      [Object Copy (ms): Min: 0,0, Avg: 5,1, Max: 10,6, Diff: 10,6, Sum: 20,5]
      [Termination (ms): Min: 0,0, Avg: 2,8, Max: 4,6, Diff: 4,6, Sum: 11,3]
         [Termination Attempts: Min: 1, Avg: 1,0, Max: 1, Diff: 0, Sum: 4]
      [GC Worker Other (ms): Min: 0,0, Avg: 0,0, Max: 0,0, Diff: 0,0, Sum: 0,0]
      [GC Worker Total (ms): Min: 13,8, Avg: 19,6, Max: 27,2, Diff: 13,4, Sum: 78,4]
      [GC Worker End (ms): Min: 3877740,6, Avg: 3877740,6, Max: 3877740,6, Diff: 0,1]
   [Code Root Fixup: 0,0 ms]
   [Code Root Purge: 0,0 ms]
   [Clear CT: 0,2 ms]
   [Other: 3,3 ms]
      [Choose CSet: 0,0 ms]
      [Ref Proc: 2,8 ms]
      [Ref Enq: 0,0 ms]
      [Redirty Cards: 0,1 ms]
      [Humongous Register: 0,1 ms]
      [Humongous Reclaim: 0,0 ms]
      [Free CSet: 0,2 ms]
   [Eden: 334,0M(49152,0K)->0,0B(50176,0K) Survivors: 3072,0K->2048,0K Heap: 508,9M(1024,0M)->159,5M(1024,0M)]
 [Times: user=0,03 sys=0,00, real=0,03 secs] 
2020-09-27T21:04:07.724-0300: 3878,177: [GC pause (G1 Evacuation Pause) (young), 0,0361170 secs]
   [Parallel Time: 33,8 ms, GC Workers: 4]
      [GC Worker Start (ms): Min: 3878176,7, Avg: 3878183,3, Max: 3878192,2, Diff: 15,6]
      [Ext Root Scanning (ms): Min: 0,0, Avg: 0,5, Max: 1,8, Diff: 1,8, Sum: 1,9]
      [Update RS (ms): Min: 0,0, Avg: 9,4, Max: 17,4, Diff: 17,4, Sum: 37,5]
         [Processed Buffers: Min: 0, Avg: 10,0, Max: 31, Diff: 31, Sum: 40]
      [Scan RS (ms): Min: 0,0, Avg: 0,1, Max: 0,3, Diff: 0,3, Sum: 0,3]
      [Code Root Scanning (ms): Min: 0,0, Avg: 0,0, Max: 0,0, Diff: 0,0, Sum: 0,0]
      [Object Copy (ms): Min: 0,2, Avg: 6,4, Max: 22,6, Diff: 22,4, Sum: 25,7]
      [Termination (ms): Min: 0,0, Avg: 10,7, Max: 15,5, Diff: 15,5, Sum: 42,7]
         [Termination Attempts: Min: 1, Avg: 1,0, Max: 1, Diff: 0, Sum: 4]
      [GC Worker Other (ms): Min: 0,0, Avg: 0,0, Max: 0,0, Diff: 0,0, Sum: 0,0]
      [GC Worker Total (ms): Min: 18,2, Avg: 27,0, Max: 33,7, Diff: 15,5, Sum: 108,0]
      [GC Worker End (ms): Min: 3878210,1, Avg: 3878210,3, Max: 3878210,4, Diff: 0,3]
   [Code Root Fixup: 0,0 ms]
   [Code Root Purge: 0,0 ms]
   [Clear CT: 0,1 ms]
   [Other: 2,2 ms]
      [Choose CSet: 0,0 ms]
      [Ref Proc: 1,7 ms]
      [Ref Enq: 0,0 ms]
      [Redirty Cards: 0,1 ms]
      [Humongous Register: 0,1 ms]
      [Humongous Reclaim: 0,1 ms]
      [Free CSet: 0,0 ms]
   [Eden: 50176,0K(50176,0K)->0,0B(50176,0K) Survivors: 2048,0K->2048,0K Heap: 209,1M(1024,0M)->159,5M(1024,0M)]
 [Times: user=0,03 sys=0,00, real=0,04 secs] 
2020-09-27T21:04:08.173-0300: 3878,625: [GC pause (G1 Evacuation Pause) (young), 0,0312320 secs]
   [Parallel Time: 28,3 ms, GC Workers: 4]
      [GC Worker Start (ms): Min: 3878625,5, Avg: 3878633,6, Max: 3878640,3, Diff: 14,8]
      [Ext Root Scanning (ms): Min: 0,0, Avg: 0,5, Max: 1,8, Diff: 1,8, Sum: 1,8]
      [Update RS (ms): Min: 0,0, Avg: 10,1, Max: 26,1, Diff: 26,1, Sum: 40,5]
         [Processed Buffers: Min: 0, Avg: 8,5, Max: 15, Diff: 15, Sum: 34]
      [Scan RS (ms): Min: 0,0, Avg: 0,3, Max: 1,3, Diff: 1,3, Sum: 1,3]
      [Code Root Scanning (ms): Min: 0,0, Avg: 0,0, Max: 0,0, Diff: 0,0, Sum: 0,0]
      [Object Copy (ms): Min: 0,1, Avg: 3,7, Max: 9,2, Diff: 9,2, Sum: 14,7]
      [Termination (ms): Min: 0,0, Avg: 5,6, Max: 8,2, Diff: 8,2, Sum: 22,2]
         [Termination Attempts: Min: 1, Avg: 1,0, Max: 1, Diff: 0, Sum: 4]
      [GC Worker Other (ms): Min: 0,0, Avg: 0,0, Max: 0,0, Diff: 0,0, Sum: 0,0]
      [GC Worker Total (ms): Min: 13,4, Avg: 20,1, Max: 28,1, Diff: 14,8, Sum: 80,6]
      [GC Worker End (ms): Min: 3878653,7, Avg: 3878653,7, Max: 3878653,8, Diff: 0,1]
   [Code Root Fixup: 0,0 ms]
   [Code Root Purge: 0,0 ms]
   [Clear CT: 0,2 ms]
   [Other: 2,8 ms]
      [Choose CSet: 0,0 ms]
      [Ref Proc: 2,4 ms]
      [Ref Enq: 0,0 ms]
      [Redirty Cards: 0,1 ms]
      [Humongous Register: 0,1 ms]
      [Humongous Reclaim: 0,0 ms]
      [Free CSet: 0,0 ms]
   [Eden: 50176,0K(50176,0K)->0,0B(50176,0K) Survivors: 2048,0K->2048,0K Heap: 208,5M(1024,0M)->159,9M(1024,0M)]
 [Times: user=0,03 sys=0,00, real=0,03 secs] 
2020-09-27T21:04:08.539-0300: 3878,991: [GC pause (G1 Evacuation Pause) (young), 0,0165072 secs]
   [Parallel Time: 14,1 ms, GC Workers: 4]
      [GC Worker Start (ms): Min: 3878991,5, Avg: 3878996,2, Max: 3879000,7, Diff: 9,2]
      [Ext Root Scanning (ms): Min: 0,0, Avg: 0,4, Max: 1,7, Diff: 1,7, Sum: 1,7]
      [Update RS (ms): Min: 0,0, Avg: 4,2, Max: 12,0, Diff: 12,0, Sum: 16,7]
         [Processed Buffers: Min: 0, Avg: 9,0, Max: 17, Diff: 17, Sum: 36]
      [Scan RS (ms): Min: 0,0, Avg: 0,5, Max: 1,0, Diff: 1,0, Sum: 2,0]
      [Code Root Scanning (ms): Min: 0,0, Avg: 0,0, Max: 0,0, Diff: 0,0, Sum: 0,0]
      [Object Copy (ms): Min: 0,3, Avg: 2,5, Max: 4,1, Diff: 3,8, Sum: 9,9]
      [Termination (ms): Min: 0,0, Avg: 1,8, Max: 2,7, Diff: 2,7, Sum: 7,4]
         [Termination Attempts: Min: 1, Avg: 1,2, Max: 2, Diff: 1, Sum: 5]
      [GC Worker Other (ms): Min: 0,0, Avg: 0,0, Max: 0,0, Diff: 0,0, Sum: 0,0]
      [GC Worker Total (ms): Min: 4,9, Avg: 9,4, Max: 14,1, Diff: 9,2, Sum: 37,7]
      [GC Worker End (ms): Min: 3879005,6, Avg: 3879005,6, Max: 3879005,6, Diff: 0,0]
   [Code Root Fixup: 0,0 ms]
   [Code Root Purge: 0,0 ms]
   [Clear CT: 0,3 ms]
   [Other: 2,0 ms]
      [Choose CSet: 0,0 ms]
      [Ref Proc: 1,6 ms]
      [Ref Enq: 0,0 ms]
      [Redirty Cards: 0,1 ms]
      [Humongous Register: 0,1 ms]
      [Humongous Reclaim: 0,0 ms]
      [Free CSet: 0,0 ms]
   [Eden: 50176,0K(50176,0K)->0,0B(50176,0K) Survivors: 2048,0K->2048,0K Heap: 209,5M(1024,0M)->159,4M(1024,0M)]
 [Times: user=0,03 sys=0,00, real=0,02 secs] 
2020-09-27T21:04:09.019-0300: 3879,471: [GC pause (G1 Evacuation Pause) (young), 0,0077475 secs]
   [Parallel Time: 6,6 ms, GC Workers: 4]
      [GC Worker Start (ms): Min: 3879471,5, Avg: 3879472,7, Max: 3879476,2, Diff: 4,7]
      [Ext Root Scanning (ms): Min: 0,0, Avg: 0,5, Max: 0,7, Diff: 0,6, Sum: 1,8]
      [Update RS (ms): Min: 0,0, Avg: 1,0, Max: 1,4, Diff: 1,4, Sum: 4,0]
         [Processed Buffers: Min: 0, Avg: 7,5, Max: 19, Diff: 19, Sum: 30]
      [Scan RS (ms): Min: 0,0, Avg: 1,2, Max: 1,7, Diff: 1,7, Sum: 5,0]
      [Code Root Scanning (ms): Min: 0,0, Avg: 0,0, Max: 0,0, Diff: 0,0, Sum: 0,0]
      [Object Copy (ms): Min: 1,0, Avg: 2,0, Max: 2,9, Diff: 1,9, Sum: 7,9]
      [Termination (ms): Min: 0,0, Avg: 0,7, Max: 0,9, Diff: 0,9, Sum: 2,6]
         [Termination Attempts: Min: 1, Avg: 1,8, Max: 3, Diff: 2, Sum: 7]
      [GC Worker Other (ms): Min: 0,0, Avg: 0,0, Max: 0,0, Diff: 0,0, Sum: 0,0]
      [GC Worker Total (ms): Min: 1,8, Avg: 5,3, Max: 6,5, Diff: 4,7, Sum: 21,4]
      [GC Worker End (ms): Min: 3879478,0, Avg: 3879478,1, Max: 3879478,1, Diff: 0,1]
   [Code Root Fixup: 0,0 ms]
   [Code Root Purge: 0,0 ms]
   [Clear CT: 0,1 ms]
   [Other: 1,1 ms]
      [Choose CSet: 0,0 ms]
      [Ref Proc: 0,8 ms]
      [Ref Enq: 0,0 ms]
      [Redirty Cards: 0,1 ms]
      [Humongous Register: 0,1 ms]
      [Humongous Reclaim: 0,0 ms]
      [Free CSet: 0,0 ms]
   [Eden: 50176,0K(50176,0K)->0,0B(50176,0K) Survivors: 2048,0K->2048,0K Heap: 209,6M(1024,0M)->159,8M(1024,0M)]
 [Times: user=0,02 sys=0,00, real=0,01 secs] 
2020-09-27T21:04:09.365-0300: 3879,817: [GC pause (G1 Evacuation Pause) (young), 0,0234804 secs]
   [Parallel Time: 10,7 ms, GC Workers: 4]
      [GC Worker Start (ms): Min: 3879817,3, Avg: 3879823,4, Max: 3879828,0, Diff: 10,6]
      [Ext Root Scanning (ms): Min: 0,0, Avg: 0,3, Max: 1,3, Diff: 1,3, Sum: 1,4]
      [Update RS (ms): Min: 0,0, Avg: 0,6, Max: 2,4, Diff: 2,4, Sum: 2,4]
         [Processed Buffers: Min: 0, Avg: 7,8, Max: 31, Diff: 31, Sum: 31]
      [Scan RS (ms): Min: 0,0, Avg: 0,7, Max: 2,9, Diff: 2,9, Sum: 2,9]
      [Code Root Scanning (ms): Min: 0,0, Avg: 0,0, Max: 0,0, Diff: 0,0, Sum: 0,0]
      [Object Copy (ms): Min: 0,0, Avg: 2,4, Max: 3,4, Diff: 3,4, Sum: 9,6]
      [Termination (ms): Min: 0,0, Avg: 0,5, Max: 0,7, Diff: 0,7, Sum: 2,0]
         [Termination Attempts: Min: 1, Avg: 2,2, Max: 5, Diff: 4, Sum: 9]
      [GC Worker Other (ms): Min: 0,0, Avg: 0,0, Max: 0,0, Diff: 0,0, Sum: 0,0]
      [GC Worker Total (ms): Min: 0,0, Avg: 4,6, Max: 10,7, Diff: 10,7, Sum: 18,3]
      [GC Worker End (ms): Min: 3879828,0, Avg: 3879828,0, Max: 3879828,0, Diff: 0,0]
   [Code Root Fixup: 0,0 ms]
   [Code Root Purge: 0,0 ms]
   [Clear CT: 0,1 ms]
   [Other: 12,7 ms]
      [Choose CSet: 0,0 ms]
      [Ref Proc: 12,3 ms]
      [Ref Enq: 0,0 ms]
      [Redirty Cards: 0,1 ms]
      [Humongous Register: 0,0 ms]
      [Humongous Reclaim: 0,0 ms]
      [Free CSet: 0,1 ms]
   [Eden: 50176,0K(50176,0K)->0,0B(50176,0K) Survivors: 2048,0K->2048,0K Heap: 209,9M(1024,0M)->159,7M(1024,0M)]
 [Times: user=0,03 sys=0,00, real=0,03 secs] 
2020-09-27T21:04:09.906-0300: 3880,358: [GC pause (G1 Evacuation Pause) (young), 0,0115550 secs]
   [Parallel Time: 10,8 ms, GC Workers: 4]
      [GC Worker Start (ms): Min: 3880357,9, Avg: 3880359,2, Max: 3880360,9, Diff: 3,1]
      [Ext Root Scanning (ms): Min: 0,0, Avg: 0,5, Max: 1,0, Diff: 1,0, Sum: 1,9]
      [Update RS (ms): Min: 2,1, Avg: 4,2, Max: 6,6, Diff: 4,5, Sum: 16,9]
         [Processed Buffers: Min: 1, Avg: 11,0, Max: 32, Diff: 31, Sum: 44]
      [Scan RS (ms): Min: 0,0, Avg: 0,4, Max: 0,8, Diff: 0,8, Sum: 1,6]
      [Code Root Scanning (ms): Min: 0,0, Avg: 0,0, Max: 0,0, Diff: 0,0, Sum: 0,0]
      [Object Copy (ms): Min: 1,6, Avg: 3,1, Max: 4,0, Diff: 2,4, Sum: 12,3]
      [Termination (ms): Min: 0,0, Avg: 0,7, Max: 1,5, Diff: 1,5, Sum: 2,7]
         [Termination Attempts: Min: 1, Avg: 1,0, Max: 1, Diff: 0, Sum: 4]
      [GC Worker Other (ms): Min: 0,0, Avg: 0,0, Max: 0,0, Diff: 0,0, Sum: 0,0]
      [GC Worker Total (ms): Min: 6,9, Avg: 8,8, Max: 10,7, Diff: 3,8, Sum: 35,3]
      [GC Worker End (ms): Min: 3880367,8, Avg: 3880368,1, Max: 3880368,6, Diff: 0,8]
   [Code Root Fixup: 0,0 ms]
   [Code Root Purge: 0,0 ms]
   [Clear CT: 0,1 ms]
   [Other: 0,7 ms]
      [Choose CSet: 0,0 ms]
      [Ref Proc: 0,2 ms]
      [Ref Enq: 0,0 ms]
      [Redirty Cards: 0,2 ms]
      [Humongous Register: 0,1 ms]
      [Humongous Reclaim: 0,0 ms]
      [Free CSet: 0,0 ms]
   [Eden: 50176,0K(50176,0K)->0,0B(50176,0K) Survivors: 2048,0K->2048,0K Heap: 209,3M(1024,0M)->160,5M(1024,0M)]
 [Times: user=0,02 sys=0,00, real=0,01 secs] 
2020-09-27T21:04:10.520-0300: 3880,972: [GC pause (G1 Evacuation Pause) (young), 0,0164152 secs]
   [Parallel Time: 10,1 ms, GC Workers: 4]
      [GC Worker Start (ms): Min: 3880972,4, Avg: 3880974,9, Max: 3880977,4, Diff: 5,0]
      [Ext Root Scanning (ms): Min: 0,0, Avg: 0,5, Max: 1,0, Diff: 1,0, Sum: 1,9]
      [Update RS (ms): Min: 0,0, Avg: 1,7, Max: 3,5, Diff: 3,5, Sum: 6,8]
         [Processed Buffers: Min: 0, Avg: 7,8, Max: 26, Diff: 26, Sum: 31]
      [Scan RS (ms): Min: 0,6, Avg: 2,6, Max: 5,7, Diff: 5,2, Sum: 10,3]
      [Code Root Scanning (ms): Min: 0,0, Avg: 0,0, Max: 0,0, Diff: 0,0, Sum: 0,0]
      [Object Copy (ms): Min: 0,1, Avg: 1,4, Max: 2,6, Diff: 2,5, Sum: 5,6]
      [Termination (ms): Min: 0,0, Avg: 1,5, Max: 2,0, Diff: 2,0, Sum: 5,8]
         [Termination Attempts: Min: 1, Avg: 4,5, Max: 10, Diff: 9, Sum: 18]
      [GC Worker Other (ms): Min: 0,0, Avg: 0,0, Max: 0,0, Diff: 0,0, Sum: 0,0]
      [GC Worker Total (ms): Min: 5,1, Avg: 7,6, Max: 10,1, Diff: 5,0, Sum: 30,4]
      [GC Worker End (ms): Min: 3880982,5, Avg: 3880982,5, Max: 3880982,5, Diff: 0,0]
   [Code Root Fixup: 0,0 ms]
   [Code Root Purge: 0,0 ms]
   [Clear CT: 0,1 ms]
   [Other: 6,2 ms]
      [Choose CSet: 0,0 ms]
      [Ref Proc: 5,8 ms]
      [Ref Enq: 0,0 ms]
      [Redirty Cards: 0,1 ms]
      [Humongous Register: 0,1 ms]
      [Humongous Reclaim: 0,0 ms]
      [Free CSet: 0,0 ms]
   [Eden: 50176,0K(50176,0K)->0,0B(50176,0K) Survivors: 2048,0K->2048,0K Heap: 209,5M(1024,0M)->159,9M(1024,0M)]
 [Times: user=0,02 sys=0,00, real=0,01 secs] 
2020-09-27T21:04:11.276-0300: 3881,728: [GC pause (G1 Evacuation Pause) (young), 0,0404162 secs]
   [Parallel Time: 15,0 ms, GC Workers: 4]
      [GC Worker Start (ms): Min: 3881728,5, Avg: 3881732,1, Max: 3881735,5, Diff: 7,0]
      [Ext Root Scanning (ms): Min: 0,0, Avg: 0,4, Max: 1,7, Diff: 1,7, Sum: 1,7]
      [Update RS (ms): Min: 0,0, Avg: 2,0, Max: 5,9, Diff: 5,9, Sum: 8,1]
         [Processed Buffers: Min: 0, Avg: 8,0, Max: 17, Diff: 17, Sum: 32]
      [Scan RS (ms): Min: 0,1, Avg: 2,3, Max: 6,3, Diff: 6,2, Sum: 9,2]
      [Code Root Scanning (ms): Min: 0,0, Avg: 0,0, Max: 0,0, Diff: 0,0, Sum: 0,0]
      [Object Copy (ms): Min: 0,0, Avg: 2,4, Max: 3,3, Diff: 3,3, Sum: 9,5]
      [Termination (ms): Min: 0,0, Avg: 1,9, Max: 4,5, Diff: 4,5, Sum: 7,6]
         [Termination Attempts: Min: 1, Avg: 1,2, Max: 2, Diff: 1, Sum: 5]
      [GC Worker Other (ms): Min: 0,0, Avg: 0,0, Max: 0,0, Diff: 0,0, Sum: 0,1]
      [GC Worker Total (ms): Min: 6,4, Avg: 9,0, Max: 11,2, Diff: 4,8, Sum: 36,2]
      [GC Worker End (ms): Min: 3881739,6, Avg: 3881741,2, Max: 3881743,4, Diff: 3,8]
   [Code Root Fixup: 0,0 ms]
   [Code Root Purge: 0,0 ms]
   [Clear CT: 1,4 ms]
   [Other: 24,0 ms]
      [Choose CSet: 0,0 ms]
      [Ref Proc: 17,5 ms]
      [Ref Enq: 0,0 ms]
      [Redirty Cards: 6,1 ms]
      [Humongous Register: 0,1 ms]
      [Humongous Reclaim: 0,0 ms]
      [Free CSet: 0,1 ms]
   [Eden: 50176,0K(50176,0K)->0,0B(51200,0K) Survivors: 2048,0K->1024,0K Heap: 210,2M(1024,0M)->159,8M(1024,0M)]
 [Times: user=0,02 sys=0,00, real=0,04 secs] 
2020-09-27T21:04:11.933-0300: 3882,385: [GC pause (G1 Evacuation Pause) (young), 0,0309576 secs]
   [Parallel Time: 27,1 ms, GC Workers: 4]
      [GC Worker Start (ms): Min: 3882384,8, Avg: 3882389,0, Max: 3882395,4, Diff: 10,6]
      [Ext Root Scanning (ms): Min: 0,0, Avg: 0,5, Max: 1,0, Diff: 1,0, Sum: 2,0]
      [Update RS (ms): Min: 0,0, Avg: 1,4, Max: 3,0, Diff: 3,0, Sum: 5,6]
         [Processed Buffers: Min: 0, Avg: 7,2, Max: 24, Diff: 24, Sum: 29]
      [Scan RS (ms): Min: 0,0, Avg: 1,0, Max: 2,2, Diff: 2,2, Sum: 4,0]
      [Code Root Scanning (ms): Min: 0,0, Avg: 0,0, Max: 0,0, Diff: 0,0, Sum: 0,0]
      [Object Copy (ms): Min: 0,0, Avg: 4,8, Max: 11,2, Diff: 11,2, Sum: 19,3]
      [Termination (ms): Min: 0,0, Avg: 7,6, Max: 16,9, Diff: 16,9, Sum: 30,4]
         [Termination Attempts: Min: 1, Avg: 1,2, Max: 2, Diff: 1, Sum: 5]
      [GC Worker Other (ms): Min: 0,0, Avg: 0,0, Max: 0,0, Diff: 0,0, Sum: 0,0]
      [GC Worker Total (ms): Min: 6,4, Avg: 15,3, Max: 27,0, Diff: 20,6, Sum: 61,4]
      [GC Worker End (ms): Min: 3882401,8, Avg: 3882404,3, Max: 3882411,8, Diff: 10,0]
   [Code Root Fixup: 0,0 ms]
   [Code Root Purge: 0,0 ms]
   [Clear CT: 0,1 ms]
   [Other: 3,8 ms]
      [Choose CSet: 0,0 ms]
      [Ref Proc: 3,3 ms]
      [Ref Enq: 0,0 ms]
      [Redirty Cards: 0,1 ms]
      [Humongous Register: 0,1 ms]
      [Humongous Reclaim: 0,0 ms]
      [Free CSet: 0,0 ms]
   [Eden: 51200,0K(51200,0K)->0,0B(50176,0K) Survivors: 1024,0K->2048,0K Heap: 210,4M(1024,0M)->160,0M(1024,0M)]
 [Times: user=0,05 sys=0,00, real=0,03 secs] 
2020-09-27T21:04:12.722-0300: 3883,174: [GC pause (G1 Evacuation Pause) (young), 0,0130735 secs]
   [Parallel Time: 9,9 ms, GC Workers: 4]
      [GC Worker Start (ms): Min: 3883174,1, Avg: 3883177,2, Max: 3883180,2, Diff: 6,1]
      [Ext Root Scanning (ms): Min: 0,0, Avg: 0,4, Max: 0,9, Diff: 0,9, Sum: 1,7]
      [Update RS (ms): Min: 0,0, Avg: 1,7, Max: 3,4, Diff: 3,4, Sum: 6,8]
         [Processed Buffers: Min: 0, Avg: 8,0, Max: 22, Diff: 22, Sum: 32]
      [Scan RS (ms): Min: 0,0, Avg: 0,5, Max: 1,0, Diff: 1,0, Sum: 2,0]
      [Code Root Scanning (ms): Min: 0,0, Avg: 0,0, Max: 0,0, Diff: 0,0, Sum: 0,0]
      [Object Copy (ms): Min: 1,8, Avg: 3,1, Max: 4,6, Diff: 2,8, Sum: 12,3]
      [Termination (ms): Min: 0,0, Avg: 1,1, Max: 1,9, Diff: 1,9, Sum: 4,4]
         [Termination Attempts: Min: 1, Avg: 1,0, Max: 1, Diff: 0, Sum: 4]
      [GC Worker Other (ms): Min: 0,0, Avg: 0,0, Max: 0,0, Diff: 0,0, Sum: 0,0]
      [GC Worker Total (ms): Min: 3,7, Avg: 6,8, Max: 9,8, Diff: 6,1, Sum: 27,1]
      [GC Worker End (ms): Min: 3883183,9, Avg: 3883183,9, Max: 3883184,0, Diff: 0,0]
   [Code Root Fixup: 0,0 ms]
   [Code Root Purge: 0,0 ms]
   [Clear CT: 0,1 ms]
   [Other: 3,1 ms]
      [Choose CSet: 0,0 ms]
      [Ref Proc: 2,6 ms]
      [Ref Enq: 0,0 ms]
      [Redirty Cards: 0,1 ms]
      [Humongous Register: 0,1 ms]
      [Humongous Reclaim: 0,0 ms]
      [Free CSet: 0,1 ms]
   [Eden: 50176,0K(50176,0K)->0,0B(50176,0K) Survivors: 2048,0K->2048,0K Heap: 209,0M(1024,0M)->160,1M(1024,0M)]
 [Times: user=0,02 sys=0,00, real=0,01 secs] 
2020-09-27T21:04:13.343-0300: 3883,795: [GC pause (G1 Evacuation Pause) (young), 0,0259037 secs]
   [Parallel Time: 21,3 ms, GC Workers: 4]
      [GC Worker Start (ms): Min: 3883795,1, Avg: 3883801,9, Max: 3883808,2, Diff: 13,1]
      [Ext Root Scanning (ms): Min: 0,0, Avg: 0,4, Max: 1,5, Diff: 1,4, Sum: 1,5]
      [Update RS (ms): Min: 0,0, Avg: 5,6, Max: 19,6, Diff: 19,6, Sum: 22,5]
         [Processed Buffers: Min: 0, Avg: 7,8, Max: 26, Diff: 26, Sum: 31]
      [Scan RS (ms): Min: 0,0, Avg: 2,4, Max: 8,8, Diff: 8,7, Sum: 9,4]
      [Code Root Scanning (ms): Min: 0,0, Avg: 0,0, Max: 0,0, Diff: 0,0, Sum: 0,0]
      [Object Copy (ms): Min: 0,0, Avg: 1,9, Max: 5,7, Diff: 5,7, Sum: 7,7]
      [Termination (ms): Min: 0,0, Avg: 4,1, Max: 6,4, Diff: 6,4, Sum: 16,4]
         [Termination Attempts: Min: 1, Avg: 1,0, Max: 1, Diff: 0, Sum: 4]
      [GC Worker Other (ms): Min: 0,0, Avg: 0,0, Max: 0,0, Diff: 0,0, Sum: 0,0]
      [GC Worker Total (ms): Min: 8,1, Avg: 14,4, Max: 21,3, Diff: 13,1, Sum: 57,6]
      [GC Worker End (ms): Min: 3883816,3, Avg: 3883816,3, Max: 3883816,4, Diff: 0,0]
   [Code Root Fixup: 0,0 ms]
   [Code Root Purge: 0,0 ms]
   [Clear CT: 0,1 ms]
   [Other: 4,5 ms]
      [Choose CSet: 0,0 ms]
      [Ref Proc: 4,1 ms]
      [Ref Enq: 0,0 ms]
      [Redirty Cards: 0,1 ms]
      [Humongous Register: 0,1 ms]
      [Humongous Reclaim: 0,0 ms]
      [Free CSet: 0,0 ms]
   [Eden: 50176,0K(50176,0K)->0,0B(50176,0K) Survivors: 2048,0K->2048,0K Heap: 209,1M(1024,0M)->160,3M(1024,0M)]
 [Times: user=0,02 sys=0,00, real=0,03 secs] 
2020-09-27T21:04:14.078-0300: 3884,530: [GC pause (G1 Evacuation Pause) (young), 0,0338584 secs]
   [Parallel Time: 29,9 ms, GC Workers: 4]
      [GC Worker Start (ms): Min: 3884530,2, Avg: 3884531,2, Max: 3884532,3, Diff: 2,0]
      [Ext Root Scanning (ms): Min: 0,7, Avg: 3,0, Max: 7,7, Diff: 7,0, Sum: 12,0]
      [Update RS (ms): Min: 0,8, Avg: 9,0, Max: 18,6, Diff: 17,8, Sum: 36,1]
         [Processed Buffers: Min: 0, Avg: 8,5, Max: 26, Diff: 26, Sum: 34]
      [Scan RS (ms): Min: 0,1, Avg: 7,3, Max: 16,1, Diff: 16,0, Sum: 29,2]
      [Code Root Scanning (ms): Min: 0,0, Avg: 0,0, Max: 0,0, Diff: 0,0, Sum: 0,0]
      [Object Copy (ms): Min: 4,3, Avg: 6,1, Max: 7,7, Diff: 3,4, Sum: 24,3]
      [Termination (ms): Min: 0,0, Avg: 1,5, Max: 3,5, Diff: 3,5, Sum: 6,0]
         [Termination Attempts: Min: 1, Avg: 1,0, Max: 1, Diff: 0, Sum: 4]
      [GC Worker Other (ms): Min: 0,0, Avg: 0,0, Max: 0,0, Diff: 0,0, Sum: 0,0]
      [GC Worker Total (ms): Min: 24,9, Avg: 26,9, Max: 29,8, Diff: 4,9, Sum: 107,6]
      [GC Worker End (ms): Min: 3884557,2, Avg: 3884558,1, Max: 3884560,1, Diff: 2,9]
   [Code Root Fixup: 0,0 ms]
   [Code Root Purge: 0,0 ms]
   [Clear CT: 0,5 ms]
   [Other: 3,5 ms]
      [Choose CSet: 0,0 ms]
      [Ref Proc: 3,1 ms]
      [Ref Enq: 0,0 ms]
      [Redirty Cards: 0,1 ms]
      [Humongous Register: 0,1 ms]
      [Humongous Reclaim: 0,0 ms]
      [Free CSet: 0,0 ms]
   [Eden: 50176,0K(50176,0K)->0,0B(51200,0K) Survivors: 2048,0K->1024,0K Heap: 211,1M(1024,0M)->159,8M(1024,0M)]
 [Times: user=0,02 sys=0,00, real=0,04 secs] 
2020-09-27T21:04:14.854-0300: 3885,307: [GC pause (G1 Evacuation Pause) (young), 0,0360471 secs]
   [Parallel Time: 33,6 ms, GC Workers: 4]
      [GC Worker Start (ms): Min: 3885311,0, Avg: 3885317,5, Max: 3885322,4, Diff: 11,4]
      [Ext Root Scanning (ms): Min: 0,0, Avg: 0,4, Max: 1,7, Diff: 1,7, Sum: 1,7]
      [Update RS (ms): Min: 0,0, Avg: 4,6, Max: 16,3, Diff: 16,3, Sum: 18,6]
         [Processed Buffers: Min: 0, Avg: 7,0, Max: 24, Diff: 24, Sum: 28]
      [Scan RS (ms): Min: 0,0, Avg: 2,2, Max: 7,7, Diff: 7,7, Sum: 8,9]
      [Code Root Scanning (ms): Min: 0,0, Avg: 0,0, Max: 0,0, Diff: 0,0, Sum: 0,0]
      [Object Copy (ms): Min: 0,0, Avg: 1,8, Max: 4,1, Diff: 4,1, Sum: 7,2]
      [Termination (ms): Min: 0,0, Avg: 5,3, Max: 14,8, Diff: 14,8, Sum: 21,3]
         [Termination Attempts: Min: 1, Avg: 1,5, Max: 3, Diff: 2, Sum: 6]
      [GC Worker Other (ms): Min: 0,0, Avg: 0,0, Max: 0,0, Diff: 0,0, Sum: 0,0]
      [GC Worker Total (ms): Min: 8,9, Avg: 14,4, Max: 18,1, Diff: 9,2, Sum: 57,7]
      [GC Worker End (ms): Min: 3885329,1, Avg: 3885331,9, Max: 3885340,2, Diff: 11,1]
   [Code Root Fixup: 0,0 ms]
   [Code Root Purge: 0,0 ms]
   [Clear CT: 0,1 ms]
   [Other: 2,3 ms]
      [Choose CSet: 0,0 ms]
      [Ref Proc: 1,9 ms]
      [Ref Enq: 0,0 ms]
      [Redirty Cards: 0,1 ms]
      [Humongous Register: 0,1 ms]
      [Humongous Reclaim: 0,0 ms]
      [Free CSet: 0,0 ms]
   [Eden: 51200,0K(51200,0K)->0,0B(50176,0K) Survivors: 1024,0K->2048,0K Heap: 209,8M(1024,0M)->160,2M(1024,0M)]
 [Times: user=0,03 sys=0,00, real=0,04 secs] 
2020-09-27T21:04:15.509-0300: 3885,962: [GC pause (G1 Evacuation Pause) (young), 0,0345261 secs]
   [Parallel Time: 27,9 ms, GC Workers: 4]
      [GC Worker Start (ms): Min: 3885961,7, Avg: 3885965,6, Max: 3885970,8, Diff: 9,1]
      [Ext Root Scanning (ms): Min: 0,0, Avg: 0,5, Max: 1,0, Diff: 1,0, Sum: 1,9]
      [Update RS (ms): Min: 0,0, Avg: 0,8, Max: 1,6, Diff: 1,6, Sum: 3,1]
         [Processed Buffers: Min: 0, Avg: 8,5, Max: 20, Diff: 20, Sum: 34]
      [Scan RS (ms): Min: 0,0, Avg: 1,4, Max: 2,8, Diff: 2,8, Sum: 5,7]
      [Code Root Scanning (ms): Min: 0,0, Avg: 0,0, Max: 0,0, Diff: 0,0, Sum: 0,0]
      [Object Copy (ms): Min: 0,0, Avg: 4,5, Max: 13,2, Diff: 13,2, Sum: 17,8]
      [Termination (ms): Min: 0,0, Avg: 9,8, Max: 19,5, Diff: 19,5, Sum: 39,3]
         [Termination Attempts: Min: 1, Avg: 1,0, Max: 1, Diff: 0, Sum: 4]
      [GC Worker Other (ms): Min: 0,0, Avg: 0,0, Max: 0,0, Diff: 0,0, Sum: 0,0]
      [GC Worker Total (ms): Min: 9,5, Avg: 17,0, Max: 27,8, Diff: 18,3, Sum: 67,9]
      [GC Worker End (ms): Min: 3885980,3, Avg: 3885982,6, Max: 3885989,4, Diff: 9,2]
   [Code Root Fixup: 0,0 ms]
   [Code Root Purge: 0,0 ms]
   [Clear CT: 0,9 ms]
   [Other: 5,8 ms]
      [Choose CSet: 0,0 ms]
      [Ref Proc: 2,3 ms]
      [Ref Enq: 0,0 ms]
      [Redirty Cards: 3,1 ms]
      [Humongous Register: 0,1 ms]
      [Humongous Reclaim: 0,0 ms]
      [Free CSet: 0,1 ms]
   [Eden: 50176,0K(50176,0K)->0,0B(50176,0K) Survivors: 2048,0K->2048,0K Heap: 211,4M(1024,0M)->160,4M(1024,0M)]
 [Times: user=0,03 sys=0,00, real=0,03 secs] 
2020-09-27T21:04:16.228-0300: 3886,680: [GC pause (G1 Evacuation Pause) (young), 0,0227297 secs]
   [Parallel Time: 13,5 ms, GC Workers: 4]
      [GC Worker Start (ms): Min: 3886680,5, Avg: 3886684,3, Max: 3886688,4, Diff: 7,9]
      [Ext Root Scanning (ms): Min: 0,0, Avg: 0,3, Max: 1,4, Diff: 1,4, Sum: 1,4]
      [Update RS (ms): Min: 0,0, Avg: 1,1, Max: 3,0, Diff: 3,0, Sum: 4,5]
         [Processed Buffers: Min: 0, Avg: 6,2, Max: 14, Diff: 14, Sum: 25]
      [Scan RS (ms): Min: 0,0, Avg: 0,7, Max: 1,0, Diff: 1,0, Sum: 3,0]
      [Code Root Scanning (ms): Min: 0,0, Avg: 0,0, Max: 0,0, Diff: 0,0, Sum: 0,0]
      [Object Copy (ms): Min: 0,0, Avg: 1,3, Max: 1,8, Diff: 1,8, Sum: 5,3]
      [Termination (ms): Min: 0,0, Avg: 1,9, Max: 6,2, Diff: 6,2, Sum: 7,7]
         [Termination Attempts: Min: 1, Avg: 1,0, Max: 1, Diff: 0, Sum: 4]
      [GC Worker Other (ms): Min: 0,0, Avg: 0,0, Max: 0,0, Diff: 0,0, Sum: 0,0]
      [GC Worker Total (ms): Min: 0,0, Avg: 5,5, Max: 13,4, Diff: 13,4, Sum: 21,9]
      [GC Worker End (ms): Min: 3886688,4, Avg: 3886689,8, Max: 3886694,0, Diff: 5,6]
   [Code Root Fixup: 0,0 ms]
   [Code Root Purge: 0,0 ms]
   [Clear CT: 0,1 ms]
   [Other: 9,1 ms]
      [Choose CSet: 0,0 ms]
      [Ref Proc: 8,8 ms]
      [Ref Enq: 0,0 ms]
      [Redirty Cards: 0,1 ms]
      [Humongous Register: 0,0 ms]
      [Humongous Reclaim: 0,0 ms]
      [Free CSet: 0,0 ms]
   [Eden: 50176,0K(50176,0K)->0,0B(50176,0K) Survivors: 2048,0K->2048,0K Heap: 209,4M(1024,0M)->160,5M(1024,0M)]
 [Times: user=0,04 sys=0,00, real=0,02 secs] 
2020-09-27T21:04:16.822-0300: 3887,275: [GC pause (G1 Evacuation Pause) (young), 0,0379695 secs]
   [Parallel Time: 14,0 ms, GC Workers: 4]
      [GC Worker Start (ms): Min: 3887274,8, Avg: 3887275,5, Max: 3887277,7, Diff: 3,0]
      [Ext Root Scanning (ms): Min: 0,0, Avg: 2,2, Max: 7,5, Diff: 7,5, Sum: 8,8]
      [Update RS (ms): Min: 0,0, Avg: 4,2, Max: 11,8, Diff: 11,8, Sum: 16,6]
         [Processed Buffers: Min: 0, Avg: 6,2, Max: 14, Diff: 14, Sum: 25]
      [Scan RS (ms): Min: 0,0, Avg: 0,7, Max: 1,3, Diff: 1,3, Sum: 2,6]
      [Code Root Scanning (ms): Min: 0,0, Avg: 0,0, Max: 0,0, Diff: 0,0, Sum: 0,0]
      [Object Copy (ms): Min: 0,1, Avg: 3,2, Max: 8,3, Diff: 8,2, Sum: 12,9]
      [Termination (ms): Min: 0,0, Avg: 2,9, Max: 5,2, Diff: 5,2, Sum: 11,7]
         [Termination Attempts: Min: 1, Avg: 1,2, Max: 2, Diff: 1, Sum: 5]
      [GC Worker Other (ms): Min: 0,0, Avg: 0,0, Max: 0,0, Diff: 0,0, Sum: 0,0]
      [GC Worker Total (ms): Min: 10,9, Avg: 13,2, Max: 13,9, Diff: 3,0, Sum: 52,7]
      [GC Worker End (ms): Min: 3887288,7, Avg: 3887288,7, Max: 3887288,7, Diff: 0,1]
   [Code Root Fixup: 0,0 ms]
   [Code Root Purge: 0,0 ms]
   [Clear CT: 4,4 ms]
   [Other: 19,5 ms]
      [Choose CSet: 0,0 ms]
      [Ref Proc: 19,1 ms]
      [Ref Enq: 0,0 ms]
      [Redirty Cards: 0,1 ms]
      [Humongous Register: 0,1 ms]
      [Humongous Reclaim: 0,0 ms]
      [Free CSet: 0,0 ms]
   [Eden: 50176,0K(50176,0K)->0,0B(51200,0K) Survivors: 2048,0K->1024,0K Heap: 209,5M(1024,0M)->160,4M(1024,0M)]
 [Times: user=0,04 sys=0,00, real=0,04 secs] 
2020-09-27T21:04:17.352-0300: 3887,804: [GC pause (G1 Evacuation Pause) (young), 0,0285891 secs]
   [Parallel Time: 25,8 ms, GC Workers: 4]
      [GC Worker Start (ms): Min: 3887808,2, Avg: 3887817,8, Max: 3887824,2, Diff: 16,0]
      [Ext Root Scanning (ms): Min: 0,0, Avg: 0,4, Max: 1,7, Diff: 1,7, Sum: 1,7]
      [Update RS (ms): Min: 0,0, Avg: 5,3, Max: 20,1, Diff: 20,1, Sum: 21,2]
         [Processed Buffers: Min: 0, Avg: 9,5, Max: 34, Diff: 34, Sum: 38]
      [Scan RS (ms): Min: 0,0, Avg: 3,0, Max: 9,7, Diff: 9,6, Sum: 12,0]
      [Code Root Scanning (ms): Min: 0,0, Avg: 0,0, Max: 0,0, Diff: 0,0, Sum: 0,0]
      [Object Copy (ms): Min: 0,0, Avg: 2,4, Max: 5,9, Diff: 5,9, Sum: 9,6]
      [Termination (ms): Min: 0,0, Avg: 1,4, Max: 2,4, Diff: 2,4, Sum: 5,5]
         [Termination Attempts: Min: 1, Avg: 1,0, Max: 1, Diff: 0, Sum: 4]
      [GC Worker Other (ms): Min: 0,0, Avg: 0,0, Max: 0,0, Diff: 0,0, Sum: 0,0]
      [GC Worker Total (ms): Min: 6,1, Avg: 12,5, Max: 22,0, Diff: 16,0, Sum: 50,1]
      [GC Worker End (ms): Min: 3887830,3, Avg: 3887830,3, Max: 3887830,3, Diff: 0,1]
   [Code Root Fixup: 0,0 ms]
   [Code Root Purge: 0,0 ms]
   [Clear CT: 0,1 ms]
   [Other: 2,7 ms]
      [Choose CSet: 0,0 ms]
      [Ref Proc: 2,3 ms]
      [Ref Enq: 0,0 ms]
      [Redirty Cards: 0,1 ms]
      [Humongous Register: 0,1 ms]
      [Humongous Reclaim: 0,0 ms]
      [Free CSet: 0,0 ms]
   [Eden: 51200,0K(51200,0K)->0,0B(50176,0K) Survivors: 1024,0K->2048,0K Heap: 211,5M(1024,0M)->160,7M(1024,0M)]
 [Times: user=0,02 sys=0,00, real=0,03 secs] 
2020-09-27T21:04:17.877-0300: 3888,329: [GC pause (G1 Evacuation Pause) (young), 0,0187248 secs]
   [Parallel Time: 15,7 ms, GC Workers: 4]
      [GC Worker Start (ms): Min: 3888328,9, Avg: 3888330,7, Max: 3888335,3, Diff: 6,4]
      [Ext Root Scanning (ms): Min: 0,0, Avg: 2,1, Max: 7,1, Diff: 7,1, Sum: 8,3]
      [Update RS (ms): Min: 0,0, Avg: 0,9, Max: 1,8, Diff: 1,8, Sum: 3,7]
         [Processed Buffers: Min: 0, Avg: 7,8, Max: 17, Diff: 17, Sum: 31]
      [Scan RS (ms): Min: 0,0, Avg: 1,1, Max: 2,3, Diff: 2,3, Sum: 4,5]
      [Code Root Scanning (ms): Min: 0,0, Avg: 0,0, Max: 0,0, Diff: 0,0, Sum: 0,0]
      [Object Copy (ms): Min: 0,5, Avg: 2,9, Max: 5,3, Diff: 4,8, Sum: 11,5]
      [Termination (ms): Min: 0,0, Avg: 1,6, Max: 2,8, Diff: 2,8, Sum: 6,3]
         [Termination Attempts: Min: 1, Avg: 1,0, Max: 1, Diff: 0, Sum: 4]
      [GC Worker Other (ms): Min: 0,0, Avg: 0,0, Max: 0,0, Diff: 0,0, Sum: 0,0]
      [GC Worker Total (ms): Min: 4,0, Avg: 8,6, Max: 10,4, Diff: 6,4, Sum: 34,4]
      [GC Worker End (ms): Min: 3888339,2, Avg: 3888339,3, Max: 3888339,3, Diff: 0,1]
   [Code Root Fixup: 0,0 ms]
   [Code Root Purge: 0,0 ms]
   [Clear CT: 0,1 ms]
   [Other: 2,9 ms]
      [Choose CSet: 0,0 ms]
      [Ref Proc: 2,5 ms]
      [Ref Enq: 0,0 ms]
      [Redirty Cards: 0,1 ms]
      [Humongous Register: 0,1 ms]
      [Humongous Reclaim: 0,0 ms]
      [Free CSet: 0,1 ms]
   [Eden: 50176,0K(50176,0K)->0,0B(51200,0K) Survivors: 2048,0K->1024,0K Heap: 210,2M(1024,0M)->160,4M(1024,0M)]
 [Times: user=0,02 sys=0,00, real=0,02 secs] 
2020-09-27T21:04:18.608-0300: 3889,060: [GC pause (G1 Evacuation Pause) (young), 0,0165554 secs]
   [Parallel Time: 12,2 ms, GC Workers: 4]
      [GC Worker Start (ms): Min: 3889060,5, Avg: 3889063,5, Max: 3889067,8, Diff: 7,4]
      [Ext Root Scanning (ms): Min: 0,0, Avg: 0,4, Max: 0,9, Diff: 0,9, Sum: 1,7]
      [Update RS (ms): Min: 0,0, Avg: 1,2, Max: 2,5, Diff: 2,5, Sum: 4,8]
         [Processed Buffers: Min: 0, Avg: 6,5, Max: 19, Diff: 19, Sum: 26]
      [Scan RS (ms): Min: 0,0, Avg: 2,5, Max: 8,6, Diff: 8,6, Sum: 10,0]
      [Code Root Scanning (ms): Min: 0,0, Avg: 0,0, Max: 0,0, Diff: 0,0, Sum: 0,0]
      [Object Copy (ms): Min: 0,0, Avg: 2,0, Max: 5,7, Diff: 5,7, Sum: 7,9]
      [Termination (ms): Min: 0,0, Avg: 3,0, Max: 5,4, Diff: 5,4, Sum: 11,9]
         [Termination Attempts: Min: 1, Avg: 1,0, Max: 1, Diff: 0, Sum: 4]
      [GC Worker Other (ms): Min: 0,0, Avg: 0,0, Max: 0,0, Diff: 0,0, Sum: 0,0]
      [GC Worker Total (ms): Min: 4,8, Avg: 9,1, Max: 12,1, Diff: 7,3, Sum: 36,4]
      [GC Worker End (ms): Min: 3889072,6, Avg: 3889072,6, Max: 3889072,7, Diff: 0,1]
   [Code Root Fixup: 0,0 ms]
   [Code Root Purge: 0,0 ms]
   [Clear CT: 0,1 ms]
   [Other: 4,3 ms]
      [Choose CSet: 0,0 ms]
      [Ref Proc: 3,8 ms]
      [Ref Enq: 0,0 ms]
      [Redirty Cards: 0,1 ms]
      [Humongous Register: 0,1 ms]
      [Humongous Reclaim: 0,0 ms]
      [Free CSet: 0,1 ms]
   [Eden: 51200,0K(51200,0K)->0,0B(51200,0K) Survivors: 1024,0K->1024,0K Heap: 210,4M(1024,0M)->160,4M(1024,0M)]
 [Times: user=0,03 sys=0,00, real=0,01 secs] 
2020-09-27T21:04:19.164-0300: 3889,617: [GC pause (G1 Evacuation Pause) (young), 0,0206215 secs]
   [Parallel Time: 19,1 ms, GC Workers: 4]
      [GC Worker Start (ms): Min: 3889616,7, Avg: 3889618,0, Max: 3889619,2, Diff: 2,6]
      [Ext Root Scanning (ms): Min: 0,0, Avg: 2,4, Max: 8,6, Diff: 8,6, Sum: 9,6]
      [Update RS (ms): Min: 0,0, Avg: 8,8, Max: 16,2, Diff: 16,2, Sum: 35,3]
         [Processed Buffers: Min: 0, Avg: 8,5, Max: 25, Diff: 25, Sum: 34]
      [Scan RS (ms): Min: 0,0, Avg: 1,2, Max: 3,4, Diff: 3,4, Sum: 5,0]
      [Code Root Scanning (ms): Min: 0,0, Avg: 0,0, Max: 0,0, Diff: 0,0, Sum: 0,0]
      [Object Copy (ms): Min: 0,0, Avg: 2,8, Max: 5,7, Diff: 5,7, Sum: 11,3]
      [Termination (ms): Min: 0,1, Avg: 2,3, Max: 4,2, Diff: 4,1, Sum: 9,3]
         [Termination Attempts: Min: 1, Avg: 1,5, Max: 2, Diff: 1, Sum: 6]
      [GC Worker Other (ms): Min: 0,0, Avg: 0,0, Max: 0,0, Diff: 0,0, Sum: 0,0]
      [GC Worker Total (ms): Min: 16,4, Avg: 17,6, Max: 18,9, Diff: 2,5, Sum: 70,5]
      [GC Worker End (ms): Min: 3889635,6, Avg: 3889635,6, Max: 3889635,7, Diff: 0,1]
   [Code Root Fixup: 0,0 ms]
   [Code Root Purge: 0,0 ms]
   [Clear CT: 0,1 ms]
   [Other: 1,5 ms]
      [Choose CSet: 0,0 ms]
      [Ref Proc: 1,0 ms]
      [Ref Enq: 0,0 ms]
      [Redirty Cards: 0,1 ms]
      [Humongous Register: 0,1 ms]
      [Humongous Reclaim: 0,0 ms]
      [Free CSet: 0,0 ms]
   [Eden: 51200,0K(51200,0K)->0,0B(51200,0K) Survivors: 1024,0K->1024,0K Heap: 210,4M(1024,0M)->160,6M(1024,0M)]
 [Times: user=0,02 sys=0,00, real=0,02 secs] 
2020-09-27T21:04:19.734-0300: 3890,186: [GC pause (G1 Evacuation Pause) (young), 0,0301877 secs]
   [Parallel Time: 20,0 ms, GC Workers: 4]
      [GC Worker Start (ms): Min: 3890186,6, Avg: 3890193,8, Max: 3890200,0, Diff: 13,4]
      [Ext Root Scanning (ms): Min: 0,0, Avg: 0,5, Max: 1,9, Diff: 1,9, Sum: 2,0]
      [Update RS (ms): Min: 0,0, Avg: 4,2, Max: 16,3, Diff: 16,3, Sum: 16,9]
         [Processed Buffers: Min: 0, Avg: 9,0, Max: 26, Diff: 26, Sum: 36]
      [Scan RS (ms): Min: 0,0, Avg: 2,9, Max: 11,4, Diff: 11,4, Sum: 11,4]
      [Code Root Scanning (ms): Min: 0,0, Avg: 0,0, Max: 0,0, Diff: 0,0, Sum: 0,0]
      [Object Copy (ms): Min: 0,0, Avg: 2,2, Max: 7,2, Diff: 7,2, Sum: 8,9]
      [Termination (ms): Min: 0,0, Avg: 1,7, Max: 3,5, Diff: 3,5, Sum: 6,8]
         [Termination Attempts: Min: 1, Avg: 3,0, Max: 9, Diff: 8, Sum: 12]
      [GC Worker Other (ms): Min: 0,0, Avg: 0,0, Max: 0,0, Diff: 0,0, Sum: 0,0]
      [GC Worker Total (ms): Min: 5,0, Avg: 11,5, Max: 18,4, Diff: 13,3, Sum: 46,0]
      [GC Worker End (ms): Min: 3890205,0, Avg: 3890205,3, Max: 3890206,0, Diff: 1,1]
   [Code Root Fixup: 0,0 ms]
   [Code Root Purge: 0,0 ms]
   [Clear CT: 1,5 ms]
   [Other: 8,7 ms]
      [Choose CSet: 0,0 ms]
      [Ref Proc: 8,3 ms]
      [Ref Enq: 0,0 ms]
      [Redirty Cards: 0,1 ms]
      [Humongous Register: 0,1 ms]
      [Humongous Reclaim: 0,0 ms]
      [Free CSet: 0,1 ms]
   [Eden: 51200,0K(51200,0K)->0,0B(51200,0K) Survivors: 1024,0K->1024,0K Heap: 211,1M(1024,0M)->160,5M(1024,0M)]
 [Times: user=0,02 sys=0,00, real=0,03 secs] 
2020-09-27T21:04:20.253-0300: 3890,706: [GC pause (G1 Evacuation Pause) (young), 0,0253105 secs]
   [Parallel Time: 21,8 ms, GC Workers: 4]
      [GC Worker Start (ms): Min: 3890705,8, Avg: 3890708,2, Max: 3890712,3, Diff: 6,6]
      [Ext Root Scanning (ms): Min: 0,0, Avg: 2,5, Max: 8,9, Diff: 8,9, Sum: 9,9]
      [Update RS (ms): Min: 0,0, Avg: 4,0, Max: 13,7, Diff: 13,7, Sum: 16,1]
         [Processed Buffers: Min: 0, Avg: 9,5, Max: 38, Diff: 38, Sum: 38]
      [Scan RS (ms): Min: 0,1, Avg: 6,9, Max: 16,2, Diff: 16,1, Sum: 27,6]
      [Code Root Scanning (ms): Min: 0,0, Avg: 0,0, Max: 0,0, Diff: 0,0, Sum: 0,0]
      [Object Copy (ms): Min: 0,0, Avg: 1,1, Max: 4,1, Diff: 4,1, Sum: 4,3]
      [Termination (ms): Min: 0,0, Avg: 4,5, Max: 7,4, Diff: 7,4, Sum: 18,1]
         [Termination Attempts: Min: 1, Avg: 1,0, Max: 1, Diff: 0, Sum: 4]
      [GC Worker Other (ms): Min: 0,0, Avg: 0,0, Max: 0,0, Diff: 0,0, Sum: 0,0]
      [GC Worker Total (ms): Min: 15,2, Avg: 19,0, Max: 21,7, Diff: 6,5, Sum: 76,0]
      [GC Worker End (ms): Min: 3890726,9, Avg: 3890727,2, Max: 3890727,5, Diff: 0,6]
   [Code Root Fixup: 0,0 ms]
   [Code Root Purge: 0,0 ms]
   [Clear CT: 0,2 ms]
   [Other: 3,3 ms]
      [Choose CSet: 0,0 ms]
      [Ref Proc: 2,4 ms]
      [Ref Enq: 0,0 ms]
      [Redirty Cards: 0,5 ms]
      [Humongous Register: 0,1 ms]
      [Humongous Reclaim: 0,0 ms]
      [Free CSet: 0,1 ms]
   [Eden: 51200,0K(51200,0K)->0,0B(51200,0K) Survivors: 1024,0K->1024,0K Heap: 212,9M(1024,0M)->160,7M(1024,0M)]
 [Times: user=0,02 sys=0,00, real=0,02 secs] 
2020-09-27T21:04:20.990-0300: 3891,442: [GC pause (G1 Evacuation Pause) (young), 0,0212859 secs]
   [Parallel Time: 13,9 ms, GC Workers: 4]
      [GC Worker Start (ms): Min: 3891442,1, Avg: 3891446,6, Max: 3891450,9, Diff: 8,8]
      [Ext Root Scanning (ms): Min: 0,0, Avg: 0,4, Max: 1,7, Diff: 1,7, Sum: 1,7]
      [Update RS (ms): Min: 0,0, Avg: 3,0, Max: 10,0, Diff: 10,0, Sum: 12,1]
         [Processed Buffers: Min: 0, Avg: 8,5, Max: 34, Diff: 34, Sum: 34]
      [Scan RS (ms): Min: 0,1, Avg: 3,7, Max: 8,3, Diff: 8,2, Sum: 14,8]
      [Code Root Scanning (ms): Min: 0,0, Avg: 0,0, Max: 0,0, Diff: 0,0, Sum: 0,0]
      [Object Copy (ms): Min: 0,0, Avg: 1,0, Max: 3,0, Diff: 3,0, Sum: 4,1]
      [Termination (ms): Min: 0,0, Avg: 0,9, Max: 1,4, Diff: 1,4, Sum: 3,5]
         [Termination Attempts: Min: 1, Avg: 1,0, Max: 1, Diff: 0, Sum: 4]
      [GC Worker Other (ms): Min: 0,0, Avg: 0,0, Max: 0,0, Diff: 0,0, Sum: 0,0]
      [GC Worker Total (ms): Min: 4,7, Avg: 9,1, Max: 13,9, Diff: 9,2, Sum: 36,4]
      [GC Worker End (ms): Min: 3891455,5, Avg: 3891455,7, Max: 3891455,9, Diff: 0,4]
   [Code Root Fixup: 0,0 ms]
   [Code Root Purge: 0,0 ms]
   [Clear CT: 0,6 ms]
   [Other: 6,8 ms]
      [Choose CSet: 0,0 ms]
      [Ref Proc: 6,3 ms]
      [Ref Enq: 0,0 ms]
      [Redirty Cards: 0,1 ms]
      [Humongous Register: 0,1 ms]
      [Humongous Reclaim: 0,0 ms]
      [Free CSet: 0,1 ms]
   [Eden: 51200,0K(51200,0K)->0,0B(51200,0K) Survivors: 1024,0K->1024,0K Heap: 211,2M(1024,0M)->160,6M(1024,0M)]
 [Times: user=0,02 sys=0,00, real=0,02 secs] 
2020-09-27T21:04:21.553-0300: 3892,005: [GC pause (G1 Evacuation Pause) (young), 0,0374578 secs]
   [Parallel Time: 12,2 ms, GC Workers: 4]
      [GC Worker Start (ms): Min: 3892005,0, Avg: 3892010,7, Max: 3892013,4, Diff: 8,3]
      [Ext Root Scanning (ms): Min: 0,0, Avg: 0,5, Max: 1,8, Diff: 1,8, Sum: 1,9]
      [Update RS (ms): Min: 0,0, Avg: 1,3, Max: 5,1, Diff: 5,1, Sum: 5,1]
         [Processed Buffers: Min: 0, Avg: 5,5, Max: 22, Diff: 22, Sum: 22]
      [Scan RS (ms): Min: 0,3, Avg: 2,4, Max: 5,0, Diff: 4,6, Sum: 9,7]
      [Code Root Scanning (ms): Min: 0,0, Avg: 0,0, Max: 0,0, Diff: 0,0, Sum: 0,0]
      [Object Copy (ms): Min: 0,1, Avg: 1,2, Max: 2,2, Diff: 2,1, Sum: 5,0]
      [Termination (ms): Min: 0,0, Avg: 1,0, Max: 1,4, Diff: 1,4, Sum: 4,0]
         [Termination Attempts: Min: 1, Avg: 1,2, Max: 2, Diff: 1, Sum: 5]
      [GC Worker Other (ms): Min: 0,0, Avg: 0,0, Max: 0,0, Diff: 0,0, Sum: 0,0]
      [GC Worker Total (ms): Min: 3,9, Avg: 6,4, Max: 12,0, Diff: 8,2, Sum: 25,6]
      [GC Worker End (ms): Min: 3892017,1, Avg: 3892017,1, Max: 3892017,2, Diff: 0,2]
   [Code Root Fixup: 0,0 ms]
   [Code Root Purge: 0,0 ms]
   [Clear CT: 0,1 ms]
   [Other: 25,1 ms]
      [Choose CSet: 0,0 ms]
      [Ref Proc: 24,6 ms]
      [Ref Enq: 0,0 ms]
      [Redirty Cards: 0,1 ms]
      [Humongous Register: 0,1 ms]
      [Humongous Reclaim: 0,1 ms]
      [Free CSet: 0,0 ms]
   [Eden: 51200,0K(51200,0K)->0,0B(51200,0K) Survivors: 1024,0K->1024,0K Heap: 210,6M(1024,0M)->160,7M(1024,0M)]
 [Times: user=0,03 sys=0,00, real=0,04 secs] 
2020-09-27T21:04:21.999-0300: 3892,451: [GC pause (G1 Evacuation Pause) (young), 0,0142994 secs]
   [Parallel Time: 13,1 ms, GC Workers: 4]
      [GC Worker Start (ms): Min: 3892450,8, Avg: 3892454,5, Max: 3892458,1, Diff: 7,2]
      [Ext Root Scanning (ms): Min: 0,0, Avg: 0,5, Max: 1,0, Diff: 1,0, Sum: 2,0]
      [Update RS (ms): Min: 0,0, Avg: 0,8, Max: 1,5, Diff: 1,5, Sum: 3,1]
         [Processed Buffers: Min: 0, Avg: 8,2, Max: 20, Diff: 20, Sum: 33]
      [Scan RS (ms): Min: 0,0, Avg: 1,2, Max: 2,3, Diff: 2,3, Sum: 4,7]
      [Code Root Scanning (ms): Min: 0,0, Avg: 0,0, Max: 0,0, Diff: 0,0, Sum: 0,0]
      [Object Copy (ms): Min: 0,0, Avg: 0,8, Max: 1,7, Diff: 1,7, Sum: 3,3]
      [Termination (ms): Min: 0,0, Avg: 1,8, Max: 6,4, Diff: 6,4, Sum: 7,3]
         [Termination Attempts: Min: 1, Avg: 1,0, Max: 1, Diff: 0, Sum: 4]
      [GC Worker Other (ms): Min: 0,0, Avg: 0,0, Max: 0,0, Diff: 0,0, Sum: 0,0]
      [GC Worker Total (ms): Min: 0,0, Avg: 5,1, Max: 13,0, Diff: 13,0, Sum: 20,4]
      [GC Worker End (ms): Min: 3892458,1, Avg: 3892459,6, Max: 3892463,8, Diff: 5,8]
   [Code Root Fixup: 0,0 ms]
   [Code Root Purge: 0,0 ms]
   [Clear CT: 0,2 ms]
   [Other: 1,0 ms]
      [Choose CSet: 0,0 ms]
      [Ref Proc: 0,6 ms]
      [Ref Enq: 0,0 ms]
      [Redirty Cards: 0,1 ms]
      [Humongous Register: 0,0 ms]
      [Humongous Reclaim: 0,0 ms]
      [Free CSet: 0,1 ms]
   [Eden: 51200,0K(51200,0K)->0,0B(51200,0K) Survivors: 1024,0K->1024,0K Heap: 211,8M(1024,0M)->160,5M(1024,0M)]
 [Times: user=0,02 sys=0,00, real=0,02 secs] 
2020-09-27T21:04:22.605-0300: 3893,057: [GC pause (G1 Evacuation Pause) (young), 0,0121740 secs]
   [Parallel Time: 10,0 ms, GC Workers: 4]
      [GC Worker Start (ms): Min: 3893057,1, Avg: 3893060,5, Max: 3893064,2, Diff: 7,1]
      [Ext Root Scanning (ms): Min: 0,0, Avg: 0,4, Max: 1,7, Diff: 1,7, Sum: 1,7]
      [Update RS (ms): Min: 0,0, Avg: 2,2, Max: 6,6, Diff: 6,6, Sum: 8,8]
         [Processed Buffers: Min: 0, Avg: 6,8, Max: 18, Diff: 18, Sum: 27]
      [Scan RS (ms): Min: 0,0, Avg: 0,8, Max: 1,6, Diff: 1,6, Sum: 3,1]
      [Code Root Scanning (ms): Min: 0,0, Avg: 0,0, Max: 0,0, Diff: 0,0, Sum: 0,0]
      [Object Copy (ms): Min: 0,1, Avg: 1,6, Max: 3,9, Diff: 3,8, Sum: 6,3]
      [Termination (ms): Min: 0,0, Avg: 1,5, Max: 2,2, Diff: 2,2, Sum: 5,9]
         [Termination Attempts: Min: 1, Avg: 1,2, Max: 2, Diff: 1, Sum: 5]
      [GC Worker Other (ms): Min: 0,0, Avg: 0,0, Max: 0,0, Diff: 0,0, Sum: 0,0]
      [GC Worker Total (ms): Min: 2,8, Avg: 6,5, Max: 9,9, Diff: 7,1, Sum: 25,9]
      [GC Worker End (ms): Min: 3893067,0, Avg: 3893067,0, Max: 3893067,1, Diff: 0,1]
   [Code Root Fixup: 0,0 ms]
   [Code Root Purge: 0,0 ms]
   [Clear CT: 0,1 ms]
   [Other: 2,1 ms]
      [Choose CSet: 0,0 ms]
      [Ref Proc: 1,7 ms]
      [Ref Enq: 0,0 ms]
      [Redirty Cards: 0,1 ms]
      [Humongous Register: 0,1 ms]
      [Humongous Reclaim: 0,0 ms]
      [Free CSet: 0,0 ms]
   [Eden: 51200,0K(51200,0K)->0,0B(51200,0K) Survivors: 1024,0K->1024,0K Heap: 211,0M(1024,0M)->160,7M(1024,0M)]
 [Times: user=0,02 sys=0,00, real=0,01 secs] 
2020-09-27T21:04:23.334-0300: 3893,786: [GC pause (G1 Evacuation Pause) (young), 0,0166138 secs]
   [Parallel Time: 14,5 ms, GC Workers: 4]
      [GC Worker Start (ms): Min: 3893786,3, Avg: 3893789,4, Max: 3893792,9, Diff: 6,6]
      [Ext Root Scanning (ms): Min: 0,0, Avg: 0,5, Max: 1,0, Diff: 1,0, Sum: 2,0]
      [Update RS (ms): Min: 0,0, Avg: 0,8, Max: 1,7, Diff: 1,7, Sum: 3,3]
         [Processed Buffers: Min: 0, Avg: 6,0, Max: 17, Diff: 17, Sum: 24]
      [Scan RS (ms): Min: 0,0, Avg: 0,9, Max: 1,9, Diff: 1,9, Sum: 3,8]
      [Code Root Scanning (ms): Min: 0,0, Avg: 0,0, Max: 0,0, Diff: 0,0, Sum: 0,0]
      [Object Copy (ms): Min: 0,0, Avg: 0,7, Max: 1,4, Diff: 1,4, Sum: 2,7]
      [Termination (ms): Min: 0,0, Avg: 2,5, Max: 8,5, Diff: 8,5, Sum: 10,2]
         [Termination Attempts: Min: 1, Avg: 1,0, Max: 1, Diff: 0, Sum: 4]
      [GC Worker Other (ms): Min: 0,0, Avg: 0,0, Max: 0,0, Diff: 0,0, Sum: 0,0]
      [GC Worker Total (ms): Min: 0,0, Avg: 5,5, Max: 14,4, Diff: 14,4, Sum: 21,9]
      [GC Worker End (ms): Min: 3893792,9, Avg: 3893794,9, Max: 3893800,7, Diff: 7,8]
   [Code Root Fixup: 0,0 ms]
   [Code Root Purge: 0,0 ms]
   [Clear CT: 0,1 ms]
   [Other: 2,1 ms]
      [Choose CSet: 0,0 ms]
      [Ref Proc: 1,6 ms]
      [Ref Enq: 0,0 ms]
      [Redirty Cards: 0,1 ms]
      [Humongous Register: 0,1 ms]
      [Humongous Reclaim: 0,0 ms]
      [Free CSet: 0,0 ms]
   [Eden: 51200,0K(51200,0K)->0,0B(51200,0K) Survivors: 1024,0K->1024,0K Heap: 211,2M(1024,0M)->160,7M(1024,0M)]
 [Times: user=0,01 sys=0,00, real=0,02 secs] 
2020-09-27T21:04:23.950-0300: 3894,402: [GC pause (G1 Evacuation Pause) (young), 0,0153183 secs]
   [Parallel Time: 13,9 ms, GC Workers: 4]
      [GC Worker Start (ms): Min: 3894402,5, Avg: 3894404,5, Max: 3894408,2, Diff: 5,7]
      [Ext Root Scanning (ms): Min: 0,0, Avg: 0,5, Max: 1,0, Diff: 1,0, Sum: 1,9]
      [Update RS (ms): Min: 0,0, Avg: 2,0, Max: 5,4, Diff: 5,4, Sum: 8,0]
         [Processed Buffers: Min: 0, Avg: 6,2, Max: 13, Diff: 13, Sum: 25]
      [Scan RS (ms): Min: 0,0, Avg: 0,8, Max: 1,5, Diff: 1,5, Sum: 3,1]
      [Code Root Scanning (ms): Min: 0,0, Avg: 0,0, Max: 0,0, Diff: 0,0, Sum: 0,0]
      [Object Copy (ms): Min: 0,1, Avg: 2,0, Max: 4,2, Diff: 4,1, Sum: 8,0]
      [Termination (ms): Min: 0,0, Avg: 4,0, Max: 7,3, Diff: 7,3, Sum: 15,9]
         [Termination Attempts: Min: 1, Avg: 1,0, Max: 1, Diff: 0, Sum: 4]
      [GC Worker Other (ms): Min: 0,0, Avg: 0,0, Max: 0,0, Diff: 0,0, Sum: 0,0]
      [GC Worker Total (ms): Min: 3,0, Avg: 9,2, Max: 13,8, Diff: 10,9, Sum: 36,9]
      [GC Worker End (ms): Min: 3894411,2, Avg: 3894413,8, Max: 3894416,4, Diff: 5,2]
   [Code Root Fixup: 0,0 ms]
   [Code Root Purge: 0,0 ms]
   [Clear CT: 0,1 ms]
   [Other: 1,3 ms]
      [Choose CSet: 0,0 ms]
      [Ref Proc: 0,9 ms]
      [Ref Enq: 0,0 ms]
      [Redirty Cards: 0,1 ms]
      [Humongous Register: 0,1 ms]
      [Humongous Reclaim: 0,0 ms]
      [Free CSet: 0,0 ms]
   [Eden: 51200,0K(51200,0K)->0,0B(50176,0K) Survivors: 1024,0K->2048,0K Heap: 211,2M(1024,0M)->161,4M(1024,0M)]
 [Times: user=0,02 sys=0,00, real=0,01 secs] 
2020-09-27T21:04:24.454-0300: 3894,906: [GC pause (G1 Evacuation Pause) (young), 0,0223868 secs]
   [Parallel Time: 15,5 ms, GC Workers: 4]
      [GC Worker Start (ms): Min: 3894906,1, Avg: 3894912,7, Max: 3894916,4, Diff: 10,3]
      [Ext Root Scanning (ms): Min: 0,0, Avg: 0,5, Max: 1,8, Diff: 1,8, Sum: 1,9]
      [Update RS (ms): Min: 0,0, Avg: 3,7, Max: 13,2, Diff: 13,2, Sum: 14,8]
         [Processed Buffers: Min: 0, Avg: 8,0, Max: 27, Diff: 27, Sum: 32]
      [Scan RS (ms): Min: 0,0, Avg: 0,5, Max: 1,9, Diff: 1,9, Sum: 1,9]
      [Code Root Scanning (ms): Min: 0,0, Avg: 0,0, Max: 0,0, Diff: 0,0, Sum: 0,0]
      [Object Copy (ms): Min: 0,1, Avg: 2,9, Max: 4,6, Diff: 4,4, Sum: 11,6]
      [Termination (ms): Min: 0,0, Avg: 1,1, Max: 1,9, Diff: 1,9, Sum: 4,2]
         [Termination Attempts: Min: 1, Avg: 3,8, Max: 12, Diff: 11, Sum: 15]
      [GC Worker Other (ms): Min: 0,0, Avg: 0,0, Max: 0,0, Diff: 0,0, Sum: 0,0]
      [GC Worker Total (ms): Min: 5,0, Avg: 8,6, Max: 15,2, Diff: 10,3, Sum: 34,4]
      [GC Worker End (ms): Min: 3894921,3, Avg: 3894921,3, Max: 3894921,4, Diff: 0,0]
   [Code Root Fixup: 0,0 ms]
   [Code Root Purge: 0,0 ms]
   [Clear CT: 0,1 ms]
   [Other: 6,7 ms]
      [Choose CSet: 0,0 ms]
      [Ref Proc: 6,3 ms]
      [Ref Enq: 0,0 ms]
      [Redirty Cards: 0,1 ms]
      [Humongous Register: 0,1 ms]
      [Humongous Reclaim: 0,0 ms]
      [Free CSet: 0,1 ms]
   [Eden: 50176,0K(50176,0K)->0,0B(51200,0K) Survivors: 2048,0K->1024,0K Heap: 211,0M(1024,0M)->161,5M(1024,0M)]
 [Times: user=0,03 sys=0,00, real=0,02 secs] 
2020-09-27T21:04:25.149-0300: 3895,601: [GC pause (G1 Evacuation Pause) (young), 0,0690546 secs]
   [Parallel Time: 31,5 ms, GC Workers: 4]
      [GC Worker Start (ms): Min: 3895601,4, Avg: 3895602,7, Max: 3895604,2, Diff: 2,7]
      [Ext Root Scanning (ms): Min: 2,1, Avg: 4,5, Max: 7,1, Diff: 5,0, Sum: 17,9]
      [Update RS (ms): Min: 5,7, Avg: 8,1, Max: 10,7, Diff: 4,9, Sum: 32,4]
         [Processed Buffers: Min: 0, Avg: 7,8, Max: 23, Diff: 23, Sum: 31]
      [Scan RS (ms): Min: 4,8, Avg: 8,5, Max: 10,1, Diff: 5,3, Sum: 34,2]
      [Code Root Scanning (ms): Min: 0,0, Avg: 0,0, Max: 0,0, Diff: 0,0, Sum: 0,0]
      [Object Copy (ms): Min: 0,0, Avg: 0,6, Max: 2,4, Diff: 2,4, Sum: 2,6]
      [Termination (ms): Min: 0,0, Avg: 4,0, Max: 8,6, Diff: 8,6, Sum: 16,0]
         [Termination Attempts: Min: 1, Avg: 1,2, Max: 2, Diff: 1, Sum: 5]
      [GC Worker Other (ms): Min: 0,0, Avg: 0,0, Max: 0,0, Diff: 0,0, Sum: 0,0]
      [GC Worker Total (ms): Min: 22,4, Avg: 25,8, Max: 29,5, Diff: 7,1, Sum: 103,0]
      [GC Worker End (ms): Min: 3895625,1, Avg: 3895628,5, Max: 3895632,7, Diff: 7,7]
   [Code Root Fixup: 0,0 ms]
   [Code Root Purge: 0,0 ms]
   [Clear CT: 0,1 ms]
   [Other: 37,4 ms]
      [Choose CSet: 0,0 ms]
      [Ref Proc: 36,9 ms]
      [Ref Enq: 0,0 ms]
      [Redirty Cards: 0,1 ms]
      [Humongous Register: 0,1 ms]
      [Humongous Reclaim: 0,0 ms]
      [Free CSet: 0,0 ms]
   [Eden: 51200,0K(51200,0K)->0,0B(51200,0K) Survivors: 1024,0K->1024,0K Heap: 213,5M(1024,0M)->161,1M(1024,0M)]
 [Times: user=0,03 sys=0,00, real=0,06 secs] 
2020-09-27T21:04:25.677-0300: 3896,129: [GC pause (G1 Evacuation Pause) (young), 0,0285301 secs]
   [Parallel Time: 25,9 ms, GC Workers: 4]
      [GC Worker Start (ms): Min: 3896129,2, Avg: 3896136,7, Max: 3896142,3, Diff: 13,1]
      [Ext Root Scanning (ms): Min: 0,0, Avg: 0,5, Max: 1,8, Diff: 1,8, Sum: 1,8]
      [Update RS (ms): Min: 0,0, Avg: 6,1, Max: 23,8, Diff: 23,8, Sum: 24,5]
         [Processed Buffers: Min: 0, Avg: 7,2, Max: 17, Diff: 17, Sum: 29]
      [Scan RS (ms): Min: 0,0, Avg: 0,5, Max: 2,1, Diff: 2,1, Sum: 2,1]
      [Code Root Scanning (ms): Min: 0,0, Avg: 0,0, Max: 0,0, Diff: 0,0, Sum: 0,0]
      [Object Copy (ms): Min: 0,0, Avg: 2,0, Max: 5,9, Diff: 5,9, Sum: 7,8]
      [Termination (ms): Min: 0,0, Avg: 9,3, Max: 13,5, Diff: 13,5, Sum: 37,0]
         [Termination Attempts: Min: 1, Avg: 1,0, Max: 1, Diff: 0, Sum: 4]
      [GC Worker Other (ms): Min: 0,0, Avg: 0,0, Max: 0,0, Diff: 0,0, Sum: 0,0]
      [GC Worker Total (ms): Min: 12,8, Avg: 18,3, Max: 25,7, Diff: 12,9, Sum: 73,3]
      [GC Worker End (ms): Min: 3896155,0, Avg: 3896155,1, Max: 3896155,1, Diff: 0,1]
   [Code Root Fixup: 0,0 ms]
   [Code Root Purge: 0,0 ms]
   [Clear CT: 0,1 ms]
   [Other: 2,5 ms]
      [Choose CSet: 0,0 ms]
      [Ref Proc: 2,1 ms]
      [Ref Enq: 0,0 ms]
      [Redirty Cards: 0,1 ms]
      [Humongous Register: 0,1 ms]
      [Humongous Reclaim: 0,0 ms]
      [Free CSet: 0,0 ms]
   [Eden: 51200,0K(51200,0K)->0,0B(51200,0K) Survivors: 1024,0K->1024,0K Heap: 211,8M(1024,0M)->161,5M(1024,0M)]
 [Times: user=0,03 sys=0,00, real=0,03 secs] 
2020-09-27T21:04:26.471-0300: 3896,923: [GC pause (G1 Evacuation Pause) (young), 0,0286674 secs]
   [Parallel Time: 25,3 ms, GC Workers: 4]
      [GC Worker Start (ms): Min: 3896927,3, Avg: 3896934,1, Max: 3896940,3, Diff: 13,0]
      [Ext Root Scanning (ms): Min: 0,0, Avg: 0,5, Max: 2,0, Diff: 2,0, Sum: 2,0]
      [Update RS (ms): Min: 0,0, Avg: 4,8, Max: 18,5, Diff: 18,5, Sum: 19,2]
         [Processed Buffers: Min: 0, Avg: 7,5, Max: 20, Diff: 20, Sum: 30]
      [Scan RS (ms): Min: 0,0, Avg: 2,4, Max: 8,5, Diff: 8,5, Sum: 9,4]
      [Code Root Scanning (ms): Min: 0,0, Avg: 0,0, Max: 0,0, Diff: 0,0, Sum: 0,0]
      [Object Copy (ms): Min: 0,0, Avg: 1,7, Max: 6,1, Diff: 6,1, Sum: 6,8]
      [Termination (ms): Min: 0,0, Avg: 4,6, Max: 7,2, Diff: 7,2, Sum: 18,3]
         [Termination Attempts: Min: 1, Avg: 1,0, Max: 1, Diff: 0, Sum: 4]
      [GC Worker Other (ms): Min: 0,0, Avg: 0,0, Max: 0,0, Diff: 0,0, Sum: 0,0]
      [GC Worker Total (ms): Min: 7,7, Avg: 13,9, Max: 20,7, Diff: 13,0, Sum: 55,7]
      [GC Worker End (ms): Min: 3896948,0, Avg: 3896948,0, Max: 3896948,1, Diff: 0,1]
   [Code Root Fixup: 0,0 ms]
   [Code Root Purge: 0,0 ms]
   [Clear CT: 0,1 ms]
   [Other: 3,3 ms]
      [Choose CSet: 0,0 ms]
      [Ref Proc: 2,7 ms]
      [Ref Enq: 0,0 ms]
      [Redirty Cards: 0,3 ms]
      [Humongous Register: 0,1 ms]
      [Humongous Reclaim: 0,0 ms]
      [Free CSet: 0,0 ms]
   [Eden: 51200,0K(51200,0K)->0,0B(51200,0K) Survivors: 1024,0K->1024,0K Heap: 212,3M(1024,0M)->161,1M(1024,0M)]
 [Times: user=0,03 sys=0,00, real=0,02 secs] 
2020-09-27T21:04:26.992-0300: 3897,444: [GC pause (G1 Evacuation Pause) (young), 0,0220385 secs]
   [Parallel Time: 20,5 ms, GC Workers: 4]
      [GC Worker Start (ms): Min: 3897443,9, Avg: 3897446,9, Max: 3897451,8, Diff: 7,9]
      [Ext Root Scanning (ms): Min: 0,0, Avg: 0,5, Max: 1,0, Diff: 1,0, Sum: 2,0]
      [Update RS (ms): Min: 0,0, Avg: 0,8, Max: 1,5, Diff: 1,5, Sum: 3,0]
         [Processed Buffers: Min: 0, Avg: 7,5, Max: 16, Diff: 16, Sum: 30]
      [Scan RS (ms): Min: 0,1, Avg: 4,8, Max: 10,1, Diff: 10,0, Sum: 19,4]
      [Code Root Scanning (ms): Min: 0,0, Avg: 0,0, Max: 0,0, Diff: 0,0, Sum: 0,0]
      [Object Copy (ms): Min: 0,0, Avg: 0,7, Max: 2,5, Diff: 2,5, Sum: 2,7]
      [Termination (ms): Min: 0,0, Avg: 6,7, Max: 13,1, Diff: 13,1, Sum: 26,8]
         [Termination Attempts: Min: 1, Avg: 1,2, Max: 2, Diff: 1, Sum: 5]
      [GC Worker Other (ms): Min: 0,0, Avg: 0,0, Max: 0,0, Diff: 0,0, Sum: 0,0]
      [GC Worker Total (ms): Min: 4,8, Avg: 13,5, Max: 20,4, Diff: 15,6, Sum: 53,9]
      [GC Worker End (ms): Min: 3897456,6, Avg: 3897460,4, Max: 3897464,3, Diff: 7,7]
   [Code Root Fixup: 0,0 ms]
   [Code Root Purge: 0,0 ms]
   [Clear CT: 0,1 ms]
   [Other: 1,5 ms]
      [Choose CSet: 0,0 ms]
      [Ref Proc: 1,1 ms]
      [Ref Enq: 0,0 ms]
      [Redirty Cards: 0,1 ms]
      [Humongous Register: 0,1 ms]
      [Humongous Reclaim: 0,0 ms]
      [Free CSet: 0,1 ms]
   [Eden: 51200,0K(51200,0K)->0,0B(51200,0K) Survivors: 1024,0K->1024,0K Heap: 213,0M(1024,0M)->161,1M(1024,0M)]
 [Times: user=0,02 sys=0,00, real=0,02 secs] 
2020-09-27T21:04:27.460-0300: 3897,912: [GC pause (G1 Evacuation Pause) (young), 0,0181867 secs]
   [Parallel Time: 16,1 ms, GC Workers: 4]
      [GC Worker Start (ms): Min: 3897911,9, Avg: 3897917,3, Max: 3897921,1, Diff: 9,2]
      [Ext Root Scanning (ms): Min: 0,0, Avg: 0,5, Max: 1,9, Diff: 1,9, Sum: 2,0]
      [Update RS (ms): Min: 0,0, Avg: 0,8, Max: 3,1, Diff: 3,1, Sum: 3,1]
         [Processed Buffers: Min: 0, Avg: 7,8, Max: 31, Diff: 31, Sum: 31]
      [Scan RS (ms): Min: 0,0, Avg: 1,3, Max: 2,6, Diff: 2,6, Sum: 5,0]
      [Code Root Scanning (ms): Min: 0,0, Avg: 0,0, Max: 0,0, Diff: 0,0, Sum: 0,0]
      [Object Copy (ms): Min: 0,0, Avg: 0,7, Max: 1,0, Diff: 1,0, Sum: 2,8]
      [Termination (ms): Min: 0,0, Avg: 2,5, Max: 7,6, Diff: 7,6, Sum: 9,8]
         [Termination Attempts: Min: 1, Avg: 1,0, Max: 1, Diff: 0, Sum: 4]
      [GC Worker Other (ms): Min: 0,0, Avg: 0,0, Max: 0,0, Diff: 0,0, Sum: 0,0]
      [GC Worker Total (ms): Min: 0,0, Avg: 5,7, Max: 9,9, Diff: 9,9, Sum: 22,8]
      [GC Worker End (ms): Min: 3897921,1, Avg: 3897923,0, Max: 3897927,9, Diff: 6,8]
   [Code Root Fixup: 0,0 ms]
   [Code Root Purge: 0,0 ms]
   [Clear CT: 0,1 ms]
   [Other: 2,0 ms]
      [Choose CSet: 0,0 ms]
      [Ref Proc: 1,6 ms]
      [Ref Enq: 0,0 ms]
      [Redirty Cards: 0,1 ms]
      [Humongous Register: 0,0 ms]
      [Humongous Reclaim: 0,0 ms]
      [Free CSet: 0,0 ms]
   [Eden: 51200,0K(51200,0K)->0,0B(51200,0K) Survivors: 1024,0K->1024,0K Heap: 212,2M(1024,0M)->161,1M(1024,0M)]
 [Times: user=0,01 sys=0,00, real=0,02 secs] 
2020-09-27T21:04:28.047-0300: 3898,500: [GC pause (G1 Evacuation Pause) (young), 0,0155049 secs]
   [Parallel Time: 12,3 ms, GC Workers: 4]
      [GC Worker Start (ms): Min: 3898499,7, Avg: 3898502,4, Max: 3898506,0, Diff: 6,3]
      [Ext Root Scanning (ms): Min: 0,0, Avg: 0,4, Max: 0,8, Diff: 0,8, Sum: 1,6]
      [Update RS (ms): Min: 0,0, Avg: 0,7, Max: 1,4, Diff: 1,4, Sum: 2,7]
         [Processed Buffers: Min: 0, Avg: 8,2, Max: 25, Diff: 25, Sum: 33]
      [Scan RS (ms): Min: 0,0, Avg: 0,9, Max: 1,9, Diff: 1,9, Sum: 3,8]
      [Code Root Scanning (ms): Min: 0,0, Avg: 0,0, Max: 0,0, Diff: 0,0, Sum: 0,0]
      [Object Copy (ms): Min: 0,0, Avg: 2,7, Max: 8,0, Diff: 8,0, Sum: 10,9]
      [Termination (ms): Min: 0,0, Avg: 4,7, Max: 6,5, Diff: 6,5, Sum: 18,8]
         [Termination Attempts: Min: 1, Avg: 1,0, Max: 1, Diff: 0, Sum: 4]
      [GC Worker Other (ms): Min: 0,0, Avg: 0,0, Max: 0,0, Diff: 0,0, Sum: 0,0]
      [GC Worker Total (ms): Min: 5,8, Avg: 9,4, Max: 12,2, Diff: 6,4, Sum: 37,8]
      [GC Worker End (ms): Min: 3898511,7, Avg: 3898511,8, Max: 3898511,9, Diff: 0,2]
   [Code Root Fixup: 0,0 ms]
   [Code Root Purge: 0,0 ms]
   [Clear CT: 0,2 ms]
   [Other: 3,1 ms]
      [Choose CSet: 0,0 ms]
      [Ref Proc: 2,5 ms]
      [Ref Enq: 0,0 ms]
      [Redirty Cards: 0,1 ms]
      [Humongous Register: 0,0 ms]
      [Humongous Reclaim: 0,1 ms]
      [Free CSet: 0,1 ms]
   [Eden: 51200,0K(51200,0K)->0,0B(51200,0K) Survivors: 1024,0K->1024,0K Heap: 212,8M(1024,0M)->161,0M(1024,0M)]
 [Times: user=0,03 sys=0,00, real=0,02 secs] 
2020-09-27T21:04:28.567-0300: 3899,019: [GC pause (G1 Evacuation Pause) (young), 0,0166737 secs]
   [Parallel Time: 15,1 ms, GC Workers: 4]
      [GC Worker Start (ms): Min: 3899019,2, Avg: 3899022,3, Max: 3899026,5, Diff: 7,3]
      [Ext Root Scanning (ms): Min: 0,0, Avg: 0,5, Max: 1,1, Diff: 1,1, Sum: 2,1]
      [Update RS (ms): Min: 0,0, Avg: 1,0, Max: 2,0, Diff: 2,0, Sum: 3,9]
         [Processed Buffers: Min: 0, Avg: 8,2, Max: 22, Diff: 22, Sum: 33]
      [Scan RS (ms): Min: 0,0, Avg: 0,8, Max: 1,7, Diff: 1,7, Sum: 3,3]
      [Code Root Scanning (ms): Min: 0,0, Avg: 0,0, Max: 0,0, Diff: 0,0, Sum: 0,0]
      [Object Copy (ms): Min: 0,0, Avg: 3,5, Max: 10,4, Diff: 10,4, Sum: 13,9]
      [Termination (ms): Min: 0,0, Avg: 6,2, Max: 8,4, Diff: 8,4, Sum: 24,6]
         [Termination Attempts: Min: 1, Avg: 1,0, Max: 1, Diff: 0, Sum: 4]
      [GC Worker Other (ms): Min: 0,0, Avg: 0,0, Max: 0,0, Diff: 0,0, Sum: 0,0]
      [GC Worker Total (ms): Min: 7,8, Avg: 12,0, Max: 15,1, Diff: 7,3, Sum: 47,9]
      [GC Worker End (ms): Min: 3899034,3, Avg: 3899034,3, Max: 3899034,3, Diff: 0,0]
   [Code Root Fixup: 0,0 ms]
   [Code Root Purge: 0,0 ms]
   [Clear CT: 0,1 ms]
   [Other: 1,4 ms]
      [Choose CSet: 0,0 ms]
      [Ref Proc: 1,0 ms]
      [Ref Enq: 0,0 ms]
      [Redirty Cards: 0,1 ms]
      [Humongous Register: 0,0 ms]
      [Humongous Reclaim: 0,0 ms]
      [Free CSet: 0,1 ms]
   [Eden: 51200,0K(51200,0K)->0,0B(481,0M) Survivors: 1024,0K->1024,0K Heap: 211,5M(1024,0M)->160,9M(1024,0M)]
 [Times: user=0,02 sys=0,00, real=0,02 secs] 
2020-09-27T21:04:31.017-0300: 3901,470: [GC pause (G1 Evacuation Pause) (young), 0,0249423 secs]
   [Parallel Time: 7,9 ms, GC Workers: 4]
      [GC Worker Start (ms): Min: 3901469,7, Avg: 3901473,2, Max: 3901477,1, Diff: 7,5]
      [Ext Root Scanning (ms): Min: 0,0, Avg: 0,4, Max: 0,9, Diff: 0,9, Sum: 1,7]
      [Update RS (ms): Min: 0,0, Avg: 0,8, Max: 1,7, Diff: 1,7, Sum: 3,4]
         [Processed Buffers: Min: 0, Avg: 10,2, Max: 23, Diff: 23, Sum: 41]
      [Scan RS (ms): Min: 0,0, Avg: 1,0, Max: 2,0, Diff: 2,0, Sum: 4,0]
      [Code Root Scanning (ms): Min: 0,0, Avg: 0,0, Max: 0,0, Diff: 0,0, Sum: 0,0]
      [Object Copy (ms): Min: 0,0, Avg: 0,7, Max: 1,5, Diff: 1,5, Sum: 2,9]
      [Termination (ms): Min: 0,0, Avg: 1,1, Max: 1,8, Diff: 1,8, Sum: 4,4]
         [Termination Attempts: Min: 1, Avg: 1,0, Max: 1, Diff: 0, Sum: 4]
      [GC Worker Other (ms): Min: 0,0, Avg: 0,0, Max: 0,0, Diff: 0,0, Sum: 0,0]
      [GC Worker Total (ms): Min: 0,0, Avg: 4,1, Max: 7,8, Diff: 7,8, Sum: 16,4]
      [GC Worker End (ms): Min: 3901477,2, Avg: 3901477,3, Max: 3901477,5, Diff: 0,3]
   [Code Root Fixup: 0,0 ms]
   [Code Root Purge: 0,0 ms]
   [Clear CT: 0,1 ms]
   [Other: 16,9 ms]
      [Choose CSet: 0,0 ms]
      [Ref Proc: 16,0 ms]
      [Ref Enq: 0,0 ms]
      [Redirty Cards: 0,1 ms]
      [Humongous Register: 0,1 ms]
      [Humongous Reclaim: 0,1 ms]
      [Free CSet: 0,3 ms]
   [Eden: 196,0M(51200,0K)->0,0B(51200,0K) Survivors: 1024,0K->1024,0K Heap: 358,3M(1024,0M)->161,1M(1024,0M)]
 [Times: user=0,03 sys=0,00, real=0,03 secs] 
2020-09-27T21:04:31.624-0300: 3902,076: [GC pause (G1 Evacuation Pause) (young), 0,0201891 secs]
   [Parallel Time: 17,3 ms, GC Workers: 4]
      [GC Worker Start (ms): Min: 3902076,6, Avg: 3902083,7, Max: 3902088,2, Diff: 11,7]
      [Ext Root Scanning (ms): Min: 0,0, Avg: 0,4, Max: 1,7, Diff: 1,7, Sum: 1,7]
      [Update RS (ms): Min: 0,0, Avg: 0,9, Max: 3,6, Diff: 3,6, Sum: 3,6]
         [Processed Buffers: Min: 0, Avg: 10,2, Max: 41, Diff: 41, Sum: 41]
      [Scan RS (ms): Min: 0,0, Avg: 3,3, Max: 9,3, Diff: 9,3, Sum: 13,2]
      [Code Root Scanning (ms): Min: 0,0, Avg: 0,0, Max: 0,0, Diff: 0,0, Sum: 0,0]
      [Object Copy (ms): Min: 0,1, Avg: 2,2, Max: 7,9, Diff: 7,7, Sum: 8,8]
      [Termination (ms): Min: 0,0, Avg: 3,2, Max: 5,2, Diff: 5,2, Sum: 13,0]
         [Termination Attempts: Min: 1, Avg: 1,0, Max: 1, Diff: 0, Sum: 4]
      [GC Worker Other (ms): Min: 0,0, Avg: 0,0, Max: 0,0, Diff: 0,0, Sum: 0,0]
      [GC Worker Total (ms): Min: 5,6, Avg: 10,1, Max: 17,2, Diff: 11,6, Sum: 40,3]
      [GC Worker End (ms): Min: 3902093,8, Avg: 3902093,8, Max: 3902093,9, Diff: 0,1]
   [Code Root Fixup: 0,0 ms]
   [Code Root Purge: 0,0 ms]
   [Clear CT: 0,1 ms]
   [Other: 2,7 ms]
      [Choose CSet: 0,0 ms]
      [Ref Proc: 2,3 ms]
      [Ref Enq: 0,0 ms]
      [Redirty Cards: 0,1 ms]
      [Humongous Register: 0,1 ms]
      [Humongous Reclaim: 0,0 ms]
      [Free CSet: 0,0 ms]
   [Eden: 51200,0K(51200,0K)->0,0B(51200,0K) Survivors: 1024,0K->1024,0K Heap: 212,8M(1024,0M)->161,2M(1024,0M)]
 [Times: user=0,03 sys=0,01, real=0,02 secs] 
2020-09-27T21:04:32.108-0300: 3902,561: [GC pause (G1 Evacuation Pause) (young), 0,0214773 secs]
   [Parallel Time: 19,7 ms, GC Workers: 4]
      [GC Worker Start (ms): Min: 3902560,7, Avg: 3902569,1, Max: 3902573,8, Diff: 13,1]
      [Ext Root Scanning (ms): Min: 0,0, Avg: 0,5, Max: 1,8, Diff: 1,8, Sum: 1,8]
      [Update RS (ms): Min: 0,0, Avg: 1,2, Max: 4,7, Diff: 4,7, Sum: 4,7]
         [Processed Buffers: Min: 0, Avg: 7,2, Max: 29, Diff: 29, Sum: 29]
      [Scan RS (ms): Min: 0,0, Avg: 3,7, Max: 12,9, Diff: 12,9, Sum: 14,6]
      [Code Root Scanning (ms): Min: 0,0, Avg: 0,0, Max: 0,0, Diff: 0,0, Sum: 0,0]
      [Object Copy (ms): Min: 0,0, Avg: 0,9, Max: 3,4, Diff: 3,4, Sum: 3,5]
      [Termination (ms): Min: 0,0, Avg: 5,1, Max: 7,3, Diff: 7,3, Sum: 20,2]
         [Termination Attempts: Min: 1, Avg: 1,2, Max: 2, Diff: 1, Sum: 5]
      [GC Worker Other (ms): Min: 0,0, Avg: 0,0, Max: 0,0, Diff: 0,0, Sum: 0,0]
      [GC Worker Total (ms): Min: 6,5, Avg: 11,2, Max: 19,6, Diff: 13,1, Sum: 44,9]
      [GC Worker End (ms): Min: 3902580,3, Avg: 3902580,4, Max: 3902580,4, Diff: 0,1]
   [Code Root Fixup: 0,0 ms]
   [Code Root Purge: 0,0 ms]
   [Clear CT: 0,1 ms]
   [Other: 1,7 ms]
      [Choose CSet: 0,0 ms]
      [Ref Proc: 1,3 ms]
      [Ref Enq: 0,0 ms]
      [Redirty Cards: 0,1 ms]
      [Humongous Register: 0,1 ms]
      [Humongous Reclaim: 0,0 ms]
      [Free CSet: 0,0 ms]
   [Eden: 51200,0K(51200,0K)->0,0B(50176,0K) Survivors: 1024,0K->2048,0K Heap: 212,0M(1024,0M)->161,6M(1024,0M)]
 [Times: user=0,03 sys=0,00, real=0,02 secs] 
2020-09-27T21:04:32.560-0300: 3903,012: [GC pause (G1 Evacuation Pause) (young), 0,0122453 secs]
   [Parallel Time: 7,6 ms, GC Workers: 4]
      [GC Worker Start (ms): Min: 3903011,9, Avg: 3903015,3, Max: 3903019,1, Diff: 7,2]
      [Ext Root Scanning (ms): Min: 0,0, Avg: 0,4, Max: 0,9, Diff: 0,9, Sum: 1,7]
      [Update RS (ms): Min: 0,0, Avg: 1,4, Max: 2,8, Diff: 2,8, Sum: 5,4]
         [Processed Buffers: Min: 0, Avg: 7,2, Max: 26, Diff: 26, Sum: 29]
      [Scan RS (ms): Min: 0,0, Avg: 0,6, Max: 1,3, Diff: 1,3, Sum: 2,3]
      [Code Root Scanning (ms): Min: 0,0, Avg: 0,0, Max: 0,0, Diff: 0,0, Sum: 0,0]
      [Object Copy (ms): Min: 0,0, Avg: 0,7, Max: 1,5, Diff: 1,5, Sum: 2,9]
      [Termination (ms): Min: 0,0, Avg: 0,9, Max: 1,3, Diff: 1,3, Sum: 3,4]
         [Termination Attempts: Min: 1, Avg: 2,2, Max: 5, Diff: 4, Sum: 9]
      [GC Worker Other (ms): Min: 0,0, Avg: 0,0, Max: 0,0, Diff: 0,0, Sum: 0,0]
      [GC Worker Total (ms): Min: 0,0, Avg: 4,0, Max: 7,5, Diff: 7,5, Sum: 15,8]
      [GC Worker End (ms): Min: 3903019,1, Avg: 3903019,3, Max: 3903019,4, Diff: 0,3]
   [Code Root Fixup: 0,0 ms]
   [Code Root Purge: 0,0 ms]
   [Clear CT: 0,1 ms]
   [Other: 4,5 ms]
      [Choose CSet: 0,0 ms]
      [Ref Proc: 4,1 ms]
      [Ref Enq: 0,0 ms]
      [Redirty Cards: 0,1 ms]
      [Humongous Register: 0,0 ms]
      [Humongous Reclaim: 0,0 ms]
      [Free CSet: 0,1 ms]
   [Eden: 50176,0K(50176,0K)->0,0B(232,0M) Survivors: 2048,0K->1024,0K Heap: 211,4M(1024,0M)->161,3M(1024,0M)]
 [Times: user=0,02 sys=0,01, real=0,02 secs] 
2020-09-27T21:04:34.645-0300: 3905,097: [GC pause (G1 Evacuation Pause) (young), 0,0200720 secs]
   [Parallel Time: 14,0 ms, GC Workers: 4]
      [GC Worker Start (ms): Min: 3905096,9, Avg: 3905099,5, Max: 3905100,4, Diff: 3,4]
      [Ext Root Scanning (ms): Min: 0,0, Avg: 0,4, Max: 1,7, Diff: 1,7, Sum: 1,7]
      [Update RS (ms): Min: 1,5, Avg: 3,6, Max: 7,5, Diff: 6,0, Sum: 14,5]
         [Processed Buffers: Min: 0, Avg: 9,5, Max: 25, Diff: 25, Sum: 38]
      [Scan RS (ms): Min: 0,0, Avg: 1,0, Max: 2,0, Diff: 2,0, Sum: 4,0]
      [Code Root Scanning (ms): Min: 0,0, Avg: 0,0, Max: 0,0, Diff: 0,0, Sum: 0,0]
      [Object Copy (ms): Min: 0,2, Avg: 1,8, Max: 4,0, Diff: 3,8, Sum: 7,2]
      [Termination (ms): Min: 0,0, Avg: 2,2, Max: 5,1, Diff: 5,1, Sum: 8,9]
         [Termination Attempts: Min: 1, Avg: 1,0, Max: 1, Diff: 0, Sum: 4]
      [GC Worker Other (ms): Min: 0,0, Avg: 0,0, Max: 0,0, Diff: 0,0, Sum: 0,0]
      [GC Worker Total (ms): Min: 7,5, Avg: 9,1, Max: 10,9, Diff: 3,4, Sum: 36,5]
      [GC Worker End (ms): Min: 3905107,9, Avg: 3905108,6, Max: 3905110,7, Diff: 2,9]
   [Code Root Fixup: 0,0 ms]
   [Code Root Purge: 0,0 ms]
   [Clear CT: 0,1 ms]
   [Other: 6,0 ms]
      [Choose CSet: 0,0 ms]
      [Ref Proc: 5,5 ms]
      [Ref Enq: 0,0 ms]
      [Redirty Cards: 0,1 ms]
      [Humongous Register: 0,1 ms]
      [Humongous Reclaim: 0,0 ms]
      [Free CSet: 0,1 ms]
   [Eden: 158,0M(51200,0K)->0,0B(320,0M) Survivors: 1024,0K->1024,0K Heap: 321,4M(1024,0M)->161,5M(1024,0M)]
 [Times: user=0,02 sys=0,00, real=0,02 secs] 
2020-09-27T21:04:35.235-0300: 3905,687: [GC pause (G1 Evacuation Pause) (young), 0,0175400 secs]
   [Parallel Time: 9,2 ms, GC Workers: 4]
      [GC Worker Start (ms): Min: 3905687,0, Avg: 3905690,0, Max: 3905695,3, Diff: 8,3]
      [Ext Root Scanning (ms): Min: 0,0, Avg: 1,3, Max: 5,1, Diff: 5,1, Sum: 5,3]
      [Update RS (ms): Min: 0,0, Avg: 0,8, Max: 1,7, Diff: 1,7, Sum: 3,2]
         [Processed Buffers: Min: 0, Avg: 7,2, Max: 16, Diff: 16, Sum: 29]
      [Scan RS (ms): Min: 0,0, Avg: 1,9, Max: 4,8, Diff: 4,8, Sum: 7,6]
      [Code Root Scanning (ms): Min: 0,0, Avg: 0,0, Max: 0,0, Diff: 0,0, Sum: 0,0]
      [Object Copy (ms): Min: 0,0, Avg: 1,0, Max: 2,0, Diff: 1,9, Sum: 3,8]
      [Termination (ms): Min: 0,0, Avg: 0,6, Max: 1,6, Diff: 1,6, Sum: 2,5]
         [Termination Attempts: Min: 1, Avg: 1,5, Max: 2, Diff: 1, Sum: 6]
      [GC Worker Other (ms): Min: 0,0, Avg: 0,0, Max: 0,0, Diff: 0,0, Sum: 0,1]
      [GC Worker Total (ms): Min: 0,1, Avg: 5,6, Max: 8,4, Diff: 8,3, Sum: 22,4]
      [GC Worker End (ms): Min: 3905695,4, Avg: 3905695,6, Max: 3905696,2, Diff: 0,8]
   [Code Root Fixup: 0,0 ms]
   [Code Root Purge: 0,0 ms]
   [Clear CT: 0,1 ms]
   [Other: 8,2 ms]
      [Choose CSet: 0,0 ms]
      [Ref Proc: 7,7 ms]
      [Ref Enq: 0,0 ms]
      [Redirty Cards: 0,1 ms]
      [Humongous Register: 0,0 ms]
      [Humongous Reclaim: 0,0 ms]
      [Free CSet: 0,1 ms]
   [Eden: 64512,0K(51200,0K)->0,0B(418,0M) Survivors: 1024,0K->1024,0K Heap: 226,0M(1024,0M)->161,2M(1024,0M)]
 [Times: user=0,02 sys=0,00, real=0,02 secs] 
2020-09-27T21:04:35.829-0300: 3906,281: [GC pause (G1 Evacuation Pause) (young), 0,0186752 secs]
   [Parallel Time: 17,2 ms, GC Workers: 4]
      [GC Worker Start (ms): Min: 3906281,3, Avg: 3906286,9, Max: 3906292,0, Diff: 10,8]
      [Ext Root Scanning (ms): Min: 0,0, Avg: 0,4, Max: 1,6, Diff: 1,6, Sum: 1,7]
      [Update RS (ms): Min: 0,0, Avg: 4,1, Max: 15,2, Diff: 15,2, Sum: 16,5]
         [Processed Buffers: Min: 0, Avg: 7,0, Max: 28, Diff: 28, Sum: 28]
      [Scan RS (ms): Min: 0,0, Avg: 3,2, Max: 10,5, Diff: 10,5, Sum: 12,8]
      [Code Root Scanning (ms): Min: 0,0, Avg: 0,0, Max: 0,0, Diff: 0,0, Sum: 0,0]
      [Object Copy (ms): Min: 0,0, Avg: 2,0, Max: 4,7, Diff: 4,7, Sum: 8,1]
      [Termination (ms): Min: 0,0, Avg: 1,7, Max: 3,0, Diff: 3,0, Sum: 6,9]
         [Termination Attempts: Min: 1, Avg: 1,0, Max: 1, Diff: 0, Sum: 4]
      [GC Worker Other (ms): Min: 0,0, Avg: 0,0, Max: 0,0, Diff: 0,0, Sum: 0,0]
      [GC Worker Total (ms): Min: 6,3, Avg: 11,5, Max: 17,0, Diff: 10,6, Sum: 45,9]
      [GC Worker End (ms): Min: 3906298,2, Avg: 3906298,4, Max: 3906298,4, Diff: 0,2]
   [Code Root Fixup: 0,0 ms]
   [Code Root Purge: 0,0 ms]
   [Clear CT: 0,1 ms]
   [Other: 1,4 ms]
      [Choose CSet: 0,0 ms]
      [Ref Proc: 1,0 ms]
      [Ref Enq: 0,0 ms]
      [Redirty Cards: 0,1 ms]
      [Humongous Register: 0,1 ms]
      [Humongous Reclaim: 0,0 ms]
      [Free CSet: 0,1 ms]
   [Eden: 56320,0K(51200,0K)->0,0B(517,0M) Survivors: 1024,0K->1024,0K Heap: 218,6M(1024,0M)->161,5M(1024,0M)]
 [Times: user=0,01 sys=0,00, real=0,01 secs] 
2020-09-27T21:04:37.347-0300: 3907,800: [GC pause (G1 Evacuation Pause) (young), 0,0334083 secs]
   [Parallel Time: 20,6 ms, GC Workers: 4]
      [GC Worker Start (ms): Min: 3907799,7, Avg: 3907800,2, Max: 3907800,8, Diff: 1,1]
      [Ext Root Scanning (ms): Min: 0,0, Avg: 2,8, Max: 7,0, Diff: 6,9, Sum: 11,0]
      [Update RS (ms): Min: 0,0, Avg: 0,9, Max: 1,9, Diff: 1,9, Sum: 3,7]
         [Processed Buffers: Min: 0, Avg: 12,2, Max: 25, Diff: 25, Sum: 49]
      [Scan RS (ms): Min: 0,1, Avg: 2,8, Max: 6,7, Diff: 6,6, Sum: 11,2]
      [Code Root Scanning (ms): Min: 0,0, Avg: 0,0, Max: 0,0, Diff: 0,0, Sum: 0,0]
      [Object Copy (ms): Min: 0,0, Avg: 1,3, Max: 2,6, Diff: 2,5, Sum: 5,1]
      [Termination (ms): Min: 0,0, Avg: 4,2, Max: 12,9, Diff: 12,9, Sum: 16,6]
         [Termination Attempts: Min: 1, Avg: 1,0, Max: 1, Diff: 0, Sum: 4]
      [GC Worker Other (ms): Min: 0,0, Avg: 0,0, Max: 0,0, Diff: 0,0, Sum: 0,0]
      [GC Worker Total (ms): Min: 8,6, Avg: 11,9, Max: 20,5, Diff: 11,9, Sum: 47,7]
      [GC Worker End (ms): Min: 3907809,4, Avg: 3907812,1, Max: 3907820,2, Diff: 10,8]
   [Code Root Fixup: 0,0 ms]
   [Code Root Purge: 0,0 ms]
   [Clear CT: 0,1 ms]
   [Other: 12,7 ms]
      [Choose CSet: 0,0 ms]
      [Ref Proc: 12,2 ms]
      [Ref Enq: 0,0 ms]
      [Redirty Cards: 0,1 ms]
      [Humongous Register: 0,1 ms]
      [Humongous Reclaim: 0,1 ms]
      [Free CSet: 0,1 ms]
   [Eden: 105,0M(51200,0K)->0,0B(51200,0K) Survivors: 1024,0K->1024,0K Heap: 285,1M(1024,0M)->161,3M(1024,0M)]
 [Times: user=0,03 sys=0,00, real=0,04 secs] 
2020-09-27T21:04:38.198-0300: 3908,651: [GC pause (G1 Evacuation Pause) (young), 0,0115452 secs]
   [Parallel Time: 5,8 ms, GC Workers: 4]
      [GC Worker Start (ms): Min: 3908650,7, Avg: 3908652,1, Max: 3908656,2, Diff: 5,5]
      [Ext Root Scanning (ms): Min: 0,0, Avg: 0,4, Max: 0,7, Diff: 0,7, Sum: 1,7]
      [Update RS (ms): Min: 0,0, Avg: 2,1, Max: 2,9, Diff: 2,9, Sum: 8,4]
         [Processed Buffers: Min: 0, Avg: 7,2, Max: 16, Diff: 16, Sum: 29]
      [Scan RS (ms): Min: 0,0, Avg: 0,4, Max: 0,6, Diff: 0,6, Sum: 1,7]
      [Code Root Scanning (ms): Min: 0,0, Avg: 0,0, Max: 0,0, Diff: 0,0, Sum: 0,0]
      [Object Copy (ms): Min: 0,0, Avg: 0,7, Max: 1,0, Diff: 1,0, Sum: 3,0]
      [Termination (ms): Min: 0,0, Avg: 0,5, Max: 0,7, Diff: 0,7, Sum: 2,0]
         [Termination Attempts: Min: 1, Avg: 1,0, Max: 1, Diff: 0, Sum: 4]
      [GC Worker Other (ms): Min: 0,0, Avg: 0,0, Max: 0,0, Diff: 0,0, Sum: 0,0]
      [GC Worker Total (ms): Min: 0,0, Avg: 4,2, Max: 5,6, Diff: 5,6, Sum: 16,8]
      [GC Worker End (ms): Min: 3908656,2, Avg: 3908656,3, Max: 3908656,4, Diff: 0,2]
   [Code Root Fixup: 0,0 ms]
   [Code Root Purge: 0,0 ms]
   [Clear CT: 0,1 ms]
   [Other: 5,7 ms]
      [Choose CSet: 0,0 ms]
      [Ref Proc: 5,3 ms]
      [Ref Enq: 0,0 ms]
      [Redirty Cards: 0,1 ms]
      [Humongous Register: 0,1 ms]
      [Humongous Reclaim: 0,0 ms]
      [Free CSet: 0,1 ms]
   [Eden: 51200,0K(51200,0K)->0,0B(51200,0K) Survivors: 1024,0K->1024,0K Heap: 211,3M(1024,0M)->161,4M(1024,0M)]
 [Times: user=0,01 sys=0,00, real=0,02 secs] 
2020-09-27T21:04:38.756-0300: 3909,208: [GC pause (G1 Evacuation Pause) (young), 0,0311764 secs]
   [Parallel Time: 28,3 ms, GC Workers: 4]
      [GC Worker Start (ms): Min: 3909208,3, Avg: 3909214,2, Max: 3909220,0, Diff: 11,7]
      [Ext Root Scanning (ms): Min: 0,0, Avg: 0,4, Max: 1,7, Diff: 1,7, Sum: 1,7]
      [Update RS (ms): Min: 0,0, Avg: 5,0, Max: 19,1, Diff: 19,1, Sum: 20,1]
         [Processed Buffers: Min: 0, Avg: 8,0, Max: 29, Diff: 29, Sum: 32]
      [Scan RS (ms): Min: 0,1, Avg: 4,6, Max: 17,8, Diff: 17,6, Sum: 18,6]
      [Code Root Scanning (ms): Min: 0,0, Avg: 0,0, Max: 0,0, Diff: 0,0, Sum: 0,0]
      [Object Copy (ms): Min: 0,0, Avg: 5,2, Max: 19,3, Diff: 19,3, Sum: 20,6]
      [Termination (ms): Min: 0,0, Avg: 6,9, Max: 15,2, Diff: 15,2, Sum: 27,6]
         [Termination Attempts: Min: 1, Avg: 1,0, Max: 1, Diff: 0, Sum: 4]
      [GC Worker Other (ms): Min: 0,0, Avg: 0,0, Max: 0,0, Diff: 0,0, Sum: 0,0]
      [GC Worker Total (ms): Min: 16,4, Avg: 22,2, Max: 28,1, Diff: 11,7, Sum: 88,6]
      [GC Worker End (ms): Min: 3909236,2, Avg: 3909236,4, Max: 3909236,4, Diff: 0,2]
   [Code Root Fixup: 0,0 ms]
   [Code Root Purge: 0,0 ms]
   [Clear CT: 0,1 ms]
   [Other: 2,8 ms]
      [Choose CSet: 0,0 ms]
      [Ref Proc: 2,4 ms]
      [Ref Enq: 0,0 ms]
      [Redirty Cards: 0,1 ms]
      [Humongous Register: 0,1 ms]
      [Humongous Reclaim: 0,0 ms]
      [Free CSet: 0,0 ms]
   [Eden: 51200,0K(51200,0K)->0,0B(51200,0K) Survivors: 1024,0K->1024,0K Heap: 212,1M(1024,0M)->161,6M(1024,0M)]
 [Times: user=0,03 sys=0,00, real=0,03 secs] 
2020-09-27T21:04:39.822-0300: 3910,274: [GC pause (G1 Evacuation Pause) (young), 0,0623967 secs]
   [Parallel Time: 27,1 ms, GC Workers: 4]
      [GC Worker Start (ms): Min: 3910274,4, Avg: 3910278,8, Max: 3910284,3, Diff: 9,8]
      [Ext Root Scanning (ms): Min: 0,0, Avg: 3,1, Max: 12,0, Diff: 11,9, Sum: 12,2]
      [Update RS (ms): Min: 0,0, Avg: 0,8, Max: 3,2, Diff: 3,2, Sum: 3,2]
         [Processed Buffers: Min: 0, Avg: 11,0, Max: 44, Diff: 44, Sum: 44]
      [Scan RS (ms): Min: 0,1, Avg: 4,9, Max: 16,6, Diff: 16,5, Sum: 19,8]
      [Code Root Scanning (ms): Min: 0,0, Avg: 0,0, Max: 0,0, Diff: 0,0, Sum: 0,0]
      [Object Copy (ms): Min: 0,1, Avg: 1,2, Max: 2,8, Diff: 2,7, Sum: 4,6]
      [Termination (ms): Min: 0,0, Avg: 8,6, Max: 14,2, Diff: 14,2, Sum: 34,5]
         [Termination Attempts: Min: 1, Avg: 1,0, Max: 1, Diff: 0, Sum: 4]
      [GC Worker Other (ms): Min: 0,0, Avg: 0,0, Max: 0,0, Diff: 0,0, Sum: 0,0]
      [GC Worker Total (ms): Min: 16,0, Avg: 18,6, Max: 22,0, Diff: 6,0, Sum: 74,3]
      [GC Worker End (ms): Min: 3910296,4, Avg: 3910297,4, Max: 3910300,2, Diff: 3,9]
   [Code Root Fixup: 0,0 ms]
   [Code Root Purge: 0,0 ms]
   [Clear CT: 9,2 ms]
   [Other: 26,1 ms]
      [Choose CSet: 0,0 ms]
      [Ref Proc: 25,7 ms]
      [Ref Enq: 0,0 ms]
      [Redirty Cards: 0,1 ms]
      [Humongous Register: 0,1 ms]
      [Humongous Reclaim: 0,0 ms]
      [Free CSet: 0,1 ms]
   [Eden: 51200,0K(51200,0K)->0,0B(50176,0K) Survivors: 1024,0K->2048,0K Heap: 220,1M(1024,0M)->163,9M(1024,0M)]
 [Times: user=0,05 sys=0,00, real=0,06 secs] 
2020-09-27T21:04:40.655-0300: 3911,107: [GC pause (G1 Evacuation Pause) (young), 0,0177322 secs]
   [Parallel Time: 12,0 ms, GC Workers: 4]
      [GC Worker Start (ms): Min: 3911107,4, Avg: 3911108,8, Max: 3911113,0, Diff: 5,6]
      [Ext Root Scanning (ms): Min: 0,0, Avg: 0,5, Max: 0,7, Diff: 0,7, Sum: 1,9]
      [Update RS (ms): Min: 0,0, Avg: 2,5, Max: 6,8, Diff: 6,8, Sum: 9,9]
         [Processed Buffers: Min: 0, Avg: 12,0, Max: 28, Diff: 28, Sum: 48]
      [Scan RS (ms): Min: 0,0, Avg: 1,6, Max: 2,9, Diff: 2,9, Sum: 6,4]
      [Code Root Scanning (ms): Min: 0,0, Avg: 0,0, Max: 0,0, Diff: 0,0, Sum: 0,0]
      [Object Copy (ms): Min: 0,1, Avg: 1,0, Max: 1,8, Diff: 1,7, Sum: 4,2]
      [Termination (ms): Min: 0,0, Avg: 1,2, Max: 3,0, Diff: 3,0, Sum: 4,6]
         [Termination Attempts: Min: 1, Avg: 11,8, Max: 28, Diff: 27, Sum: 47]
      [GC Worker Other (ms): Min: 0,0, Avg: 0,0, Max: 0,0, Diff: 0,0, Sum: 0,0]
      [GC Worker Total (ms): Min: 2,0, Avg: 6,8, Max: 9,8, Diff: 7,9, Sum: 27,0]
      [GC Worker End (ms): Min: 3911115,0, Avg: 3911115,6, Max: 3911117,3, Diff: 2,3]
   [Code Root Fixup: 0,0 ms]
   [Code Root Purge: 0,0 ms]
   [Clear CT: 0,3 ms]
   [Other: 5,5 ms]
      [Choose CSet: 0,0 ms]
      [Ref Proc: 4,9 ms]
      [Ref Enq: 0,0 ms]
      [Redirty Cards: 0,2 ms]
      [Humongous Register: 0,0 ms]
      [Humongous Reclaim: 0,1 ms]
      [Free CSet: 0,1 ms]
   [Eden: 50176,0K(50176,0K)->0,0B(50176,0K) Survivors: 2048,0K->2048,0K Heap: 231,9M(1024,0M)->163,1M(1024,0M)]
 [Times: user=0,02 sys=0,00, real=0,02 secs] 
2020-09-27T21:04:40.884-0300: 3911,336: [GC pause (G1 Evacuation Pause) (young), 0,0090595 secs]
   [Parallel Time: 7,1 ms, GC Workers: 4]
      [GC Worker Start (ms): Min: 3911336,7, Avg: 3911337,6, Max: 3911340,4, Diff: 3,7]
      [Ext Root Scanning (ms): Min: 0,0, Avg: 0,5, Max: 0,7, Diff: 0,7, Sum: 1,9]
      [Update RS (ms): Min: 0,0, Avg: 0,7, Max: 0,9, Diff: 0,9, Sum: 2,8]
         [Processed Buffers: Min: 0, Avg: 7,5, Max: 13, Diff: 13, Sum: 30]
      [Scan RS (ms): Min: 0,0, Avg: 1,1, Max: 1,5, Diff: 1,5, Sum: 4,5]
      [Code Root Scanning (ms): Min: 0,0, Avg: 0,0, Max: 0,0, Diff: 0,0, Sum: 0,0]
      [Object Copy (ms): Min: 0,9, Avg: 1,6, Max: 2,6, Diff: 1,8, Sum: 6,6]
      [Termination (ms): Min: 0,0, Avg: 0,8, Max: 1,1, Diff: 1,1, Sum: 3,2]
         [Termination Attempts: Min: 1, Avg: 1,2, Max: 2, Diff: 1, Sum: 5]
      [GC Worker Other (ms): Min: 0,0, Avg: 0,0, Max: 0,0, Diff: 0,0, Sum: 0,0]
      [GC Worker Total (ms): Min: 1,9, Avg: 4,8, Max: 5,8, Diff: 3,8, Sum: 19,0]
      [GC Worker End (ms): Min: 3911342,4, Avg: 3911342,4, Max: 3911342,4, Diff: 0,1]
   [Code Root Fixup: 0,0 ms]
   [Code Root Purge: 0,0 ms]
   [Clear CT: 0,1 ms]
   [Other: 1,9 ms]
      [Choose CSet: 0,0 ms]
      [Ref Proc: 1,5 ms]
      [Ref Enq: 0,0 ms]
      [Redirty Cards: 0,1 ms]
      [Humongous Register: 0,1 ms]
      [Humongous Reclaim: 0,1 ms]
      [Free CSet: 0,1 ms]
   [Eden: 50176,0K(50176,0K)->0,0B(51200,0K) Survivors: 2048,0K->1024,0K Heap: 233,8M(1024,0M)->161,5M(1024,0M)]
 [Times: user=0,02 sys=0,00, real=0,01 secs] 
2020-09-27T21:04:41.456-0300: 3911,909: [GC pause (G1 Evacuation Pause) (young), 0,0130418 secs]
   [Parallel Time: 11,7 ms, GC Workers: 4]
      [GC Worker Start (ms): Min: 3911908,7, Avg: 3911911,6, Max: 3911915,9, Diff: 7,1]
      [Ext Root Scanning (ms): Min: 0,0, Avg: 0,4, Max: 0,8, Diff: 0,8, Sum: 1,7]
      [Update RS (ms): Min: 0,0, Avg: 0,7, Max: 1,4, Diff: 1,4, Sum: 2,8]
         [Processed Buffers: Min: 0, Avg: 8,5, Max: 21, Diff: 21, Sum: 34]
      [Scan RS (ms): Min: 0,0, Avg: 2,9, Max: 9,2, Diff: 9,2, Sum: 11,7]
      [Code Root Scanning (ms): Min: 0,0, Avg: 0,0, Max: 0,0, Diff: 0,0, Sum: 0,0]
      [Object Copy (ms): Min: 0,0, Avg: 1,0, Max: 1,9, Diff: 1,9, Sum: 3,9]
      [Termination (ms): Min: 0,0, Avg: 3,7, Max: 5,2, Diff: 5,2, Sum: 14,7]
         [Termination Attempts: Min: 1, Avg: 1,2, Max: 2, Diff: 1, Sum: 5]
      [GC Worker Other (ms): Min: 0,0, Avg: 0,0, Max: 0,0, Diff: 0,0, Sum: 0,0]
      [GC Worker Total (ms): Min: 4,4, Avg: 8,7, Max: 11,7, Diff: 7,2, Sum: 34,8]
      [GC Worker End (ms): Min: 3911920,3, Avg: 3911920,3, Max: 3911920,4, Diff: 0,1]
   [Code Root Fixup: 0,0 ms]
   [Code Root Purge: 0,0 ms]
   [Clear CT: 0,1 ms]
   [Other: 1,2 ms]
      [Choose CSet: 0,0 ms]
      [Ref Proc: 0,8 ms]
      [Ref Enq: 0,0 ms]
      [Redirty Cards: 0,1 ms]
      [Humongous Register: 0,1 ms]
      [Humongous Reclaim: 0,1 ms]
      [Free CSet: 0,1 ms]
   [Eden: 51200,0K(51200,0K)->0,0B(51200,0K) Survivors: 1024,0K->1024,0K Heap: 212,8M(1024,0M)->161,7M(1024,0M)]
 [Times: user=0,03 sys=0,00, real=0,02 secs] 
2020-09-27T21:04:42.033-0300: 3912,485: [GC pause (G1 Evacuation Pause) (young), 0,0153201 secs]
   [Parallel Time: 11,4 ms, GC Workers: 4]
      [GC Worker Start (ms): Min: 3912485,4, Avg: 3912488,8, Max: 3912492,2, Diff: 6,9]
      [Ext Root Scanning (ms): Min: 0,0, Avg: 0,5, Max: 1,0, Diff: 1,0, Sum: 1,9]
      [Update RS (ms): Min: 0,0, Avg: 2,0, Max: 4,9, Diff: 4,9, Sum: 7,9]
         [Processed Buffers: Min: 0, Avg: 11,0, Max: 42, Diff: 42, Sum: 44]
      [Scan RS (ms): Min: 0,0, Avg: 0,7, Max: 2,4, Diff: 2,4, Sum: 3,0]
      [Code Root Scanning (ms): Min: 0,0, Avg: 0,0, Max: 0,0, Diff: 0,0, Sum: 0,0]
      [Object Copy (ms): Min: 1,5, Avg: 2,5, Max: 4,8, Diff: 3,3, Sum: 9,8]
      [Termination (ms): Min: 0,0, Avg: 2,2, Max: 2,9, Diff: 2,9, Sum: 8,7]
         [Termination Attempts: Min: 1, Avg: 1,2, Max: 2, Diff: 1, Sum: 5]
      [GC Worker Other (ms): Min: 0,0, Avg: 0,0, Max: 0,0, Diff: 0,0, Sum: 0,0]
      [GC Worker Total (ms): Min: 4,4, Avg: 7,8, Max: 11,3, Diff: 6,9, Sum: 31,3]
      [GC Worker End (ms): Min: 3912496,6, Avg: 3912496,6, Max: 3912496,7, Diff: 0,1]
   [Code Root Fixup: 0,0 ms]
   [Code Root Purge: 0,0 ms]
   [Clear CT: 0,1 ms]
   [Other: 3,8 ms]
      [Choose CSet: 0,0 ms]
      [Ref Proc: 2,3 ms]
      [Ref Enq: 0,0 ms]
      [Redirty Cards: 1,1 ms]
      [Humongous Register: 0,0 ms]
      [Humongous Reclaim: 0,0 ms]
      [Free CSet: 0,1 ms]
   [Eden: 51200,0K(51200,0K)->0,0B(51200,0K) Survivors: 1024,0K->1024,0K Heap: 213,3M(1024,0M)->162,8M(1024,0M)]
 [Times: user=0,02 sys=0,00, real=0,02 secs] 
2020-09-27T21:04:42.969-0300: 3913,421: [GC pause (G1 Evacuation Pause) (young), 0,0160541 secs]
   [Parallel Time: 8,9 ms, GC Workers: 4]
      [GC Worker Start (ms): Min: 3913421,4, Avg: 3913424,9, Max: 3913428,6, Diff: 7,3]
      [Ext Root Scanning (ms): Min: 0,0, Avg: 0,4, Max: 0,9, Diff: 0,9, Sum: 1,7]
      [Update RS (ms): Min: 0,0, Avg: 1,6, Max: 3,2, Diff: 3,2, Sum: 6,3]
         [Processed Buffers: Min: 0, Avg: 7,8, Max: 25, Diff: 25, Sum: 31]
      [Scan RS (ms): Min: 0,0, Avg: 0,3, Max: 0,7, Diff: 0,7, Sum: 1,3]
      [Code Root Scanning (ms): Min: 0,0, Avg: 0,0, Max: 0,0, Diff: 0,0, Sum: 0,0]
      [Object Copy (ms): Min: 0,0, Avg: 0,7, Max: 1,5, Diff: 1,5, Sum: 3,0]
      [Termination (ms): Min: 0,0, Avg: 1,5, Max: 2,8, Diff: 2,8, Sum: 6,0]
         [Termination Attempts: Min: 1, Avg: 1,0, Max: 1, Diff: 0, Sum: 4]
      [GC Worker Other (ms): Min: 0,0, Avg: 0,0, Max: 0,0, Diff: 0,0, Sum: 0,0]
      [GC Worker Total (ms): Min: 0,0, Avg: 4,6, Max: 8,9, Diff: 8,8, Sum: 18,3]
      [GC Worker End (ms): Min: 3913428,7, Avg: 3913429,5, Max: 3913430,3, Diff: 1,6]
   [Code Root Fixup: 0,0 ms]
   [Code Root Purge: 0,0 ms]
   [Clear CT: 0,1 ms]
   [Other: 7,1 ms]
      [Choose CSet: 0,0 ms]
      [Ref Proc: 6,7 ms]
      [Ref Enq: 0,0 ms]
      [Redirty Cards: 0,1 ms]
      [Humongous Register: 0,1 ms]
      [Humongous Reclaim: 0,0 ms]
      [Free CSet: 0,0 ms]
   [Eden: 51200,0K(51200,0K)->0,0B(51200,0K) Survivors: 1024,0K->1024,0K Heap: 212,8M(1024,0M)->161,6M(1024,0M)]
 [Times: user=0,01 sys=0,00, real=0,01 secs] 
2020-09-27T21:04:43.616-0300: 3914,068: [GC pause (G1 Evacuation Pause) (young), 0,0094796 secs]
   [Parallel Time: 7,8 ms, GC Workers: 4]
      [GC Worker Start (ms): Min: 3914068,5, Avg: 3914070,4, Max: 3914072,2, Diff: 3,7]
      [Ext Root Scanning (ms): Min: 0,0, Avg: 0,5, Max: 1,0, Diff: 1,0, Sum: 2,0]
      [Update RS (ms): Min: 1,2, Avg: 3,0, Max: 6,0, Diff: 4,8, Sum: 12,1]
         [Processed Buffers: Min: 3, Avg: 9,5, Max: 15, Diff: 12, Sum: 38]
      [Scan RS (ms): Min: 0,0, Avg: 0,2, Max: 0,3, Diff: 0,3, Sum: 0,7]
      [Code Root Scanning (ms): Min: 0,0, Avg: 0,0, Max: 0,0, Diff: 0,0, Sum: 0,0]
      [Object Copy (ms): Min: 0,1, Avg: 0,9, Max: 1,2, Diff: 1,1, Sum: 3,8]
      [Termination (ms): Min: 0,0, Avg: 0,8, Max: 1,4, Diff: 1,4, Sum: 3,1]
         [Termination Attempts: Min: 1, Avg: 1,5, Max: 2, Diff: 1, Sum: 6]
      [GC Worker Other (ms): Min: 0,0, Avg: 0,0, Max: 0,0, Diff: 0,0, Sum: 0,0]
      [GC Worker Total (ms): Min: 3,4, Avg: 5,4, Max: 7,7, Diff: 4,3, Sum: 21,8]
      [GC Worker End (ms): Min: 3914075,6, Avg: 3914075,8, Max: 3914076,3, Diff: 0,6]
   [Code Root Fixup: 0,0 ms]
   [Code Root Purge: 0,0 ms]
   [Clear CT: 0,1 ms]
   [Other: 1,6 ms]
      [Choose CSet: 0,0 ms]
      [Ref Proc: 1,1 ms]
      [Ref Enq: 0,0 ms]
      [Redirty Cards: 0,1 ms]
      [Humongous Register: 0,1 ms]
      [Humongous Reclaim: 0,0 ms]
      [Free CSet: 0,0 ms]
   [Eden: 51200,0K(51200,0K)->0,0B(51200,0K) Survivors: 1024,0K->1024,0K Heap: 212,8M(1024,0M)->162,6M(1024,0M)]
 [Times: user=0,02 sys=0,00, real=0,01 secs] 
2020-09-27T21:04:44.265-0300: 3914,717: [GC pause (G1 Evacuation Pause) (young), 0,0210257 secs]
   [Parallel Time: 17,8 ms, GC Workers: 4]
      [GC Worker Start (ms): Min: 3914717,4, Avg: 3914720,4, Max: 3914724,2, Diff: 6,8]
      [Ext Root Scanning (ms): Min: 0,0, Avg: 3,0, Max: 11,1, Diff: 11,1, Sum: 12,2]
      [Update RS (ms): Min: 0,0, Avg: 3,8, Max: 14,8, Diff: 14,8, Sum: 15,3]
         [Processed Buffers: Min: 0, Avg: 7,2, Max: 23, Diff: 23, Sum: 29]
      [Scan RS (ms): Min: 0,0, Avg: 2,1, Max: 7,9, Diff: 7,9, Sum: 8,5]
      [Code Root Scanning (ms): Min: 0,0, Avg: 0,0, Max: 0,0, Diff: 0,0, Sum: 0,0]
      [Object Copy (ms): Min: 0,0, Avg: 2,3, Max: 8,0, Diff: 8,0, Sum: 9,1]
      [Termination (ms): Min: 0,0, Avg: 2,7, Max: 5,6, Diff: 5,6, Sum: 10,9]
         [Termination Attempts: Min: 1, Avg: 1,0, Max: 1, Diff: 0, Sum: 4]
      [GC Worker Other (ms): Min: 0,0, Avg: 0,0, Max: 0,0, Diff: 0,0, Sum: 0,0]
      [GC Worker Total (ms): Min: 9,9, Avg: 14,0, Max: 17,7, Diff: 7,9, Sum: 55,9]
      [GC Worker End (ms): Min: 3914734,1, Avg: 3914734,4, Max: 3914735,1, Diff: 1,0]
   [Code Root Fixup: 0,0 ms]
   [Code Root Purge: 0,0 ms]
   [Clear CT: 0,1 ms]
   [Other: 3,1 ms]
      [Choose CSet: 0,0 ms]
      [Ref Proc: 2,6 ms]
      [Ref Enq: 0,0 ms]
      [Redirty Cards: 0,1 ms]
      [Humongous Register: 0,1 ms]
      [Humongous Reclaim: 0,0 ms]
      [Free CSet: 0,1 ms]
   [Eden: 51200,0K(51200,0K)->0,0B(51200,0K) Survivors: 1024,0K->1024,0K Heap: 213,2M(1024,0M)->162,1M(1024,0M)]
 [Times: user=0,01 sys=0,00, real=0,02 secs] 
2020-09-27T21:04:44.738-0300: 3915,191: [GC pause (G1 Evacuation Pause) (young), 0,0198545 secs]
   [Parallel Time: 16,9 ms, GC Workers: 4]
      [GC Worker Start (ms): Min: 3915190,7, Avg: 3915193,8, Max: 3915197,8, Diff: 7,2]
      [Ext Root Scanning (ms): Min: 0,0, Avg: 0,5, Max: 1,0, Diff: 1,0, Sum: 2,0]
      [Update RS (ms): Min: 0,0, Avg: 1,5, Max: 2,9, Diff: 2,9, Sum: 5,9]
         [Processed Buffers: Min: 0, Avg: 8,8, Max: 26, Diff: 26, Sum: 35]
      [Scan RS (ms): Min: 0,0, Avg: 0,5, Max: 0,9, Diff: 0,9, Sum: 1,8]
      [Code Root Scanning (ms): Min: 0,0, Avg: 0,0, Max: 0,0, Diff: 0,0, Sum: 0,0]
      [Object Copy (ms): Min: 0,0, Avg: 3,6, Max: 11,9, Diff: 11,9, Sum: 14,5]
      [Termination (ms): Min: 0,0, Avg: 7,6, Max: 10,4, Diff: 10,4, Sum: 30,2]
         [Termination Attempts: Min: 1, Avg: 1,0, Max: 1, Diff: 0, Sum: 4]
      [GC Worker Other (ms): Min: 0,0, Avg: 0,0, Max: 0,0, Diff: 0,0, Sum: 0,0]
      [GC Worker Total (ms): Min: 9,6, Avg: 13,6, Max: 16,9, Diff: 7,3, Sum: 54,4]
      [GC Worker End (ms): Min: 3915207,4, Avg: 3915207,4, Max: 3915207,5, Diff: 0,2]
   [Code Root Fixup: 0,0 ms]
   [Code Root Purge: 0,0 ms]
   [Clear CT: 0,1 ms]
   [Other: 2,8 ms]
      [Choose CSet: 0,0 ms]
      [Ref Proc: 1,7 ms]
      [Ref Enq: 0,0 ms]
      [Redirty Cards: 0,8 ms]
      [Humongous Register: 0,1 ms]
      [Humongous Reclaim: 0,0 ms]
      [Free CSet: 0,0 ms]
   [Eden: 51200,0K(51200,0K)->0,0B(54272,0K) Survivors: 1024,0K->1024,0K Heap: 212,1M(1024,0M)->161,9M(1024,0M)]
 [Times: user=0,03 sys=0,00, real=0,02 secs] 
2020-09-27T21:04:45.347-0300: 3915,799: [GC pause (G1 Evacuation Pause) (young), 0,0371799 secs]
   [Parallel Time: 18,7 ms, GC Workers: 4]
      [GC Worker Start (ms): Min: 3915799,2, Avg: 3915800,6, Max: 3915804,1, Diff: 4,9]
      [Ext Root Scanning (ms): Min: 0,0, Avg: 0,5, Max: 1,0, Diff: 1,0, Sum: 2,1]
      [Update RS (ms): Min: 0,0, Avg: 0,8, Max: 1,6, Diff: 1,6, Sum: 3,2]
         [Processed Buffers: Min: 0, Avg: 7,2, Max: 22, Diff: 22, Sum: 29]
      [Scan RS (ms): Min: 0,0, Avg: 0,9, Max: 1,9, Diff: 1,9, Sum: 3,8]
      [Code Root Scanning (ms): Min: 0,0, Avg: 0,0, Max: 0,0, Diff: 0,0, Sum: 0,0]
      [Object Copy (ms): Min: 1,9, Avg: 4,4, Max: 6,8, Diff: 4,9, Sum: 17,5]
      [Termination (ms): Min: 0,0, Avg: 4,9, Max: 11,8, Diff: 11,8, Sum: 19,6]
         [Termination Attempts: Min: 1, Avg: 1,2, Max: 2, Diff: 1, Sum: 5]
      [GC Worker Other (ms): Min: 0,0, Avg: 0,0, Max: 0,0, Diff: 0,0, Sum: 0,0]
      [GC Worker Total (ms): Min: 6,2, Avg: 11,5, Max: 18,6, Diff: 12,4, Sum: 46,2]
      [GC Worker End (ms): Min: 3915810,3, Avg: 3915812,2, Max: 3915817,8, Diff: 7,6]
   [Code Root Fixup: 0,0 ms]
   [Code Root Purge: 0,0 ms]
   [Clear CT: 0,1 ms]
   [Other: 18,4 ms]
      [Choose CSet: 0,0 ms]
      [Ref Proc: 18,0 ms]
      [Ref Enq: 0,0 ms]
      [Redirty Cards: 0,1 ms]
      [Humongous Register: 0,0 ms]
      [Humongous Reclaim: 0,0 ms]
      [Free CSet: 0,0 ms]
   [Eden: 51200,0K(51200,0K)->0,0B(51200,0K) Survivors: 1024,0K->1024,0K Heap: 213,5M(1024,0M)->161,7M(1024,0M)]
 [Times: user=0,04 sys=0,00, real=0,04 secs] 
2020-09-27T21:04:45.859-0300: 3916,311: [GC pause (G1 Evacuation Pause) (young), 0,0174863 secs]
   [Parallel Time: 8,6 ms, GC Workers: 4]
      [GC Worker Start (ms): Min: 3916311,2, Avg: 3916315,2, Max: 3916319,3, Diff: 8,1]
      [Ext Root Scanning (ms): Min: 0,0, Avg: 0,4, Max: 1,6, Diff: 1,6, Sum: 1,6]
      [Update RS (ms): Min: 0,0, Avg: 2,0, Max: 6,4, Diff: 6,4, Sum: 8,0]
         [Processed Buffers: Min: 0, Avg: 8,2, Max: 33, Diff: 33, Sum: 33]
      [Scan RS (ms): Min: 0,0, Avg: 0,8, Max: 2,0, Diff: 2,0, Sum: 3,4]
      [Code Root Scanning (ms): Min: 0,0, Avg: 0,0, Max: 0,0, Diff: 0,0, Sum: 0,0]
      [Object Copy (ms): Min: 0,0, Avg: 0,6, Max: 1,1, Diff: 1,1, Sum: 2,3]
      [Termination (ms): Min: 0,0, Avg: 0,5, Max: 1,1, Diff: 1,1, Sum: 1,9]
         [Termination Attempts: Min: 1, Avg: 4,2, Max: 14, Diff: 13, Sum: 17]
      [GC Worker Other (ms): Min: 0,0, Avg: 0,0, Max: 0,0, Diff: 0,0, Sum: 0,0]
      [GC Worker Total (ms): Min: 0,1, Avg: 4,3, Max: 8,2, Diff: 8,1, Sum: 17,2]
      [GC Worker End (ms): Min: 3916319,4, Avg: 3916319,5, Max: 3916319,8, Diff: 0,4]
   [Code Root Fixup: 0,0 ms]
   [Code Root Purge: 0,0 ms]
   [Clear CT: 0,3 ms]
   [Other: 8,6 ms]
      [Choose CSet: 0,0 ms]
      [Ref Proc: 8,1 ms]
      [Ref Enq: 0,0 ms]
      [Redirty Cards: 0,1 ms]
      [Humongous Register: 0,0 ms]
      [Humongous Reclaim: 0,0 ms]
      [Free CSet: 0,1 ms]
   [Eden: 51200,0K(51200,0K)->0,0B(51200,0K) Survivors: 1024,0K->1024,0K Heap: 213,2M(1024,0M)->161,9M(1024,0M)]
 [Times: user=0,02 sys=0,00, real=0,02 secs] 
2020-09-27T21:04:46.359-0300: 3916,811: [GC pause (G1 Evacuation Pause) (young), 0,0375530 secs]
   [Parallel Time: 28,5 ms, GC Workers: 4]
      [GC Worker Start (ms): Min: 3916811,3, Avg: 3916817,7, Max: 3916823,1, Diff: 11,8]
      [Ext Root Scanning (ms): Min: 0,0, Avg: 0,4, Max: 1,7, Diff: 1,7, Sum: 1,8]
      [Update RS (ms): Min: 0,0, Avg: 6,8, Max: 23,8, Diff: 23,8, Sum: 27,1]
         [Processed Buffers: Min: 0, Avg: 7,2, Max: 25, Diff: 25, Sum: 29]
      [Scan RS (ms): Min: 0,0, Avg: 0,1, Max: 0,3, Diff: 0,3, Sum: 0,3]
      [Code Root Scanning (ms): Min: 0,0, Avg: 0,0, Max: 0,0, Diff: 0,0, Sum: 0,0]
      [Object Copy (ms): Min: 0,1, Avg: 4,7, Max: 16,4, Diff: 16,3, Sum: 18,9]
      [Termination (ms): Min: 0,0, Avg: 8,0, Max: 14,6, Diff: 14,6, Sum: 32,0]
         [Termination Attempts: Min: 1, Avg: 6,8, Max: 24, Diff: 23, Sum: 27]
      [GC Worker Other (ms): Min: 0,0, Avg: 0,0, Max: 0,0, Diff: 0,0, Sum: 0,0]
      [GC Worker Total (ms): Min: 13,9, Avg: 20,0, Max: 25,7, Diff: 11,8, Sum: 80,1]
      [GC Worker End (ms): Min: 3916837,1, Avg: 3916837,7, Max: 3916839,8, Diff: 2,7]
   [Code Root Fixup: 0,0 ms]
   [Code Root Purge: 0,0 ms]
   [Clear CT: 0,1 ms]
   [Other: 8,9 ms]
      [Choose CSet: 0,0 ms]
      [Ref Proc: 8,5 ms]
      [Ref Enq: 0,0 ms]
      [Redirty Cards: 0,1 ms]
      [Humongous Register: 0,1 ms]
      [Humongous Reclaim: 0,1 ms]
      [Free CSet: 0,0 ms]
   [Eden: 51200,0K(51200,0K)->0,0B(51200,0K) Survivors: 1024,0K->1024,0K Heap: 211,9M(1024,0M)->161,9M(1024,0M)]
 [Times: user=0,02 sys=0,00, real=0,04 secs] 
2020-09-27T21:04:46.846-0300: 3917,298: [GC pause (G1 Evacuation Pause) (young), 0,0112895 secs]
   [Parallel Time: 9,3 ms, GC Workers: 4]
      [GC Worker Start (ms): Min: 3917298,2, Avg: 3917300,9, Max: 3917303,6, Diff: 5,4]
      [Ext Root Scanning (ms): Min: 0,0, Avg: 0,4, Max: 0,9, Diff: 0,8, Sum: 1,7]
      [Update RS (ms): Min: 0,0, Avg: 0,8, Max: 1,6, Diff: 1,6, Sum: 3,1]
         [Processed Buffers: Min: 0, Avg: 7,8, Max: 24, Diff: 24, Sum: 31]
      [Scan RS (ms): Min: 0,0, Avg: 1,0, Max: 2,1, Diff: 2,1, Sum: 4,0]
      [Code Root Scanning (ms): Min: 0,0, Avg: 0,0, Max: 0,0, Diff: 0,0, Sum: 0,0]
      [Object Copy (ms): Min: 0,2, Avg: 1,8, Max: 3,9, Diff: 3,7, Sum: 7,3]
      [Termination (ms): Min: 0,0, Avg: 1,5, Max: 2,7, Diff: 2,7, Sum: 6,0]
         [Termination Attempts: Min: 1, Avg: 1,0, Max: 1, Diff: 0, Sum: 4]
      [GC Worker Other (ms): Min: 0,0, Avg: 0,0, Max: 0,0, Diff: 0,0, Sum: 0,0]
      [GC Worker Total (ms): Min: 2,8, Avg: 5,5, Max: 8,2, Diff: 5,4, Sum: 22,0]
      [GC Worker End (ms): Min: 3917306,4, Avg: 3917306,4, Max: 3917306,4, Diff: 0,0]
   [Code Root Fixup: 0,0 ms]
   [Code Root Purge: 0,0 ms]
   [Clear CT: 0,1 ms]
   [Other: 1,9 ms]
      [Choose CSet: 0,0 ms]
      [Ref Proc: 1,5 ms]
      [Ref Enq: 0,0 ms]
      [Redirty Cards: 0,1 ms]
      [Humongous Register: 0,1 ms]
      [Humongous Reclaim: 0,0 ms]
      [Free CSet: 0,0 ms]
   [Eden: 51200,0K(51200,0K)->0,0B(51200,0K) Survivors: 1024,0K->1024,0K Heap: 213,1M(1024,0M)->161,9M(1024,0M)]
 [Times: user=0,02 sys=0,00, real=0,01 secs] 
2020-09-27T21:04:47.378-0300: 3917,830: [GC pause (G1 Evacuation Pause) (young), 0,0082086 secs]
   [Parallel Time: 6,9 ms, GC Workers: 4]
      [GC Worker Start (ms): Min: 3917830,3, Avg: 3917832,0, Max: 3917833,6, Diff: 3,3]
      [Ext Root Scanning (ms): Min: 0,0, Avg: 0,5, Max: 0,9, Diff: 0,9, Sum: 1,8]
      [Update RS (ms): Min: 0,0, Avg: 0,8, Max: 1,6, Diff: 1,6, Sum: 3,2]
         [Processed Buffers: Min: 0, Avg: 9,0, Max: 18, Diff: 18, Sum: 36]
      [Scan RS (ms): Min: 1,0, Avg: 2,3, Max: 3,8, Diff: 2,8, Sum: 9,1]
      [Code Root Scanning (ms): Min: 0,0, Avg: 0,0, Max: 0,0, Diff: 0,0, Sum: 0,0]
      [Object Copy (ms): Min: 0,1, Avg: 0,7, Max: 1,3, Diff: 1,3, Sum: 2,8]
      [Termination (ms): Min: 0,0, Avg: 0,5, Max: 0,8, Diff: 0,8, Sum: 1,9]
         [Termination Attempts: Min: 1, Avg: 2,2, Max: 6, Diff: 5, Sum: 9]
      [GC Worker Other (ms): Min: 0,0, Avg: 0,0, Max: 0,0, Diff: 0,0, Sum: 0,0]
      [GC Worker Total (ms): Min: 3,1, Avg: 4,7, Max: 6,4, Diff: 3,3, Sum: 19,0]
      [GC Worker End (ms): Min: 3917836,7, Avg: 3917836,7, Max: 3917836,7, Diff: 0,0]
   [Code Root Fixup: 0,0 ms]
   [Code Root Purge: 0,0 ms]
   [Clear CT: 0,1 ms]
   [Other: 1,3 ms]
      [Choose CSet: 0,0 ms]
      [Ref Proc: 0,9 ms]
      [Ref Enq: 0,0 ms]
      [Redirty Cards: 0,1 ms]
      [Humongous Register: 0,1 ms]
      [Humongous Reclaim: 0,0 ms]
      [Free CSet: 0,1 ms]
   [Eden: 51200,0K(51200,0K)->0,0B(338,0M) Survivors: 1024,0K->1024,0K Heap: 214,9M(1024,0M)->161,9M(1024,0M)]
 [Times: user=0,01 sys=0,00, real=0,01 secs] 
2020-09-27T21:04:49.666-0300: 3920,118: [GC pause (G1 Evacuation Pause) (young), 0,0092056 secs]
   [Parallel Time: 6,6 ms, GC Workers: 4]
      [GC Worker Start (ms): Min: 3920117,9, Avg: 3920120,0, Max: 3920122,1, Diff: 4,2]
      [Ext Root Scanning (ms): Min: 0,0, Avg: 0,4, Max: 0,8, Diff: 0,8, Sum: 1,7]
      [Update RS (ms): Min: 0,0, Avg: 1,0, Max: 1,9, Diff: 1,9, Sum: 3,8]
         [Processed Buffers: Min: 0, Avg: 8,8, Max: 27, Diff: 27, Sum: 35]
      [Scan RS (ms): Min: 0,2, Avg: 1,3, Max: 3,4, Diff: 3,2, Sum: 5,4]
      [Code Root Scanning (ms): Min: 0,0, Avg: 0,0, Max: 0,0, Diff: 0,0, Sum: 0,0]
      [Object Copy (ms): Min: 0,1, Avg: 0,9, Max: 1,2, Diff: 1,1, Sum: 3,6]
      [Termination (ms): Min: 0,0, Avg: 0,6, Max: 1,0, Diff: 1,0, Sum: 2,5]
         [Termination Attempts: Min: 1, Avg: 1,2, Max: 2, Diff: 1, Sum: 5]
      [GC Worker Other (ms): Min: 0,0, Avg: 0,0, Max: 0,0, Diff: 0,0, Sum: 0,1]
      [GC Worker Total (ms): Min: 2,1, Avg: 4,3, Max: 6,6, Diff: 4,5, Sum: 17,1]
      [GC Worker End (ms): Min: 3920124,2, Avg: 3920124,3, Max: 3920124,5, Diff: 0,3]
   [Code Root Fixup: 0,0 ms]
   [Code Root Purge: 0,0 ms]
   [Clear CT: 0,1 ms]
   [Other: 2,5 ms]
      [Choose CSet: 0,0 ms]
      [Ref Proc: 2,0 ms]
      [Ref Enq: 0,0 ms]
      [Redirty Cards: 0,1 ms]
      [Humongous Register: 0,0 ms]
      [Humongous Reclaim: 0,0 ms]
      [Free CSet: 0,1 ms]
   [Eden: 163,0M(51200,0K)->0,0B(613,0M) Survivors: 1024,0K->1024,0K Heap: 326,2M(1024,0M)->162,4M(1024,0M)]
 [Times: user=0,01 sys=0,01, real=0,01 secs] 
2020-09-27T21:04:51.857-0300: 3922,309: [GC pause (G1 Evacuation Pause) (young), 0,0085695 secs]
   [Parallel Time: 7,3 ms, GC Workers: 4]
      [GC Worker Start (ms): Min: 3922309,3, Avg: 3922312,8, Max: 3922316,2, Diff: 7,0]
      [Ext Root Scanning (ms): Min: 0,0, Avg: 0,4, Max: 0,8, Diff: 0,8, Sum: 1,6]
      [Update RS (ms): Min: 0,0, Avg: 1,0, Max: 2,0, Diff: 2,0, Sum: 4,0]
         [Processed Buffers: Min: 0, Avg: 10,8, Max: 28, Diff: 28, Sum: 43]
      [Scan RS (ms): Min: 0,0, Avg: 1,0, Max: 2,1, Diff: 2,1, Sum: 4,2]
      [Code Root Scanning (ms): Min: 0,0, Avg: 0,0, Max: 0,0, Diff: 0,0, Sum: 0,0]
      [Object Copy (ms): Min: 0,0, Avg: 0,7, Max: 1,5, Diff: 1,5, Sum: 2,9]
      [Termination (ms): Min: 0,0, Avg: 0,4, Max: 0,7, Diff: 0,7, Sum: 1,5]
         [Termination Attempts: Min: 1, Avg: 1,0, Max: 1, Diff: 0, Sum: 4]
      [GC Worker Other (ms): Min: 0,0, Avg: 0,0, Max: 0,0, Diff: 0,0, Sum: 0,0]
      [GC Worker Total (ms): Min: 0,0, Avg: 3,6, Max: 7,1, Diff: 7,1, Sum: 14,3]
      [GC Worker End (ms): Min: 3922316,3, Avg: 3922316,3, Max: 3922316,4, Diff: 0,2]
   [Code Root Fixup: 0,0 ms]
   [Code Root Purge: 0,0 ms]
   [Clear CT: 0,1 ms]
   [Other: 1,2 ms]
      [Choose CSet: 0,0 ms]
      [Ref Proc: 0,8 ms]
      [Ref Enq: 0,0 ms]
      [Redirty Cards: 0,0 ms]
      [Humongous Register: 0,1 ms]
      [Humongous Reclaim: 0,0 ms]
      [Free CSet: 0,1 ms]
   [Eden: 206,0M(206,0M)->0,0B(613,0M) Survivors: 1024,0K->1024,0K Heap: 373,6M(1024,0M)->162,0M(1024,0M)]
 [Times: user=0,02 sys=0,00, real=0,01 secs] 
2020-09-27T21:04:59.416-0300: 3929,868: [GC pause (G1 Evacuation Pause) (young), 0,0130829 secs]
   [Parallel Time: 11,3 ms, GC Workers: 4]
      [GC Worker Start (ms): Min: 3929868,1, Avg: 3929871,2, Max: 3929876,2, Diff: 8,1]
      [Ext Root Scanning (ms): Min: 0,0, Avg: 0,7, Max: 1,4, Diff: 1,4, Sum: 2,7]
      [Update RS (ms): Min: 0,0, Avg: 1,1, Max: 2,3, Diff: 2,3, Sum: 4,5]
         [Processed Buffers: Min: 0, Avg: 13,0, Max: 27, Diff: 27, Sum: 52]
      [Scan RS (ms): Min: 0,0, Avg: 3,3, Max: 7,4, Diff: 7,4, Sum: 13,0]
      [Code Root Scanning (ms): Min: 0,0, Avg: 0,0, Max: 0,0, Diff: 0,0, Sum: 0,0]
      [Object Copy (ms): Min: 0,1, Avg: 1,7, Max: 3,1, Diff: 3,0, Sum: 6,6]
      [Termination (ms): Min: 0,0, Avg: 1,3, Max: 2,0, Diff: 2,0, Sum: 5,3]
         [Termination Attempts: Min: 1, Avg: 1,0, Max: 1, Diff: 0, Sum: 4]
      [GC Worker Other (ms): Min: 0,0, Avg: 0,0, Max: 0,0, Diff: 0,0, Sum: 0,0]
      [GC Worker Total (ms): Min: 3,0, Avg: 8,1, Max: 11,2, Diff: 8,1, Sum: 32,4]
      [GC Worker End (ms): Min: 3929879,2, Avg: 3929879,3, Max: 3929879,3, Diff: 0,1]
   [Code Root Fixup: 0,0 ms]
   [Code Root Purge: 0,0 ms]
   [Clear CT: 0,2 ms]
   [Other: 1,5 ms]
      [Choose CSet: 0,0 ms]
      [Ref Proc: 0,8 ms]
      [Ref Enq: 0,0 ms]
      [Redirty Cards: 0,1 ms]
      [Humongous Register: 0,1 ms]
      [Humongous Reclaim: 0,0 ms]
      [Free CSet: 0,3 ms]
   [Eden: 613,0M(613,0M)->0,0B(613,0M) Survivors: 1024,0K->1024,0K Heap: 785,8M(1024,0M)->162,5M(1024,0M)]
 [Times: user=0,02 sys=0,00, real=0,02 secs] 
2020-09-27T21:05:05.585-0300: 3936,037: [GC pause (G1 Evacuation Pause) (young), 0,0339860 secs]
   [Parallel Time: 21,9 ms, GC Workers: 4]
      [GC Worker Start (ms): Min: 3936037,6, Avg: 3936041,0, Max: 3936044,5, Diff: 6,9]
      [Ext Root Scanning (ms): Min: 0,0, Avg: 0,4, Max: 0,9, Diff: 0,9, Sum: 1,8]
      [Update RS (ms): Min: 0,0, Avg: 1,1, Max: 2,2, Diff: 2,2, Sum: 4,4]
         [Processed Buffers: Min: 0, Avg: 17,0, Max: 40, Diff: 40, Sum: 68]
      [Scan RS (ms): Min: 0,0, Avg: 1,7, Max: 3,3, Diff: 3,3, Sum: 6,7]
      [Code Root Scanning (ms): Min: 0,0, Avg: 0,0, Max: 0,0, Diff: 0,0, Sum: 0,0]
      [Object Copy (ms): Min: 2,8, Avg: 5,7, Max: 13,3, Diff: 10,5, Sum: 22,7]
      [Termination (ms): Min: 0,0, Avg: 7,5, Max: 10,1, Diff: 10,1, Sum: 30,1]
         [Termination Attempts: Min: 1, Avg: 1,0, Max: 1, Diff: 0, Sum: 4]
      [GC Worker Other (ms): Min: 0,0, Avg: 0,0, Max: 0,0, Diff: 0,0, Sum: 0,0]
      [GC Worker Total (ms): Min: 12,9, Avg: 16,4, Max: 19,8, Diff: 6,9, Sum: 65,7]
      [GC Worker End (ms): Min: 3936057,3, Avg: 3936057,4, Max: 3936057,5, Diff: 0,2]
   [Code Root Fixup: 0,0 ms]
   [Code Root Purge: 0,0 ms]
   [Clear CT: 0,2 ms]
   [Other: 11,8 ms]
      [Choose CSet: 0,0 ms]
      [Ref Proc: 11,1 ms]
      [Ref Enq: 0,0 ms]
      [Redirty Cards: 0,1 ms]
      [Humongous Register: 0,1 ms]
      [Humongous Reclaim: 0,1 ms]
      [Free CSet: 0,2 ms]
   [Eden: 432,0M(394,0M)->0,0B(270,0M) Survivors: 1024,0K->2048,0K Heap: 616,7M(1024,0M)->164,9M(1024,0M)]
 [Times: user=0,04 sys=0,00, real=0,03 secs] 
2020-09-27T21:05:07.679-0300: 3938,131: [GC pause (G1 Evacuation Pause) (young), 0,0152811 secs]
   [Parallel Time: 10,9 ms, GC Workers: 4]
      [GC Worker Start (ms): Min: 3938131,3, Avg: 3938133,8, Max: 3938136,2, Diff: 4,9]
      [Ext Root Scanning (ms): Min: 0,0, Avg: 0,5, Max: 0,9, Diff: 0,9, Sum: 1,8]
      [Update RS (ms): Min: 0,0, Avg: 0,9, Max: 1,8, Diff: 1,8, Sum: 3,7]
         [Processed Buffers: Min: 0, Avg: 13,5, Max: 27, Diff: 27, Sum: 54]
      [Scan RS (ms): Min: 1,2, Avg: 4,5, Max: 8,0, Diff: 6,8, Sum: 17,8]
      [Code Root Scanning (ms): Min: 0,0, Avg: 0,0, Max: 0,0, Diff: 0,0, Sum: 0,0]
      [Object Copy (ms): Min: 0,0, Avg: 1,7, Max: 3,4, Diff: 3,4, Sum: 6,9]
      [Termination (ms): Min: 0,0, Avg: 0,9, Max: 1,4, Diff: 1,4, Sum: 3,5]
         [Termination Attempts: Min: 1, Avg: 3,5, Max: 10, Diff: 9, Sum: 14]
      [GC Worker Other (ms): Min: 0,0, Avg: 0,0, Max: 0,0, Diff: 0,0, Sum: 0,0]
      [GC Worker Total (ms): Min: 6,0, Avg: 8,4, Max: 10,9, Diff: 4,9, Sum: 33,8]
      [GC Worker End (ms): Min: 3938142,2, Avg: 3938142,2, Max: 3938142,2, Diff: 0,0]
   [Code Root Fixup: 0,0 ms]
   [Code Root Purge: 0,0 ms]
   [Clear CT: 0,2 ms]
   [Other: 4,2 ms]
      [Choose CSet: 0,0 ms]
      [Ref Proc: 3,6 ms]
      [Ref Enq: 0,0 ms]
      [Redirty Cards: 0,1 ms]
      [Humongous Register: 0,1 ms]
      [Humongous Reclaim: 0,1 ms]
      [Free CSet: 0,1 ms]
   [Eden: 203,0M(50176,0K)->0,0B(612,0M) Survivors: 2048,0K->2048,0K Heap: 393,9M(1024,0M)->163,7M(1024,0M)]
 [Times: user=0,02 sys=0,00, real=0,02 secs] 
2020-09-27T21:05:10.692-0300: 3941,144: [GC pause (G1 Evacuation Pause) (young), 0,0241434 secs]
   [Parallel Time: 21,2 ms, GC Workers: 4]
      [GC Worker Start (ms): Min: 3941144,0, Avg: 3941149,3, Max: 3941152,9, Diff: 9,0]
      [Ext Root Scanning (ms): Min: 0,0, Avg: 0,5, Max: 1,8, Diff: 1,8, Sum: 1,9]
      [Update RS (ms): Min: 0,0, Avg: 4,5, Max: 16,0, Diff: 16,0, Sum: 18,0]
         [Processed Buffers: Min: 0, Avg: 11,8, Max: 47, Diff: 47, Sum: 47]
      [Scan RS (ms): Min: 1,0, Avg: 5,0, Max: 12,1, Diff: 11,1, Sum: 20,0]
      [Code Root Scanning (ms): Min: 0,0, Avg: 0,0, Max: 0,0, Diff: 0,0, Sum: 0,0]
      [Object Copy (ms): Min: 0,1, Avg: 4,2, Max: 8,4, Diff: 8,3, Sum: 17,0]
      [Termination (ms): Min: 0,0, Avg: 1,5, Max: 2,7, Diff: 2,7, Sum: 6,1]
         [Termination Attempts: Min: 1, Avg: 1,0, Max: 1, Diff: 0, Sum: 4]
      [GC Worker Other (ms): Min: 0,0, Avg: 0,0, Max: 0,0, Diff: 0,0, Sum: 0,1]
      [GC Worker Total (ms): Min: 12,1, Avg: 15,8, Max: 21,1, Diff: 9,0, Sum: 63,0]
      [GC Worker End (ms): Min: 3941165,0, Avg: 3941165,1, Max: 3941165,1, Diff: 0,1]
   [Code Root Fixup: 0,0 ms]
   [Code Root Purge: 0,0 ms]
   [Clear CT: 0,2 ms]
   [Other: 2,8 ms]
      [Choose CSet: 0,0 ms]
      [Ref Proc: 2,3 ms]
      [Ref Enq: 0,0 ms]
      [Redirty Cards: 0,1 ms]
      [Humongous Register: 0,1 ms]
      [Humongous Reclaim: 0,0 ms]
      [Free CSet: 0,1 ms]
   [Eden: 252,0M(50176,0K)->0,0B(50176,0K) Survivors: 2048,0K->2048,0K Heap: 428,5M(1024,0M)->163,2M(1024,0M)]
 [Times: user=0,03 sys=0,00, real=0,02 secs] 
2020-09-27T21:05:11.586-0300: 3942,038: [GC pause (G1 Evacuation Pause) (young), 0,0141118 secs]
   [Parallel Time: 12,1 ms, GC Workers: 4]
      [GC Worker Start (ms): Min: 3942038,5, Avg: 3942040,3, Max: 3942040,9, Diff: 2,4]
      [Ext Root Scanning (ms): Min: 0,4, Avg: 3,3, Max: 8,7, Diff: 8,2, Sum: 13,0]
      [Update RS (ms): Min: 0,0, Avg: 3,5, Max: 8,8, Diff: 8,8, Sum: 13,9]
         [Processed Buffers: Min: 0, Avg: 8,2, Max: 15, Diff: 15, Sum: 33]
      [Scan RS (ms): Min: 0,0, Avg: 0,4, Max: 0,7, Diff: 0,7, Sum: 1,4]
      [Code Root Scanning (ms): Min: 0,0, Avg: 0,0, Max: 0,0, Diff: 0,0, Sum: 0,0]
      [Object Copy (ms): Min: 0,1, Avg: 2,1, Max: 3,2, Diff: 3,1, Sum: 8,4]
      [Termination (ms): Min: 0,0, Avg: 0,9, Max: 1,4, Diff: 1,4, Sum: 3,8]
         [Termination Attempts: Min: 1, Avg: 1,2, Max: 2, Diff: 1, Sum: 5]
      [GC Worker Other (ms): Min: 0,0, Avg: 0,0, Max: 0,0, Diff: 0,0, Sum: 0,0]
      [GC Worker Total (ms): Min: 9,4, Avg: 10,1, Max: 12,0, Diff: 2,6, Sum: 40,5]
      [GC Worker End (ms): Min: 3942050,3, Avg: 3942050,4, Max: 3942050,5, Diff: 0,2]
   [Code Root Fixup: 0,0 ms]
   [Code Root Purge: 0,0 ms]
   [Clear CT: 0,1 ms]
   [Other: 1,9 ms]
      [Choose CSet: 0,0 ms]
      [Ref Proc: 0,9 ms]
      [Ref Enq: 0,0 ms]
      [Redirty Cards: 0,6 ms]
      [Humongous Register: 0,1 ms]
      [Humongous Reclaim: 0,0 ms]
      [Free CSet: 0,1 ms]
   [Eden: 50176,0K(50176,0K)->0,0B(612,0M) Survivors: 2048,0K->2048,0K Heap: 212,2M(1024,0M)->162,8M(1024,0M)]
 [Times: user=0,02 sys=0,00, real=0,02 secs] 
2020-09-27T21:05:12.792-0300: 3943,244: [GC pause (G1 Evacuation Pause) (young), 0,0346052 secs]
   [Parallel Time: 16,3 ms, GC Workers: 4]
      [GC Worker Start (ms): Min: 3943244,0, Avg: 3943245,9, Max: 3943247,8, Diff: 3,8]
      [Ext Root Scanning (ms): Min: 0,0, Avg: 0,5, Max: 1,0, Diff: 1,0, Sum: 2,0]
      [Update RS (ms): Min: 0,0, Avg: 1,0, Max: 2,0, Diff: 2,0, Sum: 3,9]
         [Processed Buffers: Min: 0, Avg: 11,8, Max: 36, Diff: 36, Sum: 47]
      [Scan RS (ms): Min: 1,8, Avg: 3,0, Max: 5,1, Diff: 3,3, Sum: 12,0]
      [Code Root Scanning (ms): Min: 0,0, Avg: 0,0, Max: 0,0, Diff: 0,0, Sum: 0,0]
      [Object Copy (ms): Min: 0,1, Avg: 1,9, Max: 3,2, Diff: 3,1, Sum: 7,5]
      [Termination (ms): Min: 0,0, Avg: 2,5, Max: 8,1, Diff: 8,1, Sum: 10,0]
         [Termination Attempts: Min: 1, Avg: 1,2, Max: 2, Diff: 1, Sum: 5]
      [GC Worker Other (ms): Min: 0,0, Avg: 0,0, Max: 0,1, Diff: 0,1, Sum: 0,1]
      [GC Worker Total (ms): Min: 5,1, Avg: 8,9, Max: 16,2, Diff: 11,1, Sum: 35,6]
      [GC Worker End (ms): Min: 3943252,9, Avg: 3943254,8, Max: 3943260,2, Diff: 7,4]
   [Code Root Fixup: 0,0 ms]
   [Code Root Purge: 0,0 ms]
   [Clear CT: 0,1 ms]
   [Other: 18,2 ms]
      [Choose CSet: 0,0 ms]
      [Ref Proc: 17,8 ms]
      [Ref Enq: 0,0 ms]
      [Redirty Cards: 0,1 ms]
      [Humongous Register: 0,1 ms]
      [Humongous Reclaim: 0,0 ms]
      [Free CSet: 0,1 ms]
   [Eden: 63488,0K(50176,0K)->0,0B(50176,0K) Survivors: 2048,0K->2048,0K Heap: 227,5M(1024,0M)->163,8M(1024,0M)]
 [Times: user=0,03 sys=0,00, real=0,03 secs] 
2020-09-27T21:05:13.684-0300: 3944,136: [GC pause (G1 Evacuation Pause) (young), 0,0225569 secs]
   [Parallel Time: 19,8 ms, GC Workers: 4]
      [GC Worker Start (ms): Min: 3944136,1, Avg: 3944142,2, Max: 3944148,2, Diff: 12,1]
      [Ext Root Scanning (ms): Min: 0,0, Avg: 0,5, Max: 2,0, Diff: 2,0, Sum: 2,0]
      [Update RS (ms): Min: 0,0, Avg: 4,8, Max: 16,5, Diff: 16,5, Sum: 19,1]
         [Processed Buffers: Min: 0, Avg: 7,8, Max: 31, Diff: 31, Sum: 31]
      [Scan RS (ms): Min: 0,0, Avg: 3,3, Max: 10,5, Diff: 10,5, Sum: 13,4]
      [Code Root Scanning (ms): Min: 0,0, Avg: 0,0, Max: 0,0, Diff: 0,0, Sum: 0,0]
      [Object Copy (ms): Min: 0,2, Avg: 3,8, Max: 7,4, Diff: 7,2, Sum: 15,3]
      [Termination (ms): Min: 0,0, Avg: 1,2, Max: 2,1, Diff: 2,1, Sum: 4,8]
         [Termination Attempts: Min: 1, Avg: 1,0, Max: 1, Diff: 0, Sum: 4]
      [GC Worker Other (ms): Min: 0,0, Avg: 0,0, Max: 0,0, Diff: 0,0, Sum: 0,0]
      [GC Worker Total (ms): Min: 7,5, Avg: 13,6, Max: 19,7, Diff: 12,2, Sum: 54,6]
      [GC Worker End (ms): Min: 3944155,8, Avg: 3944155,8, Max: 3944155,9, Diff: 0,1]
   [Code Root Fixup: 0,0 ms]
   [Code Root Purge: 0,0 ms]
   [Clear CT: 0,1 ms]
   [Other: 2,6 ms]
      [Choose CSet: 0,0 ms]
      [Ref Proc: 2,2 ms]
      [Ref Enq: 0,0 ms]
      [Redirty Cards: 0,1 ms]
      [Humongous Register: 0,1 ms]
      [Humongous Reclaim: 0,0 ms]
      [Free CSet: 0,1 ms]
   [Eden: 50176,0K(50176,0K)->0,0B(50176,0K) Survivors: 2048,0K->2048,0K Heap: 214,0M(1024,0M)->163,3M(1024,0M)]
 [Times: user=0,02 sys=0,00, real=0,02 secs] 
2020-09-27T21:05:14.341-0300: 3944,793: [GC pause (G1 Evacuation Pause) (young), 0,0257951 secs]
   [Parallel Time: 23,7 ms, GC Workers: 4]
      [GC Worker Start (ms): Min: 3944793,1, Avg: 3944798,1, Max: 3944803,0, Diff: 9,9]
      [Ext Root Scanning (ms): Min: 0,0, Avg: 0,5, Max: 1,9, Diff: 1,9, Sum: 1,9]
      [Update RS (ms): Min: 0,0, Avg: 5,1, Max: 17,8, Diff: 17,8, Sum: 20,4]
         [Processed Buffers: Min: 0, Avg: 10,5, Max: 42, Diff: 42, Sum: 42]
      [Scan RS (ms): Min: 0,1, Avg: 6,2, Max: 15,0, Diff: 15,0, Sum: 24,8]
      [Code Root Scanning (ms): Min: 0,0, Avg: 0,0, Max: 0,0, Diff: 0,0, Sum: 0,0]
      [Object Copy (ms): Min: 0,0, Avg: 3,7, Max: 12,1, Diff: 12,1, Sum: 14,7]
      [Termination (ms): Min: 0,0, Avg: 3,2, Max: 6,2, Diff: 6,2, Sum: 12,8]
         [Termination Attempts: Min: 1, Avg: 1,0, Max: 1, Diff: 0, Sum: 4]
      [GC Worker Other (ms): Min: 0,0, Avg: 0,0, Max: 0,0, Diff: 0,0, Sum: 0,0]
      [GC Worker Total (ms): Min: 13,6, Avg: 18,7, Max: 23,7, Diff: 10,1, Sum: 74,6]
      [GC Worker End (ms): Min: 3944816,7, Avg: 3944816,8, Max: 3944816,8, Diff: 0,1]
   [Code Root Fixup: 0,0 ms]
   [Code Root Purge: 0,0 ms]
   [Clear CT: 0,1 ms]
   [Other: 2,0 ms]
      [Choose CSet: 0,0 ms]
      [Ref Proc: 1,6 ms]
      [Ref Enq: 0,0 ms]
      [Redirty Cards: 0,1 ms]
      [Humongous Register: 0,1 ms]
      [Humongous Reclaim: 0,0 ms]
      [Free CSet: 0,1 ms]
   [Eden: 50176,0K(50176,0K)->0,0B(50176,0K) Survivors: 2048,0K->2048,0K Heap: 214,1M(1024,0M)->163,9M(1024,0M)]
 [Times: user=0,02 sys=0,00, real=0,02 secs] 
2020-09-27T21:05:14.949-0300: 3945,402: [GC pause (G1 Evacuation Pause) (young), 0,0213580 secs]
   [Parallel Time: 12,9 ms, GC Workers: 4]
      [GC Worker Start (ms): Min: 3945401,8, Avg: 3945408,0, Max: 3945413,8, Diff: 12,0]
      [Ext Root Scanning (ms): Min: 0,0, Avg: 0,4, Max: 1,7, Diff: 1,7, Sum: 1,7]
      [Update RS (ms): Min: 0,0, Avg: 0,8, Max: 3,0, Diff: 3,0, Sum: 3,0]
         [Processed Buffers: Min: 0, Avg: 9,8, Max: 39, Diff: 39, Sum: 39]
      [Scan RS (ms): Min: 0,1, Avg: 2,8, Max: 7,2, Diff: 7,2, Sum: 11,3]
      [Code Root Scanning (ms): Min: 0,0, Avg: 0,0, Max: 0,0, Diff: 0,0, Sum: 0,0]
      [Object Copy (ms): Min: 0,0, Avg: 1,5, Max: 2,9, Diff: 2,9, Sum: 5,9]
      [Termination (ms): Min: 0,0, Avg: 0,7, Max: 1,5, Diff: 1,5, Sum: 2,8]
         [Termination Attempts: Min: 1, Avg: 1,5, Max: 2, Diff: 1, Sum: 6]
      [GC Worker Other (ms): Min: 0,0, Avg: 0,0, Max: 0,0, Diff: 0,0, Sum: 0,0]
      [GC Worker Total (ms): Min: 0,1, Avg: 6,2, Max: 12,1, Diff: 12,0, Sum: 24,8]
      [GC Worker End (ms): Min: 3945413,9, Avg: 3945414,2, Max: 3945414,6, Diff: 0,7]
   [Code Root Fixup: 0,0 ms]
   [Code Root Purge: 0,0 ms]
   [Clear CT: 0,1 ms]
   [Other: 8,4 ms]
      [Choose CSet: 0,0 ms]
      [Ref Proc: 7,9 ms]
      [Ref Enq: 0,0 ms]
      [Redirty Cards: 0,1 ms]
      [Humongous Register: 0,1 ms]
      [Humongous Reclaim: 0,0 ms]
      [Free CSet: 0,1 ms]
   [Eden: 50176,0K(50176,0K)->0,0B(50176,0K) Survivors: 2048,0K->2048,0K Heap: 215,4M(1024,0M)->163,0M(1024,0M)]
 [Times: user=0,03 sys=0,00, real=0,02 secs] 
2020-09-27T21:05:15.497-0300: 3945,949: [GC pause (G1 Evacuation Pause) (young), 0,0291007 secs]
   [Parallel Time: 16,1 ms, GC Workers: 4]
      [GC Worker Start (ms): Min: 3945949,2, Avg: 3945950,2, Max: 3945950,5, Diff: 1,4]
      [Ext Root Scanning (ms): Min: 0,3, Avg: 4,0, Max: 10,1, Diff: 9,8, Sum: 15,9]
      [Update RS (ms): Min: 0,0, Avg: 0,9, Max: 1,8, Diff: 1,8, Sum: 3,6]
         [Processed Buffers: Min: 0, Avg: 8,2, Max: 18, Diff: 18, Sum: 33]
      [Scan RS (ms): Min: 0,0, Avg: 1,2, Max: 2,4, Diff: 2,4, Sum: 4,9]
      [Code Root Scanning (ms): Min: 0,0, Avg: 0,0, Max: 0,0, Diff: 0,0, Sum: 0,0]
      [Object Copy (ms): Min: 0,1, Avg: 4,0, Max: 10,1, Diff: 10,0, Sum: 15,8]
      [Termination (ms): Min: 0,0, Avg: 4,9, Max: 6,9, Diff: 6,9, Sum: 19,6]
         [Termination Attempts: Min: 1, Avg: 1,2, Max: 2, Diff: 1, Sum: 5]
      [GC Worker Other (ms): Min: 0,0, Avg: 0,0, Max: 0,0, Diff: 0,0, Sum: 0,0]
      [GC Worker Total (ms): Min: 14,6, Avg: 15,0, Max: 16,0, Diff: 1,5, Sum: 59,9]
      [GC Worker End (ms): Min: 3945965,1, Avg: 3945965,1, Max: 3945965,2, Diff: 0,1]
   [Code Root Fixup: 0,0 ms]
   [Code Root Purge: 0,0 ms]
   [Clear CT: 0,1 ms]
   [Other: 12,9 ms]
      [Choose CSet: 0,0 ms]
      [Ref Proc: 12,5 ms]
      [Ref Enq: 0,0 ms]
      [Redirty Cards: 0,1 ms]
      [Humongous Register: 0,0 ms]
      [Humongous Reclaim: 0,0 ms]
      [Free CSet: 0,1 ms]
   [Eden: 50176,0K(50176,0K)->0,0B(50176,0K) Survivors: 2048,0K->2048,0K Heap: 213,3M(1024,0M)->163,6M(1024,0M)]
 [Times: user=0,05 sys=0,00, real=0,03 secs] 
2020-09-27T21:05:16.039-0300: 3946,491: [GC pause (G1 Evacuation Pause) (young), 0,0302149 secs]
   [Parallel Time: 16,7 ms, GC Workers: 4]
      [GC Worker Start (ms): Min: 3946491,1, Avg: 3946495,5, Max: 3946500,2, Diff: 9,2]
      [Ext Root Scanning (ms): Min: 0,0, Avg: 0,5, Max: 1,9, Diff: 1,9, Sum: 2,0]
      [Update RS (ms): Min: 0,0, Avg: 4,5, Max: 14,3, Diff: 14,3, Sum: 18,2]
         [Processed Buffers: Min: 0, Avg: 9,8, Max: 20, Diff: 20, Sum: 39]
      [Scan RS (ms): Min: 0,0, Avg: 0,9, Max: 1,7, Diff: 1,7, Sum: 3,4]
      [Code Root Scanning (ms): Min: 0,0, Avg: 0,0, Max: 0,0, Diff: 0,0, Sum: 0,0]
      [Object Copy (ms): Min: 0,2, Avg: 2,4, Max: 5,1, Diff: 5,0, Sum: 9,7]
      [Termination (ms): Min: 0,0, Avg: 3,7, Max: 5,9, Diff: 5,9, Sum: 15,0]
         [Termination Attempts: Min: 1, Avg: 1,8, Max: 3, Diff: 2, Sum: 7]
      [GC Worker Other (ms): Min: 0,0, Avg: 0,0, Max: 0,0, Diff: 0,0, Sum: 0,0]
      [GC Worker Total (ms): Min: 7,3, Avg: 12,0, Max: 16,5, Diff: 9,2, Sum: 48,2]
      [GC Worker End (ms): Min: 3946507,5, Avg: 3946507,6, Max: 3946507,7, Diff: 0,2]
   [Code Root Fixup: 0,0 ms]
   [Code Root Purge: 0,0 ms]
   [Clear CT: 4,3 ms]
   [Other: 9,2 ms]
      [Choose CSet: 0,0 ms]
      [Ref Proc: 8,7 ms]
      [Ref Enq: 0,0 ms]
      [Redirty Cards: 0,1 ms]
      [Humongous Register: 0,1 ms]
      [Humongous Reclaim: 0,0 ms]
      [Free CSet: 0,1 ms]
   [Eden: 50176,0K(50176,0K)->0,0B(50176,0K) Survivors: 2048,0K->2048,0K Heap: 214,1M(1024,0M)->163,4M(1024,0M)]
 [Times: user=0,04 sys=0,00, real=0,04 secs] 
2020-09-27T21:05:16.730-0300: 3947,182: [GC pause (G1 Evacuation Pause) (young), 0,0265016 secs]
   [Parallel Time: 11,6 ms, GC Workers: 4]
      [GC Worker Start (ms): Min: 3947181,8, Avg: 3947183,2, Max: 3947183,7, Diff: 1,9]
      [Ext Root Scanning (ms): Min: 0,0, Avg: 2,8, Max: 11,2, Diff: 11,2, Sum: 11,3]
      [Update RS (ms): Min: 0,0, Avg: 2,8, Max: 8,9, Diff: 8,9, Sum: 11,4]
         [Processed Buffers: Min: 0, Avg: 6,0, Max: 24, Diff: 24, Sum: 24]
      [Scan RS (ms): Min: 0,0, Avg: 1,1, Max: 3,2, Diff: 3,2, Sum: 4,3]
      [Code Root Scanning (ms): Min: 0,0, Avg: 0,0, Max: 0,0, Diff: 0,0, Sum: 0,0]
      [Object Copy (ms): Min: 0,0, Avg: 2,4, Max: 7,1, Diff: 7,1, Sum: 9,7]
      [Termination (ms): Min: 0,0, Avg: 0,9, Max: 1,6, Diff: 1,6, Sum: 3,6]
         [Termination Attempts: Min: 1, Avg: 2,8, Max: 6, Diff: 5, Sum: 11]
      [GC Worker Other (ms): Min: 0,0, Avg: 0,0, Max: 0,0, Diff: 0,0, Sum: 0,0]
      [GC Worker Total (ms): Min: 9,6, Avg: 10,1, Max: 11,4, Diff: 1,8, Sum: 40,4]
      [GC Worker End (ms): Min: 3947193,1, Avg: 3947193,3, Max: 3947193,4, Diff: 0,2]
   [Code Root Fixup: 0,0 ms]
   [Code Root Purge: 0,0 ms]
   [Clear CT: 3,6 ms]
   [Other: 11,2 ms]
      [Choose CSet: 0,0 ms]
      [Ref Proc: 10,8 ms]
      [Ref Enq: 0,0 ms]
      [Redirty Cards: 0,1 ms]
      [Humongous Register: 0,1 ms]
      [Humongous Reclaim: 0,0 ms]
      [Free CSet: 0,1 ms]
   [Eden: 50176,0K(50176,0K)->0,0B(50176,0K) Survivors: 2048,0K->2048,0K Heap: 213,5M(1024,0M)->163,0M(1024,0M)]
 [Times: user=0,03 sys=0,00, real=0,02 secs] 
2020-09-27T21:05:17.319-0300: 3947,771: [GC pause (G1 Evacuation Pause) (young), 0,0286371 secs]
   [Parallel Time: 24,8 ms, GC Workers: 4]
      [GC Worker Start (ms): Min: 3947771,0, Avg: 3947776,7, Max: 3947780,5, Diff: 9,5]
      [Ext Root Scanning (ms): Min: 0,0, Avg: 1,3, Max: 3,5, Diff: 3,5, Sum: 5,0]
      [Update RS (ms): Min: 0,0, Avg: 4,6, Max: 17,4, Diff: 17,4, Sum: 18,6]
         [Processed Buffers: Min: 0, Avg: 9,2, Max: 33, Diff: 33, Sum: 37]
      [Scan RS (ms): Min: 0,1, Avg: 5,2, Max: 19,6, Diff: 19,5, Sum: 21,0]
      [Code Root Scanning (ms): Min: 0,0, Avg: 0,0, Max: 0,0, Diff: 0,0, Sum: 0,0]
      [Object Copy (ms): Min: 0,0, Avg: 3,8, Max: 7,7, Diff: 7,6, Sum: 15,3]
      [Termination (ms): Min: 0,0, Avg: 3,9, Max: 6,3, Diff: 6,3, Sum: 15,8]
         [Termination Attempts: Min: 1, Avg: 1,0, Max: 1, Diff: 0, Sum: 4]
      [GC Worker Other (ms): Min: 0,0, Avg: 0,0, Max: 0,0, Diff: 0,0, Sum: 0,0]
      [GC Worker Total (ms): Min: 15,0, Avg: 18,9, Max: 24,7, Diff: 9,6, Sum: 75,7]
      [GC Worker End (ms): Min: 3947795,6, Avg: 3947795,6, Max: 3947795,7, Diff: 0,1]
   [Code Root Fixup: 0,0 ms]
   [Code Root Purge: 0,0 ms]
   [Clear CT: 0,1 ms]
   [Other: 3,8 ms]
      [Choose CSet: 0,0 ms]
      [Ref Proc: 3,4 ms]
      [Ref Enq: 0,0 ms]
      [Redirty Cards: 0,1 ms]
      [Humongous Register: 0,1 ms]
      [Humongous Reclaim: 0,0 ms]
      [Free CSet: 0,1 ms]
   [Eden: 50176,0K(50176,0K)->0,0B(50176,0K) Survivors: 2048,0K->2048,0K Heap: 213,7M(1024,0M)->163,7M(1024,0M)]
 [Times: user=0,02 sys=0,00, real=0,03 secs] 
2020-09-27T21:05:17.887-0300: 3948,339: [GC pause (G1 Evacuation Pause) (young), 0,0495136 secs]
   [Parallel Time: 28,8 ms, GC Workers: 4]
      [GC Worker Start (ms): Min: 3948339,3, Avg: 3948343,7, Max: 3948348,2, Diff: 8,9]
      [Ext Root Scanning (ms): Min: 0,0, Avg: 0,5, Max: 1,8, Diff: 1,8, Sum: 1,9]
      [Update RS (ms): Min: 0,0, Avg: 2,1, Max: 7,6, Diff: 7,6, Sum: 8,3]
         [Processed Buffers: Min: 0, Avg: 7,8, Max: 15, Diff: 15, Sum: 31]
      [Scan RS (ms): Min: 0,0, Avg: 1,2, Max: 2,3, Diff: 2,3, Sum: 4,6]
      [Code Root Scanning (ms): Min: 0,0, Avg: 0,0, Max: 0,0, Diff: 0,0, Sum: 0,0]
      [Object Copy (ms): Min: 0,3, Avg: 5,5, Max: 17,6, Diff: 17,3, Sum: 22,0]
      [Termination (ms): Min: 0,0, Avg: 11,1, Max: 15,1, Diff: 15,1, Sum: 44,5]
         [Termination Attempts: Min: 1, Avg: 1,0, Max: 1, Diff: 0, Sum: 4]
      [GC Worker Other (ms): Min: 0,0, Avg: 0,0, Max: 0,0, Diff: 0,0, Sum: 0,0]
      [GC Worker Total (ms): Min: 16,0, Avg: 20,3, Max: 24,7, Diff: 8,7, Sum: 81,3]
      [GC Worker End (ms): Min: 3948363,9, Avg: 3948364,1, Max: 3948364,2, Diff: 0,3]
   [Code Root Fixup: 0,0 ms]
   [Code Root Purge: 0,0 ms]
   [Clear CT: 3,2 ms]
   [Other: 17,4 ms]
      [Choose CSet: 0,0 ms]
      [Ref Proc: 17,0 ms]
      [Ref Enq: 0,0 ms]
      [Redirty Cards: 0,1 ms]
      [Humongous Register: 0,1 ms]
      [Humongous Reclaim: 0,0 ms]
      [Free CSet: 0,1 ms]
   [Eden: 50176,0K(50176,0K)->0,0B(50176,0K) Survivors: 2048,0K->2048,0K Heap: 213,2M(1024,0M)->163,0M(1024,0M)]
 [Times: user=0,04 sys=0,00, real=0,05 secs] 
2020-09-27T21:05:18.622-0300: 3949,074: [GC pause (G1 Evacuation Pause) (young), 0,0336039 secs]
   [Parallel Time: 22,2 ms, GC Workers: 4]
      [GC Worker Start (ms): Min: 3949074,2, Avg: 3949077,6, Max: 3949080,9, Diff: 6,7]
      [Ext Root Scanning (ms): Min: 0,0, Avg: 0,4, Max: 1,8, Diff: 1,8, Sum: 1,8]
      [Update RS (ms): Min: 0,0, Avg: 1,3, Max: 4,2, Diff: 4,2, Sum: 5,3]
         [Processed Buffers: Min: 0, Avg: 6,2, Max: 20, Diff: 20, Sum: 25]
      [Scan RS (ms): Min: 0,2, Avg: 3,8, Max: 10,5, Diff: 10,2, Sum: 15,3]
      [Code Root Scanning (ms): Min: 0,0, Avg: 0,0, Max: 0,0, Diff: 0,0, Sum: 0,0]
      [Object Copy (ms): Min: 0,0, Avg: 2,7, Max: 4,3, Diff: 4,3, Sum: 10,7]
      [Termination (ms): Min: 0,0, Avg: 4,7, Max: 11,4, Diff: 11,4, Sum: 18,7]
         [Termination Attempts: Min: 1, Avg: 1,5, Max: 3, Diff: 2, Sum: 6]
      [GC Worker Other (ms): Min: 0,0, Avg: 1,9, Max: 7,6, Diff: 7,6, Sum: 7,6]
      [GC Worker Total (ms): Min: 11,0, Avg: 14,9, Max: 18,6, Diff: 7,7, Sum: 59,5]
      [GC Worker End (ms): Min: 3949088,7, Avg: 3949092,5, Max: 3949096,3, Diff: 7,6]
   [Code Root Fixup: 0,0 ms]
   [Code Root Purge: 0,0 ms]
   [Clear CT: 0,2 ms]
   [Other: 11,2 ms]
      [Choose CSet: 0,0 ms]
      [Ref Proc: 8,0 ms]
      [Ref Enq: 0,0 ms]
      [Redirty Cards: 2,8 ms]
      [Humongous Register: 0,1 ms]
      [Humongous Reclaim: 0,0 ms]
      [Free CSet: 0,1 ms]
   [Eden: 50176,0K(50176,0K)->0,0B(50176,0K) Survivors: 2048,0K->2048,0K Heap: 213,2M(1024,0M)->163,8M(1024,0M)]
 [Times: user=0,03 sys=0,00, real=0,03 secs] 
2020-09-27T21:05:19.174-0300: 3949,626: [GC pause (G1 Evacuation Pause) (young), 0,0234730 secs]
   [Parallel Time: 10,3 ms, GC Workers: 4]
      [GC Worker Start (ms): Min: 3949626,4, Avg: 3949627,3, Max: 3949628,3, Diff: 1,9]
      [Ext Root Scanning (ms): Min: 0,2, Avg: 2,1, Max: 5,7, Diff: 5,5, Sum: 8,3]
      [Update RS (ms): Min: 0,0, Avg: 1,0, Max: 1,4, Diff: 1,4, Sum: 4,1]
         [Processed Buffers: Min: 0, Avg: 10,2, Max: 16, Diff: 16, Sum: 41]
      [Scan RS (ms): Min: 0,0, Avg: 1,5, Max: 2,0, Diff: 2,0, Sum: 5,9]
      [Code Root Scanning (ms): Min: 0,0, Avg: 0,0, Max: 0,0, Diff: 0,0, Sum: 0,0]
      [Object Copy (ms): Min: 2,6, Avg: 3,2, Max: 4,4, Diff: 1,8, Sum: 12,9]
      [Termination (ms): Min: 0,0, Avg: 1,2, Max: 1,9, Diff: 1,9, Sum: 5,0]
         [Termination Attempts: Min: 1, Avg: 1,0, Max: 1, Diff: 0, Sum: 4]
      [GC Worker Other (ms): Min: 0,0, Avg: 0,0, Max: 0,0, Diff: 0,0, Sum: 0,0]
      [GC Worker Total (ms): Min: 8,0, Avg: 9,0, Max: 9,9, Diff: 1,9, Sum: 36,1]
      [GC Worker End (ms): Min: 3949636,2, Avg: 3949636,3, Max: 3949636,5, Diff: 0,3]
   [Code Root Fixup: 0,0 ms]
   [Code Root Purge: 0,0 ms]
   [Clear CT: 0,5 ms]
   [Other: 12,6 ms]
      [Choose CSet: 0,0 ms]
      [Ref Proc: 11,7 ms]
      [Ref Enq: 0,0 ms]
      [Redirty Cards: 0,1 ms]
      [Humongous Register: 0,1 ms]
      [Humongous Reclaim: 0,1 ms]
      [Free CSet: 0,1 ms]
   [Eden: 50176,0K(50176,0K)->0,0B(50176,0K) Survivors: 2048,0K->2048,0K Heap: 214,9M(1024,0M)->164,3M(1024,0M)]
 [Times: user=0,03 sys=0,01, real=0,02 secs] 
2020-09-27T21:05:19.841-0300: 3950,293: [GC pause (G1 Evacuation Pause) (young), 0,0189234 secs]
   [Parallel Time: 16,1 ms, GC Workers: 4]
      [GC Worker Start (ms): Min: 3950293,4, Avg: 3950298,2, Max: 3950307,0, Diff: 13,6]
      [Ext Root Scanning (ms): Min: 0,0, Avg: 0,4, Max: 1,7, Diff: 1,7, Sum: 1,7]
      [Update RS (ms): Min: 0,0, Avg: 2,5, Max: 8,3, Diff: 8,3, Sum: 10,1]
         [Processed Buffers: Min: 0, Avg: 9,5, Max: 31, Diff: 31, Sum: 38]
      [Scan RS (ms): Min: 0,0, Avg: 1,2, Max: 2,4, Diff: 2,4, Sum: 4,8]
      [Code Root Scanning (ms): Min: 0,0, Avg: 0,0, Max: 0,0, Diff: 0,0, Sum: 0,0]
      [Object Copy (ms): Min: 0,0, Avg: 3,2, Max: 9,6, Diff: 9,6, Sum: 12,8]
      [Termination (ms): Min: 0,0, Avg: 3,7, Max: 6,7, Diff: 6,7, Sum: 14,7]
         [Termination Attempts: Min: 1, Avg: 1,0, Max: 1, Diff: 0, Sum: 4]
      [GC Worker Other (ms): Min: 0,0, Avg: 0,0, Max: 0,0, Diff: 0,0, Sum: 0,0]
      [GC Worker Total (ms): Min: 2,2, Avg: 11,1, Max: 16,0, Diff: 13,8, Sum: 44,3]
      [GC Worker End (ms): Min: 3950309,2, Avg: 3950309,3, Max: 3950309,4, Diff: 0,2]
   [Code Root Fixup: 0,0 ms]
   [Code Root Purge: 0,0 ms]
   [Clear CT: 0,2 ms]
   [Other: 2,7 ms]
      [Choose CSet: 0,0 ms]
      [Ref Proc: 2,0 ms]
      [Ref Enq: 0,0 ms]
      [Redirty Cards: 0,1 ms]
      [Humongous Register: 0,1 ms]
      [Humongous Reclaim: 0,1 ms]
      [Free CSet: 0,1 ms]
   [Eden: 50176,0K(50176,0K)->0,0B(51200,0K) Survivors: 2048,0K->1024,0K Heap: 215,2M(1024,0M)->163,1M(1024,0M)]
 [Times: user=0,02 sys=0,00, real=0,02 secs] 
2020-09-27T21:05:20.600-0300: 3951,053: [GC pause (G1 Evacuation Pause) (young), 0,0137305 secs]
   [Parallel Time: 10,3 ms, GC Workers: 4]
      [GC Worker Start (ms): Min: 3951052,7, Avg: 3951056,8, Max: 3951061,9, Diff: 9,2]
      [Ext Root Scanning (ms): Min: 0,0, Avg: 0,4, Max: 1,7, Diff: 1,7, Sum: 1,7]
      [Update RS (ms): Min: 0,0, Avg: 2,3, Max: 6,7, Diff: 6,7, Sum: 9,4]
         [Processed Buffers: Min: 0, Avg: 6,2, Max: 19, Diff: 19, Sum: 25]
      [Scan RS (ms): Min: 0,0, Avg: 0,6, Max: 1,3, Diff: 1,3, Sum: 2,5]
      [Code Root Scanning (ms): Min: 0,0, Avg: 0,0, Max: 0,0, Diff: 0,0, Sum: 0,0]
      [Object Copy (ms): Min: 0,0, Avg: 0,9, Max: 1,7, Diff: 1,7, Sum: 3,5]
      [Termination (ms): Min: 0,0, Avg: 0,9, Max: 1,5, Diff: 1,5, Sum: 3,6]
         [Termination Attempts: Min: 1, Avg: 18,8, Max: 71, Diff: 70, Sum: 75]
      [GC Worker Other (ms): Min: 0,0, Avg: 0,0, Max: 0,0, Diff: 0,0, Sum: 0,0]
      [GC Worker Total (ms): Min: 0,0, Avg: 5,2, Max: 9,2, Diff: 9,2, Sum: 20,7]
      [GC Worker End (ms): Min: 3951061,9, Avg: 3951062,0, Max: 3951062,0, Diff: 0,1]
   [Code Root Fixup: 0,0 ms]
   [Code Root Purge: 0,0 ms]
   [Clear CT: 0,1 ms]
   [Other: 3,4 ms]
      [Choose CSet: 0,0 ms]
      [Ref Proc: 3,0 ms]
      [Ref Enq: 0,0 ms]
      [Redirty Cards: 0,1 ms]
      [Humongous Register: 0,1 ms]
      [Humongous Reclaim: 0,0 ms]
      [Free CSet: 0,1 ms]
   [Eden: 51200,0K(51200,0K)->0,0B(51200,0K) Survivors: 1024,0K->1024,0K Heap: 213,1M(1024,0M)->163,6M(1024,0M)]
 [Times: user=0,02 sys=0,00, real=0,01 secs] 
2020-09-27T21:05:21.300-0300: 3951,752: [GC pause (G1 Evacuation Pause) (young), 0,0167798 secs]
   [Parallel Time: 8,9 ms, GC Workers: 4]
      [GC Worker Start (ms): Min: 3951752,7, Avg: 3951754,5, Max: 3951755,2, Diff: 2,5]
      [Ext Root Scanning (ms): Min: 0,0, Avg: 1,8, Max: 5,3, Diff: 5,3, Sum: 7,3]
      [Update RS (ms): Min: 0,0, Avg: 2,3, Max: 5,5, Diff: 5,5, Sum: 9,1]
         [Processed Buffers: Min: 0, Avg: 6,0, Max: 15, Diff: 15, Sum: 24]
      [Scan RS (ms): Min: 0,0, Avg: 0,9, Max: 1,8, Diff: 1,8, Sum: 3,7]
      [Code Root Scanning (ms): Min: 0,0, Avg: 0,0, Max: 0,0, Diff: 0,0, Sum: 0,0]
      [Object Copy (ms): Min: 0,0, Avg: 0,6, Max: 1,2, Diff: 1,1, Sum: 2,5]
      [Termination (ms): Min: 0,0, Avg: 0,6, Max: 1,5, Diff: 1,5, Sum: 2,2]
         [Termination Attempts: Min: 1, Avg: 3,2, Max: 10, Diff: 9, Sum: 13]
      [GC Worker Other (ms): Min: 0,0, Avg: 0,0, Max: 0,0, Diff: 0,0, Sum: 0,0]
      [GC Worker Total (ms): Min: 5,4, Avg: 6,2, Max: 7,6, Diff: 2,3, Sum: 24,7]
      [GC Worker End (ms): Min: 3951760,4, Avg: 3951760,7, Max: 3951761,5, Diff: 1,1]
   [Code Root Fixup: 0,0 ms]
   [Code Root Purge: 0,0 ms]
   [Clear CT: 0,1 ms]
   [Other: 7,8 ms]
      [Choose CSet: 0,0 ms]
      [Ref Proc: 7,3 ms]
      [Ref Enq: 0,0 ms]
      [Redirty Cards: 0,1 ms]
      [Humongous Register: 0,1 ms]
      [Humongous Reclaim: 0,0 ms]
      [Free CSet: 0,1 ms]
   [Eden: 51200,0K(51200,0K)->0,0B(51200,0K) Survivors: 1024,0K->1024,0K Heap: 214,3M(1024,0M)->163,3M(1024,0M)]
 [Times: user=0,02 sys=0,00, real=0,01 secs] 
2020-09-27T21:05:22.150-0300: 3952,602: [GC pause (G1 Evacuation Pause) (young), 0,0153214 secs]
   [Parallel Time: 12,7 ms, GC Workers: 4]
      [GC Worker Start (ms): Min: 3952602,1, Avg: 3952605,6, Max: 3952609,6, Diff: 7,6]
      [Ext Root Scanning (ms): Min: 0,0, Avg: 0,4, Max: 1,8, Diff: 1,8, Sum: 1,8]
      [Update RS (ms): Min: 0,0, Avg: 0,9, Max: 1,9, Diff: 1,9, Sum: 3,6]
         [Processed Buffers: Min: 0, Avg: 6,0, Max: 16, Diff: 16, Sum: 24]
      [Scan RS (ms): Min: 0,0, Avg: 2,8, Max: 8,7, Diff: 8,7, Sum: 11,2]
      [Code Root Scanning (ms): Min: 0,0, Avg: 0,0, Max: 0,0, Diff: 0,0, Sum: 0,0]
      [Object Copy (ms): Min: 0,0, Avg: 0,8, Max: 1,5, Diff: 1,5, Sum: 3,0]
      [Termination (ms): Min: 0,0, Avg: 4,1, Max: 5,8, Diff: 5,8, Sum: 16,4]
         [Termination Attempts: Min: 1, Avg: 1,0, Max: 1, Diff: 0, Sum: 4]
      [GC Worker Other (ms): Min: 0,0, Avg: 0,0, Max: 0,0, Diff: 0,0, Sum: 0,0]
      [GC Worker Total (ms): Min: 5,0, Avg: 9,0, Max: 12,5, Diff: 7,5, Sum: 36,0]
      [GC Worker End (ms): Min: 3952614,6, Avg: 3952614,7, Max: 3952614,8, Diff: 0,2]
   [Code Root Fixup: 0,0 ms]
   [Code Root Purge: 0,0 ms]
   [Clear CT: 0,3 ms]
   [Other: 2,3 ms]
      [Choose CSet: 0,0 ms]
      [Ref Proc: 1,5 ms]
      [Ref Enq: 0,0 ms]
      [Redirty Cards: 0,2 ms]
      [Humongous Register: 0,1 ms]
      [Humongous Reclaim: 0,1 ms]
      [Free CSet: 0,1 ms]
   [Eden: 51200,0K(51200,0K)->0,0B(51200,0K) Survivors: 1024,0K->1024,0K Heap: 213,9M(1024,0M)->163,2M(1024,0M)]
 [Times: user=0,02 sys=0,00, real=0,01 secs] 
2020-09-27T21:05:22.829-0300: 3953,282: [GC pause (G1 Evacuation Pause) (young), 0,0167239 secs]
   [Parallel Time: 10,0 ms, GC Workers: 4]
      [GC Worker Start (ms): Min: 3953281,7, Avg: 3953286,4, Max: 3953291,5, Diff: 9,8]
      [Ext Root Scanning (ms): Min: 0,0, Avg: 0,5, Max: 1,8, Diff: 1,8, Sum: 1,8]
      [Update RS (ms): Min: 0,0, Avg: 3,1, Max: 7,2, Diff: 7,2, Sum: 12,5]
         [Processed Buffers: Min: 0, Avg: 5,8, Max: 12, Diff: 12, Sum: 23]
      [Scan RS (ms): Min: 0,0, Avg: 0,4, Max: 0,9, Diff: 0,9, Sum: 1,4]
      [Code Root Scanning (ms): Min: 0,0, Avg: 0,0, Max: 0,0, Diff: 0,0, Sum: 0,0]
      [Object Copy (ms): Min: 0,0, Avg: 0,8, Max: 1,6, Diff: 1,6, Sum: 3,2]
      [Termination (ms): Min: 0,0, Avg: 0,4, Max: 0,7, Diff: 0,7, Sum: 1,5]
         [Termination Attempts: Min: 1, Avg: 23,0, Max: 89, Diff: 88, Sum: 92]
      [GC Worker Other (ms): Min: 0,0, Avg: 0,0, Max: 0,0, Diff: 0,0, Sum: 0,0]
      [GC Worker Total (ms): Min: 0,0, Avg: 5,1, Max: 9,8, Diff: 9,8, Sum: 20,6]
      [GC Worker End (ms): Min: 3953291,5, Avg: 3953291,6, Max: 3953291,7, Diff: 0,1]
   [Code Root Fixup: 0,0 ms]
   [Code Root Purge: 0,0 ms]
   [Clear CT: 0,3 ms]
   [Other: 6,4 ms]
      [Choose CSet: 0,0 ms]
      [Ref Proc: 6,0 ms]
      [Ref Enq: 0,0 ms]
      [Redirty Cards: 0,1 ms]
      [Humongous Register: 0,1 ms]
      [Humongous Reclaim: 0,0 ms]
      [Free CSet: 0,1 ms]
   [Eden: 51200,0K(51200,0K)->0,0B(76800,0K) Survivors: 1024,0K->1024,0K Heap: 213,2M(1024,0M)->163,2M(1024,0M)]
 [Times: user=0,02 sys=0,00, real=0,01 secs] 
2020-09-27T21:05:25.813-0300: 3956,265: [GC pause (G1 Evacuation Pause) (young), 0,0282090 secs]
   [Parallel Time: 25,5 ms, GC Workers: 4]
      [GC Worker Start (ms): Min: 3956265,5, Avg: 3956271,1, Max: 3956275,4, Diff: 10,0]
      [Ext Root Scanning (ms): Min: 0,0, Avg: 0,5, Max: 1,8, Diff: 1,8, Sum: 1,8]
      [Update RS (ms): Min: 0,0, Avg: 5,8, Max: 23,2, Diff: 23,2, Sum: 23,2]
         [Processed Buffers: Min: 0, Avg: 8,2, Max: 32, Diff: 32, Sum: 33]
      [Scan RS (ms): Min: 0,0, Avg: 2,3, Max: 7,4, Diff: 7,4, Sum: 9,3]
      [Code Root Scanning (ms): Min: 0,0, Avg: 0,0, Max: 0,0, Diff: 0,0, Sum: 0,0]
      [Object Copy (ms): Min: 0,0, Avg: 1,3, Max: 3,8, Diff: 3,8, Sum: 5,1]
      [Termination (ms): Min: 0,0, Avg: 9,8, Max: 13,9, Diff: 13,9, Sum: 39,2]
         [Termination Attempts: Min: 1, Avg: 1,0, Max: 1, Diff: 0, Sum: 4]
      [GC Worker Other (ms): Min: 0,0, Avg: 0,0, Max: 0,0, Diff: 0,0, Sum: 0,0]
      [GC Worker Total (ms): Min: 15,2, Avg: 19,7, Max: 25,2, Diff: 9,9, Sum: 78,6]
      [GC Worker End (ms): Min: 3956290,6, Avg: 3956290,8, Max: 3956290,9, Diff: 0,3]
   [Code Root Fixup: 0,0 ms]
   [Code Root Purge: 0,0 ms]
   [Clear CT: 0,1 ms]
   [Other: 2,6 ms]
      [Choose CSet: 0,0 ms]
      [Ref Proc: 2,2 ms]
      [Ref Enq: 0,0 ms]
      [Redirty Cards: 0,1 ms]
      [Humongous Register: 0,1 ms]
      [Humongous Reclaim: 0,0 ms]
      [Free CSet: 0,1 ms]
   [Eden: 76800,0K(76800,0K)->0,0B(51200,0K) Survivors: 1024,0K->1024,0K Heap: 238,7M(1024,0M)->163,4M(1024,0M)]
 [Times: user=0,03 sys=0,00, real=0,03 secs] 
2020-09-27T21:05:26.052-0300: 3956,504: [GC pause (G1 Evacuation Pause) (young), 0,0502998 secs]
   [Parallel Time: 30,7 ms, GC Workers: 4]
      [GC Worker Start (ms): Min: 3956504,6, Avg: 3956504,8, Max: 3956505,0, Diff: 0,4]
      [Ext Root Scanning (ms): Min: 0,5, Avg: 6,5, Max: 10,8, Diff: 10,4, Sum: 25,9]
      [Update RS (ms): Min: 0,0, Avg: 0,9, Max: 3,1, Diff: 3,1, Sum: 3,7]
         [Processed Buffers: Min: 0, Avg: 11,8, Max: 27, Diff: 27, Sum: 47]
      [Scan RS (ms): Min: 0,0, Avg: 0,9, Max: 1,7, Diff: 1,7, Sum: 3,5]
      [Code Root Scanning (ms): Min: 0,0, Avg: 0,0, Max: 0,0, Diff: 0,0, Sum: 0,0]
      [Object Copy (ms): Min: 0,0, Avg: 4,0, Max: 14,6, Diff: 14,5, Sum: 16,0]
      [Termination (ms): Min: 0,0, Avg: 10,8, Max: 22,9, Diff: 22,9, Sum: 43,3]
         [Termination Attempts: Min: 1, Avg: 1,0, Max: 1, Diff: 0, Sum: 4]
      [GC Worker Other (ms): Min: 0,0, Avg: 0,2, Max: 0,7, Diff: 0,7, Sum: 0,7]
      [GC Worker Total (ms): Min: 20,8, Avg: 23,3, Max: 30,3, Diff: 9,4, Sum: 93,1]
      [GC Worker End (ms): Min: 3956525,7, Avg: 3956528,1, Max: 3956535,2, Diff: 9,6]
   [Code Root Fixup: 0,0 ms]
   [Code Root Purge: 0,0 ms]
   [Clear CT: 4,3 ms]
   [Other: 15,3 ms]
      [Choose CSet: 0,0 ms]
      [Ref Proc: 14,8 ms]
      [Ref Enq: 0,0 ms]
      [Redirty Cards: 0,1 ms]
      [Humongous Register: 0,1 ms]
      [Humongous Reclaim: 0,0 ms]
      [Free CSet: 0,1 ms]
   [Eden: 51200,0K(51200,0K)->0,0B(51200,0K) Survivors: 1024,0K->1024,0K Heap: 231,4M(1024,0M)->166,3M(1024,0M)]
 [Times: user=0,04 sys=0,00, real=0,05 secs] 
2020-09-27T21:05:26.275-0300: 3956,727: [GC pause (G1 Evacuation Pause) (young), 0,0082308 secs]
   [Parallel Time: 6,9 ms, GC Workers: 4]
      [GC Worker Start (ms): Min: 3956727,5, Avg: 3956729,8, Max: 3956732,1, Diff: 4,6]
      [Ext Root Scanning (ms): Min: 0,0, Avg: 0,5, Max: 1,0, Diff: 1,0, Sum: 2,0]
      [Update RS (ms): Min: 0,0, Avg: 0,7, Max: 1,4, Diff: 1,4, Sum: 2,8]
         [Processed Buffers: Min: 0, Avg: 7,5, Max: 15, Diff: 15, Sum: 30]
      [Scan RS (ms): Min: 0,0, Avg: 0,8, Max: 1,5, Diff: 1,5, Sum: 3,0]
      [Code Root Scanning (ms): Min: 0,0, Avg: 0,0, Max: 0,0, Diff: 0,0, Sum: 0,0]
      [Object Copy (ms): Min: 0,2, Avg: 1,0, Max: 2,9, Diff: 2,8, Sum: 4,2]
      [Termination (ms): Min: 0,0, Avg: 1,6, Max: 2,1, Diff: 2,1, Sum: 6,3]
         [Termination Attempts: Min: 1, Avg: 1,0, Max: 1, Diff: 0, Sum: 4]
      [GC Worker Other (ms): Min: 0,0, Avg: 0,0, Max: 0,0, Diff: 0,0, Sum: 0,0]
      [GC Worker Total (ms): Min: 2,3, Avg: 4,6, Max: 6,9, Diff: 4,6, Sum: 18,3]
      [GC Worker End (ms): Min: 3956734,4, Avg: 3956734,4, Max: 3956734,4, Diff: 0,0]
   [Code Root Fixup: 0,0 ms]
   [Code Root Purge: 0,0 ms]
   [Clear CT: 0,1 ms]
   [Other: 1,2 ms]
      [Choose CSet: 0,0 ms]
      [Ref Proc: 0,7 ms]
      [Ref Enq: 0,0 ms]
      [Redirty Cards: 0,1 ms]
      [Humongous Register: 0,1 ms]
      [Humongous Reclaim: 0,1 ms]
      [Free CSet: 0,1 ms]
   [Eden: 51200,0K(51200,0K)->0,0B(51200,0K) Survivors: 1024,0K->1024,0K Heap: 240,7M(1024,0M)->163,5M(1024,0M)]
 [Times: user=0,01 sys=0,00, real=0,01 secs] 
2020-09-27T21:05:26.842-0300: 3957,294: [GC pause (G1 Evacuation Pause) (young), 0,0142574 secs]
   [Parallel Time: 6,3 ms, GC Workers: 4]
      [GC Worker Start (ms): Min: 3957294,1, Avg: 3957296,7, Max: 3957300,2, Diff: 6,1]
      [Ext Root Scanning (ms): Min: 0,0, Avg: 0,4, Max: 1,5, Diff: 1,4, Sum: 1,5]
      [Update RS (ms): Min: 0,0, Avg: 2,3, Max: 4,6, Diff: 4,6, Sum: 9,1]
         [Processed Buffers: Min: 0, Avg: 5,8, Max: 18, Diff: 18, Sum: 23]
      [Scan RS (ms): Min: 0,0, Avg: 0,2, Max: 0,5, Diff: 0,5, Sum: 0,8]
      [Code Root Scanning (ms): Min: 0,0, Avg: 0,0, Max: 0,0, Diff: 0,0, Sum: 0,0]
      [Object Copy (ms): Min: 0,0, Avg: 0,4, Max: 0,7, Diff: 0,7, Sum: 1,6]
      [Termination (ms): Min: 0,0, Avg: 0,4, Max: 0,8, Diff: 0,8, Sum: 1,5]
         [Termination Attempts: Min: 1, Avg: 4,2, Max: 10, Diff: 9, Sum: 17]
      [GC Worker Other (ms): Min: 0,0, Avg: 0,0, Max: 0,0, Diff: 0,0, Sum: 0,0]
      [GC Worker Total (ms): Min: 0,1, Avg: 3,7, Max: 6,2, Diff: 6,1, Sum: 14,6]
      [GC Worker End (ms): Min: 3957300,3, Avg: 3957300,3, Max: 3957300,4, Diff: 0,1]
   [Code Root Fixup: 0,0 ms]
   [Code Root Purge: 0,0 ms]
   [Clear CT: 0,1 ms]
   [Other: 7,8 ms]
      [Choose CSet: 0,0 ms]
      [Ref Proc: 7,4 ms]
      [Ref Enq: 0,0 ms]
      [Redirty Cards: 0,1 ms]
      [Humongous Register: 0,0 ms]
      [Humongous Reclaim: 0,1 ms]
      [Free CSet: 0,1 ms]
   [Eden: 51200,0K(51200,0K)->0,0B(51200,0K) Survivors: 1024,0K->1024,0K Heap: 213,5M(1024,0M)->163,7M(1024,0M)]
 [Times: user=0,02 sys=0,00, real=0,01 secs] 
2020-09-27T21:05:27.326-0300: 3957,778: [GC pause (G1 Evacuation Pause) (young), 0,0093137 secs]
   [Parallel Time: 8,1 ms, GC Workers: 4]
      [GC Worker Start (ms): Min: 3957778,6, Avg: 3957782,1, Max: 3957784,2, Diff: 5,6]
      [Ext Root Scanning (ms): Min: 0,0, Avg: 0,4, Max: 1,6, Diff: 1,6, Sum: 1,7]
      [Update RS (ms): Min: 0,0, Avg: 1,8, Max: 6,2, Diff: 6,2, Sum: 7,1]
         [Processed Buffers: Min: 0, Avg: 9,2, Max: 27, Diff: 27, Sum: 37]
      [Scan RS (ms): Min: 0,0, Avg: 1,4, Max: 3,4, Diff: 3,4, Sum: 5,5]
      [Code Root Scanning (ms): Min: 0,0, Avg: 0,0, Max: 0,0, Diff: 0,0, Sum: 0,0]
      [Object Copy (ms): Min: 0,0, Avg: 0,6, Max: 1,1, Diff: 1,1, Sum: 2,4]
      [Termination (ms): Min: 0,0, Avg: 0,4, Max: 0,8, Diff: 0,8, Sum: 1,6]
         [Termination Attempts: Min: 1, Avg: 1,0, Max: 1, Diff: 0, Sum: 4]
      [GC Worker Other (ms): Min: 0,0, Avg: 0,0, Max: 0,0, Diff: 0,0, Sum: 0,0]
      [GC Worker Total (ms): Min: 2,4, Avg: 4,6, Max: 8,0, Diff: 5,6, Sum: 18,3]
      [GC Worker End (ms): Min: 3957786,6, Avg: 3957786,7, Max: 3957786,7, Diff: 0,0]
   [Code Root Fixup: 0,0 ms]
   [Code Root Purge: 0,0 ms]
   [Clear CT: 0,1 ms]
   [Other: 1,1 ms]
      [Choose CSet: 0,0 ms]
      [Ref Proc: 0,7 ms]
      [Ref Enq: 0,0 ms]
      [Redirty Cards: 0,1 ms]
      [Humongous Register: 0,0 ms]
      [Humongous Reclaim: 0,0 ms]
      [Free CSet: 0,1 ms]
   [Eden: 51200,0K(51200,0K)->0,0B(51200,0K) Survivors: 1024,0K->1024,0K Heap: 214,5M(1024,0M)->163,3M(1024,0M)]
 [Times: user=0,02 sys=0,00, real=0,01 secs] 
2020-09-27T21:05:27.854-0300: 3958,307: [GC pause (G1 Evacuation Pause) (young), 0,0093928 secs]
   [Parallel Time: 8,1 ms, GC Workers: 4]
      [GC Worker Start (ms): Min: 3958306,7, Avg: 3958308,8, Max: 3958312,3, Diff: 5,6]
      [Ext Root Scanning (ms): Min: 0,0, Avg: 1,5, Max: 5,3, Diff: 5,3, Sum: 6,0]
      [Update RS (ms): Min: 0,0, Avg: 1,0, Max: 2,0, Diff: 2,0, Sum: 3,9]
         [Processed Buffers: Min: 0, Avg: 6,2, Max: 18, Diff: 18, Sum: 25]
      [Scan RS (ms): Min: 0,1, Avg: 1,4, Max: 3,8, Diff: 3,7, Sum: 5,4]
      [Code Root Scanning (ms): Min: 0,0, Avg: 0,0, Max: 0,0, Diff: 0,0, Sum: 0,0]
      [Object Copy (ms): Min: 0,1, Avg: 1,5, Max: 2,7, Diff: 2,6, Sum: 5,8]
      [Termination (ms): Min: 0,0, Avg: 0,5, Max: 0,9, Diff: 0,9, Sum: 2,1]
         [Termination Attempts: Min: 1, Avg: 1,0, Max: 1, Diff: 0, Sum: 4]
      [GC Worker Other (ms): Min: 0,0, Avg: 0,0, Max: 0,0, Diff: 0,0, Sum: 0,0]
      [GC Worker Total (ms): Min: 2,4, Avg: 5,8, Max: 8,0, Diff: 5,7, Sum: 23,3]
      [GC Worker End (ms): Min: 3958314,6, Avg: 3958314,6, Max: 3958314,7, Diff: 0,1]
   [Code Root Fixup: 0,0 ms]
   [Code Root Purge: 0,0 ms]
   [Clear CT: 0,1 ms]
   [Other: 1,2 ms]
      [Choose CSet: 0,0 ms]
      [Ref Proc: 0,9 ms]
      [Ref Enq: 0,0 ms]
      [Redirty Cards: 0,0 ms]
      [Humongous Register: 0,0 ms]
      [Humongous Reclaim: 0,0 ms]
      [Free CSet: 0,1 ms]
   [Eden: 51200,0K(51200,0K)->0,0B(613,0M) Survivors: 1024,0K->1024,0K Heap: 213,8M(1024,0M)->163,4M(1024,0M)]
 [Times: user=0,02 sys=0,00, real=0,01 secs] 
2020-09-27T21:05:30.274-0300: 3960,726: [GC pause (G1 Evacuation Pause) (young), 0,0203387 secs]
   [Parallel Time: 14,5 ms, GC Workers: 4]
      [GC Worker Start (ms): Min: 3960725,8, Avg: 3960727,3, Max: 3960729,2, Diff: 3,4]
      [Ext Root Scanning (ms): Min: 0,0, Avg: 0,5, Max: 1,0, Diff: 1,0, Sum: 1,9]
      [Update RS (ms): Min: 0,0, Avg: 2,1, Max: 5,9, Diff: 5,9, Sum: 8,2]
         [Processed Buffers: Min: 0, Avg: 10,0, Max: 25, Diff: 25, Sum: 40]
      [Scan RS (ms): Min: 0,0, Avg: 2,2, Max: 5,0, Diff: 5,0, Sum: 8,6]
      [Code Root Scanning (ms): Min: 0,0, Avg: 0,0, Max: 0,0, Diff: 0,0, Sum: 0,0]
      [Object Copy (ms): Min: 0,1, Avg: 0,8, Max: 1,6, Diff: 1,5, Sum: 3,3]
      [Termination (ms): Min: 0,0, Avg: 1,3, Max: 2,2, Diff: 2,2, Sum: 5,3]
         [Termination Attempts: Min: 1, Avg: 1,2, Max: 2, Diff: 1, Sum: 5]
      [GC Worker Other (ms): Min: 0,0, Avg: 0,0, Max: 0,0, Diff: 0,0, Sum: 0,0]
      [GC Worker Total (ms): Min: 4,5, Avg: 6,9, Max: 8,7, Diff: 4,1, Sum: 27,4]
      [GC Worker End (ms): Min: 3960733,7, Avg: 3960734,1, Max: 3960734,5, Diff: 0,8]
   [Code Root Fixup: 0,0 ms]
   [Code Root Purge: 0,0 ms]
   [Clear CT: 0,1 ms]
   [Other: 5,7 ms]
      [Choose CSet: 0,0 ms]
      [Ref Proc: 5,2 ms]
      [Ref Enq: 0,0 ms]
      [Redirty Cards: 0,1 ms]
      [Humongous Register: 0,1 ms]
      [Humongous Reclaim: 0,1 ms]
      [Free CSet: 0,1 ms]
   [Eden: 207,0M(207,0M)->0,0B(613,0M) Survivors: 1024,0K->1024,0K Heap: 382,3M(1024,0M)->163,6M(1024,0M)]
 [Times: user=0,03 sys=0,00, real=0,02 secs] 
2020-09-27T21:05:30.781-0300: 3961,233: [GC pause (G1 Evacuation Pause) (young), 0,0214675 secs]
   [Parallel Time: 19,8 ms, GC Workers: 4]
      [GC Worker Start (ms): Min: 3961233,5, Avg: 3961237,6, Max: 3961240,7, Diff: 7,2]
      [Ext Root Scanning (ms): Min: 0,0, Avg: 0,4, Max: 1,7, Diff: 1,7, Sum: 1,8]
      [Update RS (ms): Min: 0,0, Avg: 3,1, Max: 9,7, Diff: 9,7, Sum: 12,2]
         [Processed Buffers: Min: 0, Avg: 6,8, Max: 27, Diff: 27, Sum: 27]
      [Scan RS (ms): Min: 0,1, Avg: 3,9, Max: 15,0, Diff: 14,9, Sum: 15,6]
      [Code Root Scanning (ms): Min: 0,0, Avg: 0,0, Max: 0,0, Diff: 0,0, Sum: 0,0]
      [Object Copy (ms): Min: 0,0, Avg: 2,8, Max: 7,3, Diff: 7,3, Sum: 11,2]
      [Termination (ms): Min: 0,0, Avg: 5,5, Max: 8,9, Diff: 8,9, Sum: 22,2]
         [Termination Attempts: Min: 1, Avg: 1,2, Max: 2, Diff: 1, Sum: 5]
      [GC Worker Other (ms): Min: 0,0, Avg: 0,0, Max: 0,0, Diff: 0,0, Sum: 0,0]
      [GC Worker Total (ms): Min: 12,6, Avg: 15,7, Max: 19,8, Diff: 7,2, Sum: 63,0]
      [GC Worker End (ms): Min: 3961253,3, Avg: 3961253,3, Max: 3961253,3, Diff: 0,1]
   [Code Root Fixup: 0,0 ms]
   [Code Root Purge: 0,0 ms]
   [Clear CT: 0,2 ms]
   [Other: 1,4 ms]
      [Choose CSet: 0,0 ms]
      [Ref Proc: 0,9 ms]
      [Ref Enq: 0,0 ms]
      [Redirty Cards: 0,1 ms]
      [Humongous Register: 0,1 ms]
      [Humongous Reclaim: 0,0 ms]
      [Free CSet: 0,1 ms]
   [Eden: 51200,0K(51200,0K)->0,0B(613,0M) Survivors: 1024,0K->1024,0K Heap: 215,6M(1024,0M)->163,5M(1024,0M)]
 [Times: user=0,02 sys=0,00, real=0,02 secs] 
2020-09-27T21:05:31.535-0300: 3961,987: [GC pause (G1 Evacuation Pause) (young), 0,0296011 secs]
   [Parallel Time: 27,3 ms, GC Workers: 4]
      [GC Worker Start (ms): Min: 3961987,4, Avg: 3961990,4, Max: 3961993,4, Diff: 6,0]
      [Ext Root Scanning (ms): Min: 0,0, Avg: 3,6, Max: 13,8, Diff: 13,7, Sum: 14,3]
      [Update RS (ms): Min: 0,0, Avg: 4,7, Max: 18,6, Diff: 18,6, Sum: 18,9]
         [Processed Buffers: Min: 0, Avg: 9,0, Max: 24, Diff: 24, Sum: 36]
      [Scan RS (ms): Min: 0,0, Avg: 2,5, Max: 7,8, Diff: 7,8, Sum: 9,9]
      [Code Root Scanning (ms): Min: 0,0, Avg: 0,0, Max: 0,0, Diff: 0,0, Sum: 0,0]
      [Object Copy (ms): Min: 0,0, Avg: 3,7, Max: 14,3, Diff: 14,3, Sum: 14,8]
      [Termination (ms): Min: 0,0, Avg: 6,5, Max: 14,1, Diff: 14,1, Sum: 25,9]
         [Termination Attempts: Min: 1, Avg: 1,5, Max: 3, Diff: 2, Sum: 6]
      [GC Worker Other (ms): Min: 0,0, Avg: 0,0, Max: 0,0, Diff: 0,0, Sum: 0,0]
      [GC Worker Total (ms): Min: 16,4, Avg: 21,0, Max: 23,1, Diff: 6,7, Sum: 83,8]
      [GC Worker End (ms): Min: 3962009,8, Avg: 3962011,4, Max: 3962014,6, Diff: 4,8]
   [Code Root Fixup: 0,0 ms]
   [Code Root Purge: 0,0 ms]
   [Clear CT: 0,1 ms]
   [Other: 2,2 ms]
      [Choose CSet: 0,0 ms]
      [Ref Proc: 1,8 ms]
      [Ref Enq: 0,0 ms]
      [Redirty Cards: 0,1 ms]
      [Humongous Register: 0,0 ms]
      [Humongous Reclaim: 0,1 ms]
      [Free CSet: 0,1 ms]
   [Eden: 69632,0K(51200,0K)->0,0B(51200,0K) Survivors: 1024,0K->1024,0K Heap: 232,8M(1024,0M)->163,6M(1024,0M)]
 [Times: user=0,02 sys=0,00, real=0,03 secs] 
2020-09-27T21:05:32.049-0300: 3962,501: [GC pause (G1 Evacuation Pause) (young), 0,0110513 secs]
   [Parallel Time: 9,0 ms, GC Workers: 4]
      [GC Worker Start (ms): Min: 3962501,3, Avg: 3962505,5, Max: 3962509,5, Diff: 8,2]
      [Ext Root Scanning (ms): Min: 0,0, Avg: 0,5, Max: 1,9, Diff: 1,9, Sum: 1,9]
      [Update RS (ms): Min: 0,0, Avg: 1,8, Max: 6,6, Diff: 6,6, Sum: 7,2]
         [Processed Buffers: Min: 0, Avg: 6,5, Max: 16, Diff: 16, Sum: 26]
      [Scan RS (ms): Min: 0,0, Avg: 0,9, Max: 1,8, Diff: 1,8, Sum: 3,6]
      [Code Root Scanning (ms): Min: 0,0, Avg: 0,0, Max: 0,0, Diff: 0,0, Sum: 0,0]
      [Object Copy (ms): Min: 0,0, Avg: 0,7, Max: 1,4, Diff: 1,4, Sum: 2,9]
      [Termination (ms): Min: 0,0, Avg: 0,7, Max: 1,1, Diff: 1,1, Sum: 2,6]
         [Termination Attempts: Min: 1, Avg: 1,0, Max: 1, Diff: 0, Sum: 4]
      [GC Worker Other (ms): Min: 0,0, Avg: 0,0, Max: 0,0, Diff: 0,0, Sum: 0,0]
      [GC Worker Total (ms): Min: 0,6, Avg: 4,6, Max: 8,7, Diff: 8,0, Sum: 18,3]
      [GC Worker End (ms): Min: 3962510,0, Avg: 3962510,1, Max: 3962510,3, Diff: 0,3]
   [Code Root Fixup: 0,0 ms]
   [Code Root Purge: 0,0 ms]
   [Clear CT: 0,1 ms]
   [Other: 1,9 ms]
      [Choose CSet: 0,0 ms]
      [Ref Proc: 1,5 ms]
      [Ref Enq: 0,0 ms]
      [Redirty Cards: 0,1 ms]
      [Humongous Register: 0,1 ms]
      [Humongous Reclaim: 0,0 ms]
      [Free CSet: 0,1 ms]
   [Eden: 51200,0K(51200,0K)->0,0B(613,0M) Survivors: 1024,0K->1024,0K Heap: 215,1M(1024,0M)->164,0M(1024,0M)]
 [Times: user=0,01 sys=0,00, real=0,01 secs] 
2020-09-27T21:05:32.720-0300: 3963,173: [GC pause (G1 Evacuation Pause) (young), 0,0121645 secs]
   [Parallel Time: 9,0 ms, GC Workers: 4]
      [GC Worker Start (ms): Min: 3963172,7, Avg: 3963175,6, Max: 3963178,5, Diff: 5,8]
      [Ext Root Scanning (ms): Min: 0,0, Avg: 0,4, Max: 0,9, Diff: 0,9, Sum: 1,7]
      [Update RS (ms): Min: 0,0, Avg: 0,7, Max: 1,4, Diff: 1,4, Sum: 2,8]
         [Processed Buffers: Min: 0, Avg: 8,8, Max: 20, Diff: 20, Sum: 35]
      [Scan RS (ms): Min: 0,0, Avg: 0,9, Max: 1,9, Diff: 1,9, Sum: 3,8]
      [Code Root Scanning (ms): Min: 0,0, Avg: 0,0, Max: 0,0, Diff: 0,0, Sum: 0,0]
      [Object Copy (ms): Min: 0,0, Avg: 1,6, Max: 4,8, Diff: 4,8, Sum: 6,3]
      [Termination (ms): Min: 0,1, Avg: 2,4, Max: 3,3, Diff: 3,3, Sum: 9,8]
         [Termination Attempts: Min: 1, Avg: 11,0, Max: 22, Diff: 21, Sum: 44]
      [GC Worker Other (ms): Min: 0,0, Avg: 0,0, Max: 0,0, Diff: 0,0, Sum: 0,0]
      [GC Worker Total (ms): Min: 3,2, Avg: 6,1, Max: 9,0, Diff: 5,8, Sum: 24,3]
      [GC Worker End (ms): Min: 3963181,7, Avg: 3963181,7, Max: 3963181,7, Diff: 0,0]
   [Code Root Fixup: 0,0 ms]
   [Code Root Purge: 0,0 ms]
   [Clear CT: 0,1 ms]
   [Other: 3,0 ms]
      [Choose CSet: 0,0 ms]
      [Ref Proc: 2,6 ms]
      [Ref Enq: 0,0 ms]
      [Redirty Cards: 0,1 ms]
      [Humongous Register: 0,1 ms]
      [Humongous Reclaim: 0,0 ms]
      [Free CSet: 0,1 ms]
   [Eden: 65536,0K(51200,0K)->0,0B(613,0M) Survivors: 1024,0K->1024,0K Heap: 230,3M(1024,0M)->164,2M(1024,0M)]
 [Times: user=0,02 sys=0,00, real=0,01 secs] 
2020-09-27T21:05:36.646-0300: 3967,098: [GC pause (G1 Evacuation Pause) (young), 0,0192279 secs]
   [Parallel Time: 17,2 ms, GC Workers: 4]
      [GC Worker Start (ms): Min: 3967098,6, Avg: 3967099,4, Max: 3967099,7, Diff: 1,1]
      [Ext Root Scanning (ms): Min: 0,4, Avg: 3,3, Max: 8,0, Diff: 7,6, Sum: 13,3]
      [Update RS (ms): Min: 0,0, Avg: 0,7, Max: 1,5, Diff: 1,5, Sum: 2,9]
         [Processed Buffers: Min: 0, Avg: 9,5, Max: 21, Diff: 21, Sum: 38]
      [Scan RS (ms): Min: 0,0, Avg: 1,2, Max: 2,5, Diff: 2,5, Sum: 5,0]
      [Code Root Scanning (ms): Min: 0,0, Avg: 0,0, Max: 0,0, Diff: 0,0, Sum: 0,0]
      [Object Copy (ms): Min: 0,0, Avg: 2,9, Max: 8,2, Diff: 8,2, Sum: 11,7]
      [Termination (ms): Min: 0,0, Avg: 5,5, Max: 9,8, Diff: 9,8, Sum: 21,9]
         [Termination Attempts: Min: 1, Avg: 1,0, Max: 1, Diff: 0, Sum: 4]
      [GC Worker Other (ms): Min: 0,0, Avg: 0,0, Max: 0,0, Diff: 0,0, Sum: 0,0]
      [GC Worker Total (ms): Min: 12,5, Avg: 13,7, Max: 16,0, Diff: 3,4, Sum: 54,9]
      [GC Worker End (ms): Min: 3967112,3, Avg: 3967113,2, Max: 3967115,7, Diff: 3,4]
   [Code Root Fixup: 0,0 ms]
   [Code Root Purge: 0,0 ms]
   [Clear CT: 0,2 ms]
   [Other: 1,9 ms]
      [Choose CSet: 0,0 ms]
      [Ref Proc: 1,4 ms]
      [Ref Enq: 0,0 ms]
      [Redirty Cards: 0,1 ms]
      [Humongous Register: 0,1 ms]
      [Humongous Reclaim: 0,0 ms]
      [Free CSet: 0,1 ms]
   [Eden: 222,0M(161,0M)->0,0B(613,0M) Survivors: 1024,0K->1024,0K Heap: 393,7M(1024,0M)->163,9M(1024,0M)]
 [Times: user=0,03 sys=0,00, real=0,02 secs] 
2020-09-27T21:05:43.542-0300: 3973,994: [GC pause (G1 Evacuation Pause) (young), 0,0233536 secs]
   [Parallel Time: 11,0 ms, GC Workers: 4]
      [GC Worker Start (ms): Min: 3973993,8, Avg: 3973998,7, Max: 3974004,2, Diff: 10,4]
      [Ext Root Scanning (ms): Min: 0,0, Avg: 0,5, Max: 1,9, Diff: 1,9, Sum: 1,9]
      [Update RS (ms): Min: 0,0, Avg: 2,4, Max: 8,4, Diff: 8,4, Sum: 9,5]
         [Processed Buffers: Min: 0, Avg: 10,5, Max: 24, Diff: 24, Sum: 42]
      [Scan RS (ms): Min: 0,0, Avg: 1,4, Max: 2,8, Diff: 2,8, Sum: 5,6]
      [Code Root Scanning (ms): Min: 0,0, Avg: 0,0, Max: 0,0, Diff: 0,0, Sum: 0,0]
      [Object Copy (ms): Min: 0,0, Avg: 1,0, Max: 1,8, Diff: 1,8, Sum: 3,8]
      [Termination (ms): Min: 0,0, Avg: 0,5, Max: 1,1, Diff: 1,1, Sum: 1,8]
         [Termination Attempts: Min: 1, Avg: 1,2, Max: 2, Diff: 1, Sum: 5]
      [GC Worker Other (ms): Min: 0,0, Avg: 0,0, Max: 0,0, Diff: 0,0, Sum: 0,1]
      [GC Worker Total (ms): Min: 0,1, Avg: 5,7, Max: 10,4, Diff: 10,4, Sum: 22,7]
      [GC Worker End (ms): Min: 3974004,3, Avg: 3974004,4, Max: 3974004,7, Diff: 0,5]
   [Code Root Fixup: 0,0 ms]
   [Code Root Purge: 0,0 ms]
   [Clear CT: 0,2 ms]
   [Other: 12,1 ms]
      [Choose CSet: 0,0 ms]
      [Ref Proc: 3,8 ms]
      [Ref Enq: 0,0 ms]
      [Redirty Cards: 7,7 ms]
      [Humongous Register: 0,1 ms]
      [Humongous Reclaim: 0,1 ms]
      [Free CSet: 0,4 ms]
   [Eden: 594,0M(189,0M)->0,0B(613,0M) Survivors: 1024,0K->1024,0K Heap: 777,7M(1024,0M)->163,9M(1024,0M)]
 [Times: user=0,03 sys=0,00, real=0,02 secs] 
2020-09-27T21:05:46.241-0300: 3976,693: [GC pause (G1 Evacuation Pause) (young), 0,0365254 secs]
   [Parallel Time: 24,7 ms, GC Workers: 4]
      [GC Worker Start (ms): Min: 3976693,6, Avg: 3976700,4, Max: 3976707,6, Diff: 14,0]
      [Ext Root Scanning (ms): Min: 0,0, Avg: 0,5, Max: 2,0, Diff: 2,0, Sum: 2,0]
      [Update RS (ms): Min: 0,0, Avg: 0,9, Max: 2,1, Diff: 2,1, Sum: 3,8]
         [Processed Buffers: Min: 0, Avg: 9,8, Max: 22, Diff: 22, Sum: 39]
      [Scan RS (ms): Min: 0,0, Avg: 6,8, Max: 17,1, Diff: 17,1, Sum: 27,3]
      [Code Root Scanning (ms): Min: 0,0, Avg: 0,0, Max: 0,0, Diff: 0,0, Sum: 0,0]
      [Object Copy (ms): Min: 0,0, Avg: 2,2, Max: 4,2, Diff: 4,2, Sum: 8,7]
      [Termination (ms): Min: 0,0, Avg: 4,4, Max: 7,1, Diff: 7,1, Sum: 17,8]
         [Termination Attempts: Min: 1, Avg: 4,8, Max: 16, Diff: 15, Sum: 19]
      [GC Worker Other (ms): Min: 0,0, Avg: 0,0, Max: 0,0, Diff: 0,0, Sum: 0,0]
      [GC Worker Total (ms): Min: 8,6, Avg: 14,9, Max: 21,4, Diff: 12,8, Sum: 59,6]
      [GC Worker End (ms): Min: 3976715,0, Avg: 3976715,3, Max: 3976716,2, Diff: 1,2]
   [Code Root Fixup: 0,0 ms]
   [Code Root Purge: 0,0 ms]
   [Clear CT: 0,2 ms]
   [Other: 11,6 ms]
      [Choose CSet: 0,0 ms]
      [Ref Proc: 11,1 ms]
      [Ref Enq: 0,0 ms]
      [Redirty Cards: 0,1 ms]
      [Humongous Register: 0,0 ms]
      [Humongous Reclaim: 0,0 ms]
      [Free CSet: 0,1 ms]
   [Eden: 229,0M(51200,0K)->0,0B(50176,0K) Survivors: 1024,0K->2048,0K Heap: 397,4M(1024,0M)->164,3M(1024,0M)]
 [Times: user=0,03 sys=0,00, real=0,03 secs] 
2020-09-27T21:05:46.794-0300: 3977,246: [GC pause (G1 Evacuation Pause) (young), 0,0173726 secs]
   [Parallel Time: 14,6 ms, GC Workers: 4]
      [GC Worker Start (ms): Min: 3977246,2, Avg: 3977252,2, Max: 3977256,2, Diff: 10,1]
      [Ext Root Scanning (ms): Min: 0,0, Avg: 0,5, Max: 2,0, Diff: 2,0, Sum: 2,0]
      [Update RS (ms): Min: 0,0, Avg: 4,0, Max: 12,2, Diff: 12,2, Sum: 16,0]
         [Processed Buffers: Min: 0, Avg: 6,0, Max: 24, Diff: 24, Sum: 24]
      [Scan RS (ms): Min: 0,0, Avg: 1,8, Max: 4,9, Diff: 4,9, Sum: 7,3]
      [Code Root Scanning (ms): Min: 0,0, Avg: 0,0, Max: 0,0, Diff: 0,0, Sum: 0,0]
      [Object Copy (ms): Min: 0,0, Avg: 1,2, Max: 2,4, Diff: 2,4, Sum: 4,9]
      [Termination (ms): Min: 0,0, Avg: 0,9, Max: 1,5, Diff: 1,5, Sum: 3,6]
         [Termination Attempts: Min: 1, Avg: 1,0, Max: 1, Diff: 0, Sum: 4]
      [GC Worker Other (ms): Min: 0,0, Avg: 0,0, Max: 0,0, Diff: 0,0, Sum: 0,0]
      [GC Worker Total (ms): Min: 4,5, Avg: 8,5, Max: 14,4, Diff: 9,9, Sum: 33,9]
      [GC Worker End (ms): Min: 3977260,6, Avg: 3977260,6, Max: 3977260,8, Diff: 0,2]
   [Code Root Fixup: 0,0 ms]
   [Code Root Purge: 0,0 ms]
   [Clear CT: 0,1 ms]
   [Other: 2,7 ms]
      [Choose CSet: 0,0 ms]
      [Ref Proc: 2,3 ms]
      [Ref Enq: 0,0 ms]
      [Redirty Cards: 0,1 ms]
      [Humongous Register: 0,1 ms]
      [Humongous Reclaim: 0,0 ms]
      [Free CSet: 0,0 ms]
   [Eden: 50176,0K(50176,0K)->0,0B(50176,0K) Survivors: 2048,0K->2048,0K Heap: 213,3M(1024,0M)->164,9M(1024,0M)]
 [Times: user=0,02 sys=0,00, real=0,02 secs] 
2020-09-27T21:05:47.328-0300: 3977,780: [GC pause (G1 Evacuation Pause) (young), 0,0187495 secs]
   [Parallel Time: 16,0 ms, GC Workers: 4]
      [GC Worker Start (ms): Min: 3977779,8, Avg: 3977784,4, Max: 3977788,3, Diff: 8,5]
      [Ext Root Scanning (ms): Min: 0,0, Avg: 0,5, Max: 1,9, Diff: 1,9, Sum: 1,9]
      [Update RS (ms): Min: 0,0, Avg: 3,5, Max: 13,2, Diff: 13,2, Sum: 14,1]
         [Processed Buffers: Min: 0, Avg: 8,8, Max: 34, Diff: 34, Sum: 35]
      [Scan RS (ms): Min: 0,0, Avg: 2,0, Max: 5,2, Diff: 5,2, Sum: 7,9]
      [Code Root Scanning (ms): Min: 0,0, Avg: 0,0, Max: 0,0, Diff: 0,0, Sum: 0,0]
      [Object Copy (ms): Min: 0,2, Avg: 2,4, Max: 4,1, Diff: 3,9, Sum: 9,6]
      [Termination (ms): Min: 0,0, Avg: 2,4, Max: 3,4, Diff: 3,4, Sum: 9,4]
         [Termination Attempts: Min: 1, Avg: 1,2, Max: 2, Diff: 1, Sum: 5]
      [GC Worker Other (ms): Min: 0,0, Avg: 0,0, Max: 0,0, Diff: 0,0, Sum: 0,0]
      [GC Worker Total (ms): Min: 6,9, Avg: 10,8, Max: 15,3, Diff: 8,4, Sum: 43,0]
      [GC Worker End (ms): Min: 3977795,1, Avg: 3977795,2, Max: 3977795,2, Diff: 0,0]
   [Code Root Fixup: 0,0 ms]
   [Code Root Purge: 0,0 ms]
   [Clear CT: 0,1 ms]
   [Other: 2,6 ms]
      [Choose CSet: 0,0 ms]
      [Ref Proc: 2,2 ms]
      [Ref Enq: 0,0 ms]
      [Redirty Cards: 0,1 ms]
      [Humongous Register: 0,1 ms]
      [Humongous Reclaim: 0,0 ms]
      [Free CSet: 0,1 ms]
   [Eden: 50176,0K(50176,0K)->0,0B(50176,0K) Survivors: 2048,0K->2048,0K Heap: 214,5M(1024,0M)->164,4M(1024,0M)]
 [Times: user=0,02 sys=0,00, real=0,02 secs] 
2020-09-27T21:14:30.931-0300: 4501,383: [GC pause (G1 Evacuation Pause) (young), 0,0281559 secs]
   [Parallel Time: 19,4 ms, GC Workers: 4]
      [GC Worker Start (ms): Min: 4501383,2, Avg: 4501392,9, Max: 4501400,2, Diff: 17,0]
      [Ext Root Scanning (ms): Min: 0,0, Avg: 0,4, Max: 1,6, Diff: 1,6, Sum: 1,7]
      [Update RS (ms): Min: 0,0, Avg: 1,3, Max: 5,1, Diff: 5,1, Sum: 5,1]
         [Processed Buffers: Min: 0, Avg: 13,0, Max: 52, Diff: 52, Sum: 52]
      [Scan RS (ms): Min: 0,1, Avg: 3,8, Max: 12,5, Diff: 12,4, Sum: 15,1]
      [Code Root Scanning (ms): Min: 0,0, Avg: 0,0, Max: 0,0, Diff: 0,0, Sum: 0,0]
      [Object Copy (ms): Min: 0,1, Avg: 2,9, Max: 5,8, Diff: 5,8, Sum: 11,5]
      [Termination (ms): Min: 0,0, Avg: 1,3, Max: 2,2, Diff: 2,2, Sum: 5,2]
         [Termination Attempts: Min: 1, Avg: 1,2, Max: 2, Diff: 1, Sum: 5]
      [GC Worker Other (ms): Min: 0,0, Avg: 0,0, Max: 0,0, Diff: 0,0, Sum: 0,0]
      [GC Worker Total (ms): Min: 2,4, Avg: 9,6, Max: 19,4, Diff: 17,0, Sum: 38,6]
      [GC Worker End (ms): Min: 4501402,6, Avg: 4501402,6, Max: 4501402,6, Diff: 0,0]
   [Code Root Fixup: 0,0 ms]
   [Code Root Purge: 0,0 ms]
   [Clear CT: 0,1 ms]
   [Other: 8,7 ms]
      [Choose CSet: 0,0 ms]
      [Ref Proc: 8,2 ms]
      [Ref Enq: 0,0 ms]
      [Redirty Cards: 0,1 ms]
      [Humongous Register: 0,1 ms]
      [Humongous Reclaim: 0,0 ms]
      [Free CSet: 0,1 ms]
   [Eden: 50176,0K(50176,0K)->0,0B(50176,0K) Survivors: 2048,0K->2048,0K Heap: 214,8M(1024,0M)->164,5M(1024,0M)]
 [Times: user=0,03 sys=0,00, real=0,02 secs] 
2020-09-27T21:14:32.077-0300: 4502,529: [GC pause (G1 Evacuation Pause) (young), 0,0114293 secs]
   [Parallel Time: 10,9 ms, GC Workers: 4]
      [GC Worker Start (ms): Min: 4502529,4, Avg: 4502531,0, Max: 4502535,9, Diff: 6,5]
      [Ext Root Scanning (ms): Min: 0,0, Avg: 0,4, Max: 0,6, Diff: 0,6, Sum: 1,8]
      [Update RS (ms): Min: 0,0, Avg: 1,4, Max: 2,0, Diff: 2,0, Sum: 5,8]
         [Processed Buffers: Min: 0, Avg: 9,2, Max: 30, Diff: 30, Sum: 37]
      [Scan RS (ms): Min: 0,0, Avg: 1,6, Max: 2,3, Diff: 2,3, Sum: 6,6]
      [Code Root Scanning (ms): Min: 0,0, Avg: 0,0, Max: 0,0, Diff: 0,0, Sum: 0,0]
      [Object Copy (ms): Min: 2,2, Avg: 4,2, Max: 5,9, Diff: 3,7, Sum: 16,7]
      [Termination (ms): Min: 0,0, Avg: 1,3, Max: 1,9, Diff: 1,9, Sum: 5,2]
         [Termination Attempts: Min: 1, Avg: 1,0, Max: 1, Diff: 0, Sum: 4]
      [GC Worker Other (ms): Min: 0,0, Avg: 0,0, Max: 0,0, Diff: 0,0, Sum: 0,0]
      [GC Worker Total (ms): Min: 4,1, Avg: 9,0, Max: 10,8, Diff: 6,7, Sum: 36,0]
      [GC Worker End (ms): Min: 4502539,9, Avg: 4502540,0, Max: 4502540,2, Diff: 0,2]
   [Code Root Fixup: 0,0 ms]
   [Code Root Purge: 0,0 ms]
   [Clear CT: 0,1 ms]
   [Other: 0,5 ms]
      [Choose CSet: 0,0 ms]
      [Ref Proc: 0,1 ms]
      [Ref Enq: 0,0 ms]
      [Redirty Cards: 0,0 ms]
      [Humongous Register: 0,0 ms]
      [Humongous Reclaim: 0,0 ms]
      [Free CSet: 0,1 ms]
   [Eden: 50176,0K(50176,0K)->0,0B(50176,0K) Survivors: 2048,0K->2048,0K Heap: 213,5M(1024,0M)->165,2M(1024,0M)]
 [Times: user=0,03 sys=0,01, real=0,02 secs] 
2020-09-27T21:14:33.342-0300: 4503,794: [GC pause (G1 Evacuation Pause) (young), 0,0115239 secs]
   [Parallel Time: 10,9 ms, GC Workers: 4]
      [GC Worker Start (ms): Min: 4503794,0, Avg: 4503796,3, Max: 4503800,3, Diff: 6,2]
      [Ext Root Scanning (ms): Min: 0,0, Avg: 0,4, Max: 0,8, Diff: 0,8, Sum: 1,6]
      [Update RS (ms): Min: 0,0, Avg: 3,8, Max: 9,5, Diff: 9,5, Sum: 15,3]
         [Processed Buffers: Min: 0, Avg: 9,5, Max: 29, Diff: 29, Sum: 38]
      [Scan RS (ms): Min: 0,0, Avg: 1,7, Max: 2,9, Diff: 2,9, Sum: 6,8]
      [Code Root Scanning (ms): Min: 0,0, Avg: 0,0, Max: 0,0, Diff: 0,0, Sum: 0,0]
      [Object Copy (ms): Min: 0,5, Avg: 2,7, Max: 3,5, Diff: 2,9, Sum: 10,9]
      [Termination (ms): Min: 0,0, Avg: 0,0, Max: 0,0, Diff: 0,0, Sum: 0,0]
         [Termination Attempts: Min: 1, Avg: 1,0, Max: 1, Diff: 0, Sum: 4]
      [GC Worker Other (ms): Min: 0,0, Avg: 0,0, Max: 0,0, Diff: 0,0, Sum: 0,0]
      [GC Worker Total (ms): Min: 4,6, Avg: 8,7, Max: 10,9, Diff: 6,2, Sum: 34,6]
      [GC Worker End (ms): Min: 4503804,9, Avg: 4503804,9, Max: 4503804,9, Diff: 0,0]
   [Code Root Fixup: 0,0 ms]
   [Code Root Purge: 0,0 ms]
   [Clear CT: 0,0 ms]
   [Other: 0,6 ms]
      [Choose CSet: 0,0 ms]
      [Ref Proc: 0,1 ms]
      [Ref Enq: 0,0 ms]
      [Redirty Cards: 0,1 ms]
      [Humongous Register: 0,1 ms]
      [Humongous Reclaim: 0,0 ms]
      [Free CSet: 0,1 ms]
   [Eden: 50176,0K(50176,0K)->0,0B(48128,0K) Survivors: 2048,0K->4096,0K Heap: 214,2M(1024,0M)->166,9M(1024,0M)]
 [Times: user=0,02 sys=0,00, real=0,01 secs] 
2020-09-27T21:14:33.986-0300: 4504,438: [GC pause (G1 Evacuation Pause) (young), 0,0175645 secs]
   [Parallel Time: 12,6 ms, GC Workers: 4]
      [GC Worker Start (ms): Min: 4504438,5, Avg: 4504439,1, Max: 4504440,2, Diff: 1,7]
      [Ext Root Scanning (ms): Min: 0,0, Avg: 1,5, Max: 4,8, Diff: 4,8, Sum: 5,9]
      [Update RS (ms): Min: 0,0, Avg: 1,5, Max: 2,3, Diff: 2,3, Sum: 5,9]
         [Processed Buffers: Min: 0, Avg: 8,0, Max: 17, Diff: 17, Sum: 32]
      [Scan RS (ms): Min: 1,9, Avg: 3,8, Max: 6,1, Diff: 4,2, Sum: 15,1]
      [Code Root Scanning (ms): Min: 0,0, Avg: 0,0, Max: 0,0, Diff: 0,0, Sum: 0,0]
      [Object Copy (ms): Min: 3,3, Avg: 4,7, Max: 5,2, Diff: 1,8, Sum: 18,7]
      [Termination (ms): Min: 0,0, Avg: 0,6, Max: 0,8, Diff: 0,8, Sum: 2,3]
         [Termination Attempts: Min: 1, Avg: 1,2, Max: 2, Diff: 1, Sum: 5]
      [GC Worker Other (ms): Min: 0,0, Avg: 0,0, Max: 0,0, Diff: 0,0, Sum: 0,0]
      [GC Worker Total (ms): Min: 10,8, Avg: 12,0, Max: 12,5, Diff: 1,8, Sum: 47,8]
      [GC Worker End (ms): Min: 4504451,0, Avg: 4504451,0, Max: 4504451,1, Diff: 0,1]
   [Code Root Fixup: 0,0 ms]
   [Code Root Purge: 0,0 ms]
   [Clear CT: 0,1 ms]
   [Other: 4,9 ms]
      [Choose CSet: 0,0 ms]
      [Ref Proc: 4,5 ms]
      [Ref Enq: 0,0 ms]
      [Redirty Cards: 0,1 ms]
      [Humongous Register: 0,1 ms]
      [Humongous Reclaim: 0,0 ms]
      [Free CSet: 0,1 ms]
   [Eden: 48128,0K(48128,0K)->0,0B(47104,0K) Survivors: 4096,0K->5120,0K Heap: 213,9M(1024,0M)->167,8M(1024,0M)]
 [Times: user=0,05 sys=0,00, real=0,02 secs] 
2020-09-27T21:14:35.126-0300: 4505,578: [GC pause (G1 Evacuation Pause) (young), 0,0391471 secs]
   [Parallel Time: 23,9 ms, GC Workers: 4]
      [GC Worker Start (ms): Min: 4505578,1, Avg: 4505581,3, Max: 4505583,7, Diff: 5,7]
      [Ext Root Scanning (ms): Min: 0,0, Avg: 0,4, Max: 1,7, Diff: 1,7, Sum: 1,7]
      [Update RS (ms): Min: 0,0, Avg: 1,6, Max: 3,3, Diff: 3,3, Sum: 6,5]
         [Processed Buffers: Min: 0, Avg: 10,0, Max: 23, Diff: 23, Sum: 40]
      [Scan RS (ms): Min: 2,8, Avg: 3,7, Max: 5,3, Diff: 2,5, Sum: 14,7]
      [Code Root Scanning (ms): Min: 0,0, Avg: 0,0, Max: 0,0, Diff: 0,0, Sum: 0,0]
      [Object Copy (ms): Min: 6,7, Avg: 9,9, Max: 15,2, Diff: 8,5, Sum: 39,7]
      [Termination (ms): Min: 0,0, Avg: 4,9, Max: 6,8, Diff: 6,8, Sum: 19,5]
         [Termination Attempts: Min: 1, Avg: 1,2, Max: 2, Diff: 1, Sum: 5]
      [GC Worker Other (ms): Min: 0,0, Avg: 0,0, Max: 0,0, Diff: 0,0, Sum: 0,0]
      [GC Worker Total (ms): Min: 18,0, Avg: 20,5, Max: 23,7, Diff: 5,7, Sum: 82,1]
      [GC Worker End (ms): Min: 4505601,7, Avg: 4505601,8, Max: 4505601,9, Diff: 0,2]
   [Code Root Fixup: 0,0 ms]
   [Code Root Purge: 0,0 ms]
   [Clear CT: 0,1 ms]
   [Other: 15,2 ms]
      [Choose CSet: 0,0 ms]
      [Ref Proc: 14,7 ms]
      [Ref Enq: 0,0 ms]
      [Redirty Cards: 0,1 ms]
      [Humongous Register: 0,1 ms]
      [Humongous Reclaim: 0,0 ms]
      [Free CSet: 0,1 ms]
   [Eden: 47104,0K(47104,0K)->0,0B(47104,0K) Survivors: 5120,0K->5120,0K Heap: 213,8M(1024,0M)->168,3M(1024,0M)]
 [Times: user=0,07 sys=0,00, real=0,04 secs] 
2020-09-27T21:14:37.235-0300: 4507,687: [GC pause (G1 Evacuation Pause) (young), 0,0202380 secs]
   [Parallel Time: 18,4 ms, GC Workers: 4]
      [GC Worker Start (ms): Min: 4507687,3, Avg: 4507687,3, Max: 4507687,4, Diff: 0,1]
      [Ext Root Scanning (ms): Min: 0,4, Avg: 0,9, Max: 2,2, Diff: 1,7, Sum: 3,5]
      [Update RS (ms): Min: 0,9, Avg: 2,7, Max: 5,0, Diff: 4,0, Sum: 11,0]
         [Processed Buffers: Min: 0, Avg: 9,8, Max: 23, Diff: 23, Sum: 39]
      [Scan RS (ms): Min: 1,5, Avg: 3,8, Max: 5,9, Diff: 4,4, Sum: 15,2]
      [Code Root Scanning (ms): Min: 0,0, Avg: 0,0, Max: 0,0, Diff: 0,0, Sum: 0,0]
      [Object Copy (ms): Min: 8,7, Avg: 10,4, Max: 11,4, Diff: 2,7, Sum: 41,5]
      [Termination (ms): Min: 0,0, Avg: 0,5, Max: 0,7, Diff: 0,7, Sum: 2,0]
         [Termination Attempts: Min: 1, Avg: 1,0, Max: 1, Diff: 0, Sum: 4]
      [GC Worker Other (ms): Min: 0,0, Avg: 0,0, Max: 0,0, Diff: 0,0, Sum: 0,0]
      [GC Worker Total (ms): Min: 18,2, Avg: 18,3, Max: 18,3, Diff: 0,1, Sum: 73,2]
      [GC Worker End (ms): Min: 4507705,6, Avg: 4507705,6, Max: 4507705,7, Diff: 0,1]
   [Code Root Fixup: 0,0 ms]
   [Code Root Purge: 0,0 ms]
   [Clear CT: 0,1 ms]
   [Other: 1,7 ms]
      [Choose CSet: 0,0 ms]
      [Ref Proc: 1,3 ms]
      [Ref Enq: 0,0 ms]
      [Redirty Cards: 0,1 ms]
      [Humongous Register: 0,1 ms]
      [Humongous Reclaim: 0,0 ms]
      [Free CSet: 0,1 ms]
   [Eden: 47104,0K(47104,0K)->0,0B(46080,0K) Survivors: 5120,0K->6144,0K Heap: 214,3M(1024,0M)->169,2M(1024,0M)]
 [Times: user=0,04 sys=0,00, real=0,02 secs] 
2020-09-27T21:14:38.654-0300: 4509,106: [GC pause (G1 Evacuation Pause) (young), 0,0448883 secs]
   [Parallel Time: 26,5 ms, GC Workers: 4]
      [GC Worker Start (ms): Min: 4509106,6, Avg: 4509107,2, Max: 4509107,6, Diff: 1,0]
      [Ext Root Scanning (ms): Min: 0,4, Avg: 4,2, Max: 10,9, Diff: 10,4, Sum: 16,9]
      [Update RS (ms): Min: 0,0, Avg: 1,1, Max: 2,2, Diff: 2,2, Sum: 4,3]
         [Processed Buffers: Min: 0, Avg: 9,5, Max: 31, Diff: 31, Sum: 38]
      [Scan RS (ms): Min: 0,7, Avg: 8,0, Max: 12,4, Diff: 11,7, Sum: 31,9]
      [Code Root Scanning (ms): Min: 0,0, Avg: 0,0, Max: 0,0, Diff: 0,0, Sum: 0,0]
      [Object Copy (ms): Min: 9,8, Avg: 12,4, Max: 14,7, Diff: 4,9, Sum: 49,5]
      [Termination (ms): Min: 0,0, Avg: 0,2, Max: 0,3, Diff: 0,3, Sum: 0,7]
         [Termination Attempts: Min: 1, Avg: 1,0, Max: 1, Diff: 0, Sum: 4]
      [GC Worker Other (ms): Min: 0,0, Avg: 0,0, Max: 0,0, Diff: 0,0, Sum: 0,0]
      [GC Worker Total (ms): Min: 25,4, Avg: 25,8, Max: 26,4, Diff: 1,0, Sum: 103,3]
      [GC Worker End (ms): Min: 4509132,9, Avg: 4509133,0, Max: 4509133,0, Diff: 0,1]
   [Code Root Fixup: 0,0 ms]
   [Code Root Purge: 0,0 ms]
   [Clear CT: 0,1 ms]
   [Other: 18,3 ms]
      [Choose CSet: 0,0 ms]
      [Ref Proc: 17,8 ms]
      [Ref Enq: 0,0 ms]
      [Redirty Cards: 0,2 ms]
      [Humongous Register: 0,1 ms]
      [Humongous Reclaim: 0,0 ms]
      [Free CSet: 0,1 ms]
   [Eden: 46080,0K(46080,0K)->0,0B(47104,0K) Survivors: 6144,0K->5120,0K Heap: 214,2M(1024,0M)->169,4M(1024,0M)]
 [Times: user=0,05 sys=0,00, real=0,04 secs] 
2020-09-27T21:14:39.978-0300: 4510,430: [GC pause (G1 Evacuation Pause) (young), 0,0268711 secs]
   [Parallel Time: 22,9 ms, GC Workers: 4]
      [GC Worker Start (ms): Min: 4510430,6, Avg: 4510431,9, Max: 4510432,4, Diff: 1,8]
      [Ext Root Scanning (ms): Min: 0,0, Avg: 0,4, Max: 1,4, Diff: 1,4, Sum: 1,5]
      [Update RS (ms): Min: 4,6, Avg: 6,1, Max: 8,8, Diff: 4,2, Sum: 24,6]
         [Processed Buffers: Min: 0, Avg: 10,2, Max: 16, Diff: 16, Sum: 41]
      [Scan RS (ms): Min: 3,1, Avg: 5,4, Max: 7,9, Diff: 4,8, Sum: 21,5]
      [Code Root Scanning (ms): Min: 0,0, Avg: 0,0, Max: 0,0, Diff: 0,0, Sum: 0,0]
      [Object Copy (ms): Min: 7,9, Avg: 9,1, Max: 9,8, Diff: 1,9, Sum: 36,6]
      [Termination (ms): Min: 0,0, Avg: 0,5, Max: 0,7, Diff: 0,7, Sum: 2,2]
         [Termination Attempts: Min: 1, Avg: 1,2, Max: 2, Diff: 1, Sum: 5]
      [GC Worker Other (ms): Min: 0,0, Avg: 0,0, Max: 0,0, Diff: 0,0, Sum: 0,0]
      [GC Worker Total (ms): Min: 21,1, Avg: 21,6, Max: 22,8, Diff: 1,7, Sum: 86,3]
      [GC Worker End (ms): Min: 4510453,4, Avg: 4510453,5, Max: 4510453,5, Diff: 0,1]
   [Code Root Fixup: 0,0 ms]
   [Code Root Purge: 0,0 ms]
   [Clear CT: 0,1 ms]
   [Other: 3,9 ms]
      [Choose CSet: 0,0 ms]
      [Ref Proc: 3,5 ms]
      [Ref Enq: 0,0 ms]
      [Redirty Cards: 0,1 ms]
      [Humongous Register: 0,1 ms]
      [Humongous Reclaim: 0,0 ms]
      [Free CSet: 0,1 ms]
   [Eden: 47104,0K(47104,0K)->0,0B(47104,0K) Survivors: 5120,0K->5120,0K Heap: 215,4M(1024,0M)->170,4M(1024,0M)]
 [Times: user=0,04 sys=0,00, real=0,03 secs] 
2020-09-27T21:14:42.015-0300: 4512,467: [GC pause (G1 Evacuation Pause) (young), 0,0230913 secs]
   [Parallel Time: 21,1 ms, GC Workers: 4]
      [GC Worker Start (ms): Min: 4512467,7, Avg: 4512470,2, Max: 4512473,0, Diff: 5,3]
      [Ext Root Scanning (ms): Min: 0,0, Avg: 0,4, Max: 0,9, Diff: 0,9, Sum: 1,7]
      [Update RS (ms): Min: 0,0, Avg: 1,7, Max: 3,4, Diff: 3,4, Sum: 6,7]
         [Processed Buffers: Min: 0, Avg: 9,8, Max: 31, Diff: 31, Sum: 39]
      [Scan RS (ms): Min: 3,1, Avg: 4,2, Max: 5,2, Diff: 2,0, Sum: 16,8]
      [Code Root Scanning (ms): Min: 0,0, Avg: 0,0, Max: 0,0, Diff: 0,0, Sum: 0,0]
      [Object Copy (ms): Min: 6,7, Avg: 9,6, Max: 11,1, Diff: 4,4, Sum: 38,5]
      [Termination (ms): Min: 0,0, Avg: 0,8, Max: 2,9, Diff: 2,9, Sum: 3,2]
         [Termination Attempts: Min: 1, Avg: 1,2, Max: 2, Diff: 1, Sum: 5]
      [GC Worker Other (ms): Min: 0,0, Avg: 0,0, Max: 0,0, Diff: 0,0, Sum: 0,0]
      [GC Worker Total (ms): Min: 14,5, Avg: 16,7, Max: 18,9, Diff: 4,4, Sum: 67,0]
      [GC Worker End (ms): Min: 4512486,6, Avg: 4512486,9, Max: 4512487,8, Diff: 1,2]
   [Code Root Fixup: 0,0 ms]
   [Code Root Purge: 0,0 ms]
   [Clear CT: 0,1 ms]
   [Other: 1,9 ms]
      [Choose CSet: 0,0 ms]
      [Ref Proc: 1,5 ms]
      [Ref Enq: 0,0 ms]
      [Redirty Cards: 0,1 ms]
      [Humongous Register: 0,1 ms]
      [Humongous Reclaim: 0,0 ms]
      [Free CSet: 0,1 ms]
   [Eden: 47104,0K(47104,0K)->0,0B(47104,0K) Survivors: 5120,0K->5120,0K Heap: 216,4M(1024,0M)->170,9M(1024,0M)]
 [Times: user=0,03 sys=0,00, real=0,02 secs] 
2020-09-27T21:14:43.929-0300: 4514,381: [GC pause (G1 Evacuation Pause) (young), 0,0372937 secs]
   [Parallel Time: 28,0 ms, GC Workers: 4]
      [GC Worker Start (ms): Min: 4514381,2, Avg: 4514383,5, Max: 4514387,3, Diff: 6,2]
      [Ext Root Scanning (ms): Min: 0,0, Avg: 0,4, Max: 0,8, Diff: 0,8, Sum: 1,7]
      [Update RS (ms): Min: 0,0, Avg: 3,0, Max: 9,2, Diff: 9,2, Sum: 12,2]
         [Processed Buffers: Min: 0, Avg: 8,0, Max: 26, Diff: 26, Sum: 32]
      [Scan RS (ms): Min: 0,0, Avg: 3,2, Max: 7,6, Diff: 7,6, Sum: 12,8]
      [Code Root Scanning (ms): Min: 0,0, Avg: 0,0, Max: 0,0, Diff: 0,0, Sum: 0,0]
      [Object Copy (ms): Min: 9,4, Avg: 13,5, Max: 20,4, Diff: 11,1, Sum: 54,0]
      [Termination (ms): Min: 0,0, Avg: 5,4, Max: 7,6, Diff: 7,6, Sum: 21,6]
         [Termination Attempts: Min: 1, Avg: 1,0, Max: 1, Diff: 0, Sum: 4]
      [GC Worker Other (ms): Min: 0,0, Avg: 0,0, Max: 0,0, Diff: 0,0, Sum: 0,0]
      [GC Worker Total (ms): Min: 21,6, Avg: 25,6, Max: 27,9, Diff: 6,3, Sum: 102,2]
      [GC Worker End (ms): Min: 4514408,9, Avg: 4514409,0, Max: 4514409,1, Diff: 0,1]
   [Code Root Fixup: 0,0 ms]
   [Code Root Purge: 0,0 ms]
   [Clear CT: 0,1 ms]
   [Other: 9,2 ms]
      [Choose CSet: 0,0 ms]
      [Ref Proc: 8,7 ms]
      [Ref Enq: 0,0 ms]
      [Redirty Cards: 0,1 ms]
      [Humongous Register: 0,1 ms]
      [Humongous Reclaim: 0,0 ms]
      [Free CSet: 0,1 ms]
   [Eden: 47104,0K(47104,0K)->0,0B(47104,0K) Survivors: 5120,0K->5120,0K Heap: 216,9M(1024,0M)->171,7M(1024,0M)]
 [Times: user=0,06 sys=0,01, real=0,03 secs] 
2020-09-27T21:15:33.255-0300: 4563,707: [GC pause (G1 Evacuation Pause) (young), 0,0344901 secs]
   [Parallel Time: 14,8 ms, GC Workers: 4]
      [GC Worker Start (ms): Min: 4563707,4, Avg: 4563709,6, Max: 4563716,2, Diff: 8,8]
      [Ext Root Scanning (ms): Min: 0,0, Avg: 2,7, Max: 8,8, Diff: 8,8, Sum: 10,6]
      [Update RS (ms): Min: 0,0, Avg: 1,3, Max: 2,7, Diff: 2,7, Sum: 5,4]
         [Processed Buffers: Min: 0, Avg: 12,2, Max: 26, Diff: 26, Sum: 49]
      [Scan RS (ms): Min: 0,0, Avg: 1,6, Max: 3,2, Diff: 3,2, Sum: 6,4]
      [Code Root Scanning (ms): Min: 0,0, Avg: 0,0, Max: 0,0, Diff: 0,0, Sum: 0,0]
      [Object Copy (ms): Min: 5,2, Avg: 6,4, Max: 7,9, Diff: 2,7, Sum: 25,7]
      [Termination (ms): Min: 0,0, Avg: 0,5, Max: 0,7, Diff: 0,7, Sum: 2,0]
         [Termination Attempts: Min: 1, Avg: 3,8, Max: 7, Diff: 6, Sum: 15]
      [GC Worker Other (ms): Min: 0,0, Avg: 0,0, Max: 0,0, Diff: 0,0, Sum: 0,0]
      [GC Worker Total (ms): Min: 5,9, Avg: 12,5, Max: 14,7, Diff: 8,8, Sum: 50,1]
      [GC Worker End (ms): Min: 4563722,1, Avg: 4563722,1, Max: 4563722,1, Diff: 0,0]
   [Code Root Fixup: 0,0 ms]
   [Code Root Purge: 0,0 ms]
   [Clear CT: 0,1 ms]
   [Other: 19,5 ms]
      [Choose CSet: 0,0 ms]
      [Ref Proc: 19,1 ms]
      [Ref Enq: 0,0 ms]
      [Redirty Cards: 0,1 ms]
      [Humongous Register: 0,1 ms]
      [Humongous Reclaim: 0,0 ms]
      [Free CSet: 0,1 ms]
   [Eden: 47104,0K(47104,0K)->0,0B(49152,0K) Survivors: 5120,0K->3072,0K Heap: 217,7M(1024,0M)->170,5M(1024,0M)]
 [Times: user=0,04 sys=0,00, real=0,04 secs] 
2020-09-27T21:15:33.709-0300: 4564,161: [GC pause (G1 Evacuation Pause) (young), 0,0313105 secs]
   [Parallel Time: 27,3 ms, GC Workers: 4]
      [GC Worker Start (ms): Min: 4564161,0, Avg: 4564169,4, Max: 4564172,2, Diff: 11,3]
      [Ext Root Scanning (ms): Min: 0,0, Avg: 0,4, Max: 1,7, Diff: 1,7, Sum: 1,7]
      [Update RS (ms): Min: 0,0, Avg: 1,6, Max: 6,6, Diff: 6,6, Sum: 6,6]
         [Processed Buffers: Min: 0, Avg: 8,2, Max: 33, Diff: 33, Sum: 33]
      [Scan RS (ms): Min: 1,0, Avg: 3,8, Max: 12,0, Diff: 11,0, Sum: 15,0]
      [Code Root Scanning (ms): Min: 0,0, Avg: 0,0, Max: 0,0, Diff: 0,0, Sum: 0,0]
      [Object Copy (ms): Min: 0,1, Avg: 5,5, Max: 7,3, Diff: 7,2, Sum: 22,0]
      [Termination (ms): Min: 0,0, Avg: 2,4, Max: 7,7, Diff: 7,7, Sum: 9,6]
         [Termination Attempts: Min: 1, Avg: 9,5, Max: 17, Diff: 16, Sum: 38]
      [GC Worker Other (ms): Min: 0,0, Avg: 0,0, Max: 0,0, Diff: 0,0, Sum: 0,0]
      [GC Worker Total (ms): Min: 9,2, Avg: 13,7, Max: 20,4, Diff: 11,2, Sum: 54,9]
      [GC Worker End (ms): Min: 4564181,4, Avg: 4564183,1, Max: 4564188,2, Diff: 6,8]
   [Code Root Fixup: 0,0 ms]
   [Code Root Purge: 0,0 ms]
   [Clear CT: 0,1 ms]
   [Other: 3,9 ms]
      [Choose CSet: 0,0 ms]
      [Ref Proc: 3,5 ms]
      [Ref Enq: 0,0 ms]
      [Redirty Cards: 0,1 ms]
      [Humongous Register: 0,1 ms]
      [Humongous Reclaim: 0,0 ms]
      [Free CSet: 0,1 ms]
   [Eden: 49152,0K(49152,0K)->0,0B(48128,0K) Survivors: 3072,0K->4096,0K Heap: 218,5M(1024,0M)->171,0M(1024,0M)]
 [Times: user=0,04 sys=0,00, real=0,03 secs] 
2020-09-27T21:15:34.144-0300: 4564,597: [GC pause (G1 Evacuation Pause) (young), 0,0252681 secs]
   [Parallel Time: 24,0 ms, GC Workers: 4]
      [GC Worker Start (ms): Min: 4564596,8, Avg: 4564601,4, Max: 4564608,2, Diff: 11,5]
      [Ext Root Scanning (ms): Min: 0,0, Avg: 0,4, Max: 1,8, Diff: 1,8, Sum: 1,8]
      [Update RS (ms): Min: 0,0, Avg: 4,6, Max: 13,6, Diff: 13,6, Sum: 18,2]
         [Processed Buffers: Min: 0, Avg: 8,0, Max: 25, Diff: 25, Sum: 32]
      [Scan RS (ms): Min: 0,0, Avg: 1,2, Max: 2,5, Diff: 2,5, Sum: 5,0]
      [Code Root Scanning (ms): Min: 0,0, Avg: 0,0, Max: 0,0, Diff: 0,0, Sum: 0,0]
      [Object Copy (ms): Min: 0,9, Avg: 7,5, Max: 15,5, Diff: 14,6, Sum: 29,9]
      [Termination (ms): Min: 0,0, Avg: 5,5, Max: 7,6, Diff: 7,6, Sum: 22,1]
         [Termination Attempts: Min: 1, Avg: 1,2, Max: 2, Diff: 1, Sum: 5]
      [GC Worker Other (ms): Min: 0,0, Avg: 0,0, Max: 0,0, Diff: 0,0, Sum: 0,0]
      [GC Worker Total (ms): Min: 12,4, Avg: 19,2, Max: 23,8, Diff: 11,4, Sum: 76,9]
      [GC Worker End (ms): Min: 4564620,5, Avg: 4564620,6, Max: 4564620,7, Diff: 0,1]
   [Code Root Fixup: 0,0 ms]
   [Code Root Purge: 0,0 ms]
   [Clear CT: 0,1 ms]
   [Other: 1,2 ms]
      [Choose CSet: 0,0 ms]
      [Ref Proc: 0,8 ms]
      [Ref Enq: 0,0 ms]
      [Redirty Cards: 0,1 ms]
      [Humongous Register: 0,1 ms]
      [Humongous Reclaim: 0,0 ms]
      [Free CSet: 0,1 ms]
   [Eden: 48128,0K(48128,0K)->0,0B(48128,0K) Survivors: 4096,0K->4096,0K Heap: 218,0M(1024,0M)->171,5M(1024,0M)]
 [Times: user=0,05 sys=0,00, real=0,03 secs] 
2020-09-27T21:15:34.570-0300: 4565,022: [GC pause (G1 Evacuation Pause) (young), 0,0189981 secs]
   [Parallel Time: 16,9 ms, GC Workers: 4]
      [GC Worker Start (ms): Min: 4565022,1, Avg: 4565023,7, Max: 4565026,5, Diff: 4,4]
      [Ext Root Scanning (ms): Min: 0,0, Avg: 0,5, Max: 1,0, Diff: 1,0, Sum: 2,0]
      [Update RS (ms): Min: 0,0, Avg: 3,1, Max: 9,1, Diff: 9,1, Sum: 12,6]
         [Processed Buffers: Min: 0, Avg: 8,0, Max: 19, Diff: 19, Sum: 32]
      [Scan RS (ms): Min: 0,0, Avg: 3,0, Max: 6,2, Diff: 6,2, Sum: 11,9]
      [Code Root Scanning (ms): Min: 0,0, Avg: 0,0, Max: 0,0, Diff: 0,0, Sum: 0,0]
      [Object Copy (ms): Min: 5,9, Avg: 8,0, Max: 10,1, Diff: 4,2, Sum: 32,0]
      [Termination (ms): Min: 0,0, Avg: 0,6, Max: 0,8, Diff: 0,8, Sum: 2,3]
         [Termination Attempts: Min: 1, Avg: 1,0, Max: 1, Diff: 0, Sum: 4]
      [GC Worker Other (ms): Min: 0,0, Avg: 0,0, Max: 0,0, Diff: 0,0, Sum: 0,0]
      [GC Worker Total (ms): Min: 12,4, Avg: 15,2, Max: 16,8, Diff: 4,4, Sum: 60,7]
      [GC Worker End (ms): Min: 4565038,9, Avg: 4565038,9, Max: 4565038,9, Diff: 0,1]
   [Code Root Fixup: 0,0 ms]
   [Code Root Purge: 0,0 ms]
   [Clear CT: 0,1 ms]
   [Other: 2,0 ms]
      [Choose CSet: 0,0 ms]
      [Ref Proc: 1,6 ms]
      [Ref Enq: 0,0 ms]
      [Redirty Cards: 0,1 ms]
      [Humongous Register: 0,0 ms]
      [Humongous Reclaim: 0,0 ms]
      [Free CSet: 0,1 ms]
   [Eden: 48128,0K(48128,0K)->0,0B(46080,0K) Survivors: 4096,0K->6144,0K Heap: 219,0M(1024,0M)->173,0M(1024,0M)]
 [Times: user=0,04 sys=0,00, real=0,02 secs] 
2020-09-27T21:15:34.973-0300: 4565,425: [GC pause (G1 Evacuation Pause) (young), 0,0296778 secs]
   [Parallel Time: 27,7 ms, GC Workers: 4]
      [GC Worker Start (ms): Min: 4565425,6, Avg: 4565429,2, Max: 4565436,2, Diff: 10,6]
      [Ext Root Scanning (ms): Min: 0,0, Avg: 0,5, Max: 0,9, Diff: 0,9, Sum: 1,8]
      [Update RS (ms): Min: 0,0, Avg: 0,8, Max: 1,7, Diff: 1,7, Sum: 3,3]
         [Processed Buffers: Min: 0, Avg: 8,5, Max: 30, Diff: 30, Sum: 34]
      [Scan RS (ms): Min: 0,0, Avg: 4,3, Max: 12,0, Diff: 11,9, Sum: 17,1]
      [Code Root Scanning (ms): Min: 0,0, Avg: 0,0, Max: 0,0, Diff: 0,0, Sum: 0,0]
      [Object Copy (ms): Min: 0,2, Avg: 5,3, Max: 9,6, Diff: 9,4, Sum: 21,3]
      [Termination (ms): Min: 0,0, Avg: 3,9, Max: 13,6, Diff: 13,6, Sum: 15,6]
         [Termination Attempts: Min: 1, Avg: 2,2, Max: 4, Diff: 3, Sum: 9]
      [GC Worker Other (ms): Min: 0,0, Avg: 0,0, Max: 0,0, Diff: 0,0, Sum: 0,0]
      [GC Worker Total (ms): Min: 4,7, Avg: 14,8, Max: 27,6, Diff: 22,9, Sum: 59,1]
      [GC Worker End (ms): Min: 4565440,9, Avg: 4565443,9, Max: 4565453,2, Diff: 12,3]
   [Code Root Fixup: 0,0 ms]
   [Code Root Purge: 0,0 ms]
   [Clear CT: 0,1 ms]
   [Other: 2,0 ms]
      [Choose CSet: 0,0 ms]
      [Ref Proc: 1,5 ms]
      [Ref Enq: 0,0 ms]
      [Redirty Cards: 0,1 ms]
      [Humongous Register: 0,1 ms]
      [Humongous Reclaim: 0,0 ms]
      [Free CSet: 0,1 ms]
   [Eden: 46080,0K(46080,0K)->0,0B(47104,0K) Survivors: 6144,0K->5120,0K Heap: 218,5M(1024,0M)->172,0M(1024,0M)]
 [Times: user=0,04 sys=0,00, real=0,03 secs] 
2020-09-27T21:15:35.397-0300: 4565,849: [GC pause (G1 Evacuation Pause) (young), 0,0142406 secs]
   [Parallel Time: 12,8 ms, GC Workers: 4]
      [GC Worker Start (ms): Min: 4565848,9, Avg: 4565852,6, Max: 4565856,2, Diff: 7,3]
      [Ext Root Scanning (ms): Min: 0,0, Avg: 0,5, Max: 0,9, Diff: 0,9, Sum: 1,9]
      [Update RS (ms): Min: 0,0, Avg: 0,6, Max: 1,2, Diff: 1,2, Sum: 2,5]
         [Processed Buffers: Min: 0, Avg: 9,0, Max: 25, Diff: 25, Sum: 36]
      [Scan RS (ms): Min: 0,0, Avg: 1,4, Max: 2,9, Diff: 2,9, Sum: 5,7]
      [Code Root Scanning (ms): Min: 0,0, Avg: 0,0, Max: 0,0, Diff: 0,0, Sum: 0,0]
      [Object Copy (ms): Min: 4,8, Avg: 6,1, Max: 7,7, Diff: 2,9, Sum: 24,2]
      [Termination (ms): Min: 0,0, Avg: 0,5, Max: 0,7, Diff: 0,7, Sum: 2,0]
         [Termination Attempts: Min: 1, Avg: 1,2, Max: 2, Diff: 1, Sum: 5]
      [GC Worker Other (ms): Min: 0,0, Avg: 0,0, Max: 0,0, Diff: 0,0, Sum: 0,0]
      [GC Worker Total (ms): Min: 5,4, Avg: 9,1, Max: 12,7, Diff: 7,3, Sum: 36,3]
      [GC Worker End (ms): Min: 4565861,6, Avg: 4565861,6, Max: 4565861,7, Diff: 0,0]
   [Code Root Fixup: 0,0 ms]
   [Code Root Purge: 0,0 ms]
   [Clear CT: 0,1 ms]
   [Other: 1,4 ms]
      [Choose CSet: 0,0 ms]
      [Ref Proc: 1,0 ms]
      [Ref Enq: 0,0 ms]
      [Redirty Cards: 0,1 ms]
      [Humongous Register: 0,0 ms]
      [Humongous Reclaim: 0,0 ms]
      [Free CSet: 0,0 ms]
   [Eden: 47104,0K(47104,0K)->0,0B(47104,0K) Survivors: 5120,0K->5120,0K Heap: 220,2M(1024,0M)->172,0M(1024,0M)]
 [Times: user=0,04 sys=0,00, real=0,02 secs] 
2020-09-27T21:15:35.828-0300: 4566,281: [GC pause (G1 Evacuation Pause) (young), 0,0296848 secs]
   [Parallel Time: 28,4 ms, GC Workers: 4]
      [GC Worker Start (ms): Min: 4566280,7, Avg: 4566280,8, Max: 4566281,0, Diff: 0,3]
      [Ext Root Scanning (ms): Min: 0,4, Avg: 5,1, Max: 12,1, Diff: 11,7, Sum: 20,5]
      [Update RS (ms): Min: 0,0, Avg: 0,6, Max: 1,3, Diff: 1,3, Sum: 2,5]
         [Processed Buffers: Min: 0, Avg: 8,5, Max: 17, Diff: 17, Sum: 34]
      [Scan RS (ms): Min: 0,0, Avg: 1,8, Max: 3,7, Diff: 3,7, Sum: 7,4]
      [Code Root Scanning (ms): Min: 0,0, Avg: 0,0, Max: 0,0, Diff: 0,0, Sum: 0,0]
      [Object Copy (ms): Min: 5,6, Avg: 12,4, Max: 19,0, Diff: 13,5, Sum: 49,5]
      [Termination (ms): Min: 0,0, Avg: 5,5, Max: 8,7, Diff: 8,7, Sum: 22,0]
         [Termination Attempts: Min: 1, Avg: 1,2, Max: 2, Diff: 1, Sum: 5]
      [GC Worker Other (ms): Min: 0,0, Avg: 0,0, Max: 0,0, Diff: 0,0, Sum: 0,0]
      [GC Worker Total (ms): Min: 24,4, Avg: 25,5, Max: 28,3, Diff: 3,9, Sum: 101,9]
      [GC Worker End (ms): Min: 4566305,4, Avg: 4566306,3, Max: 4566309,0, Diff: 3,6]
   [Code Root Fixup: 0,0 ms]
   [Code Root Purge: 0,0 ms]
   [Clear CT: 0,1 ms]
   [Other: 1,2 ms]
      [Choose CSet: 0,0 ms]
      [Ref Proc: 0,8 ms]
      [Ref Enq: 0,0 ms]
      [Redirty Cards: 0,1 ms]
      [Humongous Register: 0,1 ms]
      [Humongous Reclaim: 0,0 ms]
      [Free CSet: 0,1 ms]
   [Eden: 47104,0K(47104,0K)->0,0B(48128,0K) Survivors: 5120,0K->4096,0K Heap: 219,3M(1024,0M)->171,5M(1024,0M)]
 [Times: user=0,04 sys=0,00, real=0,02 secs] 
2020-09-27T21:15:36.204-0300: 4566,656: [GC pause (G1 Evacuation Pause) (young), 0,0288117 secs]
   [Parallel Time: 26,2 ms, GC Workers: 4]
      [GC Worker Start (ms): Min: 4566656,1, Avg: 4566658,2, Max: 4566664,2, Diff: 8,2]
      [Ext Root Scanning (ms): Min: 0,0, Avg: 1,8, Max: 5,7, Diff: 5,7, Sum: 7,1]
      [Update RS (ms): Min: 0,0, Avg: 1,2, Max: 2,5, Diff: 2,5, Sum: 4,9]
         [Processed Buffers: Min: 0, Avg: 9,2, Max: 20, Diff: 20, Sum: 37]
      [Scan RS (ms): Min: 0,1, Avg: 3,4, Max: 8,8, Diff: 8,8, Sum: 13,6]
      [Code Root Scanning (ms): Min: 0,0, Avg: 0,0, Max: 0,0, Diff: 0,0, Sum: 0,0]
      [Object Copy (ms): Min: 8,2, Avg: 12,3, Max: 16,2, Diff: 8,0, Sum: 49,2]
      [Termination (ms): Min: 0,0, Avg: 3,8, Max: 6,6, Diff: 6,6, Sum: 15,2]
         [Termination Attempts: Min: 1, Avg: 2,0, Max: 4, Diff: 3, Sum: 8]
      [GC Worker Other (ms): Min: 0,0, Avg: 0,0, Max: 0,0, Diff: 0,0, Sum: 0,0]
      [GC Worker Total (ms): Min: 18,0, Avg: 22,5, Max: 26,0, Diff: 8,0, Sum: 90,0]
      [GC Worker End (ms): Min: 4566679,1, Avg: 4566680,7, Max: 4566682,2, Diff: 3,1]
   [Code Root Fixup: 0,0 ms]
   [Code Root Purge: 0,0 ms]
   [Clear CT: 0,1 ms]
   [Other: 2,5 ms]
      [Choose CSet: 0,0 ms]
      [Ref Proc: 2,1 ms]
      [Ref Enq: 0,0 ms]
      [Redirty Cards: 0,1 ms]
      [Humongous Register: 0,0 ms]
      [Humongous Reclaim: 0,0 ms]
      [Free CSet: 0,1 ms]
   [Eden: 48128,0K(48128,0K)->0,0B(47104,0K) Survivors: 4096,0K->5120,0K Heap: 219,1M(1024,0M)->172,0M(1024,0M)]
 [Times: user=0,04 sys=0,00, real=0,03 secs] 
2020-09-27T21:15:36.631-0300: 4567,083: [GC pause (G1 Evacuation Pause) (young), 0,0185334 secs]
   [Parallel Time: 16,7 ms, GC Workers: 4]
      [GC Worker Start (ms): Min: 4567082,8, Avg: 4567084,5, Max: 4567088,2, Diff: 5,4]
      [Ext Root Scanning (ms): Min: 0,0, Avg: 0,5, Max: 0,9, Diff: 0,9, Sum: 1,8]
      [Update RS (ms): Min: 0,0, Avg: 0,7, Max: 1,1, Diff: 1,1, Sum: 3,0]
         [Processed Buffers: Min: 0, Avg: 8,8, Max: 13, Diff: 13, Sum: 35]
      [Scan RS (ms): Min: 0,0, Avg: 1,8, Max: 2,5, Diff: 2,5, Sum: 7,4]
      [Code Root Scanning (ms): Min: 0,0, Avg: 0,0, Max: 0,0, Diff: 0,0, Sum: 0,0]
      [Object Copy (ms): Min: 6,9, Avg: 8,0, Max: 8,8, Diff: 1,8, Sum: 32,2]
      [Termination (ms): Min: 0,0, Avg: 1,4, Max: 4,2, Diff: 4,2, Sum: 5,5]
         [Termination Attempts: Min: 1, Avg: 1,5, Max: 2, Diff: 1, Sum: 6]
      [GC Worker Other (ms): Min: 0,0, Avg: 0,0, Max: 0,0, Diff: 0,0, Sum: 0,0]
      [GC Worker Total (ms): Min: 11,2, Avg: 12,5, Max: 13,4, Diff: 2,2, Sum: 49,8]
      [GC Worker End (ms): Min: 4567096,1, Avg: 4567097,0, Max: 4567099,4, Diff: 3,3]
   [Code Root Fixup: 0,0 ms]
   [Code Root Purge: 0,0 ms]
   [Clear CT: 0,1 ms]
   [Other: 1,8 ms]
      [Choose CSet: 0,0 ms]
      [Ref Proc: 1,4 ms]
      [Ref Enq: 0,0 ms]
      [Redirty Cards: 0,1 ms]
      [Humongous Register: 0,1 ms]
      [Humongous Reclaim: 0,0 ms]
      [Free CSet: 0,1 ms]
   [Eden: 47104,0K(47104,0K)->0,0B(47104,0K) Survivors: 5120,0K->5120,0K Heap: 219,3M(1024,0M)->172,5M(1024,0M)]
 [Times: user=0,04 sys=0,00, real=0,02 secs] 
2020-09-27T21:15:37.071-0300: 4567,523: [GC pause (G1 Evacuation Pause) (young), 0,0533542 secs]
   [Parallel Time: 38,0 ms, GC Workers: 4]
      [GC Worker Start (ms): Min: 4567523,3, Avg: 4567529,0, Max: 4567532,2, Diff: 9,0]
      [Ext Root Scanning (ms): Min: 0,0, Avg: 0,5, Max: 1,8, Diff: 1,8, Sum: 1,9]
      [Update RS (ms): Min: 0,0, Avg: 5,0, Max: 17,2, Diff: 17,2, Sum: 20,1]
         [Processed Buffers: Min: 0, Avg: 9,2, Max: 34, Diff: 34, Sum: 37]
      [Scan RS (ms): Min: 0,0, Avg: 0,8, Max: 1,9, Diff: 1,9, Sum: 3,4]
      [Code Root Scanning (ms): Min: 0,0, Avg: 0,0, Max: 0,0, Diff: 0,0, Sum: 0,0]
      [Object Copy (ms): Min: 2,5, Avg: 13,6, Max: 28,1, Diff: 25,5, Sum: 54,2]
      [Termination (ms): Min: 0,0, Avg: 12,3, Max: 16,4, Diff: 16,4, Sum: 49,1]
         [Termination Attempts: Min: 1, Avg: 1,0, Max: 1, Diff: 0, Sum: 4]
      [GC Worker Other (ms): Min: 0,0, Avg: 0,0, Max: 0,0, Diff: 0,0, Sum: 0,0]
      [GC Worker Total (ms): Min: 28,9, Avg: 32,2, Max: 38,0, Diff: 9,1, Sum: 128,8]
      [GC Worker End (ms): Min: 4567561,1, Avg: 4567561,2, Max: 4567561,3, Diff: 0,2]
   [Code Root Fixup: 0,0 ms]
   [Code Root Purge: 0,0 ms]
   [Clear CT: 0,1 ms]
   [Other: 15,2 ms]
      [Choose CSet: 0,0 ms]
      [Ref Proc: 11,0 ms]
      [Ref Enq: 0,0 ms]
      [Redirty Cards: 3,9 ms]
      [Humongous Register: 0,1 ms]
      [Humongous Reclaim: 0,0 ms]
      [Free CSet: 0,1 ms]
   [Eden: 47104,0K(47104,0K)->0,0B(47104,0K) Survivors: 5120,0K->5120,0K Heap: 218,5M(1024,0M)->172,4M(1024,0M)]
 [Times: user=0,06 sys=0,00, real=0,05 secs] 
2020-09-27T21:15:37.493-0300: 4567,945: [GC pause (G1 Evacuation Pause) (young), 0,0245510 secs]
   [Parallel Time: 22,6 ms, GC Workers: 4]
      [GC Worker Start (ms): Min: 4567945,2, Avg: 4567951,5, Max: 4567956,2, Diff: 11,0]
      [Ext Root Scanning (ms): Min: 0,0, Avg: 0,4, Max: 1,6, Diff: 1,6, Sum: 1,7]
      [Update RS (ms): Min: 0,0, Avg: 0,7, Max: 2,9, Diff: 2,9, Sum: 2,9]
         [Processed Buffers: Min: 0, Avg: 9,2, Max: 37, Diff: 37, Sum: 37]
      [Scan RS (ms): Min: 0,1, Avg: 3,6, Max: 10,4, Diff: 10,4, Sum: 14,4]
      [Code Root Scanning (ms): Min: 0,0, Avg: 0,0, Max: 0,0, Diff: 0,0, Sum: 0,0]
      [Object Copy (ms): Min: 1,3, Avg: 5,4, Max: 8,0, Diff: 6,7, Sum: 21,7]
      [Termination (ms): Min: 0,0, Avg: 0,6, Max: 0,9, Diff: 0,9, Sum: 2,4]
         [Termination Attempts: Min: 1, Avg: 2,2, Max: 4, Diff: 3, Sum: 9]
      [GC Worker Other (ms): Min: 0,0, Avg: 0,0, Max: 0,0, Diff: 0,0, Sum: 0,0]
      [GC Worker Total (ms): Min: 6,2, Avg: 10,8, Max: 17,0, Diff: 10,8, Sum: 43,1]
      [GC Worker End (ms): Min: 4567962,2, Avg: 4567962,3, Max: 4567962,4, Diff: 0,2]
   [Code Root Fixup: 0,0 ms]
   [Code Root Purge: 0,0 ms]
   [Clear CT: 0,1 ms]
   [Other: 1,9 ms]
      [Choose CSet: 0,0 ms]
      [Ref Proc: 1,4 ms]
      [Ref Enq: 0,0 ms]
      [Redirty Cards: 0,1 ms]
      [Humongous Register: 0,1 ms]
      [Humongous Reclaim: 0,0 ms]
      [Free CSet: 0,1 ms]
   [Eden: 47104,0K(47104,0K)->0,0B(47104,0K) Survivors: 5120,0K->5120,0K Heap: 219,7M(1024,0M)->173,0M(1024,0M)]
 [Times: user=0,03 sys=0,00, real=0,02 secs] 
2020-09-27T21:15:37.887-0300: 4568,340: [GC pause (G1 Evacuation Pause) (young), 0,0219860 secs]
   [Parallel Time: 17,2 ms, GC Workers: 4]
      [GC Worker Start (ms): Min: 4568339,8, Avg: 4568343,3, Max: 4568349,3, Diff: 9,5]
      [Ext Root Scanning (ms): Min: 0,0, Avg: 0,4, Max: 0,9, Diff: 0,9, Sum: 1,7]
      [Update RS (ms): Min: 0,0, Avg: 1,4, Max: 2,7, Diff: 2,7, Sum: 5,5]
         [Processed Buffers: Min: 0, Avg: 9,0, Max: 18, Diff: 18, Sum: 36]
      [Scan RS (ms): Min: 0,0, Avg: 3,9, Max: 12,8, Diff: 12,8, Sum: 15,7]
      [Code Root Scanning (ms): Min: 0,0, Avg: 0,0, Max: 0,0, Diff: 0,0, Sum: 0,0]
      [Object Copy (ms): Min: 0,1, Avg: 7,1, Max: 11,6, Diff: 11,5, Sum: 28,3]
      [Termination (ms): Min: 0,0, Avg: 0,8, Max: 1,3, Diff: 1,3, Sum: 3,3]
         [Termination Attempts: Min: 1, Avg: 1,2, Max: 2, Diff: 1, Sum: 5]
      [GC Worker Other (ms): Min: 0,0, Avg: 0,0, Max: 0,0, Diff: 0,0, Sum: 0,0]
      [GC Worker Total (ms): Min: 7,7, Avg: 13,6, Max: 17,1, Diff: 9,5, Sum: 54,5]
      [GC Worker End (ms): Min: 4568356,9, Avg: 4568356,9, Max: 4568356,9, Diff: 0,0]
   [Code Root Fixup: 0,0 ms]
   [Code Root Purge: 0,0 ms]
   [Clear CT: 0,1 ms]
   [Other: 4,7 ms]
      [Choose CSet: 0,0 ms]
      [Ref Proc: 4,2 ms]
      [Ref Enq: 0,0 ms]
      [Redirty Cards: 0,1 ms]
      [Humongous Register: 0,1 ms]
      [Humongous Reclaim: 0,0 ms]
      [Free CSet: 0,1 ms]
   [Eden: 47104,0K(47104,0K)->0,0B(48128,0K) Survivors: 5120,0K->4096,0K Heap: 219,0M(1024,0M)->172,5M(1024,0M)]
 [Times: user=0,03 sys=0,00, real=0,03 secs] 
2020-09-27T21:15:38.552-0300: 4569,005: [GC pause (G1 Evacuation Pause) (young), 0,0327965 secs]
   [Parallel Time: 29,5 ms, GC Workers: 4]
      [GC Worker Start (ms): Min: 4569004,7, Avg: 4569013,2, Max: 4569020,2, Diff: 15,5]
      [Ext Root Scanning (ms): Min: 0,0, Avg: 0,4, Max: 1,6, Diff: 1,6, Sum: 1,7]
      [Update RS (ms): Min: 0,0, Avg: 7,1, Max: 26,8, Diff: 26,8, Sum: 28,3]
         [Processed Buffers: Min: 0, Avg: 8,5, Max: 24, Diff: 24, Sum: 34]
      [Scan RS (ms): Min: 0,0, Avg: 2,8, Max: 10,5, Diff: 10,5, Sum: 11,1]
      [Code Root Scanning (ms): Min: 0,0, Avg: 0,0, Max: 0,0, Diff: 0,0, Sum: 0,0]
      [Object Copy (ms): Min: 0,1, Avg: 9,3, Max: 16,2, Diff: 16,1, Sum: 37,2]
      [Termination (ms): Min: 0,0, Avg: 0,8, Max: 1,7, Diff: 1,7, Sum: 3,0]
         [Termination Attempts: Min: 1, Avg: 2,0, Max: 4, Diff: 3, Sum: 8]
      [GC Worker Other (ms): Min: 0,0, Avg: 0,0, Max: 0,0, Diff: 0,0, Sum: 0,0]
      [GC Worker Total (ms): Min: 13,2, Avg: 20,3, Max: 28,6, Diff: 15,3, Sum: 81,4]
      [GC Worker End (ms): Min: 4569033,3, Avg: 4569033,5, Max: 4569034,0, Diff: 0,7]
   [Code Root Fixup: 0,0 ms]
   [Code Root Purge: 0,0 ms]
   [Clear CT: 0,1 ms]
   [Other: 3,3 ms]
      [Choose CSet: 0,0 ms]
      [Ref Proc: 2,8 ms]
      [Ref Enq: 0,0 ms]
      [Redirty Cards: 0,1 ms]
      [Humongous Register: 0,1 ms]
      [Humongous Reclaim: 0,0 ms]
      [Free CSet: 0,1 ms]
   [Eden: 48128,0K(48128,0K)->0,0B(47104,0K) Survivors: 4096,0K->5120,0K Heap: 220,0M(1024,0M)->173,4M(1024,0M)]
 [Times: user=0,04 sys=0,00, real=0,03 secs] 
2020-09-27T21:15:39.147-0300: 4569,599: [GC pause (G1 Evacuation Pause) (young), 0,0536382 secs]
   [Parallel Time: 28,3 ms, GC Workers: 4]
      [GC Worker Start (ms): Min: 4569599,5, Avg: 4569605,0, Max: 4569608,2, Diff: 8,7]
      [Ext Root Scanning (ms): Min: 0,0, Avg: 0,4, Max: 1,7, Diff: 1,7, Sum: 1,7]
      [Update RS (ms): Min: 0,0, Avg: 4,9, Max: 18,7, Diff: 18,7, Sum: 19,5]
         [Processed Buffers: Min: 0, Avg: 9,0, Max: 30, Diff: 30, Sum: 36]
      [Scan RS (ms): Min: 0,0, Avg: 4,1, Max: 14,2, Diff: 14,2, Sum: 16,4]
      [Code Root Scanning (ms): Min: 0,0, Avg: 0,0, Max: 0,0, Diff: 0,0, Sum: 0,0]
      [Object Copy (ms): Min: 0,0, Avg: 4,7, Max: 9,3, Diff: 9,2, Sum: 18,7]
      [Termination (ms): Min: 0,0, Avg: 2,2, Max: 6,3, Diff: 6,3, Sum: 8,8]
         [Termination Attempts: Min: 1, Avg: 1,0, Max: 1, Diff: 0, Sum: 4]
      [GC Worker Other (ms): Min: 0,0, Avg: 0,0, Max: 0,0, Diff: 0,0, Sum: 0,0]
      [GC Worker Total (ms): Min: 12,0, Avg: 16,3, Max: 20,6, Diff: 8,6, Sum: 65,2]
      [GC Worker End (ms): Min: 4569620,1, Avg: 4569621,3, Max: 4569624,9, Diff: 4,8]
   [Code Root Fixup: 0,0 ms]
   [Code Root Purge: 0,0 ms]
   [Clear CT: 0,1 ms]
   [Other: 25,3 ms]
      [Choose CSet: 0,0 ms]
      [Ref Proc: 24,8 ms]
      [Ref Enq: 0,0 ms]
      [Redirty Cards: 0,1 ms]
      [Humongous Register: 0,0 ms]
      [Humongous Reclaim: 0,0 ms]
      [Free CSet: 0,1 ms]
   [Eden: 47104,0K(47104,0K)->0,0B(48128,0K) Survivors: 5120,0K->4096,0K Heap: 220,0M(1024,0M)->173,4M(1024,0M)]
 [Times: user=0,06 sys=0,00, real=0,06 secs] 
2020-09-27T21:15:40.017-0300: 4570,469: [GC pause (G1 Evacuation Pause) (young), 0,0541836 secs]
   [Parallel Time: 28,4 ms, GC Workers: 4]
      [GC Worker Start (ms): Min: 4570469,5, Avg: 4570472,3, Max: 4570476,2, Diff: 6,7]
      [Ext Root Scanning (ms): Min: 0,0, Avg: 0,4, Max: 1,6, Diff: 1,6, Sum: 1,7]
      [Update RS (ms): Min: 0,0, Avg: 1,7, Max: 5,0, Diff: 5,0, Sum: 7,0]
         [Processed Buffers: Min: 0, Avg: 9,0, Max: 36, Diff: 36, Sum: 36]
      [Scan RS (ms): Min: 0,1, Avg: 2,8, Max: 6,2, Diff: 6,1, Sum: 11,1]
      [Code Root Scanning (ms): Min: 0,0, Avg: 0,0, Max: 0,0, Diff: 0,0, Sum: 0,0]
      [Object Copy (ms): Min: 5,8, Avg: 9,3, Max: 14,9, Diff: 9,1, Sum: 37,1]
      [Termination (ms): Min: 0,0, Avg: 3,1, Max: 11,7, Diff: 11,7, Sum: 12,4]
         [Termination Attempts: Min: 1, Avg: 1,0, Max: 1, Diff: 0, Sum: 4]
      [GC Worker Other (ms): Min: 0,0, Avg: 0,0, Max: 0,0, Diff: 0,0, Sum: 0,0]
      [GC Worker Total (ms): Min: 10,6, Avg: 17,3, Max: 25,7, Diff: 15,0, Sum: 69,2]
      [GC Worker End (ms): Min: 4570486,8, Avg: 4570489,6, Max: 4570497,9, Diff: 11,0]
   [Code Root Fixup: 0,0 ms]
   [Code Root Purge: 0,0 ms]
   [Clear CT: 0,1 ms]
   [Other: 25,6 ms]
      [Choose CSet: 0,0 ms]
      [Ref Proc: 25,0 ms]
      [Ref Enq: 0,0 ms]
      [Redirty Cards: 0,2 ms]
      [Humongous Register: 0,1 ms]
      [Humongous Reclaim: 0,0 ms]
      [Free CSet: 0,1 ms]
   [Eden: 48128,0K(48128,0K)->0,0B(48128,0K) Survivors: 4096,0K->4096,0K Heap: 221,9M(1024,0M)->173,3M(1024,0M)]
 [Times: user=0,05 sys=0,00, real=0,06 secs] 
2020-09-27T21:15:40.523-0300: 4570,975: [GC pause (G1 Evacuation Pause) (young), 0,0297378 secs]
   [Parallel Time: 20,3 ms, GC Workers: 4]
      [GC Worker Start (ms): Min: 4570975,1, Avg: 4570979,6, Max: 4570984,8, Diff: 9,7]
      [Ext Root Scanning (ms): Min: 0,0, Avg: 0,4, Max: 1,6, Diff: 1,6, Sum: 1,7]
      [Update RS (ms): Min: 0,0, Avg: 3,6, Max: 9,2, Diff: 9,2, Sum: 14,4]
         [Processed Buffers: Min: 0, Avg: 8,5, Max: 18, Diff: 18, Sum: 34]
      [Scan RS (ms): Min: 0,0, Avg: 1,2, Max: 2,3, Diff: 2,3, Sum: 4,6]
      [Code Root Scanning (ms): Min: 0,0, Avg: 0,0, Max: 0,0, Diff: 0,0, Sum: 0,0]
      [Object Copy (ms): Min: 6,9, Avg: 9,9, Max: 11,6, Diff: 4,6, Sum: 39,7]
      [Termination (ms): Min: 0,0, Avg: 0,4, Max: 0,7, Diff: 0,7, Sum: 1,8]
         [Termination Attempts: Min: 1, Avg: 1,0, Max: 1, Diff: 0, Sum: 4]
      [GC Worker Other (ms): Min: 0,0, Avg: 0,0, Max: 0,0, Diff: 0,0, Sum: 0,0]
      [GC Worker Total (ms): Min: 10,6, Avg: 15,6, Max: 20,0, Diff: 9,4, Sum: 62,3]
      [GC Worker End (ms): Min: 4570995,0, Avg: 4570995,2, Max: 4570995,4, Diff: 0,3]
   [Code Root Fixup: 0,0 ms]
   [Code Root Purge: 0,0 ms]
   [Clear CT: 0,2 ms]
   [Other: 9,2 ms]
      [Choose CSet: 0,0 ms]
      [Ref Proc: 8,6 ms]
      [Ref Enq: 0,0 ms]
      [Redirty Cards: 0,2 ms]
      [Humongous Register: 0,1 ms]
      [Humongous Reclaim: 0,0 ms]
      [Free CSet: 0,1 ms]
   [Eden: 48128,0K(48128,0K)->0,0B(49152,0K) Survivors: 4096,0K->3072,0K Heap: 220,3M(1024,0M)->172,8M(1024,0M)]
 [Times: user=0,03 sys=0,00, real=0,03 secs] 
2020-09-27T21:15:41.465-0300: 4571,917: [GC pause (G1 Evacuation Pause) (young), 0,0291248 secs]
   [Parallel Time: 23,2 ms, GC Workers: 4]
      [GC Worker Start (ms): Min: 4571917,1, Avg: 4571924,4, Max: 4571932,2, Diff: 15,1]
      [Ext Root Scanning (ms): Min: 0,0, Avg: 0,4, Max: 1,7, Diff: 1,6, Sum: 1,7]
      [Update RS (ms): Min: 0,0, Avg: 3,4, Max: 13,4, Diff: 13,4, Sum: 13,7]
         [Processed Buffers: Min: 0, Avg: 6,5, Max: 13, Diff: 13, Sum: 26]
      [Scan RS (ms): Min: 0,0, Avg: 1,0, Max: 2,0, Diff: 2,0, Sum: 3,8]
      [Code Root Scanning (ms): Min: 0,0, Avg: 0,0, Max: 0,0, Diff: 0,0, Sum: 0,0]
      [Object Copy (ms): Min: 0,0, Avg: 2,8, Max: 5,5, Diff: 5,5, Sum: 11,2]
      [Termination (ms): Min: 0,0, Avg: 0,3, Max: 0,6, Diff: 0,6, Sum: 1,2]
         [Termination Attempts: Min: 1, Avg: 3,2, Max: 10, Diff: 9, Sum: 13]
      [GC Worker Other (ms): Min: 0,0, Avg: 0,0, Max: 0,0, Diff: 0,0, Sum: 0,0]
      [GC Worker Total (ms): Min: 0,1, Avg: 7,9, Max: 15,2, Diff: 15,1, Sum: 31,6]
      [GC Worker End (ms): Min: 4571932,3, Avg: 4571932,3, Max: 4571932,4, Diff: 0,1]
   [Code Root Fixup: 0,0 ms]
   [Code Root Purge: 0,0 ms]
   [Clear CT: 0,2 ms]
   [Other: 5,8 ms]
      [Choose CSet: 0,0 ms]
      [Ref Proc: 5,3 ms]
      [Ref Enq: 0,0 ms]
      [Redirty Cards: 0,2 ms]
      [Humongous Register: 0,1 ms]
      [Humongous Reclaim: 0,0 ms]
      [Free CSet: 0,1 ms]
   [Eden: 49152,0K(49152,0K)->0,0B(49152,0K) Survivors: 3072,0K->3072,0K Heap: 220,8M(1024,0M)->173,8M(1024,0M)]
 [Times: user=0,02 sys=0,00, real=0,03 secs] 
2020-09-27T21:15:41.990-0300: 4572,442: [GC pause (G1 Evacuation Pause) (young), 0,0299754 secs]
   [Parallel Time: 22,5 ms, GC Workers: 4]
      [GC Worker Start (ms): Min: 4572441,8, Avg: 4572447,1, Max: 4572452,2, Diff: 10,4]
      [Ext Root Scanning (ms): Min: 0,0, Avg: 0,4, Max: 1,7, Diff: 1,7, Sum: 1,7]
      [Update RS (ms): Min: 0,0, Avg: 4,7, Max: 17,4, Diff: 17,4, Sum: 19,0]
         [Processed Buffers: Min: 0, Avg: 5,5, Max: 13, Diff: 13, Sum: 22]
      [Scan RS (ms): Min: 0,0, Avg: 0,8, Max: 1,7, Diff: 1,7, Sum: 3,3]
      [Code Root Scanning (ms): Min: 0,0, Avg: 0,0, Max: 0,0, Diff: 0,0, Sum: 0,0]
      [Object Copy (ms): Min: 0,1, Avg: 5,7, Max: 10,5, Diff: 10,4, Sum: 22,9]
      [Termination (ms): Min: 0,0, Avg: 3,1, Max: 4,3, Diff: 4,3, Sum: 12,4]
         [Termination Attempts: Min: 1, Avg: 1,0, Max: 1, Diff: 0, Sum: 4]
      [GC Worker Other (ms): Min: 0,0, Avg: 0,0, Max: 0,0, Diff: 0,0, Sum: 0,0]
      [GC Worker Total (ms): Min: 8,8, Avg: 14,8, Max: 19,2, Diff: 10,4, Sum: 59,2]
      [GC Worker End (ms): Min: 4572461,0, Avg: 4572461,9, Max: 4572464,2, Diff: 3,2]
   [Code Root Fixup: 0,0 ms]
   [Code Root Purge: 0,0 ms]
   [Clear CT: 0,1 ms]
   [Other: 7,4 ms]
      [Choose CSet: 0,0 ms]
      [Ref Proc: 7,0 ms]
      [Ref Enq: 0,0 ms]
      [Redirty Cards: 0,1 ms]
      [Humongous Register: 0,0 ms]
      [Humongous Reclaim: 0,0 ms]
      [Free CSet: 0,1 ms]
   [Eden: 49152,0K(49152,0K)->0,0B(49152,0K) Survivors: 3072,0K->3072,0K Heap: 221,8M(1024,0M)->173,6M(1024,0M)]
 [Times: user=0,03 sys=0,00, real=0,02 secs] 
2020-09-27T21:15:42.582-0300: 4573,034: [GC pause (G1 Evacuation Pause) (young), 0,0253599 secs]
   [Parallel Time: 19,5 ms, GC Workers: 4]
      [GC Worker Start (ms): Min: 4573034,0, Avg: 4573037,4, Max: 4573041,6, Diff: 7,7]
      [Ext Root Scanning (ms): Min: 0,0, Avg: 0,4, Max: 0,9, Diff: 0,9, Sum: 1,7]
      [Update RS (ms): Min: 0,0, Avg: 0,9, Max: 1,8, Diff: 1,8, Sum: 3,5]
         [Processed Buffers: Min: 0, Avg: 7,2, Max: 15, Diff: 15, Sum: 29]
      [Scan RS (ms): Min: 0,0, Avg: 1,2, Max: 2,3, Diff: 2,3, Sum: 4,6]
      [Code Root Scanning (ms): Min: 0,0, Avg: 0,0, Max: 0,0, Diff: 0,0, Sum: 0,0]
      [Object Copy (ms): Min: 5,8, Avg: 8,5, Max: 12,0, Diff: 6,2, Sum: 34,1]
      [Termination (ms): Min: 0,0, Avg: 3,1, Max: 5,7, Diff: 5,7, Sum: 12,4]
         [Termination Attempts: Min: 1, Avg: 1,2, Max: 2, Diff: 1, Sum: 5]
      [GC Worker Other (ms): Min: 0,0, Avg: 0,0, Max: 0,0, Diff: 0,0, Sum: 0,0]
      [GC Worker Total (ms): Min: 9,3, Avg: 14,1, Max: 19,5, Diff: 10,2, Sum: 56,5]
      [GC Worker End (ms): Min: 4573050,9, Avg: 4573051,6, Max: 4573053,5, Diff: 2,6]
   [Code Root Fixup: 0,0 ms]
   [Code Root Purge: 0,0 ms]
   [Clear CT: 0,2 ms]
   [Other: 5,6 ms]
      [Choose CSet: 0,0 ms]
      [Ref Proc: 5,1 ms]
      [Ref Enq: 0,0 ms]
      [Redirty Cards: 0,1 ms]
      [Humongous Register: 0,1 ms]
      [Humongous Reclaim: 0,0 ms]
      [Free CSet: 0,1 ms]
   [Eden: 49152,0K(49152,0K)->0,0B(48128,0K) Survivors: 3072,0K->4096,0K Heap: 222,2M(1024,0M)->175,0M(1024,0M)]
 [Times: user=0,02 sys=0,00, real=0,02 secs] 
2020-09-27T21:15:43.323-0300: 4573,775: [GC pause (G1 Evacuation Pause) (young), 0,0281641 secs]
   [Parallel Time: 25,5 ms, GC Workers: 4]
      [GC Worker Start (ms): Min: 4573775,5, Avg: 4573779,0, Max: 4573784,7, Diff: 9,3]
      [Ext Root Scanning (ms): Min: 0,0, Avg: 0,4, Max: 0,8, Diff: 0,8, Sum: 1,6]
      [Update RS (ms): Min: 0,0, Avg: 1,3, Max: 2,6, Diff: 2,6, Sum: 5,2]
         [Processed Buffers: Min: 0, Avg: 8,2, Max: 26, Diff: 26, Sum: 33]
      [Scan RS (ms): Min: 0,0, Avg: 4,4, Max: 11,7, Diff: 11,7, Sum: 17,5]
      [Code Root Scanning (ms): Min: 0,0, Avg: 0,0, Max: 0,0, Diff: 0,0, Sum: 0,0]
      [Object Copy (ms): Min: 0,1, Avg: 3,3, Max: 7,6, Diff: 7,5, Sum: 13,2]
      [Termination (ms): Min: 0,0, Avg: 5,0, Max: 13,6, Diff: 13,6, Sum: 20,0]
         [Termination Attempts: Min: 1, Avg: 1,0, Max: 1, Diff: 0, Sum: 4]
      [GC Worker Other (ms): Min: 0,0, Avg: 0,0, Max: 0,0, Diff: 0,0, Sum: 0,0]
      [GC Worker Total (ms): Min: 6,4, Avg: 14,4, Max: 25,5, Diff: 19,1, Sum: 57,6]
      [GC Worker End (ms): Min: 4573790,7, Avg: 4573793,4, Max: 4573801,0, Diff: 10,3]
   [Code Root Fixup: 0,0 ms]
   [Code Root Purge: 0,0 ms]
   [Clear CT: 0,1 ms]
   [Other: 2,6 ms]
      [Choose CSet: 0,0 ms]
      [Ref Proc: 2,1 ms]
      [Ref Enq: 0,0 ms]
      [Redirty Cards: 0,1 ms]
      [Humongous Register: 0,1 ms]
      [Humongous Reclaim: 0,0 ms]
      [Free CSet: 0,1 ms]
   [Eden: 48128,0K(48128,0K)->0,0B(49152,0K) Survivors: 4096,0K->3072,0K Heap: 222,0M(1024,0M)->174,6M(1024,0M)]
 [Times: user=0,03 sys=0,00, real=0,03 secs] 
2020-09-27T21:15:43.934-0300: 4574,386: [GC pause (G1 Evacuation Pause) (young), 0,0285016 secs]
   [Parallel Time: 22,2 ms, GC Workers: 4]
      [GC Worker Start (ms): Min: 4574385,9, Avg: 4574390,1, Max: 4574396,2, Diff: 10,3]
      [Ext Root Scanning (ms): Min: 0,0, Avg: 0,5, Max: 1,0, Diff: 0,9, Sum: 1,9]
      [Update RS (ms): Min: 0,0, Avg: 1,5, Max: 2,9, Diff: 2,9, Sum: 5,8]
         [Processed Buffers: Min: 0, Avg: 7,0, Max: 16, Diff: 16, Sum: 28]
      [Scan RS (ms): Min: 0,0, Avg: 0,7, Max: 1,5, Diff: 1,5, Sum: 3,0]
      [Code Root Scanning (ms): Min: 0,0, Avg: 0,0, Max: 0,0, Diff: 0,0, Sum: 0,0]
      [Object Copy (ms): Min: 1,9, Avg: 7,2, Max: 13,4, Diff: 11,6, Sum: 28,9]
      [Termination (ms): Min: 0,0, Avg: 6,5, Max: 9,9, Diff: 9,9, Sum: 25,8]
         [Termination Attempts: Min: 1, Avg: 1,2, Max: 2, Diff: 1, Sum: 5]
      [GC Worker Other (ms): Min: 0,0, Avg: 0,0, Max: 0,0, Diff: 0,0, Sum: 0,0]
      [GC Worker Total (ms): Min: 10,3, Avg: 16,3, Max: 22,2, Diff: 11,9, Sum: 65,4]
      [GC Worker End (ms): Min: 4574404,7, Avg: 4574406,4, Max: 4574408,1, Diff: 3,4]
   [Code Root Fixup: 0,0 ms]
   [Code Root Purge: 0,0 ms]
   [Clear CT: 0,1 ms]
   [Other: 6,1 ms]
      [Choose CSet: 0,0 ms]
      [Ref Proc: 5,7 ms]
      [Ref Enq: 0,0 ms]
      [Redirty Cards: 0,1 ms]
      [Humongous Register: 0,0 ms]
      [Humongous Reclaim: 0,1 ms]
      [Free CSet: 0,1 ms]
   [Eden: 49152,0K(49152,0K)->0,0B(50176,0K) Survivors: 3072,0K->2048,0K Heap: 222,6M(1024,0M)->173,7M(1024,0M)]
 [Times: user=0,03 sys=0,00, real=0,03 secs] 
2020-09-27T21:15:44.442-0300: 4574,894: [GC pause (G1 Evacuation Pause) (young), 0,0397956 secs]
   [Parallel Time: 14,0 ms, GC Workers: 4]
      [GC Worker Start (ms): Min: 4574894,3, Avg: 4574894,5, Max: 4574894,7, Diff: 0,4]
      [Ext Root Scanning (ms): Min: 0,4, Avg: 2,2, Max: 6,2, Diff: 5,8, Sum: 8,9]
      [Update RS (ms): Min: 0,0, Avg: 3,7, Max: 9,1, Diff: 9,1, Sum: 14,7]
         [Processed Buffers: Min: 0, Avg: 7,0, Max: 21, Diff: 21, Sum: 28]
      [Scan RS (ms): Min: 0,0, Avg: 0,6, Max: 1,2, Diff: 1,2, Sum: 2,3]
      [Code Root Scanning (ms): Min: 0,0, Avg: 0,0, Max: 0,0, Diff: 0,0, Sum: 0,0]
      [Object Copy (ms): Min: 1,2, Avg: 5,5, Max: 7,7, Diff: 6,5, Sum: 22,1]
      [Termination (ms): Min: 0,0, Avg: 1,7, Max: 2,8, Diff: 2,8, Sum: 6,9]
         [Termination Attempts: Min: 1, Avg: 1,5, Max: 3, Diff: 2, Sum: 6]
      [GC Worker Other (ms): Min: 0,0, Avg: 0,0, Max: 0,0, Diff: 0,0, Sum: 0,0]
      [GC Worker Total (ms): Min: 13,5, Avg: 13,7, Max: 13,9, Diff: 0,3, Sum: 54,8]
      [GC Worker End (ms): Min: 4574908,2, Avg: 4574908,2, Max: 4574908,2, Diff: 0,0]
   [Code Root Fixup: 0,0 ms]
   [Code Root Purge: 0,0 ms]
   [Clear CT: 15,4 ms]
   [Other: 10,3 ms]
      [Choose CSet: 0,0 ms]
      [Ref Proc: 8,4 ms]
      [Ref Enq: 0,0 ms]
      [Redirty Cards: 1,6 ms]
      [Humongous Register: 0,1 ms]
      [Humongous Reclaim: 0,0 ms]
      [Free CSet: 0,1 ms]
   [Eden: 50176,0K(50176,0K)->0,0B(50176,0K) Survivors: 2048,0K->2048,0K Heap: 222,7M(1024,0M)->174,1M(1024,0M)]
 [Times: user=0,03 sys=0,00, real=0,04 secs] 
2020-09-27T21:15:45.193-0300: 4575,645: [GC pause (G1 Evacuation Pause) (young), 0,0337754 secs]
   [Parallel Time: 16,6 ms, GC Workers: 4]
      [GC Worker Start (ms): Min: 4575645,0, Avg: 4575646,8, Max: 4575652,2, Diff: 7,2]
      [Ext Root Scanning (ms): Min: 0,0, Avg: 0,4, Max: 0,7, Diff: 0,7, Sum: 1,7]
      [Update RS (ms): Min: 0,0, Avg: 1,5, Max: 2,0, Diff: 2,0, Sum: 6,0]
         [Processed Buffers: Min: 0, Avg: 9,0, Max: 24, Diff: 24, Sum: 36]
      [Scan RS (ms): Min: 0,0, Avg: 0,7, Max: 0,9, Diff: 0,9, Sum: 2,6]
      [Code Root Scanning (ms): Min: 0,0, Avg: 0,0, Max: 0,0, Diff: 0,0, Sum: 0,0]
      [Object Copy (ms): Min: 0,0, Avg: 4,8, Max: 11,7, Diff: 11,7, Sum: 19,1]
      [Termination (ms): Min: 0,0, Avg: 6,4, Max: 8,8, Diff: 8,8, Sum: 25,5]
         [Termination Attempts: Min: 1, Avg: 1,0, Max: 1, Diff: 0, Sum: 4]
      [GC Worker Other (ms): Min: 0,0, Avg: 0,0, Max: 0,0, Diff: 0,0, Sum: 0,0]
      [GC Worker Total (ms): Min: 8,6, Avg: 13,8, Max: 15,9, Diff: 7,3, Sum: 55,1]
      [GC Worker End (ms): Min: 4575660,2, Avg: 4575660,6, Max: 4575660,9, Diff: 0,7]
   [Code Root Fixup: 0,0 ms]
   [Code Root Purge: 0,0 ms]
   [Clear CT: 0,9 ms]
   [Other: 16,3 ms]
      [Choose CSet: 0,0 ms]
      [Ref Proc: 13,6 ms]
      [Ref Enq: 0,0 ms]
      [Redirty Cards: 2,3 ms]
      [Humongous Register: 0,1 ms]
      [Humongous Reclaim: 0,0 ms]
      [Free CSet: 0,1 ms]
   [Eden: 50176,0K(50176,0K)->0,0B(50176,0K) Survivors: 2048,0K->2048,0K Heap: 223,1M(1024,0M)->174,2M(1024,0M)]
 [Times: user=0,04 sys=0,00, real=0,03 secs] 
2020-09-27T21:15:45.706-0300: 4576,158: [GC pause (G1 Evacuation Pause) (young), 0,0183028 secs]
   [Parallel Time: 16,5 ms, GC Workers: 4]
      [GC Worker Start (ms): Min: 4576158,4, Avg: 4576162,4, Max: 4576168,1, Diff: 9,7]
      [Ext Root Scanning (ms): Min: 0,0, Avg: 0,4, Max: 1,6, Diff: 1,6, Sum: 1,6]
      [Update RS (ms): Min: 0,0, Avg: 2,7, Max: 8,1, Diff: 8,1, Sum: 10,8]
         [Processed Buffers: Min: 0, Avg: 7,8, Max: 19, Diff: 19, Sum: 31]
      [Scan RS (ms): Min: 0,0, Avg: 1,2, Max: 2,3, Diff: 2,3, Sum: 4,6]
      [Code Root Scanning (ms): Min: 0,0, Avg: 0,0, Max: 0,0, Diff: 0,0, Sum: 0,0]
      [Object Copy (ms): Min: 0,6, Avg: 3,0, Max: 6,5, Diff: 5,9, Sum: 11,8]
      [Termination (ms): Min: 0,0, Avg: 2,9, Max: 5,4, Diff: 5,4, Sum: 11,6]
         [Termination Attempts: Min: 1, Avg: 1,0, Max: 1, Diff: 0, Sum: 4]
      [GC Worker Other (ms): Min: 0,0, Avg: 0,0, Max: 0,0, Diff: 0,0, Sum: 0,0]
      [GC Worker Total (ms): Min: 3,7, Avg: 10,1, Max: 13,5, Diff: 9,8, Sum: 40,6]
      [GC Worker End (ms): Min: 4576171,8, Avg: 4576172,6, Max: 4576174,9, Diff: 3,1]
   [Code Root Fixup: 0,0 ms]
   [Code Root Purge: 0,0 ms]
   [Clear CT: 0,1 ms]
   [Other: 1,7 ms]
      [Choose CSet: 0,0 ms]
      [Ref Proc: 1,3 ms]
      [Ref Enq: 0,0 ms]
      [Redirty Cards: 0,1 ms]
      [Humongous Register: 0,1 ms]
      [Humongous Reclaim: 0,1 ms]
      [Free CSet: 0,1 ms]
   [Eden: 50176,0K(50176,0K)->0,0B(50176,0K) Survivors: 2048,0K->2048,0K Heap: 224,3M(1024,0M)->174,4M(1024,0M)]
 [Times: user=0,03 sys=0,00, real=0,02 secs] 
2020-09-27T21:15:46.180-0300: 4576,632: [GC pause (G1 Evacuation Pause) (young), 0,0098208 secs]
   [Parallel Time: 8,5 ms, GC Workers: 4]
      [GC Worker Start (ms): Min: 4576632,3, Avg: 4576633,3, Max: 4576634,4, Diff: 2,1]
      [Ext Root Scanning (ms): Min: 0,0, Avg: 0,4, Max: 0,9, Diff: 0,9, Sum: 1,8]
      [Update RS (ms): Min: 0,8, Avg: 3,8, Max: 7,5, Diff: 6,7, Sum: 15,1]
         [Processed Buffers: Min: 1, Avg: 7,0, Max: 18, Diff: 17, Sum: 28]
      [Scan RS (ms): Min: 0,0, Avg: 0,9, Max: 1,8, Diff: 1,8, Sum: 3,6]
      [Code Root Scanning (ms): Min: 0,0, Avg: 0,0, Max: 0,0, Diff: 0,0, Sum: 0,0]
      [Object Copy (ms): Min: 0,1, Avg: 1,5, Max: 2,8, Diff: 2,7, Sum: 5,9]
      [Termination (ms): Min: 0,0, Avg: 0,8, Max: 1,1, Diff: 1,1, Sum: 3,1]
         [Termination Attempts: Min: 1, Avg: 22,0, Max: 44, Diff: 43, Sum: 88]
      [GC Worker Other (ms): Min: 0,0, Avg: 0,0, Max: 0,0, Diff: 0,0, Sum: 0,0]
      [GC Worker Total (ms): Min: 6,3, Avg: 7,4, Max: 8,4, Diff: 2,1, Sum: 29,6]
      [GC Worker End (ms): Min: 4576640,7, Avg: 4576640,7, Max: 4576640,7, Diff: 0,0]
   [Code Root Fixup: 0,0 ms]
   [Code Root Purge: 0,0 ms]
   [Clear CT: 0,1 ms]
   [Other: 1,3 ms]
      [Choose CSet: 0,0 ms]
      [Ref Proc: 0,8 ms]
      [Ref Enq: 0,0 ms]
      [Redirty Cards: 0,1 ms]
      [Humongous Register: 0,1 ms]
      [Humongous Reclaim: 0,0 ms]
      [Free CSet: 0,1 ms]
   [Eden: 50176,0K(50176,0K)->0,0B(49152,0K) Survivors: 2048,0K->3072,0K Heap: 223,9M(1024,0M)->174,9M(1024,0M)]
 [Times: user=0,02 sys=0,00, real=0,02 secs] 
2020-09-27T21:15:46.653-0300: 4577,105: [GC pause (G1 Evacuation Pause) (young), 0,0211925 secs]
   [Parallel Time: 12,1 ms, GC Workers: 4]
      [GC Worker Start (ms): Min: 4577105,4, Avg: 4577106,8, Max: 4577108,3, Diff: 2,9]
      [Ext Root Scanning (ms): Min: 0,0, Avg: 0,5, Max: 1,0, Diff: 1,0, Sum: 2,0]
      [Update RS (ms): Min: 0,8, Avg: 4,2, Max: 10,7, Diff: 9,9, Sum: 16,9]
         [Processed Buffers: Min: 1, Avg: 5,8, Max: 16, Diff: 15, Sum: 23]
      [Scan RS (ms): Min: 0,0, Avg: 0,7, Max: 1,5, Diff: 1,5, Sum: 2,9]
      [Code Root Scanning (ms): Min: 0,0, Avg: 0,0, Max: 0,0, Diff: 0,0, Sum: 0,0]
      [Object Copy (ms): Min: 0,2, Avg: 3,7, Max: 5,4, Diff: 5,2, Sum: 14,7]
      [Termination (ms): Min: 0,0, Avg: 1,4, Max: 2,3, Diff: 2,2, Sum: 5,7]
         [Termination Attempts: Min: 1, Avg: 1,2, Max: 2, Diff: 1, Sum: 5]
      [GC Worker Other (ms): Min: 0,0, Avg: 0,0, Max: 0,0, Diff: 0,0, Sum: 0,1]
      [GC Worker Total (ms): Min: 9,1, Avg: 10,6, Max: 12,0, Diff: 2,9, Sum: 42,3]
      [GC Worker End (ms): Min: 4577117,4, Avg: 4577117,4, Max: 4577117,4, Diff: 0,0]
   [Code Root Fixup: 0,0 ms]
   [Code Root Purge: 0,0 ms]
   [Clear CT: 0,1 ms]
   [Other: 9,0 ms]
      [Choose CSet: 0,0 ms]
      [Ref Proc: 8,6 ms]
      [Ref Enq: 0,0 ms]
      [Redirty Cards: 0,1 ms]
      [Humongous Register: 0,0 ms]
      [Humongous Reclaim: 0,0 ms]
      [Free CSet: 0,1 ms]
   [Eden: 49152,0K(49152,0K)->0,0B(50176,0K) Survivors: 3072,0K->2048,0K Heap: 222,9M(1024,0M)->174,7M(1024,0M)]
 [Times: user=0,03 sys=0,00, real=0,02 secs] 
2020-09-27T21:15:47.405-0300: 4577,857: [GC pause (G1 Evacuation Pause) (young), 0,0305792 secs]
   [Parallel Time: 15,1 ms, GC Workers: 4]
      [GC Worker Start (ms): Min: 4577857,3, Avg: 4577859,1, Max: 4577860,2, Diff: 2,9]
      [Ext Root Scanning (ms): Min: 0,0, Avg: 1,3, Max: 4,8, Diff: 4,8, Sum: 5,3]
      [Update RS (ms): Min: 0,0, Avg: 2,6, Max: 8,3, Diff: 8,3, Sum: 10,5]
         [Processed Buffers: Min: 0, Avg: 9,2, Max: 20, Diff: 20, Sum: 37]
      [Scan RS (ms): Min: 0,1, Avg: 2,7, Max: 6,7, Diff: 6,6, Sum: 10,8]
      [Code Root Scanning (ms): Min: 0,0, Avg: 0,0, Max: 0,0, Diff: 0,0, Sum: 0,0]
      [Object Copy (ms): Min: 0,0, Avg: 1,6, Max: 3,1, Diff: 3,1, Sum: 6,2]
      [Termination (ms): Min: 0,0, Avg: 2,9, Max: 5,5, Diff: 5,5, Sum: 11,6]
         [Termination Attempts: Min: 1, Avg: 1,0, Max: 1, Diff: 0, Sum: 4]
      [GC Worker Other (ms): Min: 0,0, Avg: 0,0, Max: 0,0, Diff: 0,0, Sum: 0,0]
      [GC Worker Total (ms): Min: 7,9, Avg: 11,1, Max: 15,0, Diff: 7,1, Sum: 44,4]
      [GC Worker End (ms): Min: 4577868,0, Avg: 4577870,2, Max: 4577872,3, Diff: 4,2]
   [Code Root Fixup: 0,0 ms]
   [Code Root Purge: 0,0 ms]
   [Clear CT: 0,2 ms]
   [Other: 15,3 ms]
      [Choose CSet: 0,0 ms]
      [Ref Proc: 14,7 ms]
      [Ref Enq: 0,0 ms]
      [Redirty Cards: 0,1 ms]
      [Humongous Register: 0,1 ms]
      [Humongous Reclaim: 0,1 ms]
      [Free CSet: 0,1 ms]
   [Eden: 50176,0K(50176,0K)->0,0B(50176,0K) Survivors: 2048,0K->2048,0K Heap: 224,4M(1024,0M)->174,6M(1024,0M)]
 [Times: user=0,03 sys=0,01, real=0,03 secs] 
2020-09-27T21:15:47.921-0300: 4578,374: [GC pause (G1 Evacuation Pause) (young), 0,0389668 secs]
   [Parallel Time: 14,1 ms, GC Workers: 4]
      [GC Worker Start (ms): Min: 4578373,7, Avg: 4578375,1, Max: 4578376,1, Diff: 2,4]
      [Ext Root Scanning (ms): Min: 0,0, Avg: 4,0, Max: 11,0, Diff: 11,0, Sum: 15,9]
      [Update RS (ms): Min: 0,0, Avg: 1,1, Max: 2,3, Diff: 2,3, Sum: 4,4]
         [Processed Buffers: Min: 0, Avg: 5,2, Max: 16, Diff: 16, Sum: 21]
      [Scan RS (ms): Min: 0,0, Avg: 1,0, Max: 2,0, Diff: 2,0, Sum: 3,9]
      [Code Root Scanning (ms): Min: 0,0, Avg: 0,0, Max: 0,0, Diff: 0,0, Sum: 0,0]
      [Object Copy (ms): Min: 0,1, Avg: 3,7, Max: 6,6, Diff: 6,5, Sum: 14,7]
      [Termination (ms): Min: 0,0, Avg: 2,0, Max: 3,6, Diff: 3,6, Sum: 8,1]
         [Termination Attempts: Min: 1, Avg: 1,0, Max: 1, Diff: 0, Sum: 4]
      [GC Worker Other (ms): Min: 0,0, Avg: 0,0, Max: 0,0, Diff: 0,0, Sum: 0,0]
      [GC Worker Total (ms): Min: 10,5, Avg: 11,8, Max: 13,0, Diff: 2,5, Sum: 47,0]
      [GC Worker End (ms): Min: 4578386,6, Avg: 4578386,9, Max: 4578387,7, Diff: 1,1]
   [Code Root Fixup: 0,0 ms]
   [Code Root Purge: 0,0 ms]
   [Clear CT: 0,1 ms]
   [Other: 24,8 ms]
      [Choose CSet: 0,0 ms]
      [Ref Proc: 24,3 ms]
      [Ref Enq: 0,0 ms]
      [Redirty Cards: 0,1 ms]
      [Humongous Register: 0,1 ms]
      [Humongous Reclaim: 0,0 ms]
      [Free CSet: 0,1 ms]
   [Eden: 50176,0K(50176,0K)->0,0B(50176,0K) Survivors: 2048,0K->2048,0K Heap: 223,6M(1024,0M)->174,5M(1024,0M)]
 [Times: user=0,03 sys=0,00, real=0,04 secs] 
2020-09-27T21:15:48.376-0300: 4578,828: [GC pause (G1 Evacuation Pause) (young), 0,0199907 secs]
   [Parallel Time: 18,4 ms, GC Workers: 4]
      [GC Worker Start (ms): Min: 4578828,0, Avg: 4578829,0, Max: 4578831,8, Diff: 3,7]
      [Ext Root Scanning (ms): Min: 0,0, Avg: 0,5, Max: 0,7, Diff: 0,7, Sum: 1,9]
      [Update RS (ms): Min: 0,0, Avg: 0,7, Max: 0,9, Diff: 0,9, Sum: 2,8]
         [Processed Buffers: Min: 0, Avg: 8,2, Max: 16, Diff: 16, Sum: 33]
      [Scan RS (ms): Min: 0,0, Avg: 1,3, Max: 1,7, Diff: 1,7, Sum: 5,1]
      [Code Root Scanning (ms): Min: 0,0, Avg: 0,0, Max: 0,0, Diff: 0,0, Sum: 0,0]
      [Object Copy (ms): Min: 2,4, Avg: 3,9, Max: 7,0, Diff: 4,6, Sum: 15,7]
      [Termination (ms): Min: 0,0, Avg: 4,5, Max: 10,0, Diff: 10,0, Sum: 18,0]
         [Termination Attempts: Min: 1, Avg: 1,0, Max: 1, Diff: 0, Sum: 4]
      [GC Worker Other (ms): Min: 0,0, Avg: 0,0, Max: 0,0, Diff: 0,0, Sum: 0,0]
      [GC Worker Total (ms): Min: 6,7, Avg: 10,9, Max: 16,1, Diff: 9,4, Sum: 43,4]
      [GC Worker End (ms): Min: 4578838,4, Avg: 4578839,9, Max: 4578844,2, Diff: 5,8]
   [Code Root Fixup: 0,0 ms]
   [Code Root Purge: 0,0 ms]
   [Clear CT: 0,2 ms]
   [Other: 1,4 ms]
      [Choose CSet: 0,0 ms]
      [Ref Proc: 1,0 ms]
      [Ref Enq: 0,0 ms]
      [Redirty Cards: 0,0 ms]
      [Humongous Register: 0,1 ms]
      [Humongous Reclaim: 0,0 ms]
      [Free CSet: 0,1 ms]
   [Eden: 50176,0K(50176,0K)->0,0B(50176,0K) Survivors: 2048,0K->2048,0K Heap: 225,3M(1024,0M)->174,4M(1024,0M)]
 [Times: user=0,03 sys=0,00, real=0,02 secs] 
2020-09-27T21:15:48.906-0300: 4579,358: [GC pause (G1 Evacuation Pause) (young), 0,0148710 secs]
   [Parallel Time: 12,2 ms, GC Workers: 4]
      [GC Worker Start (ms): Min: 4579358,0, Avg: 4579358,0, Max: 4579358,1, Diff: 0,2]
      [Ext Root Scanning (ms): Min: 0,8, Avg: 2,6, Max: 6,2, Diff: 5,5, Sum: 10,6]
      [Update RS (ms): Min: 0,0, Avg: 2,4, Max: 5,6, Diff: 5,6, Sum: 9,5]
         [Processed Buffers: Min: 0, Avg: 6,5, Max: 17, Diff: 17, Sum: 26]
      [Scan RS (ms): Min: 0,0, Avg: 0,6, Max: 1,4, Diff: 1,4, Sum: 2,5]
      [Code Root Scanning (ms): Min: 0,0, Avg: 0,0, Max: 0,0, Diff: 0,0, Sum: 0,0]
      [Object Copy (ms): Min: 1,5, Avg: 2,8, Max: 4,4, Diff: 2,9, Sum: 11,3]
      [Termination (ms): Min: 0,0, Avg: 1,5, Max: 3,4, Diff: 3,4, Sum: 6,2]
         [Termination Attempts: Min: 1, Avg: 1,2, Max: 2, Diff: 1, Sum: 5]
      [GC Worker Other (ms): Min: 0,0, Avg: 0,0, Max: 0,0, Diff: 0,0, Sum: 0,0]
      [GC Worker Total (ms): Min: 9,3, Avg: 10,0, Max: 12,0, Diff: 2,7, Sum: 40,0]
      [GC Worker End (ms): Min: 4579367,4, Avg: 4579368,1, Max: 4579370,1, Diff: 2,7]
   [Code Root Fixup: 0,0 ms]
   [Code Root Purge: 0,0 ms]
   [Clear CT: 1,3 ms]
   [Other: 1,5 ms]
      [Choose CSet: 0,0 ms]
      [Ref Proc: 1,0 ms]
      [Ref Enq: 0,0 ms]
      [Redirty Cards: 0,1 ms]
      [Humongous Register: 0,1 ms]
      [Humongous Reclaim: 0,0 ms]
      [Free CSet: 0,1 ms]
   [Eden: 50176,0K(50176,0K)->0,0B(50176,0K) Survivors: 2048,0K->2048,0K Heap: 223,4M(1024,0M)->174,7M(1024,0M)]
 [Times: user=0,02 sys=0,00, real=0,02 secs] 
2020-09-27T21:15:49.630-0300: 4580,082: [GC pause (G1 Evacuation Pause) (young), 0,0261684 secs]
   [Parallel Time: 23,3 ms, GC Workers: 4]
      [GC Worker Start (ms): Min: 4580081,8, Avg: 4580088,6, Max: 4580092,2, Diff: 10,4]
      [Ext Root Scanning (ms): Min: 0,0, Avg: 0,5, Max: 1,8, Diff: 1,8, Sum: 1,8]
      [Update RS (ms): Min: 0,0, Avg: 0,7, Max: 2,8, Diff: 2,8, Sum: 2,8]
         [Processed Buffers: Min: 0, Avg: 8,2, Max: 33, Diff: 33, Sum: 33]
      [Scan RS (ms): Min: 0,1, Avg: 4,7, Max: 15,6, Diff: 15,5, Sum: 18,9]
      [Code Root Scanning (ms): Min: 0,0, Avg: 0,0, Max: 0,0, Diff: 0,0, Sum: 0,0]
      [Object Copy (ms): Min: 0,1, Avg: 3,1, Max: 5,4, Diff: 5,2, Sum: 12,3]
      [Termination (ms): Min: 0,0, Avg: 5,4, Max: 9,3, Diff: 9,3, Sum: 21,8]
         [Termination Attempts: Min: 1, Avg: 1,0, Max: 1, Diff: 0, Sum: 4]
      [GC Worker Other (ms): Min: 0,0, Avg: 0,0, Max: 0,0, Diff: 0,0, Sum: 0,0]
      [GC Worker Total (ms): Min: 10,4, Avg: 14,4, Max: 20,4, Diff: 10,0, Sum: 57,6]
      [GC Worker End (ms): Min: 4580102,2, Avg: 4580103,0, Max: 4580105,1, Diff: 2,9]
   [Code Root Fixup: 0,0 ms]
   [Code Root Purge: 0,0 ms]
   [Clear CT: 0,1 ms]
   [Other: 2,8 ms]
      [Choose CSet: 0,0 ms]
      [Ref Proc: 2,3 ms]
      [Ref Enq: 0,0 ms]
      [Redirty Cards: 0,1 ms]
      [Humongous Register: 0,1 ms]
      [Humongous Reclaim: 0,0 ms]
      [Free CSet: 0,1 ms]
   [Eden: 50176,0K(50176,0K)->0,0B(50176,0K) Survivors: 2048,0K->2048,0K Heap: 225,4M(1024,0M)->175,2M(1024,0M)]
 [Times: user=0,03 sys=0,00, real=0,02 secs] 
2020-09-27T21:15:50.217-0300: 4580,669: [GC pause (G1 Evacuation Pause) (young), 0,0192382 secs]
   [Parallel Time: 10,0 ms, GC Workers: 4]
      [GC Worker Start (ms): Min: 4580669,6, Avg: 4580671,6, Max: 4580672,2, Diff: 2,6]
      [Ext Root Scanning (ms): Min: 0,0, Avg: 0,5, Max: 2,0, Diff: 2,0, Sum: 2,0]
      [Update RS (ms): Min: 1,1, Avg: 2,5, Max: 6,7, Diff: 5,5, Sum: 10,1]
         [Processed Buffers: Min: 0, Avg: 9,2, Max: 25, Diff: 25, Sum: 37]
      [Scan RS (ms): Min: 0,0, Avg: 1,1, Max: 1,5, Diff: 1,5, Sum: 4,4]
      [Code Root Scanning (ms): Min: 0,0, Avg: 0,0, Max: 0,0, Diff: 0,0, Sum: 0,0]
      [Object Copy (ms): Min: 0,2, Avg: 2,1, Max: 4,3, Diff: 4,1, Sum: 8,2]
      [Termination (ms): Min: 0,0, Avg: 1,6, Max: 2,8, Diff: 2,8, Sum: 6,2]
         [Termination Attempts: Min: 1, Avg: 1,0, Max: 1, Diff: 0, Sum: 4]
      [GC Worker Other (ms): Min: 0,0, Avg: 0,0, Max: 0,0, Diff: 0,0, Sum: 0,0]
      [GC Worker Total (ms): Min: 7,0, Avg: 7,8, Max: 9,6, Diff: 2,7, Sum: 31,0]
      [GC Worker End (ms): Min: 4580679,2, Avg: 4580679,3, Max: 4580679,5, Diff: 0,3]
   [Code Root Fixup: 0,0 ms]
   [Code Root Purge: 0,0 ms]
   [Clear CT: 0,1 ms]
   [Other: 9,2 ms]
      [Choose CSet: 0,0 ms]
      [Ref Proc: 8,7 ms]
      [Ref Enq: 0,0 ms]
      [Redirty Cards: 0,1 ms]
      [Humongous Register: 0,1 ms]
      [Humongous Reclaim: 0,0 ms]
      [Free CSet: 0,1 ms]
   [Eden: 50176,0K(50176,0K)->0,0B(50176,0K) Survivors: 2048,0K->2048,0K Heap: 224,7M(1024,0M)->174,8M(1024,0M)]
 [Times: user=0,03 sys=0,00, real=0,02 secs] 
2020-09-27T21:15:50.732-0300: 4581,184: [GC pause (G1 Evacuation Pause) (young), 0,0267990 secs]
   [Parallel Time: 20,6 ms, GC Workers: 4]
      [GC Worker Start (ms): Min: 4581184,4, Avg: 4581186,1, Max: 4581189,2, Diff: 4,8]
      [Ext Root Scanning (ms): Min: 0,0, Avg: 3,6, Max: 8,4, Diff: 8,4, Sum: 14,5]
      [Update RS (ms): Min: 0,0, Avg: 0,7, Max: 2,8, Diff: 2,8, Sum: 2,8]
         [Processed Buffers: Min: 0, Avg: 7,8, Max: 31, Diff: 31, Sum: 31]
      [Scan RS (ms): Min: 0,8, Avg: 7,7, Max: 12,9, Diff: 12,1, Sum: 30,9]
      [Code Root Scanning (ms): Min: 0,0, Avg: 0,0, Max: 0,0, Diff: 0,0, Sum: 0,0]
      [Object Copy (ms): Min: 0,0, Avg: 4,4, Max: 8,3, Diff: 8,3, Sum: 17,5]
      [Termination (ms): Min: 0,0, Avg: 2,2, Max: 3,3, Diff: 3,3, Sum: 8,9]
         [Termination Attempts: Min: 1, Avg: 1,0, Max: 1, Diff: 0, Sum: 4]
      [GC Worker Other (ms): Min: 0,0, Avg: 0,0, Max: 0,0, Diff: 0,0, Sum: 0,0]
      [GC Worker Total (ms): Min: 15,4, Avg: 18,7, Max: 20,3, Diff: 4,9, Sum: 74,6]
      [GC Worker End (ms): Min: 4581204,6, Avg: 4581204,7, Max: 4581204,8, Diff: 0,2]
   [Code Root Fixup: 0,0 ms]
   [Code Root Purge: 0,0 ms]
   [Clear CT: 0,1 ms]
   [Other: 6,1 ms]
      [Choose CSet: 0,0 ms]
      [Ref Proc: 5,6 ms]
      [Ref Enq: 0,0 ms]
      [Redirty Cards: 0,1 ms]
      [Humongous Register: 0,1 ms]
      [Humongous Reclaim: 0,0 ms]
      [Free CSet: 0,1 ms]
   [Eden: 50176,0K(50176,0K)->0,0B(50176,0K) Survivors: 2048,0K->2048,0K Heap: 228,0M(1024,0M)->174,8M(1024,0M)]
 [Times: user=0,02 sys=0,00, real=0,02 secs] 
2020-09-27T21:15:51.283-0300: 4581,735: [GC pause (G1 Evacuation Pause) (young), 0,0270919 secs]
   [Parallel Time: 23,1 ms, GC Workers: 4]
      [GC Worker Start (ms): Min: 4581734,9, Avg: 4581737,3, Max: 4581738,8, Diff: 3,9]
      [Ext Root Scanning (ms): Min: 0,0, Avg: 0,4, Max: 1,6, Diff: 1,6, Sum: 1,6]
      [Update RS (ms): Min: 1,2, Avg: 5,5, Max: 10,1, Diff: 9,0, Sum: 22,0]
         [Processed Buffers: Min: 0, Avg: 6,8, Max: 24, Diff: 24, Sum: 27]
      [Scan RS (ms): Min: 0,1, Avg: 4,2, Max: 9,1, Diff: 9,0, Sum: 16,9]
      [Code Root Scanning (ms): Min: 0,0, Avg: 0,0, Max: 0,0, Diff: 0,0, Sum: 0,0]
      [Object Copy (ms): Min: 0,0, Avg: 4,4, Max: 9,5, Diff: 9,5, Sum: 17,7]
      [Termination (ms): Min: 0,0, Avg: 4,4, Max: 6,3, Diff: 6,3, Sum: 17,7]
         [Termination Attempts: Min: 1, Avg: 1,0, Max: 1, Diff: 0, Sum: 4]
      [GC Worker Other (ms): Min: 0,0, Avg: 0,5, Max: 2,0, Diff: 2,0, Sum: 2,0]
      [GC Worker Total (ms): Min: 17,5, Avg: 19,5, Max: 21,4, Diff: 3,9, Sum: 78,0]
      [GC Worker End (ms): Min: 4581756,3, Avg: 4581756,8, Max: 4581758,0, Diff: 1,7]
   [Code Root Fixup: 0,0 ms]
   [Code Root Purge: 0,0 ms]
   [Clear CT: 0,1 ms]
   [Other: 3,9 ms]
      [Choose CSet: 0,0 ms]
      [Ref Proc: 3,5 ms]
      [Ref Enq: 0,0 ms]
      [Redirty Cards: 0,1 ms]
      [Humongous Register: 0,0 ms]
      [Humongous Reclaim: 0,0 ms]
      [Free CSet: 0,1 ms]
   [Eden: 50176,0K(50176,0K)->0,0B(51200,0K) Survivors: 2048,0K->1024,0K Heap: 225,2M(1024,0M)->174,6M(1024,0M)]
 [Times: user=0,02 sys=0,00, real=0,03 secs] 
2020-09-27T21:15:52.044-0300: 4582,497: [GC pause (G1 Evacuation Pause) (young), 0,0264969 secs]
   [Parallel Time: 23,5 ms, GC Workers: 4]
      [GC Worker Start (ms): Min: 4582496,8, Avg: 4582504,7, Max: 4582508,3, Diff: 11,5]
      [Ext Root Scanning (ms): Min: 0,0, Avg: 0,4, Max: 1,7, Diff: 1,7, Sum: 1,7]
      [Update RS (ms): Min: 0,0, Avg: 1,3, Max: 5,1, Diff: 5,1, Sum: 5,1]
         [Processed Buffers: Min: 0, Avg: 7,5, Max: 30, Diff: 30, Sum: 30]
      [Scan RS (ms): Min: 0,0, Avg: 0,7, Max: 2,7, Diff: 2,7, Sum: 2,9]
      [Code Root Scanning (ms): Min: 0,0, Avg: 0,0, Max: 0,0, Diff: 0,0, Sum: 0,0]
      [Object Copy (ms): Min: 0,4, Avg: 1,8, Max: 2,4, Diff: 2,0, Sum: 7,0]
      [Termination (ms): Min: 0,0, Avg: 3,2, Max: 11,4, Diff: 11,4, Sum: 12,9]
         [Termination Attempts: Min: 1, Avg: 1,2, Max: 2, Diff: 1, Sum: 5]
      [GC Worker Other (ms): Min: 0,0, Avg: 0,0, Max: 0,0, Diff: 0,0, Sum: 0,0]
      [GC Worker Total (ms): Min: 1,1, Avg: 7,4, Max: 13,9, Diff: 12,8, Sum: 29,6]
      [GC Worker End (ms): Min: 4582509,4, Avg: 4582512,1, Max: 4582520,1, Diff: 10,7]
   [Code Root Fixup: 0,0 ms]
   [Code Root Purge: 0,0 ms]
   [Clear CT: 1,6 ms]
   [Other: 1,4 ms]
      [Choose CSet: 0,0 ms]
      [Ref Proc: 0,8 ms]
      [Ref Enq: 0,0 ms]
      [Redirty Cards: 0,1 ms]
      [Humongous Register: 0,1 ms]
      [Humongous Reclaim: 0,1 ms]
      [Free CSet: 0,1 ms]
   [Eden: 51200,0K(51200,0K)->0,0B(50176,0K) Survivors: 1024,0K->2048,0K Heap: 224,6M(1024,0M)->175,0M(1024,0M)]
 [Times: user=0,02 sys=0,00, real=0,03 secs] 
2020-09-27T21:15:52.553-0300: 4583,006: [GC pause (G1 Evacuation Pause) (young), 0,0317684 secs]
   [Parallel Time: 22,6 ms, GC Workers: 4]
      [GC Worker Start (ms): Min: 4583005,7, Avg: 4583007,0, Max: 4583008,2, Diff: 2,5]
      [Ext Root Scanning (ms): Min: 0,0, Avg: 4,1, Max: 10,6, Diff: 10,6, Sum: 16,4]
      [Update RS (ms): Min: 0,0, Avg: 6,6, Max: 16,2, Diff: 16,2, Sum: 26,3]
         [Processed Buffers: Min: 0, Avg: 6,8, Max: 21, Diff: 21, Sum: 27]
      [Scan RS (ms): Min: 0,0, Avg: 0,4, Max: 1,6, Diff: 1,6, Sum: 1,7]
      [Code Root Scanning (ms): Min: 0,0, Avg: 0,0, Max: 0,0, Diff: 0,0, Sum: 0,0]
      [Object Copy (ms): Min: 0,1, Avg: 1,8, Max: 3,4, Diff: 3,3, Sum: 7,3]
      [Termination (ms): Min: 0,0, Avg: 6,1, Max: 10,1, Diff: 10,1, Sum: 24,4]
         [Termination Attempts: Min: 1, Avg: 1,0, Max: 1, Diff: 0, Sum: 4]
      [GC Worker Other (ms): Min: 0,0, Avg: 0,0, Max: 0,0, Diff: 0,0, Sum: 0,0]
      [GC Worker Total (ms): Min: 16,4, Avg: 19,0, Max: 22,5, Diff: 6,2, Sum: 76,2]
      [GC Worker End (ms): Min: 4583024,6, Avg: 4583026,0, Max: 4583028,3, Diff: 3,7]
   [Code Root Fixup: 0,0 ms]
   [Code Root Purge: 0,0 ms]
   [Clear CT: 0,1 ms]
   [Other: 9,1 ms]
      [Choose CSet: 0,0 ms]
      [Ref Proc: 8,6 ms]
      [Ref Enq: 0,0 ms]
      [Redirty Cards: 0,1 ms]
      [Humongous Register: 0,1 ms]
      [Humongous Reclaim: 0,0 ms]
      [Free CSet: 0,1 ms]
   [Eden: 50176,0K(50176,0K)->0,0B(50176,0K) Survivors: 2048,0K->2048,0K Heap: 224,0M(1024,0M)->175,1M(1024,0M)]
 [Times: user=0,02 sys=0,01, real=0,03 secs] 
2020-09-27T21:15:53.128-0300: 4583,580: [GC pause (G1 Evacuation Pause) (young), 0,0337448 secs]
   [Parallel Time: 27,6 ms, GC Workers: 4]
      [GC Worker Start (ms): Min: 4583580,1, Avg: 4583585,5, Max: 4583591,9, Diff: 11,8]
      [Ext Root Scanning (ms): Min: 0,0, Avg: 0,4, Max: 1,7, Diff: 1,7, Sum: 1,7]
      [Update RS (ms): Min: 0,0, Avg: 4,4, Max: 14,5, Diff: 14,5, Sum: 17,6]
         [Processed Buffers: Min: 0, Avg: 8,2, Max: 33, Diff: 33, Sum: 33]
      [Scan RS (ms): Min: 0,1, Avg: 5,9, Max: 21,6, Diff: 21,5, Sum: 23,7]
      [Code Root Scanning (ms): Min: 0,0, Avg: 0,0, Max: 0,0, Diff: 0,0, Sum: 0,0]
      [Object Copy (ms): Min: 0,1, Avg: 2,5, Max: 6,4, Diff: 6,3, Sum: 10,1]
      [Termination (ms): Min: 0,1, Avg: 8,4, Max: 11,8, Diff: 11,7, Sum: 33,7]
         [Termination Attempts: Min: 1, Avg: 1,5, Max: 3, Diff: 2, Sum: 6]
      [GC Worker Other (ms): Min: 0,0, Avg: 0,0, Max: 0,0, Diff: 0,0, Sum: 0,0]
      [GC Worker Total (ms): Min: 15,3, Avg: 21,7, Max: 27,6, Diff: 12,3, Sum: 86,8]
      [GC Worker End (ms): Min: 4583607,0, Avg: 4583607,2, Max: 4583607,7, Diff: 0,7]
   [Code Root Fixup: 0,0 ms]
   [Code Root Purge: 0,0 ms]
   [Clear CT: 0,4 ms]
   [Other: 5,7 ms]
      [Choose CSet: 0,0 ms]
      [Ref Proc: 5,2 ms]
      [Ref Enq: 0,0 ms]
      [Redirty Cards: 0,1 ms]
      [Humongous Register: 0,1 ms]
      [Humongous Reclaim: 0,0 ms]
      [Free CSet: 0,1 ms]
   [Eden: 50176,0K(50176,0K)->0,0B(51200,0K) Survivors: 2048,0K->1024,0K Heap: 225,0M(1024,0M)->174,9M(1024,0M)]
 [Times: user=0,03 sys=0,00, real=0,04 secs] 
2020-09-27T21:15:53.609-0300: 4584,061: [GC pause (G1 Evacuation Pause) (young), 0,0086132 secs]
   [Parallel Time: 7,3 ms, GC Workers: 4]
      [GC Worker Start (ms): Min: 4584061,1, Avg: 4584062,7, Max: 4584064,2, Diff: 3,1]
      [Ext Root Scanning (ms): Min: 0,0, Avg: 0,4, Max: 0,8, Diff: 0,8, Sum: 1,6]
      [Update RS (ms): Min: 0,0, Avg: 0,7, Max: 1,5, Diff: 1,5, Sum: 3,0]
         [Processed Buffers: Min: 0, Avg: 7,2, Max: 26, Diff: 26, Sum: 29]
      [Scan RS (ms): Min: 1,5, Avg: 3,2, Max: 4,9, Diff: 3,4, Sum: 12,6]
      [Code Root Scanning (ms): Min: 0,0, Avg: 0,0, Max: 0,0, Diff: 0,0, Sum: 0,0]
      [Object Copy (ms): Min: 0,0, Avg: 1,1, Max: 2,1, Diff: 2,0, Sum: 4,3]
      [Termination (ms): Min: 0,0, Avg: 0,3, Max: 0,6, Diff: 0,6, Sum: 1,3]
         [Termination Attempts: Min: 1, Avg: 2,8, Max: 8, Diff: 7, Sum: 11]
      [GC Worker Other (ms): Min: 0,0, Avg: 0,0, Max: 0,0, Diff: 0,0, Sum: 0,0]
      [GC Worker Total (ms): Min: 4,1, Avg: 5,7, Max: 7,3, Diff: 3,1, Sum: 22,8]
      [GC Worker End (ms): Min: 4584068,3, Avg: 4584068,4, Max: 4584068,4, Diff: 0,1]
   [Code Root Fixup: 0,0 ms]
   [Code Root Purge: 0,0 ms]
   [Clear CT: 0,1 ms]
   [Other: 1,2 ms]
      [Choose CSet: 0,0 ms]
      [Ref Proc: 0,8 ms]
      [Ref Enq: 0,0 ms]
      [Redirty Cards: 0,1 ms]
      [Humongous Register: 0,1 ms]
      [Humongous Reclaim: 0,0 ms]
      [Free CSet: 0,1 ms]
   [Eden: 51200,0K(51200,0K)->0,0B(51200,0K) Survivors: 1024,0K->1024,0K Heap: 225,4M(1024,0M)->174,9M(1024,0M)]
 [Times: user=0,02 sys=0,00, real=0,00 secs] 
2020-09-27T21:15:54.198-0300: 4584,650: [GC pause (G1 Evacuation Pause) (young), 0,0165393 secs]
   [Parallel Time: 14,4 ms, GC Workers: 4]
      [GC Worker Start (ms): Min: 4584649,9, Avg: 4584655,7, Max: 4584660,2, Diff: 10,3]
      [Ext Root Scanning (ms): Min: 0,0, Avg: 0,4, Max: 1,7, Diff: 1,7, Sum: 1,7]
      [Update RS (ms): Min: 0,0, Avg: 1,0, Max: 4,0, Diff: 4,0, Sum: 4,0]
         [Processed Buffers: Min: 0, Avg: 6,5, Max: 26, Diff: 26, Sum: 26]
      [Scan RS (ms): Min: 0,1, Avg: 2,6, Max: 6,1, Diff: 6,0, Sum: 10,5]
      [Code Root Scanning (ms): Min: 0,0, Avg: 0,0, Max: 0,0, Diff: 0,0, Sum: 0,0]
      [Object Copy (ms): Min: 0,2, Avg: 1,7, Max: 3,4, Diff: 3,2, Sum: 6,9]
      [Termination (ms): Min: 0,0, Avg: 1,1, Max: 3,2, Diff: 3,2, Sum: 4,3]
         [Termination Attempts: Min: 1, Avg: 1,5, Max: 2, Diff: 1, Sum: 6]
      [GC Worker Other (ms): Min: 0,0, Avg: 0,0, Max: 0,0, Diff: 0,0, Sum: 0,0]
      [GC Worker Total (ms): Min: 1,7, Avg: 6,8, Max: 12,0, Diff: 10,2, Sum: 27,4]
      [GC Worker End (ms): Min: 4584661,9, Avg: 4584662,5, Max: 4584664,3, Diff: 2,4]
   [Code Root Fixup: 0,0 ms]
   [Code Root Purge: 0,0 ms]
   [Clear CT: 0,1 ms]
   [Other: 2,1 ms]
      [Choose CSet: 0,0 ms]
      [Ref Proc: 1,6 ms]
      [Ref Enq: 0,0 ms]
      [Redirty Cards: 0,1 ms]
      [Humongous Register: 0,1 ms]
      [Humongous Reclaim: 0,0 ms]
      [Free CSet: 0,1 ms]
   [Eden: 51200,0K(51200,0K)->0,0B(50176,0K) Survivors: 1024,0K->2048,0K Heap: 225,6M(1024,0M)->175,4M(1024,0M)]
 [Times: user=0,02 sys=0,00, real=0,02 secs] 
2020-09-27T21:15:54.978-0300: 4585,431: [GC pause (G1 Evacuation Pause) (young), 0,0323199 secs]
   [Parallel Time: 30,9 ms, GC Workers: 4]
      [GC Worker Start (ms): Min: 4585430,8, Avg: 4585435,6, Max: 4585439,9, Diff: 9,2]
      [Ext Root Scanning (ms): Min: 0,0, Avg: 0,4, Max: 1,8, Diff: 1,8, Sum: 1,8]
      [Update RS (ms): Min: 0,1, Avg: 11,9, Max: 20,5, Diff: 20,4, Sum: 47,7]
         [Processed Buffers: Min: 0, Avg: 6,5, Max: 17, Diff: 17, Sum: 26]
      [Scan RS (ms): Min: 0,0, Avg: 0,6, Max: 2,5, Diff: 2,5, Sum: 2,5]
      [Code Root Scanning (ms): Min: 0,0, Avg: 0,0, Max: 0,0, Diff: 0,0, Sum: 0,0]
      [Object Copy (ms): Min: 0,0, Avg: 1,4, Max: 2,7, Diff: 2,7, Sum: 5,4]
      [Termination (ms): Min: 0,0, Avg: 7,9, Max: 12,4, Diff: 12,4, Sum: 31,8]
         [Termination Attempts: Min: 1, Avg: 1,2, Max: 2, Diff: 1, Sum: 5]
      [GC Worker Other (ms): Min: 0,0, Avg: 0,0, Max: 0,0, Diff: 0,0, Sum: 0,0]
      [GC Worker Total (ms): Min: 17,7, Avg: 22,3, Max: 30,8, Diff: 13,1, Sum: 89,3]
      [GC Worker End (ms): Min: 4585456,2, Avg: 4585457,9, Max: 4585461,6, Diff: 5,3]
   [Code Root Fixup: 0,0 ms]
   [Code Root Purge: 0,0 ms]
   [Clear CT: 0,1 ms]
   [Other: 1,4 ms]
      [Choose CSet: 0,0 ms]
      [Ref Proc: 0,8 ms]
      [Ref Enq: 0,0 ms]
      [Redirty Cards: 0,1 ms]
      [Humongous Register: 0,0 ms]
      [Humongous Reclaim: 0,1 ms]
      [Free CSet: 0,1 ms]
   [Eden: 50176,0K(50176,0K)->0,0B(50176,0K) Survivors: 2048,0K->2048,0K Heap: 224,4M(1024,0M)->175,5M(1024,0M)]
 [Times: user=0,02 sys=0,00, real=0,04 secs] 
2020-09-27T21:15:55.475-0300: 4585,927: [GC pause (G1 Evacuation Pause) (young), 0,0149483 secs]
   [Parallel Time: 13,0 ms, GC Workers: 4]
      [GC Worker Start (ms): Min: 4585927,4, Avg: 4585932,0, Max: 4585936,2, Diff: 8,8]
      [Ext Root Scanning (ms): Min: 0,0, Avg: 0,4, Max: 1,7, Diff: 1,7, Sum: 1,7]
      [Update RS (ms): Min: 0,0, Avg: 0,7, Max: 2,9, Diff: 2,9, Sum: 2,9]
         [Processed Buffers: Min: 0, Avg: 8,5, Max: 34, Diff: 34, Sum: 34]
      [Scan RS (ms): Min: 0,0, Avg: 3,3, Max: 8,1, Diff: 8,1, Sum: 13,0]
      [Code Root Scanning (ms): Min: 0,0, Avg: 0,0, Max: 0,0, Diff: 0,0, Sum: 0,0]
      [Object Copy (ms): Min: 0,1, Avg: 2,6, Max: 5,5, Diff: 5,4, Sum: 10,5]
      [Termination (ms): Min: 0,0, Avg: 1,2, Max: 2,7, Diff: 2,7, Sum: 4,9]
         [Termination Attempts: Min: 1, Avg: 1,2, Max: 2, Diff: 1, Sum: 5]
      [GC Worker Other (ms): Min: 0,0, Avg: 0,0, Max: 0,0, Diff: 0,0, Sum: 0,0]
      [GC Worker Total (ms): Min: 4,1, Avg: 8,3, Max: 12,8, Diff: 8,7, Sum: 33,1]
      [GC Worker End (ms): Min: 4585940,3, Avg: 4585940,3, Max: 4585940,3, Diff: 0,1]
   [Code Root Fixup: 0,0 ms]
   [Code Root Purge: 0,0 ms]
   [Clear CT: 0,1 ms]
   [Other: 1,8 ms]
      [Choose CSet: 0,0 ms]
      [Ref Proc: 1,2 ms]
      [Ref Enq: 0,0 ms]
      [Redirty Cards: 0,1 ms]
      [Humongous Register: 0,0 ms]
      [Humongous Reclaim: 0,0 ms]
      [Free CSet: 0,2 ms]
   [Eden: 50176,0K(50176,0K)->0,0B(51200,0K) Survivors: 2048,0K->1024,0K Heap: 226,3M(1024,0M)->175,0M(1024,0M)]
 [Times: user=0,02 sys=0,00, real=0,02 secs] 
2020-09-27T21:15:56.023-0300: 4586,475: [GC pause (G1 Evacuation Pause) (young), 0,0127661 secs]
   [Parallel Time: 10,8 ms, GC Workers: 4]
      [GC Worker Start (ms): Min: 4586475,1, Avg: 4586478,0, Max: 4586480,2, Diff: 5,1]
      [Ext Root Scanning (ms): Min: 0,0, Avg: 0,4, Max: 1,6, Diff: 1,6, Sum: 1,6]
      [Update RS (ms): Min: 0,2, Avg: 3,7, Max: 6,4, Diff: 6,2, Sum: 14,8]
         [Processed Buffers: Min: 0, Avg: 6,2, Max: 18, Diff: 18, Sum: 25]
      [Scan RS (ms): Min: 0,0, Avg: 0,7, Max: 1,4, Diff: 1,4, Sum: 2,8]
      [Code Root Scanning (ms): Min: 0,0, Avg: 0,0, Max: 0,0, Diff: 0,0, Sum: 0,0]
      [Object Copy (ms): Min: 0,0, Avg: 1,5, Max: 2,8, Diff: 2,8, Sum: 6,0]
      [Termination (ms): Min: 0,0, Avg: 0,8, Max: 2,0, Diff: 2,0, Sum: 3,1]
         [Termination Attempts: Min: 1, Avg: 5,8, Max: 20, Diff: 19, Sum: 23]
      [GC Worker Other (ms): Min: 0,0, Avg: 0,0, Max: 0,0, Diff: 0,0, Sum: 0,0]
      [GC Worker Total (ms): Min: 4,6, Avg: 7,1, Max: 10,8, Diff: 6,2, Sum: 28,3]
      [GC Worker End (ms): Min: 4586484,7, Avg: 4586485,0, Max: 4586485,9, Diff: 1,1]
   [Code Root Fixup: 0,0 ms]
   [Code Root Purge: 0,0 ms]
   [Clear CT: 0,1 ms]
   [Other: 1,9 ms]
      [Choose CSet: 0,0 ms]
      [Ref Proc: 1,5 ms]
      [Ref Enq: 0,0 ms]
      [Redirty Cards: 0,1 ms]
      [Humongous Register: 0,0 ms]
      [Humongous Reclaim: 0,0 ms]
      [Free CSet: 0,0 ms]
   [Eden: 51200,0K(51200,0K)->0,0B(224,0M) Survivors: 1024,0K->1024,0K Heap: 225,0M(1024,0M)->175,0M(1024,0M)]
 [Times: user=0,02 sys=0,00, real=0,01 secs] 
2020-09-27T21:15:56.456-0300: 4586,908: [GC pause (G1 Evacuation Pause) (young), 0,0394467 secs]
   [Parallel Time: 31,1 ms, GC Workers: 4]
      [GC Worker Start (ms): Min: 4586908,4, Avg: 4586916,9, Max: 4586922,6, Diff: 14,3]
      [Ext Root Scanning (ms): Min: 0,0, Avg: 0,4, Max: 1,7, Diff: 1,7, Sum: 1,8]
      [Update RS (ms): Min: 0,0, Avg: 1,0, Max: 3,9, Diff: 3,9, Sum: 3,9]
         [Processed Buffers: Min: 0, Avg: 7,2, Max: 29, Diff: 29, Sum: 29]
      [Scan RS (ms): Min: 0,1, Avg: 6,8, Max: 25,2, Diff: 25,1, Sum: 27,3]
      [Code Root Scanning (ms): Min: 0,0, Avg: 0,0, Max: 0,0, Diff: 0,0, Sum: 0,0]
      [Object Copy (ms): Min: 0,0, Avg: 1,4, Max: 3,8, Diff: 3,8, Sum: 5,4]
      [Termination (ms): Min: 0,0, Avg: 13,0, Max: 17,6, Diff: 17,6, Sum: 51,8]
         [Termination Attempts: Min: 1, Avg: 1,8, Max: 4, Diff: 3, Sum: 7]
      [GC Worker Other (ms): Min: 0,0, Avg: 0,0, Max: 0,0, Diff: 0,0, Sum: 0,0]
      [GC Worker Total (ms): Min: 16,8, Avg: 22,6, Max: 31,0, Diff: 14,2, Sum: 90,3]
      [GC Worker End (ms): Min: 4586939,4, Avg: 4586939,4, Max: 4586939,5, Diff: 0,1]
   [Code Root Fixup: 0,0 ms]
   [Code Root Purge: 0,0 ms]
   [Clear CT: 0,1 ms]
   [Other: 8,2 ms]
      [Choose CSet: 0,0 ms]
      [Ref Proc: 6,6 ms]
      [Ref Enq: 0,0 ms]
      [Redirty Cards: 1,2 ms]
      [Humongous Register: 0,1 ms]
      [Humongous Reclaim: 0,1 ms]
      [Free CSet: 0,1 ms]
   [Eden: 51200,0K(51200,0K)->0,0B(51200,0K) Survivors: 1024,0K->1024,0K Heap: 225,7M(1024,0M)->175,1M(1024,0M)]
 [Times: user=0,04 sys=0,00, real=0,04 secs] 
2020-09-27T21:15:57.012-0300: 4587,465: [GC pause (G1 Evacuation Pause) (young), 0,0156391 secs]
   [Parallel Time: 6,6 ms, GC Workers: 4]
      [GC Worker Start (ms): Min: 4587464,7, Avg: 4587465,2, Max: 4587465,8, Diff: 1,2]
      [Ext Root Scanning (ms): Min: 0,0, Avg: 1,3, Max: 3,8, Diff: 3,8, Sum: 5,0]
      [Update RS (ms): Min: 0,0, Avg: 0,8, Max: 1,1, Diff: 1,1, Sum: 3,1]
         [Processed Buffers: Min: 0, Avg: 7,8, Max: 19, Diff: 19, Sum: 31]
      [Scan RS (ms): Min: 0,2, Avg: 1,9, Max: 4,0, Diff: 3,8, Sum: 7,7]
      [Code Root Scanning (ms): Min: 0,0, Avg: 0,0, Max: 0,0, Diff: 0,0, Sum: 0,0]
      [Object Copy (ms): Min: 0,1, Avg: 1,2, Max: 1,6, Diff: 1,6, Sum: 4,6]
      [Termination (ms): Min: 0,0, Avg: 0,7, Max: 1,1, Diff: 1,1, Sum: 2,6]
         [Termination Attempts: Min: 1, Avg: 1,2, Max: 2, Diff: 1, Sum: 5]
      [GC Worker Other (ms): Min: 0,0, Avg: 0,0, Max: 0,0, Diff: 0,0, Sum: 0,0]
      [GC Worker Total (ms): Min: 5,4, Avg: 5,8, Max: 6,3, Diff: 0,9, Sum: 23,1]
      [GC Worker End (ms): Min: 4587470,9, Avg: 4587471,0, Max: 4587471,2, Diff: 0,3]
   [Code Root Fixup: 0,0 ms]
   [Code Root Purge: 0,0 ms]
   [Clear CT: 0,1 ms]
   [Other: 8,9 ms]
      [Choose CSet: 0,0 ms]
      [Ref Proc: 8,4 ms]
      [Ref Enq: 0,0 ms]
      [Redirty Cards: 0,1 ms]
      [Humongous Register: 0,1 ms]
      [Humongous Reclaim: 0,0 ms]
      [Free CSet: 0,1 ms]
   [Eden: 51200,0K(51200,0K)->0,0B(51200,0K) Survivors: 1024,0K->1024,0K Heap: 226,7M(1024,0M)->175,2M(1024,0M)]
 [Times: user=0,03 sys=0,00, real=0,02 secs] 
2020-09-27T21:15:57.635-0300: 4588,087: [GC pause (G1 Evacuation Pause) (young), 0,0243569 secs]
   [Parallel Time: 21,6 ms, GC Workers: 4]
      [GC Worker Start (ms): Min: 4588086,9, Avg: 4588091,4, Max: 4588096,2, Diff: 9,3]
      [Ext Root Scanning (ms): Min: 0,0, Avg: 0,5, Max: 1,9, Diff: 1,9, Sum: 1,9]
      [Update RS (ms): Min: 0,0, Avg: 6,7, Max: 17,2, Diff: 17,2, Sum: 26,8]
         [Processed Buffers: Min: 0, Avg: 9,0, Max: 33, Diff: 33, Sum: 36]
      [Scan RS (ms): Min: 0,1, Avg: 4,3, Max: 15,7, Diff: 15,6, Sum: 17,3]
      [Code Root Scanning (ms): Min: 0,0, Avg: 0,0, Max: 0,0, Diff: 0,0, Sum: 0,0]
      [Object Copy (ms): Min: 0,0, Avg: 2,3, Max: 5,8, Diff: 5,8, Sum: 9,1]
      [Termination (ms): Min: 0,0, Avg: 3,2, Max: 5,8, Diff: 5,8, Sum: 12,9]
         [Termination Attempts: Min: 1, Avg: 1,2, Max: 2, Diff: 1, Sum: 5]
      [GC Worker Other (ms): Min: 0,0, Avg: 0,0, Max: 0,0, Diff: 0,0, Sum: 0,0]
      [GC Worker Total (ms): Min: 12,2, Avg: 17,0, Max: 21,5, Diff: 9,2, Sum: 68,0]
      [GC Worker End (ms): Min: 4588108,4, Avg: 4588108,4, Max: 4588108,5, Diff: 0,1]
   [Code Root Fixup: 0,0 ms]
   [Code Root Purge: 0,0 ms]
   [Clear CT: 0,1 ms]
   [Other: 2,7 ms]
      [Choose CSet: 0,0 ms]
      [Ref Proc: 2,2 ms]
      [Ref Enq: 0,0 ms]
      [Redirty Cards: 0,1 ms]
      [Humongous Register: 0,1 ms]
      [Humongous Reclaim: 0,0 ms]
      [Free CSet: 0,1 ms]
   [Eden: 51200,0K(51200,0K)->0,0B(51200,0K) Survivors: 1024,0K->1024,0K Heap: 226,6M(1024,0M)->175,4M(1024,0M)]
 [Times: user=0,03 sys=0,00, real=0,02 secs] 
2020-09-27T21:15:58.359-0300: 4588,811: [GC pause (G1 Evacuation Pause) (young), 0,0115662 secs]
   [Parallel Time: 10,3 ms, GC Workers: 4]
      [GC Worker Start (ms): Min: 4588811,3, Avg: 4588813,8, Max: 4588816,2, Diff: 4,9]
      [Ext Root Scanning (ms): Min: 0,0, Avg: 0,4, Max: 0,9, Diff: 0,9, Sum: 1,7]
      [Update RS (ms): Min: 0,0, Avg: 1,4, Max: 2,8, Diff: 2,8, Sum: 5,6]
         [Processed Buffers: Min: 0, Avg: 7,5, Max: 25, Diff: 25, Sum: 30]
      [Scan RS (ms): Min: 0,2, Avg: 2,2, Max: 4,3, Diff: 4,1, Sum: 9,0]
      [Code Root Scanning (ms): Min: 0,0, Avg: 0,0, Max: 0,0, Diff: 0,0, Sum: 0,0]
      [Object Copy (ms): Min: 0,0, Avg: 1,1, Max: 2,2, Diff: 2,2, Sum: 4,6]
      [Termination (ms): Min: 0,0, Avg: 0,9, Max: 2,9, Diff: 2,9, Sum: 3,7]
         [Termination Attempts: Min: 1, Avg: 1,2, Max: 2, Diff: 1, Sum: 5]
      [GC Worker Other (ms): Min: 0,0, Avg: 0,0, Max: 0,0, Diff: 0,0, Sum: 0,0]
      [GC Worker Total (ms): Min: 3,2, Avg: 6,2, Max: 8,1, Diff: 4,9, Sum: 24,6]
      [GC Worker End (ms): Min: 4588819,4, Avg: 4588819,9, Max: 4588821,6, Diff: 2,2]
   [Code Root Fixup: 0,0 ms]
   [Code Root Purge: 0,0 ms]
   [Clear CT: 0,1 ms]
   [Other: 1,2 ms]
      [Choose CSet: 0,0 ms]
      [Ref Proc: 0,8 ms]
      [Ref Enq: 0,0 ms]
      [Redirty Cards: 0,1 ms]
      [Humongous Register: 0,1 ms]
      [Humongous Reclaim: 0,0 ms]
      [Free CSet: 0,1 ms]
   [Eden: 51200,0K(51200,0K)->0,0B(94208,0K) Survivors: 1024,0K->1024,0K Heap: 225,4M(1024,0M)->175,4M(1024,0M)]
 [Times: user=0,02 sys=0,00, real=0,02 secs] 
2020-09-27T21:15:59.285-0300: 4589,737: [GC pause (G1 Evacuation Pause) (young), 0,0258180 secs]
   [Parallel Time: 21,0 ms, GC Workers: 4]
      [GC Worker Start (ms): Min: 4589737,4, Avg: 4589743,5, Max: 4589748,3, Diff: 10,9]
      [Ext Root Scanning (ms): Min: 0,0, Avg: 0,4, Max: 1,7, Diff: 1,6, Sum: 1,7]
      [Update RS (ms): Min: 0,0, Avg: 1,0, Max: 3,8, Diff: 3,8, Sum: 3,8]
         [Processed Buffers: Min: 0, Avg: 8,5, Max: 34, Diff: 34, Sum: 34]
      [Scan RS (ms): Min: 0,1, Avg: 4,1, Max: 13,5, Diff: 13,4, Sum: 16,6]
      [Code Root Scanning (ms): Min: 0,0, Avg: 0,0, Max: 0,0, Diff: 0,0, Sum: 0,0]
      [Object Copy (ms): Min: 0,0, Avg: 1,2, Max: 2,4, Diff: 2,4, Sum: 5,0]
      [Termination (ms): Min: 0,0, Avg: 6,7, Max: 10,2, Diff: 10,2, Sum: 26,8]
         [Termination Attempts: Min: 1, Avg: 1,5, Max: 2, Diff: 1, Sum: 6]
      [GC Worker Other (ms): Min: 0,0, Avg: 0,0, Max: 0,0, Diff: 0,0, Sum: 0,0]
      [GC Worker Total (ms): Min: 8,3, Avg: 13,5, Max: 19,1, Diff: 10,8, Sum: 53,9]
      [GC Worker End (ms): Min: 4589756,5, Avg: 4589757,0, Max: 4589758,4, Diff: 1,8]
   [Code Root Fixup: 0,0 ms]
   [Code Root Purge: 0,0 ms]
   [Clear CT: 0,1 ms]
   [Other: 4,7 ms]
      [Choose CSet: 0,0 ms]
      [Ref Proc: 4,3 ms]
      [Ref Enq: 0,0 ms]
      [Redirty Cards: 0,1 ms]
      [Humongous Register: 0,0 ms]
      [Humongous Reclaim: 0,0 ms]
      [Free CSet: 0,1 ms]
   [Eden: 94208,0K(94208,0K)->0,0B(51200,0K) Survivors: 1024,0K->1024,0K Heap: 268,1M(1024,0M)->175,4M(1024,0M)]
 [Times: user=0,02 sys=0,00, real=0,03 secs] 
2020-09-27T21:15:59.810-0300: 4590,262: [GC pause (G1 Evacuation Pause) (young), 0,0156192 secs]
   [Parallel Time: 8,4 ms, GC Workers: 4]
      [GC Worker Start (ms): Min: 4590262,4, Avg: 4590264,7, Max: 4590269,7, Diff: 7,3]
      [Ext Root Scanning (ms): Min: 0,0, Avg: 0,5, Max: 1,0, Diff: 1,0, Sum: 1,9]
      [Update RS (ms): Min: 0,0, Avg: 2,6, Max: 7,2, Diff: 7,2, Sum: 10,3]
         [Processed Buffers: Min: 0, Avg: 7,2, Max: 19, Diff: 19, Sum: 29]
      [Scan RS (ms): Min: 0,0, Avg: 1,2, Max: 2,5, Diff: 2,5, Sum: 4,9]
      [Code Root Scanning (ms): Min: 0,0, Avg: 0,0, Max: 0,0, Diff: 0,0, Sum: 0,0]
      [Object Copy (ms): Min: 0,1, Avg: 1,0, Max: 2,1, Diff: 2,0, Sum: 4,1]
      [Termination (ms): Min: 0,0, Avg: 0,7, Max: 1,1, Diff: 1,1, Sum: 2,9]
         [Termination Attempts: Min: 1, Avg: 2,2, Max: 6, Diff: 5, Sum: 9]
      [GC Worker Other (ms): Min: 0,0, Avg: 0,0, Max: 0,0, Diff: 0,0, Sum: 0,0]
      [GC Worker Total (ms): Min: 1,0, Avg: 6,0, Max: 8,3, Diff: 7,3, Sum: 24,1]
      [GC Worker End (ms): Min: 4590270,7, Avg: 4590270,7, Max: 4590270,7, Diff: 0,0]
   [Code Root Fixup: 0,0 ms]
   [Code Root Purge: 0,0 ms]
   [Clear CT: 0,1 ms]
   [Other: 7,1 ms]
      [Choose CSet: 0,0 ms]
      [Ref Proc: 6,7 ms]
      [Ref Enq: 0,0 ms]
      [Redirty Cards: 0,1 ms]
      [Humongous Register: 0,1 ms]
      [Humongous Reclaim: 0,0 ms]
      [Free CSet: 0,1 ms]
   [Eden: 51200,0K(51200,0K)->0,0B(51200,0K) Survivors: 1024,0K->1024,0K Heap: 226,5M(1024,0M)->175,5M(1024,0M)]
 [Times: user=0,03 sys=0,00, real=0,01 secs] 
2020-09-27T21:16:00.362-0300: 4590,814: [GC pause (G1 Evacuation Pause) (young), 0,0277052 secs]
   [Parallel Time: 25,1 ms, GC Workers: 4]
      [GC Worker Start (ms): Min: 4590814,4, Avg: 4590825,7, Max: 4590831,9, Diff: 17,4]
      [Ext Root Scanning (ms): Min: 0,0, Avg: 0,5, Max: 1,9, Diff: 1,9, Sum: 1,9]
      [Update RS (ms): Min: 0,0, Avg: 0,9, Max: 3,6, Diff: 3,6, Sum: 3,6]
         [Processed Buffers: Min: 0, Avg: 6,5, Max: 26, Diff: 26, Sum: 26]
      [Scan RS (ms): Min: 0,1, Avg: 5,4, Max: 19,3, Diff: 19,2, Sum: 21,6]
      [Code Root Scanning (ms): Min: 0,0, Avg: 0,0, Max: 0,0, Diff: 0,0, Sum: 0,0]
      [Object Copy (ms): Min: 0,0, Avg: 1,1, Max: 2,1, Diff: 2,1, Sum: 4,4]
      [Termination (ms): Min: 0,0, Avg: 5,9, Max: 8,0, Diff: 8,0, Sum: 23,5]
         [Termination Attempts: Min: 1, Avg: 1,5, Max: 2, Diff: 1, Sum: 6]
      [GC Worker Other (ms): Min: 0,0, Avg: 0,0, Max: 0,1, Diff: 0,0, Sum: 0,1]
      [GC Worker Total (ms): Min: 7,6, Avg: 13,8, Max: 25,0, Diff: 17,5, Sum: 55,1]
      [GC Worker End (ms): Min: 4590839,4, Avg: 4590839,5, Max: 4590839,5, Diff: 0,0]
   [Code Root Fixup: 0,0 ms]
   [Code Root Purge: 0,0 ms]
   [Clear CT: 0,1 ms]
   [Other: 2,5 ms]
      [Choose CSet: 0,0 ms]
      [Ref Proc: 2,2 ms]
      [Ref Enq: 0,0 ms]
      [Redirty Cards: 0,1 ms]
      [Humongous Register: 0,1 ms]
      [Humongous Reclaim: 0,0 ms]
      [Free CSet: 0,1 ms]
   [Eden: 51200,0K(51200,0K)->0,0B(51200,0K) Survivors: 1024,0K->1024,0K Heap: 226,8M(1024,0M)->175,4M(1024,0M)]
 [Times: user=0,03 sys=0,00, real=0,03 secs] 
2020-09-27T21:16:00.897-0300: 4591,349: [GC pause (G1 Evacuation Pause) (young), 0,0294959 secs]
   [Parallel Time: 7,6 ms, GC Workers: 4]
      [GC Worker Start (ms): Min: 4591349,4, Avg: 4591350,9, Max: 4591352,5, Diff: 3,1]
      [Ext Root Scanning (ms): Min: 0,0, Avg: 0,5, Max: 1,0, Diff: 1,0, Sum: 1,9]
      [Update RS (ms): Min: 0,1, Avg: 2,2, Max: 6,5, Diff: 6,5, Sum: 8,8]
         [Processed Buffers: Min: 3, Avg: 8,5, Max: 14, Diff: 11, Sum: 34]
      [Scan RS (ms): Min: 0,0, Avg: 1,1, Max: 1,4, Diff: 1,4, Sum: 4,2]
      [Code Root Scanning (ms): Min: 0,0, Avg: 0,0, Max: 0,0, Diff: 0,0, Sum: 0,0]
      [Object Copy (ms): Min: 0,0, Avg: 0,9, Max: 1,4, Diff: 1,3, Sum: 3,8]
      [Termination (ms): Min: 0,0, Avg: 1,3, Max: 1,8, Diff: 1,8, Sum: 5,3]
         [Termination Attempts: Min: 1, Avg: 21,5, Max: 59, Diff: 58, Sum: 86]
      [GC Worker Other (ms): Min: 0,0, Avg: 0,0, Max: 0,0, Diff: 0,0, Sum: 0,0]
      [GC Worker Total (ms): Min: 4,5, Avg: 6,0, Max: 7,6, Diff: 3,1, Sum: 24,1]
      [GC Worker End (ms): Min: 4591356,9, Avg: 4591356,9, Max: 4591357,0, Diff: 0,0]
   [Code Root Fixup: 0,0 ms]
   [Code Root Purge: 0,0 ms]
   [Clear CT: 0,1 ms]
   [Other: 21,8 ms]
      [Choose CSet: 0,0 ms]
      [Ref Proc: 21,4 ms]
      [Ref Enq: 0,0 ms]
      [Redirty Cards: 0,1 ms]
      [Humongous Register: 0,1 ms]
      [Humongous Reclaim: 0,0 ms]
      [Free CSet: 0,1 ms]
   [Eden: 51200,0K(51200,0K)->0,0B(51200,0K) Survivors: 1024,0K->1024,0K Heap: 226,0M(1024,0M)->175,4M(1024,0M)]
 [Times: user=0,03 sys=0,00, real=0,03 secs] 
2020-09-27T21:16:01.580-0300: 4592,032: [GC pause (G1 Evacuation Pause) (young), 0,0078044 secs]
   [Parallel Time: 5,7 ms, GC Workers: 4]
      [GC Worker Start (ms): Min: 4592032,3, Avg: 4592032,6, Max: 4592033,3, Diff: 0,9]
      [Ext Root Scanning (ms): Min: 0,0, Avg: 0,5, Max: 0,7, Diff: 0,6, Sum: 1,8]
      [Update RS (ms): Min: 1,7, Avg: 2,2, Max: 3,2, Diff: 1,5, Sum: 8,9]
         [Processed Buffers: Min: 0, Avg: 7,5, Max: 17, Diff: 17, Sum: 30]
      [Scan RS (ms): Min: 0,0, Avg: 0,7, Max: 0,9, Diff: 0,9, Sum: 2,6]
      [Code Root Scanning (ms): Min: 0,0, Avg: 0,0, Max: 0,0, Diff: 0,0, Sum: 0,0]
      [Object Copy (ms): Min: 1,0, Avg: 1,4, Max: 2,0, Diff: 1,0, Sum: 5,7]
      [Termination (ms): Min: 0,0, Avg: 0,6, Max: 0,8, Diff: 0,8, Sum: 2,2]
         [Termination Attempts: Min: 1, Avg: 1,2, Max: 2, Diff: 1, Sum: 5]
      [GC Worker Other (ms): Min: 0,0, Avg: 0,0, Max: 0,0, Diff: 0,0, Sum: 0,0]
      [GC Worker Total (ms): Min: 4,6, Avg: 5,3, Max: 5,6, Diff: 1,0, Sum: 21,4]
      [GC Worker End (ms): Min: 4592037,9, Avg: 4592037,9, Max: 4592037,9, Diff: 0,1]
   [Code Root Fixup: 0,0 ms]
   [Code Root Purge: 0,0 ms]
   [Clear CT: 0,1 ms]
   [Other: 2,0 ms]
      [Choose CSet: 0,0 ms]
      [Ref Proc: 1,6 ms]
      [Ref Enq: 0,0 ms]
      [Redirty Cards: 0,1 ms]
      [Humongous Register: 0,1 ms]
      [Humongous Reclaim: 0,0 ms]
      [Free CSet: 0,1 ms]
   [Eden: 51200,0K(51200,0K)->0,0B(51200,0K) Survivors: 1024,0K->1024,0K Heap: 225,4M(1024,0M)->175,7M(1024,0M)]
 [Times: user=0,02 sys=0,00, real=0,01 secs] 
2020-09-27T21:16:02.304-0300: 4592,756: [GC pause (G1 Evacuation Pause) (young), 0,0340986 secs]
   [Parallel Time: 15,2 ms, GC Workers: 4]
      [GC Worker Start (ms): Min: 4592756,2, Avg: 4592757,4, Max: 4592758,6, Diff: 2,3]
      [Ext Root Scanning (ms): Min: 0,0, Avg: 0,5, Max: 1,0, Diff: 1,0, Sum: 1,9]
      [Update RS (ms): Min: 1,2, Avg: 6,5, Max: 12,2, Diff: 11,0, Sum: 25,8]
         [Processed Buffers: Min: 1, Avg: 8,0, Max: 26, Diff: 25, Sum: 32]
      [Scan RS (ms): Min: 0,0, Avg: 0,7, Max: 1,5, Diff: 1,5, Sum: 3,0]
      [Code Root Scanning (ms): Min: 0,0, Avg: 0,0, Max: 0,0, Diff: 0,0, Sum: 0,0]
      [Object Copy (ms): Min: 0,0, Avg: 1,0, Max: 2,0, Diff: 2,0, Sum: 3,9]
      [Termination (ms): Min: 0,0, Avg: 3,9, Max: 8,4, Diff: 8,4, Sum: 15,5]
         [Termination Attempts: Min: 1, Avg: 39,5, Max: 155, Diff: 154, Sum: 158]
      [GC Worker Other (ms): Min: 0,0, Avg: 0,0, Max: 0,0, Diff: 0,0, Sum: 0,0]
      [GC Worker Total (ms): Min: 10,9, Avg: 12,5, Max: 15,1, Diff: 4,1, Sum: 50,2]
      [GC Worker End (ms): Min: 4592769,5, Avg: 4592769,9, Max: 4592771,3, Diff: 1,8]
   [Code Root Fixup: 0,0 ms]
   [Code Root Purge: 0,0 ms]
   [Clear CT: 4,6 ms]
   [Other: 14,3 ms]
      [Choose CSet: 0,0 ms]
      [Ref Proc: 11,1 ms]
      [Ref Enq: 0,0 ms]
      [Redirty Cards: 2,9 ms]
      [Humongous Register: 0,1 ms]
      [Humongous Reclaim: 0,0 ms]
      [Free CSet: 0,1 ms]
   [Eden: 51200,0K(51200,0K)->0,0B(50176,0K) Survivors: 1024,0K->2048,0K Heap: 225,7M(1024,0M)->175,9M(1024,0M)]
 [Times: user=0,04 sys=0,00, real=0,03 secs] 
2020-09-27T21:16:02.822-0300: 4593,275: [GC pause (G1 Evacuation Pause) (young), 0,0269118 secs]
   [Parallel Time: 13,5 ms, GC Workers: 4]
      [GC Worker Start (ms): Min: 4593274,8, Avg: 4593276,5, Max: 4593280,2, Diff: 5,4]
      [Ext Root Scanning (ms): Min: 0,0, Avg: 0,4, Max: 0,8, Diff: 0,8, Sum: 1,6]
      [Update RS (ms): Min: 0,0, Avg: 2,1, Max: 6,2, Diff: 6,2, Sum: 8,5]
         [Processed Buffers: Min: 0, Avg: 6,8, Max: 24, Diff: 24, Sum: 27]
      [Scan RS (ms): Min: 0,0, Avg: 1,2, Max: 2,4, Diff: 2,4, Sum: 4,7]
      [Code Root Scanning (ms): Min: 0,0, Avg: 0,0, Max: 0,0, Diff: 0,0, Sum: 0,0]
      [Object Copy (ms): Min: 0,1, Avg: 2,7, Max: 8,0, Diff: 7,9, Sum: 10,7]
      [Termination (ms): Min: 0,0, Avg: 4,8, Max: 7,1, Diff: 7,1, Sum: 19,2]
         [Termination Attempts: Min: 1, Avg: 3,2, Max: 10, Diff: 9, Sum: 13]
      [GC Worker Other (ms): Min: 0,0, Avg: 0,0, Max: 0,0, Diff: 0,0, Sum: 0,0]
      [GC Worker Total (ms): Min: 7,3, Avg: 11,2, Max: 13,5, Diff: 6,1, Sum: 44,8]
      [GC Worker End (ms): Min: 4593287,5, Avg: 4593287,7, Max: 4593288,2, Diff: 0,7]
   [Code Root Fixup: 0,0 ms]
   [Code Root Purge: 0,0 ms]
   [Clear CT: 0,1 ms]
   [Other: 13,3 ms]
      [Choose CSet: 0,0 ms]
      [Ref Proc: 12,8 ms]
      [Ref Enq: 0,0 ms]
      [Redirty Cards: 0,1 ms]
      [Humongous Register: 0,1 ms]
      [Humongous Reclaim: 0,0 ms]
      [Free CSet: 0,1 ms]
   [Eden: 50176,0K(50176,0K)->0,0B(51200,0K) Survivors: 2048,0K->1024,0K Heap: 226,0M(1024,0M)->175,7M(1024,0M)]
 [Times: user=0,04 sys=0,00, real=0,03 secs] 
2020-09-27T21:16:03.375-0300: 4593,827: [GC pause (G1 Evacuation Pause) (young), 0,0252195 secs]
   [Parallel Time: 22,4 ms, GC Workers: 4]
      [GC Worker Start (ms): Min: 4593826,9, Avg: 4593833,9, Max: 4593840,2, Diff: 13,4]
      [Ext Root Scanning (ms): Min: 0,0, Avg: 0,4, Max: 1,7, Diff: 1,7, Sum: 1,8]
      [Update RS (ms): Min: 0,0, Avg: 5,1, Max: 20,4, Diff: 20,4, Sum: 20,6]
         [Processed Buffers: Min: 0, Avg: 8,2, Max: 21, Diff: 21, Sum: 33]
      [Scan RS (ms): Min: 0,0, Avg: 3,3, Max: 12,0, Diff: 12,0, Sum: 13,4]
      [Code Root Scanning (ms): Min: 0,0, Avg: 0,0, Max: 0,0, Diff: 0,0, Sum: 0,0]
      [Object Copy (ms): Min: 0,0, Avg: 1,8, Max: 5,3, Diff: 5,2, Sum: 7,2]
      [Termination (ms): Min: 0,0, Avg: 4,5, Max: 7,1, Diff: 7,1, Sum: 18,1]
         [Termination Attempts: Min: 1, Avg: 1,0, Max: 1, Diff: 0, Sum: 4]
      [GC Worker Other (ms): Min: 0,0, Avg: 0,0, Max: 0,0, Diff: 0,0, Sum: 0,0]
      [GC Worker Total (ms): Min: 9,0, Avg: 15,3, Max: 22,3, Diff: 13,3, Sum: 61,1]
      [GC Worker End (ms): Min: 4593849,2, Avg: 4593849,2, Max: 4593849,2, Diff: 0,1]
   [Code Root Fixup: 0,0 ms]
   [Code Root Purge: 0,0 ms]
   [Clear CT: 1,0 ms]
   [Other: 1,8 ms]
      [Choose CSet: 0,0 ms]
      [Ref Proc: 0,8 ms]
      [Ref Enq: 0,0 ms]
      [Redirty Cards: 0,4 ms]
      [Humongous Register: 0,0 ms]
      [Humongous Reclaim: 0,1 ms]
      [Free CSet: 0,1 ms]
   [Eden: 51200,0K(51200,0K)->0,0B(51200,0K) Survivors: 1024,0K->1024,0K Heap: 227,0M(1024,0M)->175,6M(1024,0M)]
 [Times: user=0,03 sys=0,00, real=0,02 secs] 
2020-09-27T21:16:03.849-0300: 4594,301: [GC pause (G1 Evacuation Pause) (young), 0,0089197 secs]
   [Parallel Time: 6,5 ms, GC Workers: 4]
      [GC Worker Start (ms): Min: 4594301,1, Avg: 4594302,7, Max: 4594304,2, Diff: 3,1]
      [Ext Root Scanning (ms): Min: 0,0, Avg: 0,4, Max: 0,8, Diff: 0,8, Sum: 1,6]
      [Update RS (ms): Min: 0,0, Avg: 0,7, Max: 1,5, Diff: 1,5, Sum: 2,8]
         [Processed Buffers: Min: 0, Avg: 6,8, Max: 19, Diff: 19, Sum: 27]
      [Scan RS (ms): Min: 1,0, Avg: 1,9, Max: 3,9, Diff: 2,9, Sum: 7,7]
      [Code Root Scanning (ms): Min: 0,0, Avg: 0,0, Max: 0,0, Diff: 0,0, Sum: 0,0]
      [Object Copy (ms): Min: 0,1, Avg: 0,9, Max: 1,3, Diff: 1,2, Sum: 3,8]
      [Termination (ms): Min: 0,0, Avg: 0,6, Max: 1,1, Diff: 1,1, Sum: 2,5]
         [Termination Attempts: Min: 1, Avg: 4,2, Max: 13, Diff: 12, Sum: 17]
      [GC Worker Other (ms): Min: 0,0, Avg: 0,0, Max: 0,0, Diff: 0,0, Sum: 0,0]
      [GC Worker Total (ms): Min: 3,0, Avg: 4,6, Max: 6,1, Diff: 3,1, Sum: 18,5]
      [GC Worker End (ms): Min: 4594307,2, Avg: 4594307,3, Max: 4594307,5, Diff: 0,3]
   [Code Root Fixup: 0,0 ms]
   [Code Root Purge: 0,0 ms]
   [Clear CT: 0,1 ms]
   [Other: 2,3 ms]
      [Choose CSet: 0,0 ms]
      [Ref Proc: 1,9 ms]
      [Ref Enq: 0,0 ms]
      [Redirty Cards: 0,1 ms]
      [Humongous Register: 0,0 ms]
      [Humongous Reclaim: 0,0 ms]
      [Free CSet: 0,1 ms]
   [Eden: 51200,0K(51200,0K)->0,0B(51200,0K) Survivors: 1024,0K->1024,0K Heap: 226,2M(1024,0M)->175,7M(1024,0M)]
 [Times: user=0,02 sys=0,00, real=0,00 secs] 
2020-09-27T21:16:04.414-0300: 4594,866: [GC pause (G1 Evacuation Pause) (young), 0,0285463 secs]
   [Parallel Time: 11,2 ms, GC Workers: 4]
      [GC Worker Start (ms): Min: 4594865,8, Avg: 4594870,7, Max: 4594872,6, Diff: 6,8]
      [Ext Root Scanning (ms): Min: 0,0, Avg: 0,4, Max: 1,8, Diff: 1,8, Sum: 1,8]
      [Update RS (ms): Min: 0,0, Avg: 0,9, Max: 3,5, Diff: 3,5, Sum: 3,5]
         [Processed Buffers: Min: 0, Avg: 6,5, Max: 26, Diff: 26, Sum: 26]
      [Scan RS (ms): Min: 1,3, Avg: 3,0, Max: 5,7, Diff: 4,4, Sum: 11,9]
      [Code Root Scanning (ms): Min: 0,0, Avg: 0,0, Max: 0,0, Diff: 0,0, Sum: 0,0]
      [Object Copy (ms): Min: 0,1, Avg: 1,5, Max: 2,9, Diff: 2,7, Sum: 5,8]
      [Termination (ms): Min: 0,0, Avg: 0,4, Max: 0,8, Diff: 0,8, Sum: 1,7]
         [Termination Attempts: Min: 1, Avg: 1,2, Max: 2, Diff: 1, Sum: 5]
      [GC Worker Other (ms): Min: 0,0, Avg: 0,0, Max: 0,0, Diff: 0,0, Sum: 0,0]
      [GC Worker Total (ms): Min: 4,3, Avg: 6,2, Max: 11,1, Diff: 6,7, Sum: 24,8]
      [GC Worker End (ms): Min: 4594876,9, Avg: 4594876,9, Max: 4594876,9, Diff: 0,0]
   [Code Root Fixup: 0,0 ms]
   [Code Root Purge: 0,0 ms]
   [Clear CT: 0,5 ms]
   [Other: 16,8 ms]
      [Choose CSet: 0,0 ms]
      [Ref Proc: 16,3 ms]
      [Ref Enq: 0,0 ms]
      [Redirty Cards: 0,2 ms]
      [Humongous Register: 0,1 ms]
      [Humongous Reclaim: 0,0 ms]
      [Free CSet: 0,1 ms]
   [Eden: 51200,0K(51200,0K)->0,0B(51200,0K) Survivors: 1024,0K->1024,0K Heap: 226,2M(1024,0M)->175,8M(1024,0M)]
 [Times: user=0,02 sys=0,01, real=0,03 secs] 
2020-09-27T21:16:04.917-0300: 4595,369: [GC pause (G1 Evacuation Pause) (young), 0,0135165 secs]
   [Parallel Time: 10,5 ms, GC Workers: 4]
      [GC Worker Start (ms): Min: 4595369,7, Avg: 4595372,0, Max: 4595376,2, Diff: 6,5]
      [Ext Root Scanning (ms): Min: 0,0, Avg: 0,5, Max: 1,0, Diff: 1,0, Sum: 1,9]
      [Update RS (ms): Min: 0,0, Avg: 0,7, Max: 1,4, Diff: 1,4, Sum: 2,8]
         [Processed Buffers: Min: 0, Avg: 6,2, Max: 18, Diff: 18, Sum: 25]
      [Scan RS (ms): Min: 0,0, Avg: 2,3, Max: 4,1, Diff: 4,1, Sum: 9,1]
      [Code Root Scanning (ms): Min: 0,0, Avg: 0,0, Max: 0,0, Diff: 0,0, Sum: 0,0]
      [Object Copy (ms): Min: 0,0, Avg: 2,0, Max: 5,4, Diff: 5,3, Sum: 7,8]
      [Termination (ms): Min: 0,0, Avg: 2,7, Max: 3,9, Diff: 3,9, Sum: 10,9]
         [Termination Attempts: Min: 1, Avg: 1,0, Max: 1, Diff: 0, Sum: 4]
      [GC Worker Other (ms): Min: 0,0, Avg: 0,0, Max: 0,0, Diff: 0,0, Sum: 0,0]
      [GC Worker Total (ms): Min: 3,8, Avg: 8,1, Max: 10,5, Diff: 6,7, Sum: 32,5]
      [GC Worker End (ms): Min: 4595380,0, Avg: 4595380,1, Max: 4595380,2, Diff: 0,2]
   [Code Root Fixup: 0,0 ms]
   [Code Root Purge: 0,0 ms]
   [Clear CT: 0,2 ms]
   [Other: 2,8 ms]
      [Choose CSet: 0,0 ms]
      [Ref Proc: 1,5 ms]
      [Ref Enq: 0,0 ms]
      [Redirty Cards: 0,9 ms]
      [Humongous Register: 0,1 ms]
      [Humongous Reclaim: 0,0 ms]
      [Free CSet: 0,1 ms]
   [Eden: 51200,0K(51200,0K)->0,0B(51200,0K) Survivors: 1024,0K->1024,0K Heap: 226,7M(1024,0M)->175,9M(1024,0M)]
 [Times: user=0,02 sys=0,00, real=0,02 secs] 
2020-09-27T21:16:05.432-0300: 4595,884: [GC pause (G1 Evacuation Pause) (young), 0,0243858 secs]
   [Parallel Time: 16,1 ms, GC Workers: 4]
      [GC Worker Start (ms): Min: 4595884,3, Avg: 4595887,9, Max: 4595892,2, Diff: 7,9]
      [Ext Root Scanning (ms): Min: 0,0, Avg: 0,5, Max: 1,8, Diff: 1,8, Sum: 1,8]
      [Update RS (ms): Min: 0,0, Avg: 2,7, Max: 6,0, Diff: 6,0, Sum: 10,7]
         [Processed Buffers: Min: 0, Avg: 7,8, Max: 21, Diff: 21, Sum: 31]
      [Scan RS (ms): Min: 0,0, Avg: 0,7, Max: 1,5, Diff: 1,5, Sum: 2,9]
      [Code Root Scanning (ms): Min: 0,0, Avg: 0,0, Max: 0,0, Diff: 0,0, Sum: 0,0]
      [Object Copy (ms): Min: 0,4, Avg: 1,2, Max: 2,6, Diff: 2,2, Sum: 4,8]
      [Termination (ms): Min: 0,0, Avg: 2,6, Max: 7,6, Diff: 7,6, Sum: 10,4]
         [Termination Attempts: Min: 1, Avg: 1,0, Max: 1, Diff: 0, Sum: 4]
      [GC Worker Other (ms): Min: 0,0, Avg: 0,0, Max: 0,0, Diff: 0,0, Sum: 0,0]
      [GC Worker Total (ms): Min: 1,8, Avg: 7,7, Max: 15,9, Diff: 14,1, Sum: 30,7]
      [GC Worker End (ms): Min: 4595894,0, Avg: 4595895,6, Max: 4595900,2, Diff: 6,2]
   [Code Root Fixup: 0,0 ms]
   [Code Root Purge: 0,0 ms]
   [Clear CT: 4,0 ms]
   [Other: 4,3 ms]
      [Choose CSet: 0,0 ms]
      [Ref Proc: 3,9 ms]
      [Ref Enq: 0,0 ms]
      [Redirty Cards: 0,1 ms]
      [Humongous Register: 0,1 ms]
      [Humongous Reclaim: 0,0 ms]
      [Free CSet: 0,1 ms]
   [Eden: 51200,0K(51200,0K)->0,0B(51200,0K) Survivors: 1024,0K->1024,0K Heap: 226,6M(1024,0M)->175,7M(1024,0M)]
 [Times: user=0,02 sys=0,01, real=0,02 secs] 
2020-09-27T21:16:06.295-0300: 4596,747: [GC pause (G1 Evacuation Pause) (young), 0,0136197 secs]
   [Parallel Time: 10,5 ms, GC Workers: 4]
      [GC Worker Start (ms): Min: 4596747,3, Avg: 4596752,0, Max: 4596755,9, Diff: 8,6]
      [Ext Root Scanning (ms): Min: 0,0, Avg: 0,4, Max: 1,7, Diff: 1,7, Sum: 1,7]
      [Update RS (ms): Min: 0,0, Avg: 2,4, Max: 8,5, Diff: 8,5, Sum: 9,8]
         [Processed Buffers: Min: 0, Avg: 6,0, Max: 14, Diff: 14, Sum: 24]
      [Scan RS (ms): Min: 0,0, Avg: 1,1, Max: 2,2, Diff: 2,2, Sum: 4,3]
      [Code Root Scanning (ms): Min: 0,0, Avg: 0,0, Max: 0,0, Diff: 0,0, Sum: 0,0]
      [Object Copy (ms): Min: 0,1, Avg: 1,3, Max: 2,4, Diff: 2,3, Sum: 5,2]
      [Termination (ms): Min: 0,0, Avg: 0,4, Max: 0,9, Diff: 0,9, Sum: 1,8]
         [Termination Attempts: Min: 1, Avg: 11,0, Max: 41, Diff: 40, Sum: 44]
      [GC Worker Other (ms): Min: 0,0, Avg: 0,0, Max: 0,0, Diff: 0,0, Sum: 0,0]
      [GC Worker Total (ms): Min: 1,8, Avg: 5,7, Max: 10,4, Diff: 8,5, Sum: 22,9]
      [GC Worker End (ms): Min: 4596757,7, Avg: 4596757,7, Max: 4596757,7, Diff: 0,0]
   [Code Root Fixup: 0,0 ms]
   [Code Root Purge: 0,0 ms]
   [Clear CT: 0,2 ms]
   [Other: 3,0 ms]
      [Choose CSet: 0,0 ms]
      [Ref Proc: 2,4 ms]
      [Ref Enq: 0,0 ms]
      [Redirty Cards: 0,2 ms]
      [Humongous Register: 0,1 ms]
      [Humongous Reclaim: 0,1 ms]
      [Free CSet: 0,1 ms]
   [Eden: 51200,0K(51200,0K)->0,0B(51200,0K) Survivors: 1024,0K->1024,0K Heap: 226,3M(1024,0M)->175,8M(1024,0M)]
 [Times: user=0,01 sys=0,00, real=0,02 secs] 
2020-09-27T21:16:06.969-0300: 4597,421: [GC pause (G1 Evacuation Pause) (young), 0,0135935 secs]
   [Parallel Time: 12,3 ms, GC Workers: 4]
      [GC Worker Start (ms): Min: 4597421,6, Avg: 4597424,6, Max: 4597428,2, Diff: 6,6]
      [Ext Root Scanning (ms): Min: 0,0, Avg: 0,4, Max: 1,6, Diff: 1,6, Sum: 1,6]
      [Update RS (ms): Min: 0,0, Avg: 2,9, Max: 8,5, Diff: 8,5, Sum: 11,6]
         [Processed Buffers: Min: 0, Avg: 6,8, Max: 23, Diff: 23, Sum: 27]
      [Scan RS (ms): Min: 0,0, Avg: 0,9, Max: 1,9, Diff: 1,9, Sum: 3,7]
      [Code Root Scanning (ms): Min: 0,0, Avg: 0,0, Max: 0,0, Diff: 0,0, Sum: 0,0]
      [Object Copy (ms): Min: 0,1, Avg: 3,2, Max: 6,0, Diff: 5,9, Sum: 12,7]
      [Termination (ms): Min: 0,0, Avg: 1,8, Max: 2,7, Diff: 2,7, Sum: 7,1]
         [Termination Attempts: Min: 1, Avg: 1,0, Max: 1, Diff: 0, Sum: 4]
      [GC Worker Other (ms): Min: 0,0, Avg: 0,0, Max: 0,0, Diff: 0,0, Sum: 0,0]
      [GC Worker Total (ms): Min: 5,5, Avg: 9,2, Max: 12,1, Diff: 6,6, Sum: 36,7]
      [GC Worker End (ms): Min: 4597433,7, Avg: 4597433,8, Max: 4597433,9, Diff: 0,2]
   [Code Root Fixup: 0,0 ms]
   [Code Root Purge: 0,0 ms]
   [Clear CT: 0,1 ms]
   [Other: 1,2 ms]
      [Choose CSet: 0,0 ms]
      [Ref Proc: 0,7 ms]
      [Ref Enq: 0,0 ms]
      [Redirty Cards: 0,1 ms]
      [Humongous Register: 0,1 ms]
      [Humongous Reclaim: 0,0 ms]
      [Free CSet: 0,1 ms]
   [Eden: 51200,0K(51200,0K)->0,0B(60416,0K) Survivors: 1024,0K->1024,0K Heap: 225,8M(1024,0M)->175,8M(1024,0M)]
 [Times: user=0,02 sys=0,01, real=0,01 secs] 
2020-09-27T21:16:07.481-0300: 4597,933: [GC pause (G1 Evacuation Pause) (young), 0,0210928 secs]
   [Parallel Time: 12,9 ms, GC Workers: 4]
      [GC Worker Start (ms): Min: 4597933,6, Avg: 4597935,9, Max: 4597940,4, Diff: 6,8]
      [Ext Root Scanning (ms): Min: 0,0, Avg: 0,5, Max: 1,0, Diff: 1,0, Sum: 2,0]
      [Update RS (ms): Min: 0,0, Avg: 0,8, Max: 1,5, Diff: 1,5, Sum: 3,0]
         [Processed Buffers: Min: 0, Avg: 8,2, Max: 25, Diff: 25, Sum: 33]
      [Scan RS (ms): Min: 0,1, Avg: 3,2, Max: 6,8, Diff: 6,7, Sum: 12,6]
      [Code Root Scanning (ms): Min: 0,0, Avg: 0,0, Max: 0,0, Diff: 0,0, Sum: 0,0]
      [Object Copy (ms): Min: 0,1, Avg: 3,9, Max: 7,4, Diff: 7,3, Sum: 15,7]
      [Termination (ms): Min: 0,0, Avg: 2,2, Max: 4,5, Diff: 4,5, Sum: 8,7]
         [Termination Attempts: Min: 1, Avg: 1,0, Max: 1, Diff: 0, Sum: 4]
      [GC Worker Other (ms): Min: 0,0, Avg: 0,0, Max: 0,0, Diff: 0,0, Sum: 0,0]
      [GC Worker Total (ms): Min: 6,1, Avg: 10,5, Max: 12,9, Diff: 6,8, Sum: 42,0]
      [GC Worker End (ms): Min: 4597946,4, Avg: 4597946,4, Max: 4597946,4, Diff: 0,1]
   [Code Root Fixup: 0,0 ms]
   [Code Root Purge: 0,0 ms]
   [Clear CT: 0,1 ms]
   [Other: 8,0 ms]
      [Choose CSet: 0,0 ms]
      [Ref Proc: 7,6 ms]
      [Ref Enq: 0,0 ms]
      [Redirty Cards: 0,1 ms]
      [Humongous Register: 0,1 ms]
      [Humongous Reclaim: 0,0 ms]
      [Free CSet: 0,1 ms]
   [Eden: 54272,0K(51200,0K)->0,0B(179,0M) Survivors: 1024,0K->1024,0K Heap: 230,9M(1024,0M)->175,9M(1024,0M)]
 [Times: user=0,02 sys=0,00, real=0,02 secs] 
2020-09-27T21:16:08.031-0300: 4598,483: [GC pause (G1 Evacuation Pause) (young), 0,0057633 secs]
   [Parallel Time: 4,7 ms, GC Workers: 4]
      [GC Worker Start (ms): Min: 4598483,1, Avg: 4598484,2, Max: 4598487,6, Diff: 4,5]
      [Ext Root Scanning (ms): Min: 0,0, Avg: 0,5, Max: 0,7, Diff: 0,7, Sum: 1,9]
      [Update RS (ms): Min: 0,0, Avg: 0,9, Max: 1,5, Diff: 1,5, Sum: 3,5]
         [Processed Buffers: Min: 0, Avg: 8,0, Max: 16, Diff: 16, Sum: 32]
      [Scan RS (ms): Min: 0,0, Avg: 1,1, Max: 1,7, Diff: 1,7, Sum: 4,5]
      [Code Root Scanning (ms): Min: 0,0, Avg: 0,0, Max: 0,0, Diff: 0,0, Sum: 0,0]
      [Object Copy (ms): Min: 0,0, Avg: 0,7, Max: 0,9, Diff: 0,9, Sum: 2,7]
      [Termination (ms): Min: 0,0, Avg: 0,3, Max: 0,4, Diff: 0,4, Sum: 1,2]
         [Termination Attempts: Min: 1, Avg: 1,0, Max: 1, Diff: 0, Sum: 4]
      [GC Worker Other (ms): Min: 0,0, Avg: 0,0, Max: 0,0, Diff: 0,0, Sum: 0,0]
      [GC Worker Total (ms): Min: 0,0, Avg: 3,5, Max: 4,7, Diff: 4,6, Sum: 13,9]
      [GC Worker End (ms): Min: 4598487,6, Avg: 4598487,7, Max: 4598487,8, Diff: 0,2]
   [Code Root Fixup: 0,0 ms]
   [Code Root Purge: 0,0 ms]
   [Clear CT: 0,1 ms]
   [Other: 1,0 ms]
      [Choose CSet: 0,0 ms]
      [Ref Proc: 0,6 ms]
      [Ref Enq: 0,0 ms]
      [Redirty Cards: 0,1 ms]
      [Humongous Register: 0,0 ms]
      [Humongous Reclaim: 0,0 ms]
      [Free CSet: 0,1 ms]
   [Eden: 51200,0K(51200,0K)->0,0B(557,0M) Survivors: 1024,0K->1024,0K Heap: 227,2M(1024,0M)->176,0M(1024,0M)]
 [Times: user=0,02 sys=0,00, real=0,00 secs] 
2020-09-27T21:16:10.180-0300: 4600,632: [GC pause (G1 Evacuation Pause) (young), 0,0209015 secs]
   [Parallel Time: 17,9 ms, GC Workers: 4]
      [GC Worker Start (ms): Min: 4600632,1, Avg: 4600636,3, Max: 4600640,2, Diff: 8,2]
      [Ext Root Scanning (ms): Min: 0,0, Avg: 0,4, Max: 1,7, Diff: 1,7, Sum: 1,8]
      [Update RS (ms): Min: 0,0, Avg: 5,4, Max: 15,9, Diff: 15,9, Sum: 21,8]
         [Processed Buffers: Min: 0, Avg: 7,2, Max: 18, Diff: 18, Sum: 29]
      [Scan RS (ms): Min: 0,0, Avg: 4,2, Max: 11,5, Diff: 11,5, Sum: 16,8]
      [Code Root Scanning (ms): Min: 0,0, Avg: 0,0, Max: 0,0, Diff: 0,0, Sum: 0,0]
      [Object Copy (ms): Min: 0,0, Avg: 2,0, Max: 4,4, Diff: 4,4, Sum: 8,2]
      [Termination (ms): Min: 0,0, Avg: 1,5, Max: 2,7, Diff: 2,7, Sum: 6,0]
         [Termination Attempts: Min: 1, Avg: 1,0, Max: 1, Diff: 0, Sum: 4]
      [GC Worker Other (ms): Min: 0,0, Avg: 0,0, Max: 0,0, Diff: 0,0, Sum: 0,1]
      [GC Worker Total (ms): Min: 9,7, Avg: 13,6, Max: 17,8, Diff: 8,1, Sum: 54,5]
      [GC Worker End (ms): Min: 4600649,8, Avg: 4600649,9, Max: 4600649,9, Diff: 0,1]
   [Code Root Fixup: 0,0 ms]
   [Code Root Purge: 0,0 ms]
   [Clear CT: 0,1 ms]
   [Other: 2,8 ms]
      [Choose CSet: 0,0 ms]
      [Ref Proc: 2,3 ms]
      [Ref Enq: 0,0 ms]
      [Redirty Cards: 0,1 ms]
      [Humongous Register: 0,1 ms]
      [Humongous Reclaim: 0,0 ms]
      [Free CSet: 0,1 ms]
   [Eden: 182,0M(124,0M)->0,0B(414,0M) Survivors: 1024,0K->1024,0K Heap: 358,9M(1024,0M)->176,2M(1024,0M)]
 [Times: user=0,02 sys=0,00, real=0,03 secs] 
2020-09-27T21:16:12.006-0300: 4602,458: [GC pause (G1 Evacuation Pause) (young), 0,0113814 secs]
   [Parallel Time: 9,1 ms, GC Workers: 4]
      [GC Worker Start (ms): Min: 4602458,2, Avg: 4602458,9, Max: 4602459,1, Diff: 0,9]
      [Ext Root Scanning (ms): Min: 0,5, Avg: 0,9, Max: 1,5, Diff: 1,0, Sum: 3,7]
      [Update RS (ms): Min: 0,0, Avg: 2,0, Max: 4,6, Diff: 4,6, Sum: 8,1]
         [Processed Buffers: Min: 0, Avg: 9,0, Max: 28, Diff: 28, Sum: 36]
      [Scan RS (ms): Min: 0,0, Avg: 2,0, Max: 4,0, Diff: 4,0, Sum: 8,0]
      [Code Root Scanning (ms): Min: 0,0, Avg: 0,0, Max: 0,0, Diff: 0,0, Sum: 0,0]
      [Object Copy (ms): Min: 0,5, Avg: 2,8, Max: 5,7, Diff: 5,1, Sum: 11,2]
      [Termination (ms): Min: 0,0, Avg: 0,5, Max: 0,9, Diff: 0,9, Sum: 1,8]
         [Termination Attempts: Min: 1, Avg: 1,5, Max: 3, Diff: 2, Sum: 6]
      [GC Worker Other (ms): Min: 0,0, Avg: 0,0, Max: 0,0, Diff: 0,0, Sum: 0,0]
      [GC Worker Total (ms): Min: 8,0, Avg: 8,2, Max: 8,8, Diff: 0,9, Sum: 32,9]
      [GC Worker End (ms): Min: 4602467,0, Avg: 4602467,1, Max: 4602467,2, Diff: 0,2]
   [Code Root Fixup: 0,0 ms]
   [Code Root Purge: 0,0 ms]
   [Clear CT: 0,1 ms]
   [Other: 2,2 ms]
      [Choose CSet: 0,0 ms]
      [Ref Proc: 1,7 ms]
      [Ref Enq: 0,0 ms]
      [Redirty Cards: 0,1 ms]
      [Humongous Register: 0,1 ms]
      [Humongous Reclaim: 0,0 ms]
      [Free CSet: 0,1 ms]
   [Eden: 130,0M(51200,0K)->0,0B(613,0M) Survivors: 1024,0K->1024,0K Heap: 307,9M(1024,0M)->176,0M(1024,0M)]
 [Times: user=0,02 sys=0,00, real=0,01 secs] 
2020-09-27T21:16:13.700-0300: 4604,152: [GC pause (G1 Evacuation Pause) (young), 0,0303440 secs]
   [Parallel Time: 26,5 ms, GC Workers: 4]
      [GC Worker Start (ms): Min: 4604152,6, Avg: 4604159,5, Max: 4604164,2, Diff: 11,7]
      [Ext Root Scanning (ms): Min: 0,0, Avg: 0,4, Max: 1,7, Diff: 1,7, Sum: 1,8]
      [Update RS (ms): Min: 0,0, Avg: 3,9, Max: 14,2, Diff: 14,2, Sum: 15,7]
         [Processed Buffers: Min: 0, Avg: 9,0, Max: 36, Diff: 36, Sum: 36]
      [Scan RS (ms): Min: 0,2, Avg: 4,5, Max: 17,3, Diff: 17,1, Sum: 17,9]
      [Code Root Scanning (ms): Min: 0,0, Avg: 0,0, Max: 0,0, Diff: 0,0, Sum: 0,0]
      [Object Copy (ms): Min: 0,0, Avg: 1,8, Max: 3,5, Diff: 3,5, Sum: 7,1]
      [Termination (ms): Min: 0,0, Avg: 6,6, Max: 10,3, Diff: 10,3, Sum: 26,5]
         [Termination Attempts: Min: 1, Avg: 1,8, Max: 3, Diff: 2, Sum: 7]
      [GC Worker Other (ms): Min: 0,0, Avg: 0,0, Max: 0,0, Diff: 0,0, Sum: 0,0]
      [GC Worker Total (ms): Min: 11,8, Avg: 17,2, Max: 26,5, Diff: 14,7, Sum: 68,9]
      [GC Worker End (ms): Min: 4604176,0, Avg: 4604176,8, Max: 4604179,1, Diff: 3,1]
   [Code Root Fixup: 0,0 ms]
   [Code Root Purge: 0,0 ms]
   [Clear CT: 0,1 ms]
   [Other: 3,7 ms]
      [Choose CSet: 0,0 ms]
      [Ref Proc: 3,2 ms]
      [Ref Enq: 0,0 ms]
      [Redirty Cards: 0,1 ms]
      [Humongous Register: 0,1 ms]
      [Humongous Reclaim: 0,0 ms]
      [Free CSet: 0,1 ms]
   [Eden: 155,0M(155,0M)->0,0B(241,0M) Survivors: 1024,0K->1024,0K Heap: 333,6M(1024,0M)->176,3M(1024,0M)]
 [Times: user=0,03 sys=0,00, real=0,03 secs] 
2020-09-27T21:16:15.887-0300: 4606,340: [GC pause (G1 Evacuation Pause) (young), 0,0102158 secs]
   [Parallel Time: 6,9 ms, GC Workers: 4]
      [GC Worker Start (ms): Min: 4606339,7, Avg: 4606341,1, Max: 4606341,5, Diff: 1,8]
      [Ext Root Scanning (ms): Min: 0,2, Avg: 1,9, Max: 6,7, Diff: 6,5, Sum: 7,5]
      [Update RS (ms): Min: 0,0, Avg: 0,8, Max: 1,1, Diff: 1,1, Sum: 3,2]
         [Processed Buffers: Min: 0, Avg: 8,8, Max: 19, Diff: 19, Sum: 35]
      [Scan RS (ms): Min: 0,0, Avg: 1,4, Max: 2,0, Diff: 1,9, Sum: 5,7]
      [Code Root Scanning (ms): Min: 0,0, Avg: 0,0, Max: 0,0, Diff: 0,0, Sum: 0,0]
      [Object Copy (ms): Min: 0,1, Avg: 0,9, Max: 1,2, Diff: 1,1, Sum: 3,5]
      [Termination (ms): Min: 0,0, Avg: 0,5, Max: 0,7, Diff: 0,7, Sum: 2,0]
         [Termination Attempts: Min: 1, Avg: 1,0, Max: 1, Diff: 0, Sum: 4]
      [GC Worker Other (ms): Min: 0,0, Avg: 0,0, Max: 0,0, Diff: 0,0, Sum: 0,0]
      [GC Worker Total (ms): Min: 5,1, Avg: 5,5, Max: 6,8, Diff: 1,7, Sum: 22,0]
      [GC Worker End (ms): Min: 4606346,5, Avg: 4606346,6, Max: 4606346,6, Diff: 0,0]
   [Code Root Fixup: 0,0 ms]
   [Code Root Purge: 0,0 ms]
   [Clear CT: 0,2 ms]
   [Other: 3,2 ms]
      [Choose CSet: 0,0 ms]
      [Ref Proc: 2,7 ms]
      [Ref Enq: 0,0 ms]
      [Redirty Cards: 0,1 ms]
      [Humongous Register: 0,1 ms]
      [Humongous Reclaim: 0,0 ms]
      [Free CSet: 0,1 ms]
   [Eden: 208,0M(51200,0K)->0,0B(612,0M) Survivors: 1024,0K->2048,0K Heap: 387,8M(1024,0M)->176,6M(1024,0M)]
 [Times: user=0,02 sys=0,00, real=0,01 secs] 
2020-09-27T21:16:17.991-0300: 4608,443: [GC pause (G1 Evacuation Pause) (young), 0,0320818 secs]
   [Parallel Time: 24,7 ms, GC Workers: 4]
      [GC Worker Start (ms): Min: 4608443,6, Avg: 4608450,1, Max: 4608456,3, Diff: 12,7]
      [Ext Root Scanning (ms): Min: 0,0, Avg: 0,4, Max: 1,7, Diff: 1,7, Sum: 1,8]
      [Update RS (ms): Min: 0,0, Avg: 4,0, Max: 15,0, Diff: 15,0, Sum: 15,8]
         [Processed Buffers: Min: 0, Avg: 8,5, Max: 29, Diff: 29, Sum: 34]
      [Scan RS (ms): Min: 0,2, Avg: 4,6, Max: 15,0, Diff: 14,8, Sum: 18,5]
      [Code Root Scanning (ms): Min: 0,0, Avg: 0,0, Max: 0,0, Diff: 0,0, Sum: 0,0]
      [Object Copy (ms): Min: 0,0, Avg: 3,4, Max: 6,7, Diff: 6,7, Sum: 13,5]
      [Termination (ms): Min: 0,0, Avg: 1,6, Max: 2,2, Diff: 2,2, Sum: 6,4]
         [Termination Attempts: Min: 1, Avg: 1,2, Max: 2, Diff: 1, Sum: 5]
      [GC Worker Other (ms): Min: 0,0, Avg: 0,0, Max: 0,0, Diff: 0,0, Sum: 0,0]
      [GC Worker Total (ms): Min: 7,8, Avg: 14,0, Max: 20,5, Diff: 12,7, Sum: 56,0]
      [GC Worker End (ms): Min: 4608464,1, Avg: 4608464,1, Max: 4608464,1, Diff: 0,0]
   [Code Root Fixup: 0,0 ms]
   [Code Root Purge: 0,0 ms]
   [Clear CT: 0,3 ms]
   [Other: 7,1 ms]
      [Choose CSet: 0,0 ms]
      [Ref Proc: 6,6 ms]
      [Ref Enq: 0,0 ms]
      [Redirty Cards: 0,1 ms]
      [Humongous Register: 0,1 ms]
      [Humongous Reclaim: 0,0 ms]
      [Free CSet: 0,1 ms]
   [Eden: 141,0M(50176,0K)->0,0B(51200,0K) Survivors: 2048,0K->1024,0K Heap: 321,1M(1024,0M)->176,4M(1024,0M)]
 [Times: user=0,02 sys=0,01, real=0,03 secs] 
2020-09-27T21:16:18.584-0300: 4609,036: [GC pause (G1 Evacuation Pause) (young), 0,0377514 secs]
   [Parallel Time: 34,7 ms, GC Workers: 4]
      [GC Worker Start (ms): Min: 4609036,1, Avg: 4609044,4, Max: 4609052,2, Diff: 16,1]
      [Ext Root Scanning (ms): Min: 0,0, Avg: 0,5, Max: 2,0, Diff: 2,0, Sum: 2,0]
      [Update RS (ms): Min: 0,0, Avg: 4,8, Max: 19,3, Diff: 19,3, Sum: 19,4]
         [Processed Buffers: Min: 0, Avg: 8,8, Max: 29, Diff: 29, Sum: 35]
      [Scan RS (ms): Min: 0,0, Avg: 1,6, Max: 6,2, Diff: 6,2, Sum: 6,2]
      [Code Root Scanning (ms): Min: 0,0, Avg: 0,0, Max: 0,0, Diff: 0,0, Sum: 0,0]
      [Object Copy (ms): Min: 0,1, Avg: 6,5, Max: 18,0, Diff: 17,9, Sum: 25,8]
      [Termination (ms): Min: 0,0, Avg: 9,0, Max: 16,0, Diff: 16,0, Sum: 36,1]
         [Termination Attempts: Min: 1, Avg: 1,0, Max: 1, Diff: 0, Sum: 4]
      [GC Worker Other (ms): Min: 0,0, Avg: 0,0, Max: 0,0, Diff: 0,0, Sum: 0,0]
      [GC Worker Total (ms): Min: 13,4, Avg: 22,4, Max: 29,5, Diff: 16,2, Sum: 89,6]
      [GC Worker End (ms): Min: 4609065,6, Avg: 4609066,8, Max: 4609070,5, Diff: 4,9]
   [Code Root Fixup: 0,0 ms]
   [Code Root Purge: 0,0 ms]
   [Clear CT: 0,2 ms]
   [Other: 2,9 ms]
      [Choose CSet: 0,0 ms]
      [Ref Proc: 2,4 ms]
      [Ref Enq: 0,0 ms]
      [Redirty Cards: 0,1 ms]
      [Humongous Register: 0,1 ms]
      [Humongous Reclaim: 0,0 ms]
      [Free CSet: 0,1 ms]
   [Eden: 51200,0K(51200,0K)->0,0B(50176,0K) Survivors: 1024,0K->2048,0K Heap: 227,9M(1024,0M)->177,0M(1024,0M)]
 [Times: user=0,03 sys=0,00, real=0,04 secs] 
2020-09-27T21:16:19.139-0300: 4609,592: [GC pause (G1 Evacuation Pause) (young), 0,0144086 secs]
   [Parallel Time: 7,2 ms, GC Workers: 4]
      [GC Worker Start (ms): Min: 4609591,7, Avg: 4609593,9, Max: 4609596,2, Diff: 4,5]
      [Ext Root Scanning (ms): Min: 0,0, Avg: 0,4, Max: 0,9, Diff: 0,9, Sum: 1,8]
      [Update RS (ms): Min: 0,0, Avg: 0,6, Max: 1,1, Diff: 1,1, Sum: 2,3]
         [Processed Buffers: Min: 0, Avg: 7,0, Max: 22, Diff: 22, Sum: 28]
      [Scan RS (ms): Min: 0,0, Avg: 1,1, Max: 2,3, Diff: 2,3, Sum: 4,5]
      [Code Root Scanning (ms): Min: 0,0, Avg: 0,0, Max: 0,0, Diff: 0,0, Sum: 0,0]
      [Object Copy (ms): Min: 1,8, Avg: 2,0, Max: 2,7, Diff: 0,9, Sum: 8,2]
      [Termination (ms): Min: 0,0, Avg: 0,5, Max: 0,8, Diff: 0,8, Sum: 2,1]
         [Termination Attempts: Min: 1, Avg: 1,2, Max: 2, Diff: 1, Sum: 5]
      [GC Worker Other (ms): Min: 0,0, Avg: 0,0, Max: 0,0, Diff: 0,0, Sum: 0,0]
      [GC Worker Total (ms): Min: 2,4, Avg: 4,7, Max: 7,1, Diff: 4,7, Sum: 18,9]
      [GC Worker End (ms): Min: 4609598,6, Avg: 4609598,7, Max: 4609598,8, Diff: 0,2]
   [Code Root Fixup: 0,0 ms]
   [Code Root Purge: 0,0 ms]
   [Clear CT: 0,1 ms]
   [Other: 7,1 ms]
      [Choose CSet: 0,0 ms]
      [Ref Proc: 6,7 ms]
      [Ref Enq: 0,0 ms]
      [Redirty Cards: 0,1 ms]
      [Humongous Register: 0,0 ms]
      [Humongous Reclaim: 0,0 ms]
      [Free CSet: 0,1 ms]
   [Eden: 50176,0K(50176,0K)->0,0B(50176,0K) Survivors: 2048,0K->2048,0K Heap: 226,8M(1024,0M)->176,7M(1024,0M)]
 [Times: user=0,02 sys=0,00, real=0,02 secs] 
2020-09-27T21:16:19.625-0300: 4610,077: [GC pause (G1 Evacuation Pause) (young), 0,0245276 secs]
   [Parallel Time: 22,2 ms, GC Workers: 4]
      [GC Worker Start (ms): Min: 4610077,5, Avg: 4610082,7, Max: 4610088,2, Diff: 10,7]
      [Ext Root Scanning (ms): Min: 0,0, Avg: 0,5, Max: 1,9, Diff: 1,9, Sum: 1,9]
      [Update RS (ms): Min: 0,0, Avg: 3,7, Max: 12,7, Diff: 12,7, Sum: 14,9]
         [Processed Buffers: Min: 0, Avg: 8,2, Max: 33, Diff: 33, Sum: 33]
      [Scan RS (ms): Min: 0,1, Avg: 7,1, Max: 15,5, Diff: 15,3, Sum: 28,5]
      [Code Root Scanning (ms): Min: 0,0, Avg: 0,0, Max: 0,0, Diff: 0,0, Sum: 0,0]
      [Object Copy (ms): Min: 0,0, Avg: 4,6, Max: 10,8, Diff: 10,8, Sum: 18,4]
      [Termination (ms): Min: 0,0, Avg: 1,0, Max: 2,1, Diff: 2,1, Sum: 4,2]
         [Termination Attempts: Min: 1, Avg: 1,2, Max: 2, Diff: 1, Sum: 5]
      [GC Worker Other (ms): Min: 0,0, Avg: 0,0, Max: 0,0, Diff: 0,0, Sum: 0,0]
      [GC Worker Total (ms): Min: 11,4, Avg: 17,0, Max: 22,2, Diff: 10,7, Sum: 67,9]
      [GC Worker End (ms): Min: 4610099,6, Avg: 4610099,7, Max: 4610099,7, Diff: 0,1]
   [Code Root Fixup: 0,0 ms]
   [Code Root Purge: 0,0 ms]
   [Clear CT: 0,1 ms]
   [Other: 2,2 ms]
      [Choose CSet: 0,0 ms]
      [Ref Proc: 1,8 ms]
      [Ref Enq: 0,0 ms]
      [Redirty Cards: 0,1 ms]
      [Humongous Register: 0,0 ms]
      [Humongous Reclaim: 0,0 ms]
      [Free CSet: 0,1 ms]
   [Eden: 50176,0K(50176,0K)->0,0B(50176,0K) Survivors: 2048,0K->2048,0K Heap: 225,7M(1024,0M)->176,8M(1024,0M)]
 [Times: user=0,03 sys=0,00, real=0,03 secs] 
2020-09-27T21:16:20.125-0300: 4610,577: [GC pause (G1 Evacuation Pause) (young), 0,0094826 secs]
   [Parallel Time: 8,2 ms, GC Workers: 4]
      [GC Worker Start (ms): Min: 4610577,3, Avg: 4610579,7, Max: 4610580,7, Diff: 3,4]
      [Ext Root Scanning (ms): Min: 0,0, Avg: 0,4, Max: 1,7, Diff: 1,7, Sum: 1,7]
      [Update RS (ms): Min: 0,3, Avg: 1,7, Max: 5,3, Diff: 4,9, Sum: 6,9]
         [Processed Buffers: Min: 1, Avg: 9,2, Max: 21, Diff: 20, Sum: 37]
      [Scan RS (ms): Min: 0,0, Avg: 1,5, Max: 2,0, Diff: 2,0, Sum: 5,9]
      [Code Root Scanning (ms): Min: 0,0, Avg: 0,0, Max: 0,0, Diff: 0,0, Sum: 0,0]
      [Object Copy (ms): Min: 0,2, Avg: 1,3, Max: 2,1, Diff: 1,9, Sum: 5,1]
      [Termination (ms): Min: 0,0, Avg: 0,6, Max: 1,0, Diff: 1,0, Sum: 2,3]
         [Termination Attempts: Min: 1, Avg: 1,0, Max: 1, Diff: 0, Sum: 4]
      [GC Worker Other (ms): Min: 0,0, Avg: 0,0, Max: 0,0, Diff: 0,0, Sum: 0,0]
      [GC Worker Total (ms): Min: 4,4, Avg: 5,5, Max: 7,8, Diff: 3,4, Sum: 21,9]
      [GC Worker End (ms): Min: 4610585,1, Avg: 4610585,2, Max: 4610585,5, Diff: 0,4]
   [Code Root Fixup: 0,0 ms]
   [Code Root Purge: 0,0 ms]
   [Clear CT: 0,1 ms]
   [Other: 1,2 ms]
      [Choose CSet: 0,0 ms]
      [Ref Proc: 0,8 ms]
      [Ref Enq: 0,0 ms]
      [Redirty Cards: 0,1 ms]
      [Humongous Register: 0,0 ms]
      [Humongous Reclaim: 0,0 ms]
      [Free CSet: 0,1 ms]
   [Eden: 50176,0K(50176,0K)->0,0B(51200,0K) Survivors: 2048,0K->1024,0K Heap: 227,5M(1024,0M)->177,4M(1024,0M)]
 [Times: user=0,02 sys=0,00, real=0,01 secs] 
2020-09-27T21:16:20.676-0300: 4611,128: [GC pause (G1 Evacuation Pause) (young), 0,0195809 secs]
   [Parallel Time: 11,3 ms, GC Workers: 4]
      [GC Worker Start (ms): Min: 4611127,9, Avg: 4611131,1, Max: 4611136,3, Diff: 8,5]
      [Ext Root Scanning (ms): Min: 0,0, Avg: 0,4, Max: 1,0, Diff: 1,0, Sum: 1,7]
      [Update RS (ms): Min: 0,0, Avg: 0,6, Max: 1,3, Diff: 1,3, Sum: 2,5]
         [Processed Buffers: Min: 0, Avg: 6,2, Max: 13, Diff: 13, Sum: 25]
      [Scan RS (ms): Min: 0,1, Avg: 3,2, Max: 7,8, Diff: 7,6, Sum: 12,6]
      [Code Root Scanning (ms): Min: 0,0, Avg: 0,0, Max: 0,0, Diff: 0,0, Sum: 0,0]
      [Object Copy (ms): Min: 0,0, Avg: 1,1, Max: 2,2, Diff: 2,2, Sum: 4,4]
      [Termination (ms): Min: 0,0, Avg: 1,8, Max: 3,5, Diff: 3,5, Sum: 7,3]
         [Termination Attempts: Min: 1, Avg: 1,0, Max: 1, Diff: 0, Sum: 4]
      [GC Worker Other (ms): Min: 0,0, Avg: 0,0, Max: 0,0, Diff: 0,0, Sum: 0,0]
      [GC Worker Total (ms): Min: 1,7, Avg: 7,1, Max: 11,3, Diff: 9,6, Sum: 28,5]
      [GC Worker End (ms): Min: 4611137,9, Avg: 4611138,3, Max: 4611139,2, Diff: 1,2]
   [Code Root Fixup: 0,0 ms]
   [Code Root Purge: 0,0 ms]
   [Clear CT: 0,1 ms]
   [Other: 8,2 ms]
      [Choose CSet: 0,0 ms]
      [Ref Proc: 7,7 ms]
      [Ref Enq: 0,0 ms]
      [Redirty Cards: 0,1 ms]
      [Humongous Register: 0,1 ms]
      [Humongous Reclaim: 0,0 ms]
      [Free CSet: 0,1 ms]
   [Eden: 51200,0K(51200,0K)->0,0B(50176,0K) Survivors: 1024,0K->2048,0K Heap: 231,0M(1024,0M)->176,8M(1024,0M)]
 [Times: user=0,03 sys=0,00, real=0,02 secs] 
2020-09-27T21:16:21.181-0300: 4611,634: [GC pause (G1 Evacuation Pause) (young), 0,0244691 secs]
   [Parallel Time: 11,2 ms, GC Workers: 4]
      [GC Worker Start (ms): Min: 4611633,9, Avg: 4611635,1, Max: 4611636,0, Diff: 2,1]
      [Ext Root Scanning (ms): Min: 0,0, Avg: 1,6, Max: 5,5, Diff: 5,5, Sum: 6,4]
      [Update RS (ms): Min: 0,0, Avg: 2,7, Max: 8,1, Diff: 8,1, Sum: 10,8]
         [Processed Buffers: Min: 0, Avg: 7,8, Max: 18, Diff: 18, Sum: 31]
      [Scan RS (ms): Min: 0,0, Avg: 3,9, Max: 7,6, Diff: 7,6, Sum: 15,5]
      [Code Root Scanning (ms): Min: 0,0, Avg: 0,0, Max: 0,0, Diff: 0,0, Sum: 0,0]
      [Object Copy (ms): Min: 0,0, Avg: 1,1, Max: 3,8, Diff: 3,8, Sum: 4,5]
      [Termination (ms): Min: 0,0, Avg: 0,5, Max: 0,7, Diff: 0,7, Sum: 2,0]
         [Termination Attempts: Min: 1, Avg: 1,5, Max: 2, Diff: 1, Sum: 6]
      [GC Worker Other (ms): Min: 0,0, Avg: 0,0, Max: 0,0, Diff: 0,0, Sum: 0,0]
      [GC Worker Total (ms): Min: 8,9, Avg: 9,8, Max: 11,1, Diff: 2,1, Sum: 39,3]
      [GC Worker End (ms): Min: 4611644,9, Avg: 4611644,9, Max: 4611645,0, Diff: 0,0]
   [Code Root Fixup: 0,0 ms]
   [Code Root Purge: 0,0 ms]
   [Clear CT: 0,3 ms]
   [Other: 13,0 ms]
      [Choose CSet: 0,0 ms]
      [Ref Proc: 0,8 ms]
      [Ref Enq: 0,0 ms]
      [Redirty Cards: 11,7 ms]
      [Humongous Register: 0,1 ms]
      [Humongous Reclaim: 0,1 ms]
      [Free CSet: 0,1 ms]
   [Eden: 50176,0K(50176,0K)->0,0B(51200,0K) Survivors: 2048,0K->1024,0K Heap: 226,9M(1024,0M)->176,6M(1024,0M)]
 [Times: user=0,02 sys=0,00, real=0,02 secs] 
2020-09-27T21:16:21.779-0300: 4612,231: [GC pause (G1 Evacuation Pause) (young), 0,0074698 secs]
   [Parallel Time: 6,1 ms, GC Workers: 4]
      [GC Worker Start (ms): Min: 4612231,3, Avg: 4612232,2, Max: 4612233,1, Diff: 1,9]
      [Ext Root Scanning (ms): Min: 0,0, Avg: 0,4, Max: 0,9, Diff: 0,9, Sum: 1,8]
      [Update RS (ms): Min: 0,2, Avg: 1,4, Max: 4,0, Diff: 3,8, Sum: 5,5]
         [Processed Buffers: Min: 2, Avg: 7,0, Max: 14, Diff: 12, Sum: 28]
      [Scan RS (ms): Min: 0,0, Avg: 1,5, Max: 2,0, Diff: 2,0, Sum: 6,1]
      [Code Root Scanning (ms): Min: 0,0, Avg: 0,0, Max: 0,0, Diff: 0,0, Sum: 0,0]
      [Object Copy (ms): Min: 0,4, Avg: 1,3, Max: 1,9, Diff: 1,5, Sum: 5,0]
      [Termination (ms): Min: 0,0, Avg: 0,5, Max: 0,7, Diff: 0,7, Sum: 2,0]
         [Termination Attempts: Min: 1, Avg: 1,0, Max: 1, Diff: 0, Sum: 4]
      [GC Worker Other (ms): Min: 0,0, Avg: 0,0, Max: 0,0, Diff: 0,0, Sum: 0,0]
      [GC Worker Total (ms): Min: 4,2, Avg: 5,1, Max: 6,0, Diff: 1,9, Sum: 20,4]
      [GC Worker End (ms): Min: 4612237,3, Avg: 4612237,3, Max: 4612237,3, Diff: 0,0]
   [Code Root Fixup: 0,0 ms]
   [Code Root Purge: 0,0 ms]
   [Clear CT: 0,1 ms]
   [Other: 1,3 ms]
      [Choose CSet: 0,0 ms]
      [Ref Proc: 0,9 ms]
      [Ref Enq: 0,0 ms]
      [Redirty Cards: 0,1 ms]
      [Humongous Register: 0,1 ms]
      [Humongous Reclaim: 0,0 ms]
      [Free CSet: 0,1 ms]
   [Eden: 51200,0K(51200,0K)->0,0B(51200,0K) Survivors: 1024,0K->1024,0K Heap: 227,3M(1024,0M)->176,6M(1024,0M)]
 [Times: user=0,02 sys=0,00, real=0,01 secs] 
2020-09-27T21:16:22.346-0300: 4612,798: [GC pause (G1 Evacuation Pause) (young), 0,0138702 secs]
   [Parallel Time: 12,5 ms, GC Workers: 4]
      [GC Worker Start (ms): Min: 4612798,2, Avg: 4612798,3, Max: 4612798,5, Diff: 0,3]
      [Ext Root Scanning (ms): Min: 0,7, Avg: 2,8, Max: 5,6, Diff: 4,9, Sum: 11,3]
      [Update RS (ms): Min: 0,0, Avg: 0,9, Max: 1,8, Diff: 1,8, Sum: 3,5]
         [Processed Buffers: Min: 0, Avg: 8,2, Max: 25, Diff: 25, Sum: 33]
      [Scan RS (ms): Min: 0,0, Avg: 3,1, Max: 9,5, Diff: 9,5, Sum: 12,4]
      [Code Root Scanning (ms): Min: 0,0, Avg: 0,0, Max: 0,0, Diff: 0,0, Sum: 0,0]
      [Object Copy (ms): Min: 0,1, Avg: 2,1, Max: 3,6, Diff: 3,5, Sum: 8,2]
      [Termination (ms): Min: 0,0, Avg: 3,4, Max: 5,0, Diff: 5,0, Sum: 13,6]
         [Termination Attempts: Min: 1, Avg: 12,5, Max: 27, Diff: 26, Sum: 50]
      [GC Worker Other (ms): Min: 0,0, Avg: 0,0, Max: 0,0, Diff: 0,0, Sum: 0,0]
      [GC Worker Total (ms): Min: 12,1, Avg: 12,3, Max: 12,4, Diff: 0,4, Sum: 49,0]
      [GC Worker End (ms): Min: 4612810,5, Avg: 4612810,6, Max: 4612810,6, Diff: 0,1]
   [Code Root Fixup: 0,0 ms]
   [Code Root Purge: 0,0 ms]
   [Clear CT: 0,1 ms]
   [Other: 1,3 ms]
      [Choose CSet: 0,0 ms]
      [Ref Proc: 0,9 ms]
      [Ref Enq: 0,0 ms]
      [Redirty Cards: 0,1 ms]
      [Humongous Register: 0,1 ms]
      [Humongous Reclaim: 0,0 ms]
      [Free CSet: 0,1 ms]
   [Eden: 51200,0K(51200,0K)->0,0B(50176,0K) Survivors: 1024,0K->2048,0K Heap: 226,6M(1024,0M)->177,5M(1024,0M)]
 [Times: user=0,03 sys=0,00, real=0,01 secs] 
2020-09-27T21:16:22.863-0300: 4613,315: [GC pause (G1 Evacuation Pause) (young), 0,0183162 secs]
   [Parallel Time: 15,9 ms, GC Workers: 4]
      [GC Worker Start (ms): Min: 4613315,1, Avg: 4613317,6, Max: 4613320,2, Diff: 5,2]
      [Ext Root Scanning (ms): Min: 0,0, Avg: 0,4, Max: 0,8, Diff: 0,8, Sum: 1,6]
      [Update RS (ms): Min: 0,0, Avg: 0,8, Max: 1,7, Diff: 1,7, Sum: 3,4]
         [Processed Buffers: Min: 0, Avg: 7,5, Max: 23, Diff: 23, Sum: 30]
      [Scan RS (ms): Min: 0,1, Avg: 3,7, Max: 11,7, Diff: 11,7, Sum: 14,6]
      [Code Root Scanning (ms): Min: 0,0, Avg: 0,0, Max: 0,0, Diff: 0,0, Sum: 0,0]
      [Object Copy (ms): Min: 0,1, Avg: 1,4, Max: 1,8, Diff: 1,7, Sum: 5,6]
      [Termination (ms): Min: 0,0, Avg: 6,2, Max: 8,8, Diff: 8,8, Sum: 24,6]
         [Termination Attempts: Min: 1, Avg: 1,8, Max: 4, Diff: 3, Sum: 7]
      [GC Worker Other (ms): Min: 0,0, Avg: 0,0, Max: 0,0, Diff: 0,0, Sum: 0,0]
      [GC Worker Total (ms): Min: 9,5, Avg: 12,5, Max: 15,3, Diff: 5,7, Sum: 49,8]
      [GC Worker End (ms): Min: 4613329,4, Avg: 4613330,1, Max: 4613330,9, Diff: 1,5]
   [Code Root Fixup: 0,0 ms]
   [Code Root Purge: 0,0 ms]
   [Clear CT: 0,5 ms]
   [Other: 1,9 ms]
      [Choose CSet: 0,0 ms]
      [Ref Proc: 1,5 ms]
      [Ref Enq: 0,0 ms]
      [Redirty Cards: 0,1 ms]
      [Humongous Register: 0,1 ms]
      [Humongous Reclaim: 0,0 ms]
      [Free CSet: 0,1 ms]
   [Eden: 50176,0K(50176,0K)->0,0B(51200,0K) Survivors: 2048,0K->1024,0K Heap: 227,1M(1024,0M)->176,6M(1024,0M)]
 [Times: user=0,03 sys=0,00, real=0,02 secs] 
2020-09-27T21:16:23.705-0300: 4614,157: [GC pause (G1 Evacuation Pause) (young), 0,0094079 secs]
   [Parallel Time: 7,6 ms, GC Workers: 4]
      [GC Worker Start (ms): Min: 4614157,1, Avg: 4614157,9, Max: 4614160,2, Diff: 3,1]
      [Ext Root Scanning (ms): Min: 0,0, Avg: 0,4, Max: 0,7, Diff: 0,7, Sum: 1,7]
      [Update RS (ms): Min: 0,0, Avg: 0,8, Max: 1,1, Diff: 1,1, Sum: 3,2]
         [Processed Buffers: Min: 0, Avg: 9,5, Max: 14, Diff: 14, Sum: 38]
      [Scan RS (ms): Min: 0,6, Avg: 2,3, Max: 4,4, Diff: 3,8, Sum: 9,2]
      [Code Root Scanning (ms): Min: 0,0, Avg: 0,0, Max: 0,0, Diff: 0,0, Sum: 0,0]
      [Object Copy (ms): Min: 0,0, Avg: 1,2, Max: 1,7, Diff: 1,7, Sum: 5,0]
      [Termination (ms): Min: 0,0, Avg: 0,9, Max: 2,1, Diff: 2,1, Sum: 3,7]
         [Termination Attempts: Min: 1, Avg: 1,0, Max: 1, Diff: 0, Sum: 4]
      [GC Worker Other (ms): Min: 0,0, Avg: 0,0, Max: 0,0, Diff: 0,0, Sum: 0,0]
      [GC Worker Total (ms): Min: 3,0, Avg: 5,7, Max: 7,5, Diff: 4,5, Sum: 22,8]
      [GC Worker End (ms): Min: 4614163,2, Avg: 4614163,6, Max: 4614164,6, Diff: 1,4]
   [Code Root Fixup: 0,0 ms]
   [Code Root Purge: 0,0 ms]
   [Clear CT: 0,1 ms]
   [Other: 1,7 ms]
      [Choose CSet: 0,0 ms]
      [Ref Proc: 1,3 ms]
      [Ref Enq: 0,0 ms]
      [Redirty Cards: 0,1 ms]
      [Humongous Register: 0,1 ms]
      [Humongous Reclaim: 0,0 ms]
      [Free CSet: 0,1 ms]
   [Eden: 51200,0K(51200,0K)->0,0B(51200,0K) Survivors: 1024,0K->1024,0K Heap: 229,1M(1024,0M)->176,8M(1024,0M)]
 [Times: user=0,02 sys=0,00, real=0,01 secs] 
2020-09-27T21:16:24.564-0300: 4615,016: [GC pause (G1 Evacuation Pause) (young), 0,0145233 secs]
   [Parallel Time: 13,0 ms, GC Workers: 4]
      [GC Worker Start (ms): Min: 4615016,3, Avg: 4615019,3, Max: 4615024,8, Diff: 8,5]
      [Ext Root Scanning (ms): Min: 0,0, Avg: 0,4, Max: 1,7, Diff: 1,6, Sum: 1,7]
      [Update RS (ms): Min: 0,0, Avg: 1,5, Max: 2,2, Diff: 2,2, Sum: 6,1]
         [Processed Buffers: Min: 0, Avg: 8,5, Max: 25, Diff: 25, Sum: 34]
      [Scan RS (ms): Min: 0,0, Avg: 2,0, Max: 2,7, Diff: 2,7, Sum: 8,0]
      [Code Root Scanning (ms): Min: 0,0, Avg: 0,0, Max: 0,0, Diff: 0,0, Sum: 0,0]
      [Object Copy (ms): Min: 0,9, Avg: 4,6, Max: 6,4, Diff: 5,5, Sum: 18,4]
      [Termination (ms): Min: 0,0, Avg: 1,3, Max: 3,4, Diff: 3,4, Sum: 5,3]
         [Termination Attempts: Min: 1, Avg: 1,0, Max: 1, Diff: 0, Sum: 4]
      [GC Worker Other (ms): Min: 0,0, Avg: 0,0, Max: 0,0, Diff: 0,0, Sum: 0,0]
      [GC Worker Total (ms): Min: 4,4, Avg: 9,9, Max: 13,0, Diff: 8,6, Sum: 39,4]
      [GC Worker End (ms): Min: 4615029,1, Avg: 4615029,2, Max: 4615029,2, Diff: 0,1]
   [Code Root Fixup: 0,0 ms]
   [Code Root Purge: 0,0 ms]
   [Clear CT: 0,1 ms]
   [Other: 1,4 ms]
      [Choose CSet: 0,0 ms]
      [Ref Proc: 1,0 ms]
      [Ref Enq: 0,0 ms]
      [Redirty Cards: 0,1 ms]
      [Humongous Register: 0,1 ms]
      [Humongous Reclaim: 0,0 ms]
      [Free CSet: 0,1 ms]
   [Eden: 51200,0K(51200,0K)->0,0B(50176,0K) Survivors: 1024,0K->2048,0K Heap: 227,6M(1024,0M)->177,1M(1024,0M)]
 [Times: user=0,02 sys=0,00, real=0,01 secs] 
2020-09-27T21:16:25.082-0300: 4615,534: [GC pause (G1 Evacuation Pause) (young), 0,0315547 secs]
   [Parallel Time: 17,1 ms, GC Workers: 4]
      [GC Worker Start (ms): Min: 4615534,5, Avg: 4615540,8, Max: 4615547,0, Diff: 12,5]
      [Ext Root Scanning (ms): Min: 0,0, Avg: 0,4, Max: 1,7, Diff: 1,7, Sum: 1,7]
      [Update RS (ms): Min: 0,0, Avg: 0,9, Max: 3,7, Diff: 3,7, Sum: 3,7]
         [Processed Buffers: Min: 0, Avg: 7,5, Max: 30, Diff: 30, Sum: 30]
      [Scan RS (ms): Min: 0,1, Avg: 4,7, Max: 9,0, Diff: 8,9, Sum: 18,9]
      [Code Root Scanning (ms): Min: 0,0, Avg: 0,0, Max: 0,0, Diff: 0,0, Sum: 0,0]
      [Object Copy (ms): Min: 0,0, Avg: 0,7, Max: 2,8, Diff: 2,7, Sum: 2,9]
      [Termination (ms): Min: 0,0, Avg: 2,0, Max: 5,1, Diff: 5,1, Sum: 8,1]
         [Termination Attempts: Min: 1, Avg: 1,2, Max: 2, Diff: 1, Sum: 5]
      [GC Worker Other (ms): Min: 0,0, Avg: 0,0, Max: 0,0, Diff: 0,0, Sum: 0,0]
      [GC Worker Total (ms): Min: 2,0, Avg: 8,8, Max: 14,5, Diff: 12,5, Sum: 35,4]
      [GC Worker End (ms): Min: 4615549,0, Avg: 4615549,6, Max: 4615551,5, Diff: 2,5]
   [Code Root Fixup: 0,0 ms]
   [Code Root Purge: 0,0 ms]
   [Clear CT: 0,5 ms]
   [Other: 14,0 ms]
      [Choose CSet: 0,0 ms]
      [Ref Proc: 8,4 ms]
      [Ref Enq: 0,0 ms]
      [Redirty Cards: 5,2 ms]
      [Humongous Register: 0,0 ms]
      [Humongous Reclaim: 0,0 ms]
      [Free CSet: 0,1 ms]
   [Eden: 50176,0K(50176,0K)->0,0B(51200,0K) Survivors: 2048,0K->1024,0K Heap: 226,7M(1024,0M)->176,8M(1024,0M)]
 [Times: user=0,03 sys=0,00, real=0,03 secs] 
2020-09-27T21:16:25.683-0300: 4616,135: [GC pause (G1 Evacuation Pause) (young), 0,0168396 secs]
   [Parallel Time: 13,5 ms, GC Workers: 4]
      [GC Worker Start (ms): Min: 4616134,9, Avg: 4616140,8, Max: 4616144,6, Diff: 9,7]
      [Ext Root Scanning (ms): Min: 0,0, Avg: 0,4, Max: 1,7, Diff: 1,7, Sum: 1,8]
      [Update RS (ms): Min: 0,0, Avg: 3,8, Max: 11,3, Diff: 11,3, Sum: 15,1]
         [Processed Buffers: Min: 0, Avg: 7,8, Max: 29, Diff: 29, Sum: 31]
      [Scan RS (ms): Min: 0,1, Avg: 1,7, Max: 5,2, Diff: 5,2, Sum: 6,9]
      [Code Root Scanning (ms): Min: 0,0, Avg: 0,0, Max: 0,0, Diff: 0,0, Sum: 0,0]
      [Object Copy (ms): Min: 0,0, Avg: 1,0, Max: 2,0, Diff: 2,0, Sum: 4,1]
      [Termination (ms): Min: 0,0, Avg: 0,6, Max: 1,2, Diff: 1,2, Sum: 2,4]
         [Termination Attempts: Min: 1, Avg: 15,2, Max: 52, Diff: 51, Sum: 61]
      [GC Worker Other (ms): Min: 0,0, Avg: 0,0, Max: 0,0, Diff: 0,0, Sum: 0,0]
      [GC Worker Total (ms): Min: 3,7, Avg: 7,6, Max: 13,4, Diff: 9,7, Sum: 30,4]
      [GC Worker End (ms): Min: 4616148,3, Avg: 4616148,3, Max: 4616148,4, Diff: 0,0]
   [Code Root Fixup: 0,0 ms]
   [Code Root Purge: 0,0 ms]
   [Clear CT: 0,1 ms]
   [Other: 3,3 ms]
      [Choose CSet: 0,0 ms]
      [Ref Proc: 2,9 ms]
      [Ref Enq: 0,0 ms]
      [Redirty Cards: 0,1 ms]
      [Humongous Register: 0,1 ms]
      [Humongous Reclaim: 0,0 ms]
      [Free CSet: 0,1 ms]
   [Eden: 51200,0K(51200,0K)->0,0B(51200,0K) Survivors: 1024,0K->1024,0K Heap: 227,4M(1024,0M)->176,7M(1024,0M)]
 [Times: user=0,02 sys=0,00, real=0,01 secs] 
2020-09-27T21:16:26.272-0300: 4616,724: [GC pause (G1 Evacuation Pause) (young), 0,0246130 secs]
   [Parallel Time: 22,7 ms, GC Workers: 4]
      [GC Worker Start (ms): Min: 4616724,7, Avg: 4616728,1, Max: 4616731,5, Diff: 6,8]
      [Ext Root Scanning (ms): Min: 0,0, Avg: 0,5, Max: 0,9, Diff: 0,9, Sum: 1,8]
      [Update RS (ms): Min: 0,0, Avg: 0,7, Max: 1,5, Diff: 1,5, Sum: 2,9]
         [Processed Buffers: Min: 0, Avg: 9,0, Max: 19, Diff: 19, Sum: 36]
      [Scan RS (ms): Min: 0,0, Avg: 1,2, Max: 2,3, Diff: 2,3, Sum: 4,7]
      [Code Root Scanning (ms): Min: 0,0, Avg: 0,0, Max: 0,0, Diff: 0,0, Sum: 0,0]
      [Object Copy (ms): Min: 0,0, Avg: 0,7, Max: 1,5, Diff: 1,5, Sum: 2,9]
      [Termination (ms): Min: 0,0, Avg: 4,3, Max: 16,4, Diff: 16,4, Sum: 17,3]
         [Termination Attempts: Min: 1, Avg: 9,5, Max: 29, Diff: 28, Sum: 38]
      [GC Worker Other (ms): Min: 0,0, Avg: 0,0, Max: 0,0, Diff: 0,0, Sum: 0,0]
      [GC Worker Total (ms): Min: 0,0, Avg: 7,4, Max: 22,6, Diff: 22,6, Sum: 29,5]
      [GC Worker End (ms): Min: 4616731,5, Avg: 4616735,5, Max: 4616747,3, Diff: 15,8]
   [Code Root Fixup: 0,0 ms]
   [Code Root Purge: 0,0 ms]
   [Clear CT: 0,1 ms]
   [Other: 1,8 ms]
      [Choose CSet: 0,0 ms]
      [Ref Proc: 1,4 ms]
      [Ref Enq: 0,0 ms]
      [Redirty Cards: 0,1 ms]
      [Humongous Register: 0,1 ms]
      [Humongous Reclaim: 0,0 ms]
      [Free CSet: 0,1 ms]
   [Eden: 51200,0K(51200,0K)->0,0B(51200,0K) Survivors: 1024,0K->1024,0K Heap: 229,8M(1024,0M)->177,2M(1024,0M)]
 [Times: user=0,02 sys=0,00, real=0,02 secs] 
2020-09-27T21:16:26.756-0300: 4617,208: [GC pause (G1 Evacuation Pause) (young), 0,0139506 secs]
   [Parallel Time: 11,8 ms, GC Workers: 4]
      [GC Worker Start (ms): Min: 4617207,8, Avg: 4617208,0, Max: 4617208,1, Diff: 0,3]
      [Ext Root Scanning (ms): Min: 0,7, Avg: 3,4, Max: 7,7, Diff: 7,0, Sum: 13,6]
      [Update RS (ms): Min: 0,0, Avg: 0,8, Max: 1,7, Diff: 1,7, Sum: 3,4]
         [Processed Buffers: Min: 0, Avg: 7,2, Max: 20, Diff: 20, Sum: 29]
      [Scan RS (ms): Min: 0,1, Avg: 3,1, Max: 9,0, Diff: 8,8, Sum: 12,3]
      [Code Root Scanning (ms): Min: 0,0, Avg: 0,0, Max: 0,0, Diff: 0,0, Sum: 0,0]
      [Object Copy (ms): Min: 0,1, Avg: 0,9, Max: 1,8, Diff: 1,7, Sum: 3,6]
      [Termination (ms): Min: 0,0, Avg: 3,4, Max: 4,9, Diff: 4,9, Sum: 13,5]
         [Termination Attempts: Min: 1, Avg: 1,5, Max: 3, Diff: 2, Sum: 6]
      [GC Worker Other (ms): Min: 0,0, Avg: 0,0, Max: 0,0, Diff: 0,0, Sum: 0,0]
      [GC Worker Total (ms): Min: 11,4, Avg: 11,6, Max: 11,8, Diff: 0,3, Sum: 46,4]
      [GC Worker End (ms): Min: 4617219,5, Avg: 4617219,5, Max: 4617219,6, Diff: 0,0]
   [Code Root Fixup: 0,0 ms]
   [Code Root Purge: 0,0 ms]
   [Clear CT: 0,1 ms]
   [Other: 2,1 ms]
      [Choose CSet: 0,0 ms]
      [Ref Proc: 1,6 ms]
      [Ref Enq: 0,0 ms]
      [Redirty Cards: 0,1 ms]
      [Humongous Register: 0,1 ms]
      [Humongous Reclaim: 0,0 ms]
      [Free CSet: 0,1 ms]
   [Eden: 51200,0K(51200,0K)->0,0B(51200,0K) Survivors: 1024,0K->1024,0K Heap: 228,4M(1024,0M)->177,0M(1024,0M)]
 [Times: user=0,02 sys=0,00, real=0,02 secs] 
2020-09-27T21:16:27.314-0300: 4617,767: [GC pause (G1 Evacuation Pause) (young), 0,0105951 secs]
   [Parallel Time: 8,9 ms, GC Workers: 4]
      [GC Worker Start (ms): Min: 4617766,8, Avg: 4617767,4, Max: 4617769,1, Diff: 2,4]
      [Ext Root Scanning (ms): Min: 0,0, Avg: 1,1, Max: 3,4, Diff: 3,4, Sum: 4,5]
      [Update RS (ms): Min: 0,0, Avg: 2,2, Max: 6,6, Diff: 6,6, Sum: 8,7]
         [Processed Buffers: Min: 0, Avg: 10,2, Max: 27, Diff: 27, Sum: 41]
      [Scan RS (ms): Min: 0,0, Avg: 1,7, Max: 2,7, Diff: 2,7, Sum: 6,9]
      [Code Root Scanning (ms): Min: 0,0, Avg: 0,0, Max: 0,0, Diff: 0,0, Sum: 0,0]
      [Object Copy (ms): Min: 0,1, Avg: 1,5, Max: 2,9, Diff: 2,9, Sum: 5,9]
      [Termination (ms): Min: 0,0, Avg: 1,1, Max: 2,3, Diff: 2,3, Sum: 4,4]
         [Termination Attempts: Min: 1, Avg: 1,0, Max: 1, Diff: 0, Sum: 4]
      [GC Worker Other (ms): Min: 0,0, Avg: 0,0, Max: 0,0, Diff: 0,0, Sum: 0,0]
      [GC Worker Total (ms): Min: 5,6, Avg: 7,6, Max: 8,9, Diff: 3,3, Sum: 30,4]
      [GC Worker End (ms): Min: 4617774,7, Avg: 4617775,0, Max: 4617775,7, Diff: 0,9]
   [Code Root Fixup: 0,0 ms]
   [Code Root Purge: 0,0 ms]
   [Clear CT: 0,1 ms]
   [Other: 1,6 ms]
      [Choose CSet: 0,0 ms]
      [Ref Proc: 0,8 ms]
      [Ref Enq: 0,0 ms]
      [Redirty Cards: 0,5 ms]
      [Humongous Register: 0,1 ms]
      [Humongous Reclaim: 0,0 ms]
      [Free CSet: 0,1 ms]
   [Eden: 51200,0K(51200,0K)->0,0B(112,0M) Survivors: 1024,0K->1024,0K Heap: 229,9M(1024,0M)->176,9M(1024,0M)]
 [Times: user=0,02 sys=0,00, real=0,01 secs] 
2020-09-27T21:16:28.562-0300: 4619,014: [GC pause (G1 Evacuation Pause) (young), 0,0122303 secs]
   [Parallel Time: 10,8 ms, GC Workers: 4]
      [GC Worker Start (ms): Min: 4619013,8, Avg: 4619019,0, Max: 4619021,7, Diff: 8,0]
      [Ext Root Scanning (ms): Min: 0,0, Avg: 0,5, Max: 1,8, Diff: 1,8, Sum: 1,8]
      [Update RS (ms): Min: 0,0, Avg: 0,9, Max: 3,7, Diff: 3,7, Sum: 3,7]
         [Processed Buffers: Min: 0, Avg: 9,0, Max: 36, Diff: 36, Sum: 36]
      [Scan RS (ms): Min: 0,1, Avg: 2,0, Max: 4,9, Diff: 4,8, Sum: 7,9]
      [Code Root Scanning (ms): Min: 0,0, Avg: 0,0, Max: 0,0, Diff: 0,0, Sum: 0,0]
      [Object Copy (ms): Min: 0,1, Avg: 1,4, Max: 2,2, Diff: 2,1, Sum: 5,8]
      [Termination (ms): Min: 0,0, Avg: 0,6, Max: 1,0, Diff: 1,0, Sum: 2,3]
         [Termination Attempts: Min: 1, Avg: 1,2, Max: 2, Diff: 1, Sum: 5]
      [GC Worker Other (ms): Min: 0,0, Avg: 0,0, Max: 0,0, Diff: 0,0, Sum: 0,0]
      [GC Worker Total (ms): Min: 2,8, Avg: 5,4, Max: 10,6, Diff: 7,8, Sum: 21,6]
      [GC Worker End (ms): Min: 4619024,4, Avg: 4619024,4, Max: 4619024,5, Diff: 0,1]
   [Code Root Fixup: 0,0 ms]
   [Code Root Purge: 0,0 ms]
   [Clear CT: 0,1 ms]
   [Other: 1,3 ms]
      [Choose CSet: 0,0 ms]
      [Ref Proc: 0,9 ms]
      [Ref Enq: 0,0 ms]
      [Redirty Cards: 0,1 ms]
      [Humongous Register: 0,0 ms]
      [Humongous Reclaim: 0,1 ms]
      [Free CSet: 0,1 ms]
   [Eden: 112,0M(112,0M)->0,0B(418,0M) Survivors: 1024,0K->1024,0K Heap: 290,7M(1024,0M)->177,3M(1024,0M)]
 [Times: user=0,02 sys=0,00, real=0,01 secs] 
2020-09-27T21:16:30.660-0300: 4621,112: [GC pause (G1 Evacuation Pause) (young), 0,0213427 secs]
   [Parallel Time: 20,0 ms, GC Workers: 4]
      [GC Worker Start (ms): Min: 4621112,4, Avg: 4621119,2, Max: 4621123,8, Diff: 11,4]
      [Ext Root Scanning (ms): Min: 0,0, Avg: 0,4, Max: 1,7, Diff: 1,7, Sum: 1,8]
      [Update RS (ms): Min: 0,0, Avg: 0,8, Max: 3,2, Diff: 3,2, Sum: 3,2]
         [Processed Buffers: Min: 0, Avg: 11,0, Max: 44, Diff: 44, Sum: 44]
      [Scan RS (ms): Min: 0,1, Avg: 2,6, Max: 8,3, Diff: 8,2, Sum: 10,5]
      [Code Root Scanning (ms): Min: 0,0, Avg: 0,0, Max: 0,0, Diff: 0,0, Sum: 0,0]
      [Object Copy (ms): Min: 0,0, Avg: 1,0, Max: 1,9, Diff: 1,9, Sum: 3,9]
      [Termination (ms): Min: 0,0, Avg: 1,8, Max: 2,6, Diff: 2,6, Sum: 7,1]
         [Termination Attempts: Min: 1, Avg: 1,2, Max: 2, Diff: 1, Sum: 5]
      [GC Worker Other (ms): Min: 0,0, Avg: 0,0, Max: 0,0, Diff: 0,0, Sum: 0,0]
      [GC Worker Total (ms): Min: 2,0, Avg: 6,6, Max: 13,4, Diff: 11,3, Sum: 26,5]
      [GC Worker End (ms): Min: 4621125,8, Avg: 4621125,8, Max: 4621125,8, Diff: 0,1]
   [Code Root Fixup: 0,0 ms]
   [Code Root Purge: 0,0 ms]
   [Clear CT: 0,1 ms]
   [Other: 1,3 ms]
      [Choose CSet: 0,0 ms]
      [Ref Proc: 0,8 ms]
      [Ref Enq: 0,0 ms]
      [Redirty Cards: 0,1 ms]
      [Humongous Register: 0,1 ms]
      [Humongous Reclaim: 0,0 ms]
      [Free CSet: 0,1 ms]
   [Eden: 149,0M(51200,0K)->0,0B(333,0M) Survivors: 1024,0K->1024,0K Heap: 344,2M(1024,0M)->177,9M(1024,0M)]
 [Times: user=0,02 sys=0,00, real=0,03 secs] 
2020-09-27T21:16:33.062-0300: 4623,514: [GC pause (G1 Evacuation Pause) (young), 0,0279001 secs]
   [Parallel Time: 14,2 ms, GC Workers: 4]
      [GC Worker Start (ms): Min: 4623513,8, Avg: 4623517,4, Max: 4623519,9, Diff: 6,0]
      [Ext Root Scanning (ms): Min: 0,0, Avg: 0,4, Max: 1,7, Diff: 1,7, Sum: 1,7]
      [Update RS (ms): Min: 0,1, Avg: 5,0, Max: 10,3, Diff: 10,2, Sum: 20,1]
         [Processed Buffers: Min: 0, Avg: 13,5, Max: 32, Diff: 32, Sum: 54]
      [Scan RS (ms): Min: 0,0, Avg: 1,3, Max: 2,6, Diff: 2,6, Sum: 5,3]
      [Code Root Scanning (ms): Min: 0,0, Avg: 0,0, Max: 0,0, Diff: 0,0, Sum: 0,0]
      [Object Copy (ms): Min: 0,0, Avg: 0,9, Max: 1,7, Diff: 1,7, Sum: 3,5]
      [Termination (ms): Min: 0,0, Avg: 1,9, Max: 2,9, Diff: 2,9, Sum: 7,6]
         [Termination Attempts: Min: 1, Avg: 1,0, Max: 1, Diff: 0, Sum: 4]
      [GC Worker Other (ms): Min: 0,0, Avg: 0,0, Max: 0,0, Diff: 0,0, Sum: 0,0]
      [GC Worker Total (ms): Min: 6,8, Avg: 9,5, Max: 14,2, Diff: 7,3, Sum: 38,2]
      [GC Worker End (ms): Min: 4623526,5, Avg: 4623527,0, Max: 4623528,0, Diff: 1,5]
   [Code Root Fixup: 0,0 ms]
   [Code Root Purge: 0,0 ms]
   [Clear CT: 0,9 ms]
   [Other: 12,7 ms]
      [Choose CSet: 0,0 ms]
      [Ref Proc: 12,2 ms]
      [Ref Enq: 0,0 ms]
      [Redirty Cards: 0,1 ms]
      [Humongous Register: 0,1 ms]
      [Humongous Reclaim: 0,0 ms]
      [Free CSet: 0,1 ms]
   [Eden: 162,0M(51200,0K)->0,0B(51200,0K) Survivors: 1024,0K->1024,0K Heap: 347,5M(1024,0M)->177,3M(1024,0M)]
 [Times: user=0,03 sys=0,00, real=0,03 secs] 
2020-09-27T21:16:33.622-0300: 4624,074: [GC pause (G1 Evacuation Pause) (young), 0,0115605 secs]
   [Parallel Time: 8,5 ms, GC Workers: 4]
      [GC Worker Start (ms): Min: 4624074,0, Avg: 4624078,6, Max: 4624082,3, Diff: 8,3]
      [Ext Root Scanning (ms): Min: 0,0, Avg: 0,3, Max: 1,3, Diff: 1,3, Sum: 1,3]
      [Update RS (ms): Min: 0,0, Avg: 0,6, Max: 1,8, Diff: 1,8, Sum: 2,6]
         [Processed Buffers: Min: 0, Avg: 8,5, Max: 25, Diff: 25, Sum: 34]
      [Scan RS (ms): Min: 0,0, Avg: 1,3, Max: 2,6, Diff: 2,6, Sum: 5,1]
      [Code Root Scanning (ms): Min: 0,0, Avg: 0,0, Max: 0,0, Diff: 0,0, Sum: 0,0]
      [Object Copy (ms): Min: 0,0, Avg: 0,7, Max: 1,4, Diff: 1,4, Sum: 2,8]
      [Termination (ms): Min: 0,0, Avg: 0,8, Max: 1,4, Diff: 1,4, Sum: 3,3]
         [Termination Attempts: Min: 1, Avg: 1,0, Max: 1, Diff: 0, Sum: 4]
      [GC Worker Other (ms): Min: 0,0, Avg: 0,0, Max: 0,0, Diff: 0,0, Sum: 0,0]
      [GC Worker Total (ms): Min: 0,0, Avg: 3,8, Max: 8,3, Diff: 8,3, Sum: 15,2]
      [GC Worker End (ms): Min: 4624082,3, Avg: 4624082,4, Max: 4624082,4, Diff: 0,1]
   [Code Root Fixup: 0,0 ms]
   [Code Root Purge: 0,0 ms]
   [Clear CT: 0,9 ms]
   [Other: 2,2 ms]
      [Choose CSet: 0,0 ms]
      [Ref Proc: 1,8 ms]
      [Ref Enq: 0,0 ms]
      [Redirty Cards: 0,1 ms]
      [Humongous Register: 0,0 ms]
      [Humongous Reclaim: 0,0 ms]
      [Free CSet: 0,1 ms]
   [Eden: 51200,0K(51200,0K)->0,0B(184,0M) Survivors: 1024,0K->1024,0K Heap: 229,2M(1024,0M)->177,0M(1024,0M)]
 [Times: user=0,02 sys=0,00, real=0,01 secs] 
2020-09-27T21:16:35.612-0300: 4626,064: [GC pause (G1 Evacuation Pause) (young), 0,0136256 secs]
   [Parallel Time: 10,8 ms, GC Workers: 4]
      [GC Worker Start (ms): Min: 4626064,0, Avg: 4626068,1, Max: 4626072,2, Diff: 8,2]
      [Ext Root Scanning (ms): Min: 0,0, Avg: 0,5, Max: 2,0, Diff: 2,0, Sum: 2,0]
      [Update RS (ms): Min: 0,0, Avg: 2,3, Max: 6,5, Diff: 6,5, Sum: 9,1]
         [Processed Buffers: Min: 0, Avg: 9,8, Max: 30, Diff: 30, Sum: 39]
      [Scan RS (ms): Min: 0,0, Avg: 1,3, Max: 2,6, Diff: 2,6, Sum: 5,2]
      [Code Root Scanning (ms): Min: 0,0, Avg: 0,0, Max: 0,0, Diff: 0,0, Sum: 0,0]
      [Object Copy (ms): Min: 1,9, Avg: 2,3, Max: 2,9, Diff: 1,0, Sum: 9,3]
      [Termination (ms): Min: 0,0, Avg: 0,4, Max: 0,7, Diff: 0,7, Sum: 1,4]
         [Termination Attempts: Min: 1, Avg: 1,0, Max: 1, Diff: 0, Sum: 4]
      [GC Worker Other (ms): Min: 0,0, Avg: 0,0, Max: 0,0, Diff: 0,0, Sum: 0,0]
      [GC Worker Total (ms): Min: 2,6, Avg: 6,7, Max: 10,8, Diff: 8,2, Sum: 27,0]
      [GC Worker End (ms): Min: 4626074,8, Avg: 4626074,8, Max: 4626074,8, Diff: 0,0]
   [Code Root Fixup: 0,0 ms]
   [Code Root Purge: 0,0 ms]
   [Clear CT: 0,1 ms]
   [Other: 2,7 ms]
      [Choose CSet: 0,0 ms]
      [Ref Proc: 2,2 ms]
      [Ref Enq: 0,0 ms]
      [Redirty Cards: 0,1 ms]
      [Humongous Register: 0,1 ms]
      [Humongous Reclaim: 0,0 ms]
      [Free CSet: 0,1 ms]
   [Eden: 184,0M(184,0M)->0,0B(413,0M) Survivors: 1024,0K->1024,0K Heap: 362,9M(1024,0M)->177,3M(1024,0M)]
 [Times: user=0,02 sys=0,00, real=0,01 secs] 
2020-09-27T21:16:36.663-0300: 4627,115: [GC pause (G1 Evacuation Pause) (young), 0,0242328 secs]
   [Parallel Time: 19,1 ms, GC Workers: 4]
      [GC Worker Start (ms): Min: 4627115,3, Avg: 4627116,2, Max: 4627118,8, Diff: 3,6]
      [Ext Root Scanning (ms): Min: 0,0, Avg: 0,5, Max: 0,7, Diff: 0,7, Sum: 1,9]
      [Update RS (ms): Min: 0,0, Avg: 0,9, Max: 1,2, Diff: 1,2, Sum: 3,4]
         [Processed Buffers: Min: 0, Avg: 9,2, Max: 21, Diff: 21, Sum: 37]
      [Scan RS (ms): Min: 0,2, Avg: 3,0, Max: 8,1, Diff: 7,9, Sum: 12,2]
      [Code Root Scanning (ms): Min: 0,0, Avg: 0,0, Max: 0,0, Diff: 0,0, Sum: 0,0]
      [Object Copy (ms): Min: 0,0, Avg: 1,0, Max: 1,4, Diff: 1,3, Sum: 3,9]
      [Termination (ms): Min: 0,0, Avg: 6,4, Max: 14,0, Diff: 14,0, Sum: 25,6]
         [Termination Attempts: Min: 1, Avg: 1,0, Max: 1, Diff: 0, Sum: 4]
      [GC Worker Other (ms): Min: 0,0, Avg: 0,0, Max: 0,0, Diff: 0,0, Sum: 0,0]
      [GC Worker Total (ms): Min: 8,1, Avg: 11,8, Max: 19,0, Diff: 10,9, Sum: 47,0]
      [GC Worker End (ms): Min: 4627125,2, Avg: 4627127,9, Max: 4627134,3, Diff: 9,1]
   [Code Root Fixup: 0,0 ms]
   [Code Root Purge: 0,0 ms]
   [Clear CT: 0,1 ms]
   [Other: 5,0 ms]
      [Choose CSet: 0,0 ms]
      [Ref Proc: 4,6 ms]
      [Ref Enq: 0,0 ms]
      [Redirty Cards: 0,1 ms]
      [Humongous Register: 0,0 ms]
      [Humongous Reclaim: 0,0 ms]
      [Free CSet: 0,1 ms]
   [Eden: 101,0M(51200,0K)->0,0B(451,0M) Survivors: 1024,0K->1024,0K Heap: 279,5M(1024,0M)->177,4M(1024,0M)]
 [Times: user=0,03 sys=0,00, real=0,02 secs] 
2020-09-27T21:16:37.194-0300: 4627,646: [GC pause (G1 Evacuation Pause) (young), 0,0233884 secs]
   [Parallel Time: 18,6 ms, GC Workers: 4]
      [GC Worker Start (ms): Min: 4627646,0, Avg: 4627646,9, Max: 4627649,5, Diff: 3,6]
      [Ext Root Scanning (ms): Min: 0,0, Avg: 0,5, Max: 0,6, Diff: 0,6, Sum: 1,8]
      [Update RS (ms): Min: 0,0, Avg: 0,8, Max: 1,1, Diff: 1,1, Sum: 3,3]
         [Processed Buffers: Min: 0, Avg: 10,0, Max: 21, Diff: 21, Sum: 40]
      [Scan RS (ms): Min: 0,2, Avg: 4,4, Max: 13,7, Diff: 13,5, Sum: 17,8]
      [Code Root Scanning (ms): Min: 0,0, Avg: 0,0, Max: 0,0, Diff: 0,0, Sum: 0,0]
      [Object Copy (ms): Min: 0,1, Avg: 1,1, Max: 1,5, Diff: 1,4, Sum: 4,2]
      [Termination (ms): Min: 0,0, Avg: 8,5, Max: 13,2, Diff: 13,2, Sum: 34,1]
         [Termination Attempts: Min: 1, Avg: 4,2, Max: 8, Diff: 7, Sum: 17]
      [GC Worker Other (ms): Min: 0,0, Avg: 0,0, Max: 0,0, Diff: 0,0, Sum: 0,0]
      [GC Worker Total (ms): Min: 14,7, Avg: 15,3, Max: 15,6, Diff: 0,9, Sum: 61,3]
      [GC Worker End (ms): Min: 4627661,5, Avg: 4627662,2, Max: 4627664,2, Diff: 2,7]
   [Code Root Fixup: 0,0 ms]
   [Code Root Purge: 0,0 ms]
   [Clear CT: 0,1 ms]
   [Other: 4,7 ms]
      [Choose CSet: 0,0 ms]
      [Ref Proc: 4,2 ms]
      [Ref Enq: 0,0 ms]
      [Redirty Cards: 0,1 ms]
      [Humongous Register: 0,1 ms]
      [Humongous Reclaim: 0,0 ms]
      [Free CSet: 0,1 ms]
   [Eden: 51200,0K(51200,0K)->0,0B(613,0M) Survivors: 1024,0K->1024,0K Heap: 228,7M(1024,0M)->177,5M(1024,0M)]
 [Times: user=0,05 sys=0,00, real=0,02 secs] 
2020-09-27T21:16:38.772-0300: 4629,225: [GC pause (G1 Evacuation Pause) (young), 0,0205044 secs]
   [Parallel Time: 19,1 ms, GC Workers: 4]
      [GC Worker Start (ms): Min: 4629224,8, Avg: 4629230,5, Max: 4629236,3, Diff: 11,5]
      [Ext Root Scanning (ms): Min: 0,0, Avg: 0,5, Max: 1,8, Diff: 1,8, Sum: 1,8]
      [Update RS (ms): Min: 0,0, Avg: 4,1, Max: 14,5, Diff: 14,5, Sum: 16,4]
         [Processed Buffers: Min: 0, Avg: 10,5, Max: 41, Diff: 41, Sum: 42]
      [Scan RS (ms): Min: 0,0, Avg: 5,0, Max: 9,8, Diff: 9,8, Sum: 20,1]
      [Code Root Scanning (ms): Min: 0,0, Avg: 0,0, Max: 0,0, Diff: 0,0, Sum: 0,0]
      [Object Copy (ms): Min: 1,7, Avg: 3,2, Max: 6,0, Diff: 4,3, Sum: 13,0]
      [Termination (ms): Min: 0,0, Avg: 0,2, Max: 0,4, Diff: 0,4, Sum: 1,0]
         [Termination Attempts: Min: 1, Avg: 1,0, Max: 1, Diff: 0, Sum: 4]
      [GC Worker Other (ms): Min: 0,0, Avg: 0,0, Max: 0,0, Diff: 0,0, Sum: 0,0]
      [GC Worker Total (ms): Min: 7,3, Avg: 13,1, Max: 18,7, Diff: 11,4, Sum: 52,4]
      [GC Worker End (ms): Min: 4629243,5, Avg: 4629243,6, Max: 4629243,8, Diff: 0,3]
   [Code Root Fixup: 0,0 ms]
   [Code Root Purge: 0,0 ms]
   [Clear CT: 0,2 ms]
   [Other: 1,2 ms]
      [Choose CSet: 0,0 ms]
      [Ref Proc: 0,7 ms]
      [Ref Enq: 0,0 ms]
      [Redirty Cards: 0,1 ms]
      [Humongous Register: 0,1 ms]
      [Humongous Reclaim: 0,0 ms]
      [Free CSet: 0,1 ms]
   [Eden: 146,0M(51200,0K)->0,0B(613,0M) Survivors: 1024,0K->1024,0K Heap: 326,3M(1024,0M)->178,0M(1024,0M)]
 [Times: user=0,02 sys=0,00, real=0,02 secs] 
2020-09-27T21:16:41.478-0300: 4631,930: [GC pause (G1 Evacuation Pause) (young), 0,0495552 secs]
   [Parallel Time: 35,0 ms, GC Workers: 4]
      [GC Worker Start (ms): Min: 4631930,6, Avg: 4631933,9, Max: 4631940,3, Diff: 9,7]
      [Ext Root Scanning (ms): Min: 0,0, Avg: 0,4, Max: 0,9, Diff: 0,9, Sum: 1,8]
      [Update RS (ms): Min: 0,0, Avg: 0,8, Max: 1,7, Diff: 1,7, Sum: 3,3]
         [Processed Buffers: Min: 0, Avg: 10,2, Max: 22, Diff: 22, Sum: 41]
      [Scan RS (ms): Min: 0,2, Avg: 4,0, Max: 10,2, Diff: 10,0, Sum: 16,1]
      [Code Root Scanning (ms): Min: 0,0, Avg: 0,0, Max: 0,0, Diff: 0,0, Sum: 0,0]
      [Object Copy (ms): Min: 0,1, Avg: 2,6, Max: 5,2, Diff: 5,1, Sum: 10,5]
      [Termination (ms): Min: 0,0, Avg: 4,8, Max: 8,6, Diff: 8,6, Sum: 19,3]
         [Termination Attempts: Min: 1, Avg: 1,2, Max: 2, Diff: 1, Sum: 5]
      [GC Worker Other (ms): Min: 0,0, Avg: 7,2, Max: 22,1, Diff: 22,1, Sum: 28,8]
      [GC Worker Total (ms): Min: 9,6, Avg: 20,0, Max: 35,0, Diff: 25,4, Sum: 79,8]
      [GC Worker End (ms): Min: 4631949,9, Avg: 4631953,8, Max: 4631965,6, Diff: 15,7]
   [Code Root Fixup: 0,0 ms]
   [Code Root Purge: 0,0 ms]
   [Clear CT: 2,6 ms]
   [Other: 11,9 ms]
      [Choose CSet: 0,0 ms]
      [Ref Proc: 11,4 ms]
      [Ref Enq: 0,0 ms]
      [Redirty Cards: 0,1 ms]
      [Humongous Register: 0,0 ms]
      [Humongous Reclaim: 0,0 ms]
      [Free CSet: 0,1 ms]
   [Eden: 163,0M(51200,0K)->0,0B(50176,0K) Survivors: 1024,0K->2048,0K Heap: 344,1M(1024,0M)->178,4M(1024,0M)]
 [Times: user=0,03 sys=0,00, real=0,05 secs] 
2020-09-27T21:16:42.018-0300: 4632,471: [GC pause (G1 Evacuation Pause) (young), 0,0105798 secs]
   [Parallel Time: 5,0 ms, GC Workers: 4]
      [GC Worker Start (ms): Min: 4632470,7, Avg: 4632471,9, Max: 4632472,3, Diff: 1,6]
      [Ext Root Scanning (ms): Min: 0,1, Avg: 0,5, Max: 1,6, Diff: 1,5, Sum: 1,9]
      [Update RS (ms): Min: 0,8, Avg: 0,9, Max: 0,9, Diff: 0,1, Sum: 3,4]
         [Processed Buffers: Min: 4, Avg: 8,5, Max: 16, Diff: 12, Sum: 34]
      [Scan RS (ms): Min: 1,5, Avg: 1,5, Max: 1,6, Diff: 0,1, Sum: 6,2]
      [Code Root Scanning (ms): Min: 0,0, Avg: 0,0, Max: 0,0, Diff: 0,0, Sum: 0,0]
      [Object Copy (ms): Min: 0,8, Avg: 0,9, Max: 0,9, Diff: 0,1, Sum: 3,5]
      [Termination (ms): Min: 0,0, Avg: 0,0, Max: 0,0, Diff: 0,0, Sum: 0,0]
         [Termination Attempts: Min: 1, Avg: 1,0, Max: 1, Diff: 0, Sum: 4]
      [GC Worker Other (ms): Min: 0,0, Avg: 0,0, Max: 0,0, Diff: 0,0, Sum: 0,0]
      [GC Worker Total (ms): Min: 3,3, Avg: 3,7, Max: 4,9, Diff: 1,6, Sum: 15,0]
      [GC Worker End (ms): Min: 4632475,6, Avg: 4632475,6, Max: 4632475,6, Diff: 0,0]
   [Code Root Fixup: 0,0 ms]
   [Code Root Purge: 0,0 ms]
   [Clear CT: 0,1 ms]
   [Other: 5,5 ms]
      [Choose CSet: 0,0 ms]
      [Ref Proc: 5,1 ms]
      [Ref Enq: 0,0 ms]
      [Redirty Cards: 0,1 ms]
      [Humongous Register: 0,1 ms]
      [Humongous Reclaim: 0,0 ms]
      [Free CSet: 0,1 ms]
   [Eden: 50176,0K(50176,0K)->0,0B(51200,0K) Survivors: 2048,0K->1024,0K Heap: 229,7M(1024,0M)->177,5M(1024,0M)]
 [Times: user=0,02 sys=0,00, real=0,02 secs] 
2020-09-27T21:16:42.554-0300: 4633,006: [GC pause (G1 Evacuation Pause) (young), 0,0108045 secs]
   [Parallel Time: 8,8 ms, GC Workers: 4]
      [GC Worker Start (ms): Min: 4633006,2, Avg: 4633007,6, Max: 4633010,0, Diff: 3,8]
      [Ext Root Scanning (ms): Min: 0,0, Avg: 0,5, Max: 1,0, Diff: 1,0, Sum: 2,0]
      [Update RS (ms): Min: 0,7, Avg: 3,5, Max: 6,5, Diff: 5,8, Sum: 14,1]
         [Processed Buffers: Min: 0, Avg: 8,8, Max: 18, Diff: 18, Sum: 35]
      [Scan RS (ms): Min: 0,0, Avg: 1,3, Max: 3,4, Diff: 3,4, Sum: 5,2]
      [Code Root Scanning (ms): Min: 0,0, Avg: 0,0, Max: 0,0, Diff: 0,0, Sum: 0,0]
      [Object Copy (ms): Min: 0,2, Avg: 1,6, Max: 2,9, Diff: 2,7, Sum: 6,4]
      [Termination (ms): Min: 0,0, Avg: 0,3, Max: 0,7, Diff: 0,7, Sum: 1,3]
         [Termination Attempts: Min: 1, Avg: 1,0, Max: 1, Diff: 0, Sum: 4]
      [GC Worker Other (ms): Min: 0,0, Avg: 0,0, Max: 0,0, Diff: 0,0, Sum: 0,0]
      [GC Worker Total (ms): Min: 4,9, Avg: 7,3, Max: 8,8, Diff: 3,8, Sum: 29,1]
      [GC Worker End (ms): Min: 4633014,9, Avg: 4633014,9, Max: 4633014,9, Diff: 0,0]
   [Code Root Fixup: 0,0 ms]
   [Code Root Purge: 0,0 ms]
   [Clear CT: 0,1 ms]
   [Other: 1,9 ms]
      [Choose CSet: 0,0 ms]
      [Ref Proc: 1,5 ms]
      [Ref Enq: 0,0 ms]
      [Redirty Cards: 0,1 ms]
      [Humongous Register: 0,1 ms]
      [Humongous Reclaim: 0,0 ms]
      [Free CSet: 0,1 ms]
   [Eden: 51200,0K(51200,0K)->0,0B(51200,0K) Survivors: 1024,0K->1024,0K Heap: 228,0M(1024,0M)->177,6M(1024,0M)]
 [Times: user=0,02 sys=0,00, real=0,01 secs] 
2020-09-27T21:16:43.117-0300: 4633,569: [GC pause (G1 Evacuation Pause) (young), 0,0286503 secs]
   [Parallel Time: 18,8 ms, GC Workers: 4]
      [GC Worker Start (ms): Min: 4633569,5, Avg: 4633573,6, Max: 4633574,9, Diff: 5,4]
      [Ext Root Scanning (ms): Min: 0,0, Avg: 0,5, Max: 2,0, Diff: 2,0, Sum: 2,0]
      [Update RS (ms): Min: 2,5, Avg: 5,3, Max: 10,9, Diff: 8,4, Sum: 21,3]
         [Processed Buffers: Min: 0, Avg: 8,0, Max: 18, Diff: 18, Sum: 32]
      [Scan RS (ms): Min: 0,0, Avg: 1,0, Max: 1,9, Diff: 1,9, Sum: 3,8]
      [Code Root Scanning (ms): Min: 0,0, Avg: 0,0, Max: 0,0, Diff: 0,0, Sum: 0,0]
      [Object Copy (ms): Min: 0,1, Avg: 1,9, Max: 3,4, Diff: 3,2, Sum: 7,6]
      [Termination (ms): Min: 0,0, Avg: 2,3, Max: 5,8, Diff: 5,8, Sum: 9,3]
         [Termination Attempts: Min: 1, Avg: 1,0, Max: 1, Diff: 0, Sum: 4]
      [GC Worker Other (ms): Min: 0,0, Avg: 0,0, Max: 0,0, Diff: 0,0, Sum: 0,0]
      [GC Worker Total (ms): Min: 7,8, Avg: 11,0, Max: 18,8, Diff: 11,0, Sum: 44,0]
      [GC Worker End (ms): Min: 4633582,7, Avg: 4633584,6, Max: 4633588,3, Diff: 5,6]
   [Code Root Fixup: 0,0 ms]
   [Code Root Purge: 0,0 ms]
   [Clear CT: 2,1 ms]
   [Other: 7,7 ms]
      [Choose CSet: 0,0 ms]
      [Ref Proc: 3,2 ms]
      [Ref Enq: 0,0 ms]
      [Redirty Cards: 4,1 ms]
      [Humongous Register: 0,1 ms]
      [Humongous Reclaim: 0,0 ms]
      [Free CSet: 0,1 ms]
   [Eden: 51200,0K(51200,0K)->0,0B(51200,0K) Survivors: 1024,0K->1024,0K Heap: 227,6M(1024,0M)->177,8M(1024,0M)]
 [Times: user=0,02 sys=0,00, real=0,03 secs] 
2020-09-27T21:16:43.743-0300: 4634,195: [GC pause (G1 Evacuation Pause) (young), 0,0225747 secs]
   [Parallel Time: 10,7 ms, GC Workers: 4]
      [GC Worker Start (ms): Min: 4634195,2, Avg: 4634198,7, Max: 4634201,9, Diff: 6,7]
      [Ext Root Scanning (ms): Min: 0,0, Avg: 0,5, Max: 1,9, Diff: 1,9, Sum: 1,9]
      [Update RS (ms): Min: 0,0, Avg: 2,5, Max: 8,6, Diff: 8,6, Sum: 10,0]
         [Processed Buffers: Min: 0, Avg: 7,8, Max: 22, Diff: 22, Sum: 31]
      [Scan RS (ms): Min: 0,0, Avg: 2,6, Max: 6,3, Diff: 6,3, Sum: 10,4]
      [Code Root Scanning (ms): Min: 0,0, Avg: 0,0, Max: 0,0, Diff: 0,0, Sum: 0,0]
      [Object Copy (ms): Min: 0,0, Avg: 1,2, Max: 2,4, Diff: 2,4, Sum: 4,9]
      [Termination (ms): Min: 0,0, Avg: 0,4, Max: 0,8, Diff: 0,8, Sum: 1,6]
         [Termination Attempts: Min: 1, Avg: 1,0, Max: 1, Diff: 0, Sum: 4]
      [GC Worker Other (ms): Min: 0,0, Avg: 0,0, Max: 0,0, Diff: 0,0, Sum: 0,0]
      [GC Worker Total (ms): Min: 4,0, Avg: 7,2, Max: 10,7, Diff: 6,6, Sum: 28,8]
      [GC Worker End (ms): Min: 4634205,9, Avg: 4634205,9, Max: 4634205,9, Diff: 0,1]
   [Code Root Fixup: 0,0 ms]
   [Code Root Purge: 0,0 ms]
   [Clear CT: 9,8 ms]
   [Other: 2,1 ms]
      [Choose CSet: 0,0 ms]
      [Ref Proc: 1,6 ms]
      [Ref Enq: 0,0 ms]
      [Redirty Cards: 0,1 ms]
      [Humongous Register: 0,1 ms]
      [Humongous Reclaim: 0,0 ms]
      [Free CSet: 0,1 ms]
   [Eden: 51200,0K(51200,0K)->0,0B(51200,0K) Survivors: 1024,0K->1024,0K Heap: 230,7M(1024,0M)->177,7M(1024,0M)]
 [Times: user=0,02 sys=0,00, real=0,02 secs] 
2020-09-27T21:16:44.269-0300: 4634,722: [GC pause (G1 Evacuation Pause) (young), 0,0252391 secs]
   [Parallel Time: 22,6 ms, GC Workers: 4]
      [GC Worker Start (ms): Min: 4634721,7, Avg: 4634725,9, Max: 4634728,2, Diff: 6,5]
      [Ext Root Scanning (ms): Min: 0,0, Avg: 0,5, Max: 2,0, Diff: 2,0, Sum: 2,0]
      [Update RS (ms): Min: 0,3, Avg: 4,4, Max: 9,8, Diff: 9,5, Sum: 17,8]
         [Processed Buffers: Min: 0, Avg: 8,2, Max: 24, Diff: 24, Sum: 33]
      [Scan RS (ms): Min: 0,0, Avg: 1,1, Max: 2,2, Diff: 2,2, Sum: 4,3]
      [Code Root Scanning (ms): Min: 0,0, Avg: 0,0, Max: 0,0, Diff: 0,0, Sum: 0,0]
      [Object Copy (ms): Min: 0,2, Avg: 1,6, Max: 3,5, Diff: 3,4, Sum: 6,3]
      [Termination (ms): Min: 0,0, Avg: 5,1, Max: 11,3, Diff: 11,3, Sum: 20,2]
         [Termination Attempts: Min: 1, Avg: 1,0, Max: 1, Diff: 0, Sum: 4]
      [GC Worker Other (ms): Min: 0,0, Avg: 0,0, Max: 0,0, Diff: 0,0, Sum: 0,0]
      [GC Worker Total (ms): Min: 6,1, Avg: 12,7, Max: 19,6, Diff: 13,5, Sum: 50,7]
      [GC Worker End (ms): Min: 4634734,3, Avg: 4634738,5, Max: 4634744,2, Diff: 9,9]
   [Code Root Fixup: 0,0 ms]
   [Code Root Purge: 0,0 ms]
   [Clear CT: 0,1 ms]
   [Other: 2,5 ms]
      [Choose CSet: 0,0 ms]
      [Ref Proc: 2,1 ms]
      [Ref Enq: 0,0 ms]
      [Redirty Cards: 0,1 ms]
      [Humongous Register: 0,1 ms]
      [Humongous Reclaim: 0,0 ms]
      [Free CSet: 0,1 ms]
   [Eden: 51200,0K(51200,0K)->0,0B(50176,0K) Survivors: 1024,0K->2048,0K Heap: 227,7M(1024,0M)->178,1M(1024,0M)]
 [Times: user=0,02 sys=0,00, real=0,02 secs] 
2020-09-27T21:16:44.825-0300: 4635,278: [GC pause (G1 Evacuation Pause) (young), 0,0070469 secs]
   [Parallel Time: 6,3 ms, GC Workers: 4]
      [GC Worker Start (ms): Min: 4635277,8, Avg: 4635279,0, Max: 4635280,3, Diff: 2,5]
      [Ext Root Scanning (ms): Min: 0,0, Avg: 0,5, Max: 1,0, Diff: 1,0, Sum: 2,0]
      [Update RS (ms): Min: 0,0, Avg: 1,7, Max: 5,1, Diff: 5,0, Sum: 6,8]
         [Processed Buffers: Min: 1, Avg: 6,2, Max: 12, Diff: 11, Sum: 25]
      [Scan RS (ms): Min: 0,0, Avg: 1,5, Max: 2,1, Diff: 2,1, Sum: 6,1]
      [Code Root Scanning (ms): Min: 0,0, Avg: 0,0, Max: 0,0, Diff: 0,0, Sum: 0,0]
      [Object Copy (ms): Min: 0,1, Avg: 1,0, Max: 1,3, Diff: 1,2, Sum: 3,8]
      [Termination (ms): Min: 0,0, Avg: 0,3, Max: 0,4, Diff: 0,4, Sum: 1,0]
         [Termination Attempts: Min: 1, Avg: 10,0, Max: 21, Diff: 20, Sum: 40]
      [GC Worker Other (ms): Min: 0,0, Avg: 0,0, Max: 0,0, Diff: 0,0, Sum: 0,0]
      [GC Worker Total (ms): Min: 3,6, Avg: 4,9, Max: 6,1, Diff: 2,5, Sum: 19,7]
      [GC Worker End (ms): Min: 4635283,9, Avg: 4635284,0, Max: 4635284,0, Diff: 0,1]
   [Code Root Fixup: 0,0 ms]
   [Code Root Purge: 0,0 ms]
   [Clear CT: 0,1 ms]
   [Other: 0,6 ms]
      [Choose CSet: 0,0 ms]
      [Ref Proc: 0,2 ms]
      [Ref Enq: 0,0 ms]
      [Redirty Cards: 0,1 ms]
      [Humongous Register: 0,1 ms]
      [Humongous Reclaim: 0,0 ms]
      [Free CSet: 0,1 ms]
   [Eden: 50176,0K(50176,0K)->0,0B(50176,0K) Survivors: 2048,0K->2048,0K Heap: 228,9M(1024,0M)->178,0M(1024,0M)]
 [Times: user=0,01 sys=0,01, real=0,01 secs] 
2020-09-27T21:16:45.363-0300: 4635,815: [GC pause (G1 Evacuation Pause) (young), 0,0149388 secs]
   [Parallel Time: 13,2 ms, GC Workers: 4]
      [GC Worker Start (ms): Min: 4635815,1, Avg: 4635820,5, Max: 4635824,2, Diff: 9,1]
      [Ext Root Scanning (ms): Min: 0,0, Avg: 0,4, Max: 1,8, Diff: 1,7, Sum: 1,8]
      [Update RS (ms): Min: 0,0, Avg: 2,9, Max: 10,4, Diff: 10,4, Sum: 11,7]
         [Processed Buffers: Min: 0, Avg: 7,2, Max: 29, Diff: 29, Sum: 29]
      [Scan RS (ms): Min: 0,0, Avg: 0,9, Max: 3,7, Diff: 3,7, Sum: 3,7]
      [Code Root Scanning (ms): Min: 0,0, Avg: 0,0, Max: 0,0, Diff: 0,0, Sum: 0,0]
      [Object Copy (ms): Min: 0,1, Avg: 2,4, Max: 4,7, Diff: 4,6, Sum: 9,5]
      [Termination (ms): Min: 0,0, Avg: 1,1, Max: 1,7, Diff: 1,7, Sum: 4,3]
         [Termination Attempts: Min: 1, Avg: 1,0, Max: 1, Diff: 0, Sum: 4]
      [GC Worker Other (ms): Min: 0,0, Avg: 0,0, Max: 0,0, Diff: 0,0, Sum: 0,0]
      [GC Worker Total (ms): Min: 4,0, Avg: 7,7, Max: 13,2, Diff: 9,2, Sum: 30,9]
      [GC Worker End (ms): Min: 4635828,2, Avg: 4635828,2, Max: 4635828,2, Diff: 0,0]
   [Code Root Fixup: 0,0 ms]
   [Code Root Purge: 0,0 ms]
   [Clear CT: 0,1 ms]
   [Other: 1,6 ms]
      [Choose CSet: 0,0 ms]
      [Ref Proc: 1,2 ms]
      [Ref Enq: 0,0 ms]
      [Redirty Cards: 0,1 ms]
      [Humongous Register: 0,1 ms]
      [Humongous Reclaim: 0,0 ms]
      [Free CSet: 0,1 ms]
   [Eden: 50176,0K(50176,0K)->0,0B(315,0M) Survivors: 2048,0K->1024,0K Heap: 229,1M(1024,0M)->177,8M(1024,0M)]
 [Times: user=0,02 sys=0,00, real=0,01 secs] 
2020-09-27T21:16:46.589-0300: 4637,041: [GC pause (G1 Evacuation Pause) (young), 0,0211166 secs]
   [Parallel Time: 18,7 ms, GC Workers: 4]
      [GC Worker Start (ms): Min: 4637041,4, Avg: 4637047,8, Max: 4637053,1, Diff: 11,7]
      [Ext Root Scanning (ms): Min: 0,0, Avg: 0,5, Max: 1,8, Diff: 1,8, Sum: 1,8]
      [Update RS (ms): Min: 0,0, Avg: 0,9, Max: 3,5, Diff: 3,5, Sum: 3,5]
         [Processed Buffers: Min: 0, Avg: 8,2, Max: 33, Diff: 33, Sum: 33]
      [Scan RS (ms): Min: 0,2, Avg: 3,9, Max: 11,7, Diff: 11,5, Sum: 15,7]
      [Code Root Scanning (ms): Min: 0,0, Avg: 0,0, Max: 0,0, Diff: 0,0, Sum: 0,0]
      [Object Copy (ms): Min: 0,0, Avg: 2,5, Max: 7,6, Diff: 7,6, Sum: 10,0]
      [Termination (ms): Min: 0,0, Avg: 3,4, Max: 7,7, Diff: 7,7, Sum: 13,8]
         [Termination Attempts: Min: 1, Avg: 1,5, Max: 2, Diff: 1, Sum: 6]
      [GC Worker Other (ms): Min: 0,0, Avg: 0,0, Max: 0,0, Diff: 0,0, Sum: 0,0]
      [GC Worker Total (ms): Min: 5,5, Avg: 11,2, Max: 17,2, Diff: 11,7, Sum: 44,9]
      [GC Worker End (ms): Min: 4637058,6, Avg: 4637059,0, Max: 4637060,1, Diff: 1,5]
   [Code Root Fixup: 0,0 ms]
   [Code Root Purge: 0,0 ms]
   [Clear CT: 0,2 ms]
   [Other: 2,2 ms]
      [Choose CSet: 0,0 ms]
      [Ref Proc: 1,7 ms]
      [Ref Enq: 0,0 ms]
      [Redirty Cards: 0,1 ms]
      [Humongous Register: 0,1 ms]
      [Humongous Reclaim: 0,0 ms]
      [Free CSet: 0,1 ms]
   [Eden: 117,0M(51200,0K)->0,0B(502,0M) Survivors: 1024,0K->1024,0K Heap: 296,0M(1024,0M)->177,9M(1024,0M)]
 [Times: user=0,03 sys=0,00, real=0,02 secs] 
2020-09-27T21:16:47.499-0300: 4637,951: [GC pause (G1 Evacuation Pause) (young), 0,0156222 secs]
   [Parallel Time: 7,7 ms, GC Workers: 4]
      [GC Worker Start (ms): Min: 4637951,4, Avg: 4637953,8, Max: 4637956,2, Diff: 4,8]
      [Ext Root Scanning (ms): Min: 0,0, Avg: 0,4, Max: 0,9, Diff: 0,9, Sum: 1,7]
      [Update RS (ms): Min: 0,0, Avg: 0,7, Max: 1,5, Diff: 1,5, Sum: 2,9]
         [Processed Buffers: Min: 0, Avg: 9,5, Max: 22, Diff: 22, Sum: 38]
      [Scan RS (ms): Min: 0,5, Avg: 2,3, Max: 5,3, Diff: 4,7, Sum: 9,2]
      [Code Root Scanning (ms): Min: 0,0, Avg: 0,0, Max: 0,0, Diff: 0,0, Sum: 0,0]
      [Object Copy (ms): Min: 0,1, Avg: 1,3, Max: 1,7, Diff: 1,6, Sum: 5,0]
      [Termination (ms): Min: 0,0, Avg: 0,5, Max: 0,7, Diff: 0,7, Sum: 2,1]
         [Termination Attempts: Min: 1, Avg: 8,0, Max: 15, Diff: 14, Sum: 32]
      [GC Worker Other (ms): Min: 0,0, Avg: 0,0, Max: 0,0, Diff: 0,0, Sum: 0,0]
      [GC Worker Total (ms): Min: 2,9, Avg: 5,3, Max: 7,6, Diff: 4,8, Sum: 21,0]
      [GC Worker End (ms): Min: 4637959,1, Avg: 4637959,1, Max: 4637959,1, Diff: 0,0]
   [Code Root Fixup: 0,0 ms]
   [Code Root Purge: 0,0 ms]
   [Clear CT: 0,2 ms]
   [Other: 7,8 ms]
      [Choose CSet: 0,0 ms]
      [Ref Proc: 7,3 ms]
      [Ref Enq: 0,0 ms]
      [Redirty Cards: 0,1 ms]
      [Humongous Register: 0,0 ms]
      [Humongous Reclaim: 0,0 ms]
      [Free CSet: 0,1 ms]
   [Eden: 83968,0K(51200,0K)->0,0B(613,0M) Survivors: 1024,0K->1024,0K Heap: 261,5M(1024,0M)->178,0M(1024,0M)]
 [Times: user=0,03 sys=0,00, real=0,02 secs] 
2020-09-27T21:16:49.290-0300: 4639,742: [GC pause (G1 Evacuation Pause) (young), 0,0119729 secs]
   [Parallel Time: 10,5 ms, GC Workers: 4]
      [GC Worker Start (ms): Min: 4639742,0, Avg: 4639743,7, Max: 4639748,2, Diff: 6,2]
      [Ext Root Scanning (ms): Min: 0,0, Avg: 1,0, Max: 2,6, Diff: 2,6, Sum: 3,9]
      [Update RS (ms): Min: 0,0, Avg: 1,9, Max: 5,2, Diff: 5,2, Sum: 7,6]
         [Processed Buffers: Min: 0, Avg: 9,0, Max: 21, Diff: 21, Sum: 36]
      [Scan RS (ms): Min: 0,4, Avg: 3,6, Max: 7,3, Diff: 6,9, Sum: 14,3]
      [Code Root Scanning (ms): Min: 0,0, Avg: 0,0, Max: 0,0, Diff: 0,0, Sum: 0,0]
      [Object Copy (ms): Min: 0,1, Avg: 1,7, Max: 3,6, Diff: 3,5, Sum: 7,0]
      [Termination (ms): Min: 0,0, Avg: 0,5, Max: 0,9, Diff: 0,9, Sum: 1,9]
         [Termination Attempts: Min: 1, Avg: 1,8, Max: 2, Diff: 1, Sum: 7]
      [GC Worker Other (ms): Min: 0,0, Avg: 0,0, Max: 0,0, Diff: 0,0, Sum: 0,0]
      [GC Worker Total (ms): Min: 4,2, Avg: 8,7, Max: 10,5, Diff: 6,2, Sum: 34,9]
      [GC Worker End (ms): Min: 4639752,5, Avg: 4639752,5, Max: 4639752,5, Diff: 0,0]
   [Code Root Fixup: 0,0 ms]
   [Code Root Purge: 0,0 ms]
   [Clear CT: 0,2 ms]
   [Other: 1,2 ms]
      [Choose CSet: 0,0 ms]
      [Ref Proc: 0,8 ms]
      [Ref Enq: 0,0 ms]
      [Redirty Cards: 0,1 ms]
      [Humongous Register: 0,1 ms]
      [Humongous Reclaim: 0,0 ms]
      [Free CSet: 0,1 ms]
   [Eden: 159,0M(51200,0K)->0,0B(613,0M) Survivors: 1024,0K->1024,0K Heap: 340,1M(1024,0M)->178,1M(1024,0M)]
 [Times: user=0,02 sys=0,00, real=0,01 secs] 
2020-09-27T21:16:52.005-0300: 4642,457: [GC pause (G1 Evacuation Pause) (young), 0,0296883 secs]
   [Parallel Time: 11,2 ms, GC Workers: 4]
      [GC Worker Start (ms): Min: 4642457,1, Avg: 4642460,0, Max: 4642464,2, Diff: 7,1]
      [Ext Root Scanning (ms): Min: 0,0, Avg: 0,4, Max: 1,1, Diff: 1,1, Sum: 1,6]
      [Update RS (ms): Min: 0,0, Avg: 0,8, Max: 1,6, Diff: 1,6, Sum: 3,1]
         [Processed Buffers: Min: 0, Avg: 10,2, Max: 34, Diff: 34, Sum: 41]
      [Scan RS (ms): Min: 0,2, Avg: 3,0, Max: 6,3, Diff: 6,2, Sum: 12,0]
      [Code Root Scanning (ms): Min: 0,0, Avg: 0,0, Max: 0,0, Diff: 0,0, Sum: 0,0]
      [Object Copy (ms): Min: 0,1, Avg: 1,5, Max: 3,1, Diff: 3,1, Sum: 6,2]
      [Termination (ms): Min: 0,0, Avg: 1,1, Max: 3,1, Diff: 3,1, Sum: 4,3]
         [Termination Attempts: Min: 1, Avg: 1,0, Max: 1, Diff: 0, Sum: 4]
      [GC Worker Other (ms): Min: 0,0, Avg: 0,0, Max: 0,0, Diff: 0,0, Sum: 0,0]
      [GC Worker Total (ms): Min: 2,1, Avg: 6,8, Max: 11,2, Diff: 9,1, Sum: 27,3]
      [GC Worker End (ms): Min: 4642466,3, Avg: 4642466,8, Max: 4642468,3, Diff: 2,0]
   [Code Root Fixup: 0,0 ms]
   [Code Root Purge: 0,0 ms]
   [Clear CT: 0,2 ms]
   [Other: 18,3 ms]
      [Choose CSet: 0,0 ms]
      [Ref Proc: 17,8 ms]
      [Ref Enq: 0,0 ms]
      [Redirty Cards: 0,1 ms]
      [Humongous Register: 0,1 ms]
      [Humongous Reclaim: 0,0 ms]
      [Free CSet: 0,1 ms]
   [Eden: 161,0M(51200,0K)->0,0B(51200,0K) Survivors: 1024,0K->1024,0K Heap: 340,9M(1024,0M)->178,2M(1024,0M)]
 [Times: user=0,03 sys=0,00, real=0,03 secs] 
2020-09-27T21:16:52.542-0300: 4642,994: [GC pause (G1 Evacuation Pause) (young), 0,0285069 secs]
   [Parallel Time: 25,9 ms, GC Workers: 4]
      [GC Worker Start (ms): Min: 4642994,6, Avg: 4643001,8, Max: 4643008,2, Diff: 13,7]
      [Ext Root Scanning (ms): Min: 0,0, Avg: 0,4, Max: 1,7, Diff: 1,7, Sum: 1,7]
      [Update RS (ms): Min: 0,0, Avg: 6,1, Max: 22,0, Diff: 22,0, Sum: 24,5]
         [Processed Buffers: Min: 0, Avg: 8,0, Max: 28, Diff: 28, Sum: 32]
      [Scan RS (ms): Min: 0,0, Avg: 2,5, Max: 8,3, Diff: 8,3, Sum: 10,2]
      [Code Root Scanning (ms): Min: 0,0, Avg: 0,0, Max: 0,0, Diff: 0,0, Sum: 0,0]
      [Object Copy (ms): Min: 0,0, Avg: 2,1, Max: 6,4, Diff: 6,3, Sum: 8,5]
      [Termination (ms): Min: 0,0, Avg: 5,9, Max: 9,3, Diff: 9,3, Sum: 23,7]
         [Termination Attempts: Min: 1, Avg: 1,0, Max: 1, Diff: 0, Sum: 4]
      [GC Worker Other (ms): Min: 0,0, Avg: 0,0, Max: 0,0, Diff: 0,0, Sum: 0,0]
      [GC Worker Total (ms): Min: 10,2, Avg: 17,1, Max: 23,9, Diff: 13,6, Sum: 68,6]
      [GC Worker End (ms): Min: 4643018,4, Avg: 4643018,9, Max: 4643020,4, Diff: 1,9]
   [Code Root Fixup: 0,0 ms]
   [Code Root Purge: 0,0 ms]
   [Clear CT: 0,1 ms]
   [Other: 2,6 ms]
      [Choose CSet: 0,0 ms]
      [Ref Proc: 2,1 ms]
      [Ref Enq: 0,0 ms]
      [Redirty Cards: 0,1 ms]
      [Humongous Register: 0,1 ms]
      [Humongous Reclaim: 0,0 ms]
      [Free CSet: 0,1 ms]
   [Eden: 51200,0K(51200,0K)->0,0B(51200,0K) Survivors: 1024,0K->1024,0K Heap: 228,2M(1024,0M)->178,1M(1024,0M)]
 [Times: user=0,02 sys=0,00, real=0,03 secs] 
2020-09-27T21:16:53.090-0300: 4643,543: [GC pause (G1 Evacuation Pause) (young), 0,0180783 secs]
   [Parallel Time: 10,0 ms, GC Workers: 4]
      [GC Worker Start (ms): Min: 4643542,8, Avg: 4643543,8, Max: 4643546,7, Diff: 3,9]
      [Ext Root Scanning (ms): Min: 0,0, Avg: 2,1, Max: 6,7, Diff: 6,7, Sum: 8,3]
      [Update RS (ms): Min: 0,0, Avg: 0,8, Max: 1,7, Diff: 1,7, Sum: 3,4]
         [Processed Buffers: Min: 0, Avg: 9,5, Max: 26, Diff: 26, Sum: 38]
      [Scan RS (ms): Min: 0,0, Avg: 2,7, Max: 7,1, Diff: 7,1, Sum: 10,6]
      [Code Root Scanning (ms): Min: 0,0, Avg: 0,0, Max: 0,0, Diff: 0,0, Sum: 0,0]
      [Object Copy (ms): Min: 0,1, Avg: 1,4, Max: 2,8, Diff: 2,7, Sum: 5,5]
      [Termination (ms): Min: 0,0, Avg: 1,9, Max: 2,9, Diff: 2,9, Sum: 7,6]
         [Termination Attempts: Min: 1, Avg: 3,2, Max: 9, Diff: 8, Sum: 13]
      [GC Worker Other (ms): Min: 0,0, Avg: 0,0, Max: 0,0, Diff: 0,0, Sum: 0,0]
      [GC Worker Total (ms): Min: 6,1, Avg: 8,9, Max: 10,0, Diff: 3,9, Sum: 35,5]
      [GC Worker End (ms): Min: 4643552,6, Avg: 4643552,7, Max: 4643552,8, Diff: 0,2]
   [Code Root Fixup: 0,0 ms]
   [Code Root Purge: 0,0 ms]
   [Clear CT: 6,3 ms]
   [Other: 1,7 ms]
      [Choose CSet: 0,0 ms]
      [Ref Proc: 1,3 ms]
      [Ref Enq: 0,0 ms]
      [Redirty Cards: 0,1 ms]
      [Humongous Register: 0,1 ms]
      [Humongous Reclaim: 0,0 ms]
      [Free CSet: 0,1 ms]
   [Eden: 51200,0K(51200,0K)->0,0B(51200,0K) Survivors: 1024,0K->1024,0K Heap: 230,4M(1024,0M)->178,1M(1024,0M)]
 [Times: user=0,02 sys=0,00, real=0,02 secs] 
2020-09-27T21:16:53.662-0300: 4644,114: [GC pause (G1 Evacuation Pause) (young), 0,0154748 secs]
   [Parallel Time: 12,8 ms, GC Workers: 4]
      [GC Worker Start (ms): Min: 4644114,5, Avg: 4644118,1, Max: 4644120,4, Diff: 5,9]
      [Ext Root Scanning (ms): Min: 0,0, Avg: 0,4, Max: 1,7, Diff: 1,7, Sum: 1,7]
      [Update RS (ms): Min: 1,1, Avg: 4,9, Max: 9,2, Diff: 8,1, Sum: 19,6]
         [Processed Buffers: Min: 0, Avg: 7,8, Max: 19, Diff: 19, Sum: 31]
      [Scan RS (ms): Min: 0,0, Avg: 0,7, Max: 1,4, Diff: 1,4, Sum: 2,8]
      [Code Root Scanning (ms): Min: 0,0, Avg: 0,0, Max: 0,0, Diff: 0,0, Sum: 0,0]
      [Object Copy (ms): Min: 0,0, Avg: 2,1, Max: 4,2, Diff: 4,2, Sum: 8,2]
      [Termination (ms): Min: 0,0, Avg: 1,0, Max: 1,7, Diff: 1,7, Sum: 4,0]
         [Termination Attempts: Min: 1, Avg: 4,5, Max: 15, Diff: 14, Sum: 18]
      [GC Worker Other (ms): Min: 0,0, Avg: 0,0, Max: 0,0, Diff: 0,0, Sum: 0,0]
      [GC Worker Total (ms): Min: 6,9, Avg: 9,1, Max: 12,7, Diff: 5,8, Sum: 36,4]
      [GC Worker End (ms): Min: 4644127,2, Avg: 4644127,2, Max: 4644127,3, Diff: 0,1]
   [Code Root Fixup: 0,0 ms]
   [Code Root Purge: 0,0 ms]
   [Clear CT: 0,1 ms]
   [Other: 2,6 ms]
      [Choose CSet: 0,0 ms]
      [Ref Proc: 2,1 ms]
      [Ref Enq: 0,0 ms]
      [Redirty Cards: 0,1 ms]
      [Humongous Register: 0,1 ms]
      [Humongous Reclaim: 0,0 ms]
      [Free CSet: 0,1 ms]
   [Eden: 51200,0K(51200,0K)->0,0B(50176,0K) Survivors: 1024,0K->2048,0K Heap: 228,6M(1024,0M)->178,5M(1024,0M)]
 [Times: user=0,02 sys=0,00, real=0,01 secs] 
2020-09-27T21:16:54.220-0300: 4644,672: [GC pause (G1 Evacuation Pause) (young), 0,0287845 secs]
   [Parallel Time: 26,3 ms, GC Workers: 4]
      [GC Worker Start (ms): Min: 4644673,8, Avg: 4644678,1, Max: 4644683,8, Diff: 10,0]
      [Ext Root Scanning (ms): Min: 0,0, Avg: 3,7, Max: 13,6, Diff: 13,6, Sum: 14,8]
      [Update RS (ms): Min: 0,0, Avg: 6,3, Max: 22,5, Diff: 22,5, Sum: 25,1]
         [Processed Buffers: Min: 0, Avg: 6,5, Max: 21, Diff: 21, Sum: 26]
      [Scan RS (ms): Min: 0,0, Avg: 3,0, Max: 9,2, Diff: 9,2, Sum: 12,1]
      [Code Root Scanning (ms): Min: 0,0, Avg: 0,0, Max: 0,0, Diff: 0,0, Sum: 0,0]
      [Object Copy (ms): Min: 0,0, Avg: 3,1, Max: 7,7, Diff: 7,7, Sum: 12,4]
      [Termination (ms): Min: 0,0, Avg: 4,2, Max: 7,1, Diff: 7,1, Sum: 16,7]
         [Termination Attempts: Min: 1, Avg: 1,0, Max: 1, Diff: 0, Sum: 4]
      [GC Worker Other (ms): Min: 0,0, Avg: 0,0, Max: 0,0, Diff: 0,0, Sum: 0,0]
      [GC Worker Total (ms): Min: 14,6, Avg: 20,3, Max: 24,6, Diff: 10,0, Sum: 81,2]
      [GC Worker End (ms): Min: 4644698,3, Avg: 4644698,4, Max: 4644698,4, Diff: 0,2]
   [Code Root Fixup: 0,0 ms]
   [Code Root Purge: 0,0 ms]
   [Clear CT: 0,1 ms]
   [Other: 2,4 ms]
      [Choose CSet: 0,0 ms]
      [Ref Proc: 2,0 ms]
      [Ref Enq: 0,0 ms]
      [Redirty Cards: 0,1 ms]
      [Humongous Register: 0,1 ms]
      [Humongous Reclaim: 0,0 ms]
      [Free CSet: 0,1 ms]
   [Eden: 50176,0K(50176,0K)->0,0B(51200,0K) Survivors: 2048,0K->1024,0K Heap: 227,5M(1024,0M)->178,3M(1024,0M)]
 [Times: user=0,03 sys=0,00, real=0,04 secs] 
2020-09-27T21:16:54.805-0300: 4645,258: [GC pause (G1 Evacuation Pause) (young), 0,0250942 secs]
   [Parallel Time: 22,7 ms, GC Workers: 4]
      [GC Worker Start (ms): Min: 4645257,8, Avg: 4645258,4, Max: 4645260,2, Diff: 2,5]
      [Ext Root Scanning (ms): Min: 0,0, Avg: 3,2, Max: 6,2, Diff: 6,2, Sum: 12,7]
      [Update RS (ms): Min: 0,9, Avg: 9,0, Max: 16,3, Diff: 15,4, Sum: 36,1]
         [Processed Buffers: Min: 0, Avg: 8,2, Max: 27, Diff: 27, Sum: 33]
      [Scan RS (ms): Min: 0,1, Avg: 3,1, Max: 11,8, Diff: 11,7, Sum: 12,2]
      [Code Root Scanning (ms): Min: 0,0, Avg: 0,0, Max: 0,0, Diff: 0,0, Sum: 0,0]
      [Object Copy (ms): Min: 0,0, Avg: 2,9, Max: 10,4, Diff: 10,4, Sum: 11,8]
      [Termination (ms): Min: 0,0, Avg: 3,4, Max: 5,3, Diff: 5,3, Sum: 13,5]
         [Termination Attempts: Min: 1, Avg: 1,0, Max: 1, Diff: 0, Sum: 4]
      [GC Worker Other (ms): Min: 0,0, Avg: 0,0, Max: 0,2, Diff: 0,2, Sum: 0,2]
      [GC Worker Total (ms): Min: 19,8, Avg: 21,6, Max: 22,5, Diff: 2,7, Sum: 86,4]
      [GC Worker End (ms): Min: 4645279,6, Avg: 4645280,0, Max: 4645280,4, Diff: 0,8]
   [Code Root Fixup: 0,0 ms]
   [Code Root Purge: 0,0 ms]
   [Clear CT: 0,1 ms]
   [Other: 2,3 ms]
      [Choose CSet: 0,0 ms]
      [Ref Proc: 1,8 ms]
      [Ref Enq: 0,0 ms]
      [Redirty Cards: 0,1 ms]
      [Humongous Register: 0,0 ms]
      [Humongous Reclaim: 0,0 ms]
      [Free CSet: 0,1 ms]
   [Eden: 51200,0K(51200,0K)->0,0B(50176,0K) Survivors: 1024,0K->2048,0K Heap: 228,3M(1024,0M)->178,8M(1024,0M)]
 [Times: user=0,02 sys=0,00, real=0,03 secs] 
2020-09-27T21:16:56.349-0300: 4646,802: [GC pause (G1 Evacuation Pause) (young), 0,0168333 secs]
   [Parallel Time: 14,6 ms, GC Workers: 4]
      [GC Worker Start (ms): Min: 4646801,8, Avg: 4646805,0, Max: 4646808,3, Diff: 6,5]
      [Ext Root Scanning (ms): Min: 0,0, Avg: 0,5, Max: 2,0, Diff: 2,0, Sum: 2,1]
      [Update RS (ms): Min: 0,0, Avg: 5,1, Max: 11,6, Diff: 11,6, Sum: 20,4]
         [Processed Buffers: Min: 0, Avg: 11,5, Max: 46, Diff: 46, Sum: 46]
      [Scan RS (ms): Min: 0,0, Avg: 3,7, Max: 8,3, Diff: 8,3, Sum: 14,8]
      [Code Root Scanning (ms): Min: 0,0, Avg: 0,0, Max: 0,0, Diff: 0,0, Sum: 0,0]
      [Object Copy (ms): Min: 0,0, Avg: 1,2, Max: 2,3, Diff: 2,3, Sum: 4,7]
      [Termination (ms): Min: 0,0, Avg: 0,9, Max: 1,6, Diff: 1,6, Sum: 3,6]
         [Termination Attempts: Min: 1, Avg: 6,2, Max: 16, Diff: 15, Sum: 25]
      [GC Worker Other (ms): Min: 0,0, Avg: 0,0, Max: 0,0, Diff: 0,0, Sum: 0,1]
      [GC Worker Total (ms): Min: 8,1, Avg: 11,4, Max: 14,6, Diff: 6,5, Sum: 45,5]
      [GC Worker End (ms): Min: 4646816,4, Avg: 4646816,4, Max: 4646816,4, Diff: 0,0]
   [Code Root Fixup: 0,0 ms]
   [Code Root Purge: 0,0 ms]
   [Clear CT: 0,7 ms]
   [Other: 1,5 ms]
      [Choose CSet: 0,0 ms]
      [Ref Proc: 1,0 ms]
      [Ref Enq: 0,0 ms]
      [Redirty Cards: 0,1 ms]
      [Humongous Register: 0,1 ms]
      [Humongous Reclaim: 0,0 ms]
      [Free CSet: 0,1 ms]
   [Eden: 50176,0K(50176,0K)->0,0B(51200,0K) Survivors: 2048,0K->1024,0K Heap: 241,8M(1024,0M)->180,4M(1024,0M)]
 [Times: user=0,02 sys=0,00, real=0,01 secs] 
2020-09-27T21:16:56.574-0300: 4647,026: [GC pause (G1 Evacuation Pause) (young), 0,0318031 secs]
   [Parallel Time: 28,9 ms, GC Workers: 4]
      [GC Worker Start (ms): Min: 4647025,9, Avg: 4647030,6, Max: 4647036,2, Diff: 10,4]
      [Ext Root Scanning (ms): Min: 0,0, Avg: 0,5, Max: 1,9, Diff: 1,9, Sum: 1,9]
      [Update RS (ms): Min: 0,0, Avg: 3,6, Max: 11,2, Diff: 11,2, Sum: 14,2]
         [Processed Buffers: Min: 0, Avg: 8,2, Max: 33, Diff: 33, Sum: 33]
      [Scan RS (ms): Min: 0,2, Avg: 6,7, Max: 22,2, Diff: 22,1, Sum: 26,9]
      [Code Root Scanning (ms): Min: 0,0, Avg: 0,0, Max: 0,0, Diff: 0,0, Sum: 0,0]
      [Object Copy (ms): Min: 0,0, Avg: 1,0, Max: 1,9, Diff: 1,9, Sum: 4,1]
      [Termination (ms): Min: 0,0, Avg: 11,4, Max: 16,3, Diff: 16,3, Sum: 45,6]
         [Termination Attempts: Min: 1, Avg: 3,2, Max: 9, Diff: 8, Sum: 13]
      [GC Worker Other (ms): Min: 0,0, Avg: 0,0, Max: 0,0, Diff: 0,0, Sum: 0,0]
      [GC Worker Total (ms): Min: 17,3, Avg: 23,2, Max: 27,7, Diff: 10,3, Sum: 92,8]
      [GC Worker End (ms): Min: 4647053,5, Avg: 4647053,8, Max: 4647054,8, Diff: 1,3]
   [Code Root Fixup: 0,0 ms]
   [Code Root Purge: 0,0 ms]
   [Clear CT: 0,1 ms]
   [Other: 2,7 ms]
      [Choose CSet: 0,0 ms]
      [Ref Proc: 2,1 ms]
      [Ref Enq: 0,0 ms]
      [Redirty Cards: 0,2 ms]
      [Humongous Register: 0,1 ms]
      [Humongous Reclaim: 0,1 ms]
      [Free CSet: 0,1 ms]
   [Eden: 51200,0K(51200,0K)->0,0B(51200,0K) Survivors: 1024,0K->1024,0K Heap: 252,3M(1024,0M)->179,4M(1024,0M)]
 [Times: user=0,03 sys=0,00, real=0,03 secs] 
2020-09-27T21:16:57.143-0300: 4647,595: [GC pause (G1 Evacuation Pause) (young), 0,0067556 secs]
   [Parallel Time: 5,3 ms, GC Workers: 4]
      [GC Worker Start (ms): Min: 4647595,0, Avg: 4647595,0, Max: 4647595,1, Diff: 0,1]
      [Ext Root Scanning (ms): Min: 0,6, Avg: 1,3, Max: 3,5, Diff: 2,9, Sum: 5,3]
      [Update RS (ms): Min: 0,0, Avg: 0,8, Max: 1,1, Diff: 1,1, Sum: 3,3]
         [Processed Buffers: Min: 0, Avg: 9,0, Max: 19, Diff: 19, Sum: 36]
      [Scan RS (ms): Min: 0,0, Avg: 1,1, Max: 1,5, Diff: 1,5, Sum: 4,5]
      [Code Root Scanning (ms): Min: 0,0, Avg: 0,0, Max: 0,0, Diff: 0,0, Sum: 0,0]
      [Object Copy (ms): Min: 1,0, Avg: 1,3, Max: 1,8, Diff: 0,9, Sum: 5,1]
      [Termination (ms): Min: 0,0, Avg: 0,5, Max: 0,7, Diff: 0,7, Sum: 2,2]
         [Termination Attempts: Min: 1, Avg: 1,5, Max: 3, Diff: 2, Sum: 6]
      [GC Worker Other (ms): Min: 0,0, Avg: 0,0, Max: 0,0, Diff: 0,0, Sum: 0,0]
      [GC Worker Total (ms): Min: 5,1, Avg: 5,1, Max: 5,2, Diff: 0,1, Sum: 20,5]
      [GC Worker End (ms): Min: 4647600,1, Avg: 4647600,1, Max: 4647600,2, Diff: 0,0]
   [Code Root Fixup: 0,0 ms]
   [Code Root Purge: 0,0 ms]
   [Clear CT: 0,1 ms]
   [Other: 1,4 ms]
      [Choose CSet: 0,0 ms]
      [Ref Proc: 1,0 ms]
      [Ref Enq: 0,0 ms]
      [Redirty Cards: 0,1 ms]
      [Humongous Register: 0,0 ms]
      [Humongous Reclaim: 0,0 ms]
      [Free CSet: 0,1 ms]
   [Eden: 51200,0K(51200,0K)->0,0B(50176,0K) Survivors: 1024,0K->2048,0K Heap: 231,8M(1024,0M)->179,0M(1024,0M)]
 [Times: user=0,02 sys=0,00, real=0,01 secs] 
2020-09-27T21:16:57.608-0300: 4648,060: [GC pause (G1 Evacuation Pause) (young), 0,0209295 secs]
   [Parallel Time: 8,5 ms, GC Workers: 4]
      [GC Worker Start (ms): Min: 4648060,0, Avg: 4648061,6, Max: 4648063,2, Diff: 3,2]
      [Ext Root Scanning (ms): Min: 0,0, Avg: 0,5, Max: 1,0, Diff: 1,0, Sum: 2,0]
      [Update RS (ms): Min: 0,0, Avg: 0,8, Max: 1,6, Diff: 1,6, Sum: 3,3]
         [Processed Buffers: Min: 0, Avg: 8,0, Max: 16, Diff: 16, Sum: 32]
      [Scan RS (ms): Min: 2,2, Avg: 3,8, Max: 5,6, Diff: 3,5, Sum: 15,0]
      [Code Root Scanning (ms): Min: 0,0, Avg: 0,0, Max: 0,0, Diff: 0,0, Sum: 0,0]
      [Object Copy (ms): Min: 0,1, Avg: 0,8, Max: 1,6, Diff: 1,5, Sum: 3,2]
      [Termination (ms): Min: 0,0, Avg: 0,9, Max: 1,5, Diff: 1,5, Sum: 3,6]
         [Termination Attempts: Min: 1, Avg: 1,5, Max: 2, Diff: 1, Sum: 6]
      [GC Worker Other (ms): Min: 0,0, Avg: 0,0, Max: 0,0, Diff: 0,0, Sum: 0,0]
      [GC Worker Total (ms): Min: 5,1, Avg: 6,8, Max: 8,4, Diff: 3,3, Sum: 27,1]
      [GC Worker End (ms): Min: 4648068,3, Avg: 4648068,3, Max: 4648068,4, Diff: 0,1]
   [Code Root Fixup: 0,0 ms]
   [Code Root Purge: 0,0 ms]
   [Clear CT: 7,8 ms]
   [Other: 4,7 ms]
      [Choose CSet: 0,0 ms]
      [Ref Proc: 4,0 ms]
      [Ref Enq: 0,0 ms]
      [Redirty Cards: 0,3 ms]
      [Humongous Register: 0,1 ms]
      [Humongous Reclaim: 0,0 ms]
      [Free CSet: 0,1 ms]
   [Eden: 50176,0K(50176,0K)->0,0B(51200,0K) Survivors: 2048,0K->1024,0K Heap: 229,2M(1024,0M)->178,5M(1024,0M)]
 [Times: user=0,02 sys=0,00, real=0,03 secs] 
2020-09-27T21:16:58.034-0300: 4648,487: [GC pause (G1 Evacuation Pause) (young), 0,0298767 secs]
   [Parallel Time: 10,0 ms, GC Workers: 4]
      [GC Worker Start (ms): Min: 4648486,7, Avg: 4648490,8, Max: 4648495,3, Diff: 8,5]
      [Ext Root Scanning (ms): Min: 0,0, Avg: 0,6, Max: 1,2, Diff: 1,2, Sum: 2,3]
      [Update RS (ms): Min: 0,0, Avg: 0,9, Max: 1,7, Diff: 1,7, Sum: 3,4]
         [Processed Buffers: Min: 0, Avg: 5,5, Max: 13, Diff: 13, Sum: 22]
      [Scan RS (ms): Min: 0,0, Avg: 0,9, Max: 1,8, Diff: 1,8, Sum: 3,6]
      [Code Root Scanning (ms): Min: 0,0, Avg: 0,0, Max: 0,0, Diff: 0,0, Sum: 0,0]
      [Object Copy (ms): Min: 0,0, Avg: 1,9, Max: 5,1, Diff: 5,1, Sum: 7,5]
      [Termination (ms): Min: 0,0, Avg: 1,6, Max: 2,9, Diff: 2,9, Sum: 6,4]
         [Termination Attempts: Min: 1, Avg: 1,0, Max: 1, Diff: 0, Sum: 4]
      [GC Worker Other (ms): Min: 0,0, Avg: 0,0, Max: 0,0, Diff: 0,0, Sum: 0,0]
      [GC Worker Total (ms): Min: 1,4, Avg: 5,8, Max: 10,0, Diff: 8,5, Sum: 23,3]
      [GC Worker End (ms): Min: 4648496,6, Avg: 4648496,7, Max: 4648496,7, Diff: 0,1]
   [Code Root Fixup: 0,0 ms]
   [Code Root Purge: 0,0 ms]
   [Clear CT: 3,3 ms]
   [Other: 16,6 ms]
      [Choose CSet: 0,0 ms]
      [Ref Proc: 3,7 ms]
      [Ref Enq: 0,0 ms]
      [Redirty Cards: 12,5 ms]
      [Humongous Register: 0,0 ms]
      [Humongous Reclaim: 0,0 ms]
      [Free CSet: 0,1 ms]
   [Eden: 51200,0K(51200,0K)->0,0B(51200,0K) Survivors: 1024,0K->1024,0K Heap: 229,1M(1024,0M)->178,2M(1024,0M)]
 [Times: user=0,02 sys=0,00, real=0,03 secs] 
2020-09-27T21:16:58.726-0300: 4649,178: [GC pause (G1 Evacuation Pause) (young), 0,0225434 secs]
   [Parallel Time: 19,0 ms, GC Workers: 4]
      [GC Worker Start (ms): Min: 4649180,2, Avg: 4649182,7, Max: 4649187,0, Diff: 6,8]
      [Ext Root Scanning (ms): Min: 0,0, Avg: 0,5, Max: 1,0, Diff: 1,0, Sum: 1,9]
      [Update RS (ms): Min: 0,0, Avg: 0,9, Max: 1,7, Diff: 1,7, Sum: 3,5]
         [Processed Buffers: Min: 0, Avg: 8,8, Max: 27, Diff: 27, Sum: 35]
      [Scan RS (ms): Min: 0,0, Avg: 3,6, Max: 9,4, Diff: 9,4, Sum: 14,5]
      [Code Root Scanning (ms): Min: 0,0, Avg: 0,0, Max: 0,0, Diff: 0,0, Sum: 0,0]
      [Object Copy (ms): Min: 0,1, Avg: 3,3, Max: 7,4, Diff: 7,2, Sum: 13,2]
      [Termination (ms): Min: 0,0, Avg: 3,2, Max: 9,2, Diff: 9,2, Sum: 12,7]
         [Termination Attempts: Min: 1, Avg: 1,0, Max: 1, Diff: 0, Sum: 4]
      [GC Worker Other (ms): Min: 0,0, Avg: 0,0, Max: 0,0, Diff: 0,0, Sum: 0,0]
      [GC Worker Total (ms): Min: 9,8, Avg: 11,5, Max: 13,0, Diff: 3,2, Sum: 45,9]
      [GC Worker End (ms): Min: 4649193,0, Avg: 4649194,1, Max: 4649197,2, Diff: 4,2]
   [Code Root Fixup: 0,0 ms]
   [Code Root Purge: 0,0 ms]
   [Clear CT: 1,0 ms]
   [Other: 2,5 ms]
      [Choose CSet: 0,0 ms]
      [Ref Proc: 2,0 ms]
      [Ref Enq: 0,0 ms]
      [Redirty Cards: 0,1 ms]
      [Humongous Register: 0,1 ms]
      [Humongous Reclaim: 0,0 ms]
      [Free CSet: 0,1 ms]
   [Eden: 51200,0K(51200,0K)->0,0B(51200,0K) Survivors: 1024,0K->1024,0K Heap: 230,2M(1024,0M)->178,4M(1024,0M)]
 [Times: user=0,02 sys=0,00, real=0,03 secs] 
2020-09-27T21:36:02.005-0300: 5792,457: [GC pause (G1 Evacuation Pause) (young), 0,0119069 secs]
   [Parallel Time: 9,9 ms, GC Workers: 4]
      [GC Worker Start (ms): Min: 5792457,0, Avg: 5792457,1, Max: 5792457,1, Diff: 0,1]
      [Ext Root Scanning (ms): Min: 1,0, Avg: 1,0, Max: 1,1, Diff: 0,2, Sum: 4,1]
      [Update RS (ms): Min: 2,8, Avg: 2,9, Max: 3,0, Diff: 0,2, Sum: 11,7]
         [Processed Buffers: Min: 4, Avg: 14,0, Max: 20, Diff: 16, Sum: 56]
      [Scan RS (ms): Min: 3,8, Avg: 3,8, Max: 3,9, Diff: 0,1, Sum: 15,3]
      [Code Root Scanning (ms): Min: 0,0, Avg: 0,0, Max: 0,0, Diff: 0,0, Sum: 0,0]
      [Object Copy (ms): Min: 1,5, Avg: 1,6, Max: 1,6, Diff: 0,1, Sum: 6,4]
      [Termination (ms): Min: 0,0, Avg: 0,0, Max: 0,0, Diff: 0,0, Sum: 0,0]
         [Termination Attempts: Min: 1, Avg: 1,0, Max: 1, Diff: 0, Sum: 4]
      [GC Worker Other (ms): Min: 0,0, Avg: 0,0, Max: 0,0, Diff: 0,0, Sum: 0,1]
      [GC Worker Total (ms): Min: 9,4, Avg: 9,4, Max: 9,4, Diff: 0,1, Sum: 37,6]
      [GC Worker End (ms): Min: 5792466,5, Avg: 5792466,5, Max: 5792466,5, Diff: 0,0]
   [Code Root Fixup: 0,0 ms]
   [Code Root Purge: 0,0 ms]
   [Clear CT: 0,2 ms]
   [Other: 1,8 ms]
      [Choose CSet: 0,0 ms]
      [Ref Proc: 1,0 ms]
      [Ref Enq: 0,0 ms]
      [Redirty Cards: 0,3 ms]
      [Humongous Register: 0,1 ms]
      [Humongous Reclaim: 0,0 ms]
      [Free CSet: 0,1 ms]
   [Eden: 51200,0K(51200,0K)->0,0B(51200,0K) Survivors: 1024,0K->1024,0K Heap: 231,8M(1024,0M)->178,3M(1024,0M)]
 [Times: user=0,03 sys=0,01, real=0,01 secs] 
2020-09-27T21:49:32.044-0300: 6602,496: [GC pause (G1 Evacuation Pause) (young), 0,0345662 secs]
   [Parallel Time: 32,5 ms, GC Workers: 4]
      [GC Worker Start (ms): Min: 6602496,7, Avg: 6602496,8, Max: 6602496,9, Diff: 0,2]
      [Ext Root Scanning (ms): Min: 1,5, Avg: 1,7, Max: 1,9, Diff: 0,3, Sum: 6,8]
      [Update RS (ms): Min: 7,6, Avg: 7,9, Max: 8,2, Diff: 0,6, Sum: 31,5]
         [Processed Buffers: Min: 4, Avg: 13,8, Max: 24, Diff: 20, Sum: 55]
      [Scan RS (ms): Min: 10,7, Avg: 11,0, Max: 11,4, Diff: 0,7, Sum: 44,1]
      [Code Root Scanning (ms): Min: 0,0, Avg: 0,0, Max: 0,1, Diff: 0,1, Sum: 0,1]
      [Object Copy (ms): Min: 11,5, Avg: 11,7, Max: 11,9, Diff: 0,4, Sum: 46,7]
      [Termination (ms): Min: 0,0, Avg: 0,0, Max: 0,0, Diff: 0,0, Sum: 0,0]
         [Termination Attempts: Min: 1, Avg: 1,0, Max: 1, Diff: 0, Sum: 4]
      [GC Worker Other (ms): Min: 0,0, Avg: 0,0, Max: 0,0, Diff: 0,0, Sum: 0,1]
      [GC Worker Total (ms): Min: 32,2, Avg: 32,3, Max: 32,4, Diff: 0,2, Sum: 129,3]
      [GC Worker End (ms): Min: 6602529,1, Avg: 6602529,1, Max: 6602529,1, Diff: 0,0]
   [Code Root Fixup: 0,0 ms]
   [Code Root Purge: 0,0 ms]
   [Clear CT: 0,5 ms]
   [Other: 1,5 ms]
      [Choose CSet: 0,0 ms]
      [Ref Proc: 0,5 ms]
      [Ref Enq: 0,0 ms]
      [Redirty Cards: 0,4 ms]
      [Humongous Register: 0,1 ms]
      [Humongous Reclaim: 0,0 ms]
      [Free CSet: 0,1 ms]
   [Eden: 51200,0K(51200,0K)->0,0B(48128,0K) Survivors: 1024,0K->4096,0K Heap: 228,3M(1024,0M)->180,9M(1024,0M)]
 [Times: user=0,13 sys=0,00, real=0,03 secs] 
2020-09-27T21:56:06.408-0300: 6996,860: [GC pause (G1 Evacuation Pause) (young), 0,0158760 secs]
   [Parallel Time: 14,7 ms, GC Workers: 4]
      [GC Worker Start (ms): Min: 6996860,1, Avg: 6996860,1, Max: 6996860,2, Diff: 0,0]
      [Ext Root Scanning (ms): Min: 0,5, Avg: 0,6, Max: 0,8, Diff: 0,3, Sum: 2,2]
      [Update RS (ms): Min: 1,5, Avg: 1,6, Max: 1,8, Diff: 0,3, Sum: 6,6]
         [Processed Buffers: Min: 6, Avg: 13,5, Max: 21, Diff: 15, Sum: 54]
      [Scan RS (ms): Min: 3,3, Avg: 3,4, Max: 3,4, Diff: 0,1, Sum: 13,5]
      [Code Root Scanning (ms): Min: 0,0, Avg: 0,0, Max: 0,0, Diff: 0,0, Sum: 0,0]
      [Object Copy (ms): Min: 9,0, Avg: 9,0, Max: 9,1, Diff: 0,2, Sum: 36,2]
      [Termination (ms): Min: 0,0, Avg: 0,0, Max: 0,0, Diff: 0,0, Sum: 0,0]
         [Termination Attempts: Min: 1, Avg: 1,0, Max: 1, Diff: 0, Sum: 4]
      [GC Worker Other (ms): Min: 0,0, Avg: 0,0, Max: 0,0, Diff: 0,0, Sum: 0,0]
      [GC Worker Total (ms): Min: 14,6, Avg: 14,7, Max: 14,7, Diff: 0,0, Sum: 58,6]
      [GC Worker End (ms): Min: 6996874,8, Avg: 6996874,8, Max: 6996874,8, Diff: 0,0]
   [Code Root Fixup: 0,0 ms]
   [Code Root Purge: 0,0 ms]
   [Clear CT: 0,1 ms]
   [Other: 1,1 ms]
      [Choose CSet: 0,0 ms]
      [Ref Proc: 0,4 ms]
      [Ref Enq: 0,0 ms]
      [Redirty Cards: 0,1 ms]
      [Humongous Register: 0,1 ms]
      [Humongous Reclaim: 0,0 ms]
      [Free CSet: 0,1 ms]
   [Eden: 48128,0K(48128,0K)->0,0B(45056,0K) Survivors: 4096,0K->7168,0K Heap: 227,9M(1024,0M)->185,0M(1024,0M)]
 [Times: user=0,06 sys=0,00, real=0,02 secs] 
2020-09-27T22:00:30.612-0300: 7261,064: [GC pause (G1 Evacuation Pause) (young), 0,0338985 secs]
   [Parallel Time: 28,0 ms, GC Workers: 4]
      [GC Worker Start (ms): Min: 7261064,3, Avg: 7261066,7, Max: 7261069,0, Diff: 4,7]
      [Ext Root Scanning (ms): Min: 0,0, Avg: 0,4, Max: 0,8, Diff: 0,8, Sum: 1,7]
      [Update RS (ms): Min: 0,0, Avg: 1,6, Max: 3,2, Diff: 3,2, Sum: 6,3]
         [Processed Buffers: Min: 0, Avg: 13,2, Max: 37, Diff: 37, Sum: 53]
      [Scan RS (ms): Min: 4,2, Avg: 4,6, Max: 4,9, Diff: 0,7, Sum: 18,3]
      [Code Root Scanning (ms): Min: 0,0, Avg: 0,0, Max: 0,0, Diff: 0,0, Sum: 0,0]
      [Object Copy (ms): Min: 15,4, Avg: 16,3, Max: 19,0, Diff: 3,6, Sum: 65,4]
      [Termination (ms): Min: 0,0, Avg: 2,7, Max: 3,6, Diff: 3,6, Sum: 10,7]
         [Termination Attempts: Min: 1, Avg: 1,2, Max: 2, Diff: 1, Sum: 5]
      [GC Worker Other (ms): Min: 0,0, Avg: 0,0, Max: 0,0, Diff: 0,0, Sum: 0,0]
      [GC Worker Total (ms): Min: 23,3, Avg: 25,6, Max: 27,9, Diff: 4,7, Sum: 102,3]
      [GC Worker End (ms): Min: 7261092,2, Avg: 7261092,3, Max: 7261092,3, Diff: 0,1]
   [Code Root Fixup: 0,0 ms]
   [Code Root Purge: 0,0 ms]
   [Clear CT: 0,1 ms]
   [Other: 5,8 ms]
      [Choose CSet: 0,0 ms]
      [Ref Proc: 5,3 ms]
      [Ref Enq: 0,0 ms]
      [Redirty Cards: 0,2 ms]
      [Humongous Register: 0,1 ms]
      [Humongous Reclaim: 0,0 ms]
      [Free CSet: 0,1 ms]
   [Eden: 45056,0K(45056,0K)->0,0B(45056,0K) Survivors: 7168,0K->7168,0K Heap: 229,0M(1024,0M)->191,3M(1024,0M)]
 [Times: user=0,10 sys=0,00, real=0,03 secs] 
2020-09-27T22:05:24.437-0300: 7554,889: [GC pause (G1 Evacuation Pause) (young), 0,0157071 secs]
   [Parallel Time: 14,6 ms, GC Workers: 4]
      [GC Worker Start (ms): Min: 7554889,8, Avg: 7554891,0, Max: 7554892,2, Diff: 2,4]
      [Ext Root Scanning (ms): Min: 0,0, Avg: 0,5, Max: 1,0, Diff: 1,0, Sum: 1,9]
      [Update RS (ms): Min: 0,7, Avg: 4,2, Max: 13,1, Diff: 12,4, Sum: 16,8]
         [Processed Buffers: Min: 1, Avg: 13,0, Max: 22, Diff: 21, Sum: 52]
      [Scan RS (ms): Min: 0,0, Avg: 1,3, Max: 1,8, Diff: 1,8, Sum: 5,3]
      [Code Root Scanning (ms): Min: 0,0, Avg: 0,0, Max: 0,0, Diff: 0,0, Sum: 0,0]
      [Object Copy (ms): Min: 0,1, Avg: 6,1, Max: 8,2, Diff: 8,1, Sum: 24,3]
      [Termination (ms): Min: 0,0, Avg: 1,0, Max: 1,5, Diff: 1,5, Sum: 3,8]
         [Termination Attempts: Min: 1, Avg: 9,0, Max: 33, Diff: 32, Sum: 36]
      [GC Worker Other (ms): Min: 0,0, Avg: 0,0, Max: 0,0, Diff: 0,0, Sum: 0,0]
      [GC Worker Total (ms): Min: 11,8, Avg: 13,0, Max: 14,2, Diff: 2,4, Sum: 52,2]
      [GC Worker End (ms): Min: 7554904,0, Avg: 7554904,1, Max: 7554904,3, Diff: 0,4]
   [Code Root Fixup: 0,0 ms]
   [Code Root Purge: 0,0 ms]
   [Clear CT: 0,0 ms]
   [Other: 1,1 ms]
      [Choose CSet: 0,0 ms]
      [Ref Proc: 0,1 ms]
      [Ref Enq: 0,0 ms]
      [Redirty Cards: 0,1 ms]
      [Humongous Register: 0,0 ms]
      [Humongous Reclaim: 0,0 ms]
      [Free CSet: 0,0 ms]
   [Eden: 45056,0K(45056,0K)->0,0B(49152,0K) Survivors: 7168,0K->3072,0K Heap: 235,3M(1024,0M)->193,0M(1024,0M)]
 [Times: user=0,04 sys=0,00, real=0,02 secs] 
2020-09-27T22:20:39.294-0300: 8469,747: [GC pause (G1 Evacuation Pause) (young), 0,0121111 secs]
   [Parallel Time: 11,2 ms, GC Workers: 4]
      [GC Worker Start (ms): Min: 8469746,9, Avg: 8469747,0, Max: 8469747,1, Diff: 0,2]
      [Ext Root Scanning (ms): Min: 1,6, Avg: 1,7, Max: 1,9, Diff: 0,3, Sum: 6,8]
      [Update RS (ms): Min: 3,3, Avg: 3,4, Max: 3,4, Diff: 0,1, Sum: 13,5]
         [Processed Buffers: Min: 2, Avg: 10,8, Max: 21, Diff: 19, Sum: 43]
      [Scan RS (ms): Min: 0,0, Avg: 0,0, Max: 0,1, Diff: 0,1, Sum: 0,2]
      [Code Root Scanning (ms): Min: 0,0, Avg: 0,0, Max: 0,0, Diff: 0,0, Sum: 0,0]
      [Object Copy (ms): Min: 5,7, Avg: 5,8, Max: 5,8, Diff: 0,2, Sum: 23,0]
      [Termination (ms): Min: 0,0, Avg: 0,1, Max: 0,1, Diff: 0,0, Sum: 0,2]
         [Termination Attempts: Min: 11, Avg: 14,2, Max: 18, Diff: 7, Sum: 57]
      [GC Worker Other (ms): Min: 0,0, Avg: 0,0, Max: 0,0, Diff: 0,0, Sum: 0,1]
      [GC Worker Total (ms): Min: 10,8, Avg: 10,9, Max: 11,0, Diff: 0,2, Sum: 43,7]
      [GC Worker End (ms): Min: 8469758,0, Avg: 8469758,0, Max: 8469758,0, Diff: 0,0]
   [Code Root Fixup: 0,0 ms]
   [Code Root Purge: 0,0 ms]
   [Clear CT: 0,2 ms]
   [Other: 0,7 ms]
      [Choose CSet: 0,0 ms]
      [Ref Proc: 0,2 ms]
      [Ref Enq: 0,0 ms]
      [Redirty Cards: 0,1 ms]
      [Humongous Register: 0,1 ms]
      [Humongous Reclaim: 0,0 ms]
      [Free CSet: 0,0 ms]
   [Eden: 49152,0K(49152,0K)->0,0B(45056,0K) Survivors: 3072,0K->7168,0K Heap: 241,0M(1024,0M)->196,8M(1024,0M)]
 [Times: user=0,05 sys=0,00, real=0,01 secs] 
2020-09-27T22:35:05.499-0300: 9335,951: [GC pause (G1 Evacuation Pause) (young), 0,0153861 secs]
   [Parallel Time: 13,9 ms, GC Workers: 4]
      [GC Worker Start (ms): Min: 9335951,4, Avg: 9335951,5, Max: 9335951,6, Diff: 0,2]
      [Ext Root Scanning (ms): Min: 1,7, Avg: 4,6, Max: 12,7, Diff: 11,0, Sum: 18,3]
      [Update RS (ms): Min: 0,0, Avg: 1,0, Max: 1,4, Diff: 1,4, Sum: 4,0]
         [Processed Buffers: Min: 0, Avg: 10,2, Max: 31, Diff: 31, Sum: 41]
      [Scan RS (ms): Min: 0,0, Avg: 0,0, Max: 0,0, Diff: 0,0, Sum: 0,0]
      [Code Root Scanning (ms): Min: 0,0, Avg: 0,0, Max: 0,0, Diff: 0,0, Sum: 0,0]
      [Object Copy (ms): Min: 1,0, Avg: 8,1, Max: 10,7, Diff: 9,7, Sum: 32,6]
      [Termination (ms): Min: 0,0, Avg: 0,0, Max: 0,0, Diff: 0,0, Sum: 0,0]
         [Termination Attempts: Min: 1, Avg: 1,0, Max: 1, Diff: 0, Sum: 4]
      [GC Worker Other (ms): Min: 0,0, Avg: 0,0, Max: 0,0, Diff: 0,0, Sum: 0,1]
      [GC Worker Total (ms): Min: 13,7, Avg: 13,7, Max: 13,8, Diff: 0,2, Sum: 54,9]
      [GC Worker End (ms): Min: 9335965,2, Avg: 9335965,2, Max: 9335965,2, Diff: 0,0]
   [Code Root Fixup: 0,0 ms]
   [Code Root Purge: 0,0 ms]
   [Clear CT: 0,1 ms]
   [Other: 1,4 ms]
      [Choose CSet: 0,0 ms]
      [Ref Proc: 0,9 ms]
      [Ref Enq: 0,0 ms]
      [Redirty Cards: 0,1 ms]
      [Humongous Register: 0,1 ms]
      [Humongous Reclaim: 0,0 ms]
      [Free CSet: 0,0 ms]
   [Eden: 45056,0K(45056,0K)->0,0B(47104,0K) Survivors: 7168,0K->5120,0K Heap: 240,8M(1024,0M)->199,8M(1024,0M)]
 [Times: user=0,05 sys=0,00, real=0,02 secs] 
2020-09-27T22:50:24.438-0300: 10254,890: [GC pause (G1 Evacuation Pause) (young), 0,0321918 secs]
   [Parallel Time: 30,1 ms, GC Workers: 4]
      [GC Worker Start (ms): Min: 10254890,3, Avg: 10254890,4, Max: 10254890,5, Diff: 0,2]
      [Ext Root Scanning (ms): Min: 1,5, Avg: 1,6, Max: 1,7, Diff: 0,3, Sum: 6,4]
      [Update RS (ms): Min: 4,4, Avg: 4,7, Max: 5,3, Diff: 0,9, Sum: 19,0]
         [Processed Buffers: Min: 3, Avg: 10,8, Max: 19, Diff: 16, Sum: 43]
      [Scan RS (ms): Min: 1,3, Avg: 2,1, Max: 2,7, Diff: 1,4, Sum: 8,2]
      [Code Root Scanning (ms): Min: 0,0, Avg: 0,0, Max: 0,0, Diff: 0,0, Sum: 0,0]
      [Object Copy (ms): Min: 20,6, Avg: 21,1, Max: 21,5, Diff: 0,9, Sum: 84,5]
      [Termination (ms): Min: 0,1, Avg: 0,3, Max: 0,5, Diff: 0,4, Sum: 1,2]
         [Termination Attempts: Min: 6, Avg: 10,0, Max: 17, Diff: 11, Sum: 40]
      [GC Worker Other (ms): Min: 0,0, Avg: 0,0, Max: 0,1, Diff: 0,1, Sum: 0,1]
      [GC Worker Total (ms): Min: 29,8, Avg: 29,9, Max: 30,0, Diff: 0,2, Sum: 119,4]
      [GC Worker End (ms): Min: 10254920,2, Avg: 10254920,2, Max: 10254920,3, Diff: 0,1]
   [Code Root Fixup: 0,0 ms]
   [Code Root Purge: 0,0 ms]
   [Clear CT: 0,5 ms]
   [Other: 1,7 ms]
      [Choose CSet: 0,0 ms]
      [Ref Proc: 0,6 ms]
      [Ref Enq: 0,0 ms]
      [Redirty Cards: 0,4 ms]
      [Humongous Register: 0,1 ms]
      [Humongous Reclaim: 0,0 ms]
      [Free CSet: 0,1 ms]
   [Eden: 47104,0K(47104,0K)->0,0B(45056,0K) Survivors: 5120,0K->7168,0K Heap: 245,8M(1024,0M)->201,3M(1024,0M)]
 [Times: user=0,12 sys=0,00, real=0,04 secs] 
2020-09-27T23:03:57.182-0300: 11067,634: [GC pause (G1 Evacuation Pause) (young), 0,0191148 secs]
   [Parallel Time: 18,1 ms, GC Workers: 4]
      [GC Worker Start (ms): Min: 11067634,6, Avg: 11067634,7, Max: 11067634,7, Diff: 0,1]
      [Ext Root Scanning (ms): Min: 1,6, Avg: 1,6, Max: 1,8, Diff: 0,2, Sum: 6,5]
      [Update RS (ms): Min: 3,1, Avg: 3,2, Max: 3,2, Diff: 0,1, Sum: 12,6]
         [Processed Buffers: Min: 3, Avg: 11,2, Max: 26, Diff: 23, Sum: 45]
      [Scan RS (ms): Min: 0,5, Avg: 0,6, Max: 0,7, Diff: 0,1, Sum: 2,5]
      [Code Root Scanning (ms): Min: 0,0, Avg: 0,0, Max: 0,0, Diff: 0,0, Sum: 0,0]
      [Object Copy (ms): Min: 12,3, Avg: 12,5, Max: 12,6, Diff: 0,3, Sum: 49,9]
      [Termination (ms): Min: 0,0, Avg: 0,0, Max: 0,0, Diff: 0,0, Sum: 0,0]
         [Termination Attempts: Min: 1, Avg: 1,0, Max: 1, Diff: 0, Sum: 4]
      [GC Worker Other (ms): Min: 0,0, Avg: 0,0, Max: 0,0, Diff: 0,0, Sum: 0,1]
      [GC Worker Total (ms): Min: 17,9, Avg: 17,9, Max: 18,0, Diff: 0,1, Sum: 71,7]
      [GC Worker End (ms): Min: 11067652,6, Avg: 11067652,6, Max: 11067652,6, Diff: 0,0]
   [Code Root Fixup: 0,0 ms]
   [Code Root Purge: 0,0 ms]
   [Clear CT: 0,3 ms]
   [Other: 0,8 ms]
      [Choose CSet: 0,0 ms]
      [Ref Proc: 0,3 ms]
      [Ref Enq: 0,0 ms]
      [Redirty Cards: 0,0 ms]
      [Humongous Register: 0,1 ms]
      [Humongous Reclaim: 0,0 ms]
      [Free CSet: 0,0 ms]
   [Eden: 45056,0K(45056,0K)->0,0B(45056,0K) Survivors: 7168,0K->7168,0K Heap: 245,3M(1024,0M)->207,6M(1024,0M)]
 [Times: user=0,08 sys=0,00, real=0,02 secs] 
2020-09-27T23:18:24.437-0300: 11934,890: [GC pause (G1 Evacuation Pause) (young), 0,0397035 secs]
   [Parallel Time: 38,6 ms, GC Workers: 4]
      [GC Worker Start (ms): Min: 11934889,9, Avg: 11934890,0, Max: 11934890,1, Diff: 0,2]
      [Ext Root Scanning (ms): Min: 1,4, Avg: 1,6, Max: 1,7, Diff: 0,3, Sum: 6,3]
      [Update RS (ms): Min: 2,9, Avg: 3,5, Max: 3,9, Diff: 1,0, Sum: 14,0]
         [Processed Buffers: Min: 3, Avg: 12,8, Max: 35, Diff: 32, Sum: 51]
      [Scan RS (ms): Min: 4,0, Avg: 4,2, Max: 4,4, Diff: 0,4, Sum: 16,9]
      [Code Root Scanning (ms): Min: 0,0, Avg: 0,0, Max: 0,1, Diff: 0,1, Sum: 0,1]
      [Object Copy (ms): Min: 28,7, Avg: 29,1, Max: 29,9, Diff: 1,3, Sum: 116,4]
      [Termination (ms): Min: 0,0, Avg: 0,0, Max: 0,0, Diff: 0,0, Sum: 0,0]
         [Termination Attempts: Min: 1, Avg: 4,5, Max: 8, Diff: 7, Sum: 18]
      [GC Worker Other (ms): Min: 0,0, Avg: 0,0, Max: 0,0, Diff: 0,0, Sum: 0,1]
      [GC Worker Total (ms): Min: 38,3, Avg: 38,4, Max: 38,5, Diff: 0,2, Sum: 153,7]
      [GC Worker End (ms): Min: 11934928,4, Avg: 11934928,4, Max: 11934928,4, Diff: 0,0]
   [Code Root Fixup: 0,0 ms]
   [Code Root Purge: 0,0 ms]
   [Clear CT: 0,3 ms]
   [Other: 0,8 ms]
      [Choose CSet: 0,0 ms]
      [Ref Proc: 0,3 ms]
      [Ref Enq: 0,0 ms]
      [Redirty Cards: 0,1 ms]
      [Humongous Register: 0,1 ms]
      [Humongous Reclaim: 0,0 ms]
      [Free CSet: 0,0 ms]
   [Eden: 45056,0K(45056,0K)->0,0B(47104,0K) Survivors: 7168,0K->5120,0K Heap: 251,6M(1024,0M)->213,0M(1024,0M)]
 [Times: user=0,15 sys=0,00, real=0,04 secs] 
2020-09-27T23:33:36.239-0300: 12846,692: [GC pause (G1 Evacuation Pause) (young), 0,0272247 secs]
   [Parallel Time: 25,4 ms, GC Workers: 4]
      [GC Worker Start (ms): Min: 12846691,9, Avg: 12846691,9, Max: 12846692,0, Diff: 0,1]
      [Ext Root Scanning (ms): Min: 1,4, Avg: 1,4, Max: 1,6, Diff: 0,2, Sum: 5,8]
      [Update RS (ms): Min: 2,0, Avg: 2,4, Max: 2,7, Diff: 0,7, Sum: 9,4]
         [Processed Buffers: Min: 4, Avg: 10,0, Max: 24, Diff: 20, Sum: 40]
      [Scan RS (ms): Min: 2,1, Avg: 2,5, Max: 2,8, Diff: 0,6, Sum: 10,0]
      [Code Root Scanning (ms): Min: 0,0, Avg: 0,0, Max: 0,0, Diff: 0,0, Sum: 0,0]
      [Object Copy (ms): Min: 18,7, Avg: 18,9, Max: 19,0, Diff: 0,3, Sum: 75,7]
      [Termination (ms): Min: 0,0, Avg: 0,0, Max: 0,0, Diff: 0,0, Sum: 0,0]
         [Termination Attempts: Min: 1, Avg: 1,0, Max: 1, Diff: 0, Sum: 4]
      [GC Worker Other (ms): Min: 0,0, Avg: 0,0, Max: 0,0, Diff: 0,0, Sum: 0,1]
      [GC Worker Total (ms): Min: 25,2, Avg: 25,2, Max: 25,3, Diff: 0,1, Sum: 101,0]
      [GC Worker End (ms): Min: 12846717,2, Avg: 12846717,2, Max: 12846717,2, Diff: 0,0]
   [Code Root Fixup: 0,0 ms]
   [Code Root Purge: 0,0 ms]
   [Clear CT: 0,5 ms]
   [Other: 1,3 ms]
      [Choose CSet: 0,0 ms]
      [Ref Proc: 0,6 ms]
      [Ref Enq: 0,0 ms]
      [Redirty Cards: 0,2 ms]
      [Humongous Register: 0,1 ms]
      [Humongous Reclaim: 0,0 ms]
      [Free CSet: 0,0 ms]
   [Eden: 47104,0K(47104,0K)->0,0B(47104,0K) Survivors: 5120,0K->5120,0K Heap: 259,0M(1024,0M)->216,5M(1024,0M)]
 [Times: user=0,10 sys=0,00, real=0,03 secs] 
2020-09-27T23:48:54.438-0300: 13764,890: [GC pause (G1 Evacuation Pause) (young), 0,0306435 secs]
   [Parallel Time: 29,0 ms, GC Workers: 4]
      [GC Worker Start (ms): Min: 13764890,3, Avg: 13764890,4, Max: 13764890,5, Diff: 0,1]
      [Ext Root Scanning (ms): Min: 1,5, Avg: 1,6, Max: 1,7, Diff: 0,2, Sum: 6,4]
      [Update RS (ms): Min: 2,4, Avg: 2,7, Max: 3,3, Diff: 1,0, Sum: 10,8]
         [Processed Buffers: Min: 2, Avg: 9,8, Max: 13, Diff: 11, Sum: 39]
      [Scan RS (ms): Min: 1,9, Avg: 2,6, Max: 2,9, Diff: 1,1, Sum: 10,3]
      [Code Root Scanning (ms): Min: 0,0, Avg: 0,0, Max: 0,0, Diff: 0,0, Sum: 0,0]
      [Object Copy (ms): Min: 21,9, Avg: 21,9, Max: 22,0, Diff: 0,1, Sum: 87,6]
      [Termination (ms): Min: 0,0, Avg: 0,0, Max: 0,0, Diff: 0,0, Sum: 0,0]
         [Termination Attempts: Min: 1, Avg: 1,0, Max: 1, Diff: 0, Sum: 4]
      [GC Worker Other (ms): Min: 0,0, Avg: 0,0, Max: 0,1, Diff: 0,0, Sum: 0,1]
      [GC Worker Total (ms): Min: 28,7, Avg: 28,8, Max: 28,9, Diff: 0,1, Sum: 115,2]
      [GC Worker End (ms): Min: 13764919,2, Avg: 13764919,2, Max: 13764919,2, Diff: 0,0]
   [Code Root Fixup: 0,0 ms]
   [Code Root Purge: 0,0 ms]
   [Clear CT: 0,4 ms]
   [Other: 1,2 ms]
      [Choose CSet: 0,0 ms]
      [Ref Proc: 0,5 ms]
      [Ref Enq: 0,0 ms]
      [Redirty Cards: 0,2 ms]
      [Humongous Register: 0,1 ms]
      [Humongous Reclaim: 0,0 ms]
      [Free CSet: 0,1 ms]
   [Eden: 47104,0K(47104,0K)->0,0B(45056,0K) Survivors: 5120,0K->7168,0K Heap: 262,5M(1024,0M)->220,0M(1024,0M)]
 [Times: user=0,11 sys=0,00, real=0,04 secs] 
2020-09-28T00:02:14.134-0300: 14564,586: [GC pause (G1 Evacuation Pause) (young), 0,0252239 secs]
   [Parallel Time: 21,9 ms, GC Workers: 4]
      [GC Worker Start (ms): Min: 14564586,1, Avg: 14564587,7, Max: 14564592,2, Diff: 6,1]
      [Ext Root Scanning (ms): Min: 0,0, Avg: 0,5, Max: 0,7, Diff: 0,7, Sum: 1,9]
      [Update RS (ms): Min: 0,0, Avg: 0,5, Max: 0,8, Diff: 0,8, Sum: 2,2]
         [Processed Buffers: Min: 0, Avg: 9,5, Max: 17, Diff: 17, Sum: 38]
      [Scan RS (ms): Min: 0,0, Avg: 0,9, Max: 1,3, Diff: 1,3, Sum: 3,8]
      [Code Root Scanning (ms): Min: 0,0, Avg: 0,0, Max: 0,0, Diff: 0,0, Sum: 0,0]
      [Object Copy (ms): Min: 15,7, Avg: 17,8, Max: 18,5, Diff: 2,9, Sum: 71,2]
      [Termination (ms): Min: 0,0, Avg: 0,5, Max: 0,7, Diff: 0,7, Sum: 2,1]
         [Termination Attempts: Min: 1, Avg: 2,0, Max: 4, Diff: 3, Sum: 8]
      [GC Worker Other (ms): Min: 0,0, Avg: 0,0, Max: 0,0, Diff: 0,0, Sum: 0,0]
      [GC Worker Total (ms): Min: 15,7, Avg: 20,3, Max: 21,8, Diff: 6,1, Sum: 81,1]
      [GC Worker End (ms): Min: 14564607,9, Avg: 14564607,9, Max: 14564608,0, Diff: 0,0]
   [Code Root Fixup: 0,0 ms]
   [Code Root Purge: 0,0 ms]
   [Clear CT: 0,1 ms]
   [Other: 3,3 ms]
      [Choose CSet: 0,0 ms]
      [Ref Proc: 3,0 ms]
      [Ref Enq: 0,0 ms]
      [Redirty Cards: 0,1 ms]
      [Humongous Register: 0,0 ms]
      [Humongous Reclaim: 0,0 ms]
      [Free CSet: 0,1 ms]
   [Eden: 45056,0K(45056,0K)->0,0B(45056,0K) Survivors: 7168,0K->7168,0K Heap: 264,0M(1024,0M)->226,4M(1024,0M)]
 [Times: user=0,08 sys=0,00, real=0,02 secs] 
Heap
 garbage-first heap   total 1048576K, used 254386K [0x00000000c0000000, 0x00000000c0102000, 0x0000000100000000)
  region size 1024K, 30 young (30720K), 7 survivors (7168K)
 Metaspace       used 42489K, capacity 46380K, committed 46588K, reserved 1089536K
  class space    used 5144K, capacity 5600K, committed 5628K, reserved 1048576K
